../Core/Src/main.c:90:5:main	32	static,ignoring_inline_asm
../Core/Src/main.c:154:6:SystemClock_Config	88	static
../Core/Src/main.c:201:13:MX_USART2_UART_Init	8	static
../Core/Src/main.c:234:13:MX_GPIO_Init	56	static
../Core/Src/main.c:375:6:Manager_Task_Handler	32	static,ignoring_inline_asm
../Core/Src/main.c:398:6:Worker_Task_Handler	32	static
../Core/Src/main.c:430:6:Worker_Do_Task	24	static
../Core/Src/main.c:438:6:print_uart	16	static
../Core/Src/main.c:454:6:HAL_TIM_PeriodElapsedCallback	16	static
../Core/Src/main.c:472:6:Error_Handler	4	static,ignoring_inline_asm
