../Drivers/CMSIS/Include/core_cm4.h:1760:22:__NVIC_SetPendingIRQ	16	static
../Core/Src/main.c:83:5:main	32	static,ignoring_inline_asm
../Core/Src/main.c:136:6:SystemClock_Config	88	static
../Core/Src/main.c:183:13:MX_USART2_UART_Init	8	static
../Core/Src/main.c:216:13:MX_GPIO_Init	56	static
../Core/Src/main.c:360:6:Periodic_Task_Handler	16	static
../Core/Src/main.c:373:6:Helper_Task_Handler	16	static
../Core/Src/main.c:384:6:PrintTask	16	static
../Core/Src/main.c:402:6:HAL_TIM_PeriodElapsedCallback	16	static
../Core/Src/main.c:420:6:Error_Handler	4	static,ignoring_inline_asm
