../Src/main.c:28:5:main	8	static
../Src/main.c:55:11:Current_PSP	4	static
../Src/main.c:60:6:save_psp_value	16	static
../Src/main.c:63:6:update_current_pspcount	4	static
../Src/main.c:69:27:Change_SP_To_PSP	0	static,ignoring_inline_asm
../Src/main.c:86:6:Clk_Init	16	static
../Src/main.c:100:6:Task1_handler	8	static
../Src/main.c:106:6:Task2_handler	8	static
../Src/main.c:112:6:Task3_handler	8	static
../Src/main.c:118:6:Task4_handler	8	static
../Src/main.c:125:28:Schedular_Stack_Init	0	static,ignoring_inline_asm
../Src/main.c:132:6:Init_Exceptions	16	static
../Src/main.c:142:6:Task_Stack_Init	24	static
../Src/main.c:169:28:SysTick_Handler	0	static,ignoring_inline_asm
../Src/main.c:201:6:HardFault_Handler	8	static
../Src/main.c:207:6:MemManage_Handler	8	static
../Src/main.c:214:6:BusFault_Handler	16	static
../Src/main.c:222:7:UsageFault_Handler	8	static
