../Src/main.c:46:5:main	8	static
../Src/main.c:72:10:Get_Current_PSP	4	static
../Src/main.c:78:6:Clk_Init	16	static
../Src/main.c:89:6:Init_Stack	24	static
../Src/main.c:119:28:Schedular_Stack_Init	0	static,ignoring_inline_asm
../Src/main.c:124:6:Init_Exceptions	16	static
../Src/main.c:134:28:SP_TO_PSP	0	static,ignoring_inline_asm
../Src/main.c:145:6:UPDATE_CURRENT_TASK	4	static
../Src/main.c:149:6:Save_Current_PSP	16	static
../Src/main.c:154:6:SysTick_Handler	4	static,ignoring_inline_asm
../Src/main.c:177:6:Task0_Handler	4	static
../Src/main.c:180:6:Task1_Handler	8	static
../Src/main.c:187:6:Task2_Handler	8	static
../Src/main.c:193:6:Task3_Handler	8	static
../Src/main.c:199:6:Task4_Handler	8	static
../Src/main.c:205:6:HardFault_Handler	8	static
../Src/main.c:212:6:MemManage_Handler	8	static
../Src/main.c:218:6:BusFault_Handler	8	static
