Archive member included to satisfy reference by file (symbol)

C:/ST/STM32CubeIDE_1.16.0/STM32CubeIDE/plugins/com.st.stm32cube.ide.mcu.externaltools.gnu-tools-for-stm32.13.3.rel1.win32_1.0.0.202411081344/tools/bin/../lib/gcc/arm-none-eabi/13.3.1/../../../../arm-none-eabi/lib/thumb/v7e-m+fp/hard\libc_nano.a(libc_a-exit.o)
                              C:/ST/STM32CubeIDE_1.16.0/STM32CubeIDE/plugins/com.st.stm32cube.ide.mcu.externaltools.gnu-tools-for-stm32.13.3.rel1.win32_1.0.0.202411081344/tools/bin/../lib/gcc/arm-none-eabi/13.3.1/../../../../arm-none-eabi/lib/thumb/v7e-m+fp/hard/crt0.o (exit)
C:/ST/STM32CubeIDE_1.16.0/STM32CubeIDE/plugins/com.st.stm32cube.ide.mcu.externaltools.gnu-tools-for-stm32.13.3.rel1.win32_1.0.0.202411081344/tools/bin/../lib/gcc/arm-none-eabi/13.3.1/../../../../arm-none-eabi/lib/thumb/v7e-m+fp/hard\libc_nano.a(libc_a-findfp.o)
                              C:/ST/STM32CubeIDE_1.16.0/STM32CubeIDE/plugins/com.st.stm32cube.ide.mcu.externaltools.gnu-tools-for-stm32.13.3.rel1.win32_1.0.0.202411081344/tools/bin/../lib/gcc/arm-none-eabi/13.3.1/../../../../arm-none-eabi/lib/thumb/v7e-m+fp/hard\libc_nano.a(libc_a-exit.o) (__stdio_exit_handler)
C:/ST/STM32CubeIDE_1.16.0/STM32CubeIDE/plugins/com.st.stm32cube.ide.mcu.externaltools.gnu-tools-for-stm32.13.3.rel1.win32_1.0.0.202411081344/tools/bin/../lib/gcc/arm-none-eabi/13.3.1/../../../../arm-none-eabi/lib/thumb/v7e-m+fp/hard\libc_nano.a(libc_a-fwalk.o)
                              C:/ST/STM32CubeIDE_1.16.0/STM32CubeIDE/plugins/com.st.stm32cube.ide.mcu.externaltools.gnu-tools-for-stm32.13.3.rel1.win32_1.0.0.202411081344/tools/bin/../lib/gcc/arm-none-eabi/13.3.1/../../../../arm-none-eabi/lib/thumb/v7e-m+fp/hard\libc_nano.a(libc_a-findfp.o) (_fwalk_sglue)
C:/ST/STM32CubeIDE_1.16.0/STM32CubeIDE/plugins/com.st.stm32cube.ide.mcu.externaltools.gnu-tools-for-stm32.13.3.rel1.win32_1.0.0.202411081344/tools/bin/../lib/gcc/arm-none-eabi/13.3.1/../../../../arm-none-eabi/lib/thumb/v7e-m+fp/hard\libc_nano.a(libc_a-sprintf.o)
                              ./Core/Src/main.o (sprintf)
C:/ST/STM32CubeIDE_1.16.0/STM32CubeIDE/plugins/com.st.stm32cube.ide.mcu.externaltools.gnu-tools-for-stm32.13.3.rel1.win32_1.0.0.202411081344/tools/bin/../lib/gcc/arm-none-eabi/13.3.1/../../../../arm-none-eabi/lib/thumb/v7e-m+fp/hard\libc_nano.a(libc_a-stdio.o)
                              C:/ST/STM32CubeIDE_1.16.0/STM32CubeIDE/plugins/com.st.stm32cube.ide.mcu.externaltools.gnu-tools-for-stm32.13.3.rel1.win32_1.0.0.202411081344/tools/bin/../lib/gcc/arm-none-eabi/13.3.1/../../../../arm-none-eabi/lib/thumb/v7e-m+fp/hard\libc_nano.a(libc_a-findfp.o) (__sread)
C:/ST/STM32CubeIDE_1.16.0/STM32CubeIDE/plugins/com.st.stm32cube.ide.mcu.externaltools.gnu-tools-for-stm32.13.3.rel1.win32_1.0.0.202411081344/tools/bin/../lib/gcc/arm-none-eabi/13.3.1/../../../../arm-none-eabi/lib/thumb/v7e-m+fp/hard\libc_nano.a(libc_a-memcmp.o)
                              ./COMMON/thirdparty/SEGGER/OS/SEGGER_SYSVIEW_FreeRTOS.o (memcmp)
C:/ST/STM32CubeIDE_1.16.0/STM32CubeIDE/plugins/com.st.stm32cube.ide.mcu.externaltools.gnu-tools-for-stm32.13.3.rel1.win32_1.0.0.202411081344/tools/bin/../lib/gcc/arm-none-eabi/13.3.1/../../../../arm-none-eabi/lib/thumb/v7e-m+fp/hard\libc_nano.a(libc_a-memset.o)
                              C:/ST/STM32CubeIDE_1.16.0/STM32CubeIDE/plugins/com.st.stm32cube.ide.mcu.externaltools.gnu-tools-for-stm32.13.3.rel1.win32_1.0.0.202411081344/tools/bin/../lib/gcc/arm-none-eabi/13.3.1/../../../../arm-none-eabi/lib/thumb/v7e-m+fp/hard/crt0.o (memset)
C:/ST/STM32CubeIDE_1.16.0/STM32CubeIDE/plugins/com.st.stm32cube.ide.mcu.externaltools.gnu-tools-for-stm32.13.3.rel1.win32_1.0.0.202411081344/tools/bin/../lib/gcc/arm-none-eabi/13.3.1/../../../../arm-none-eabi/lib/thumb/v7e-m+fp/hard\libc_nano.a(libc_a-closer.o)
                              C:/ST/STM32CubeIDE_1.16.0/STM32CubeIDE/plugins/com.st.stm32cube.ide.mcu.externaltools.gnu-tools-for-stm32.13.3.rel1.win32_1.0.0.202411081344/tools/bin/../lib/gcc/arm-none-eabi/13.3.1/../../../../arm-none-eabi/lib/thumb/v7e-m+fp/hard\libc_nano.a(libc_a-stdio.o) (_close_r)
C:/ST/STM32CubeIDE_1.16.0/STM32CubeIDE/plugins/com.st.stm32cube.ide.mcu.externaltools.gnu-tools-for-stm32.13.3.rel1.win32_1.0.0.202411081344/tools/bin/../lib/gcc/arm-none-eabi/13.3.1/../../../../arm-none-eabi/lib/thumb/v7e-m+fp/hard\libc_nano.a(libc_a-reent.o)
                              C:/ST/STM32CubeIDE_1.16.0/STM32CubeIDE/plugins/com.st.stm32cube.ide.mcu.externaltools.gnu-tools-for-stm32.13.3.rel1.win32_1.0.0.202411081344/tools/bin/../lib/gcc/arm-none-eabi/13.3.1/../../../../arm-none-eabi/lib/thumb/v7e-m+fp/hard\libc_nano.a(libc_a-closer.o) (errno)
C:/ST/STM32CubeIDE_1.16.0/STM32CubeIDE/plugins/com.st.stm32cube.ide.mcu.externaltools.gnu-tools-for-stm32.13.3.rel1.win32_1.0.0.202411081344/tools/bin/../lib/gcc/arm-none-eabi/13.3.1/../../../../arm-none-eabi/lib/thumb/v7e-m+fp/hard\libc_nano.a(libc_a-impure.o)
[...]
Memory Configuration

Name             Origin             Length             Attributes
CCMRAM           0x10000000         0x00010000         xrw
RAM              0x20000000         0x00020000         xrw
FLASH            0x08000000         0x00100000         xr
*default*        0x00000000         0xffffffff

Linker script and memory map

LOAD C:/ST/STM32CubeIDE_1.16.0/STM32CubeIDE/plugins/com.st.stm32cube.ide.mcu.externaltools.gnu-tools-for-stm32.13.3.rel1.win32_1.0.0.202411081344/tools/bin/../lib/gcc/arm-none-eabi/13.3.1/thumb/v7e-m+fp/hard/crti.o
LOAD C:/ST/STM32CubeIDE_1.16.0/STM32CubeIDE/plugins/com.st.stm32cube.ide.mcu.externaltools.gnu-tools-for-stm32.13.3.rel1.win32_1.0.0.202411081344/tools/bin/../lib/gcc/arm-none-eabi/13.3.1/thumb/v7e-m+fp/hard/crtbegin.o
LOAD C:/ST/STM32CubeIDE_1.16.0/STM32CubeIDE/plugins/com.st.stm32cube.ide.mcu.externaltools.gnu-tools-for-stm32.13.3.rel1.win32_1.0.0.202411081344/tools/bin/../lib/gcc/arm-none-eabi/13.3.1/../../../../arm-none-eabi/lib/thumb/v7e-m+fp/hard/crt0.o
LOAD ./COMMON/thirdparty/SEGGER/CONFIG/SEGGER_SYSVIEW_Config_FreeRTOS.o
LOAD ./COMMON/thirdparty/SEGGER/OS/SEGGER_SYSVIEW_FreeRTOS.o
LOAD ./COMMON/thirdparty/SEGGER/SEGGER/SEGGER_RTT.o
LOAD ./COMMON/thirdparty/SEGGER/SEGGER/SEGGER_RTT_ASM_ARMv7M.o
LOAD ./COMMON/thirdparty/SEGGER/SEGGER/SEGGER_RTT_printf.o
LOAD ./COMMON/thirdparty/SEGGER/SEGGER/SEGGER_SYSVIEW.o
LOAD ./COMMON/thirdparty/SEGGER/SEGGER/Syscalls/SEGGER_RTT_Syscalls_GCC.o
LOAD ./COMMON/thirdparty/SEGGER/segger_uart/segger_uart.o
LOAD ./COMMON/thirdparty/rtos/croutine.o
LOAD ./COMMON/thirdparty/rtos/event_groups.o
LOAD ./COMMON/thirdparty/rtos/list.o
LOAD ./COMMON/thirdparty/rtos/queue.o
LOAD ./COMMON/thirdparty/rtos/stream_buffer.o
LOAD ./COMMON/thirdparty/rtos/tasks.o
LOAD ./COMMON/thirdparty/rtos/timers.o
LOAD ./COMMON/thirdparty/rtos/portable/GCC/ARM_CM4F/port.o
LOAD ./COMMON/thirdparty/rtos/portable/MemMang/heap_4.o
LOAD ./Core/Src/main.o
LOAD ./Core/Src/stm32f4xx_hal_msp.o
LOAD ./Core/Src/stm32f4xx_hal_timebase_tim.o
LOAD ./Core/Src/stm32f4xx_it.o
LOAD ./Core/Src/syscalls.o
LOAD ./Core/Src/sysmem.o
LOAD ./Core/Src/system_stm32f4xx.o
LOAD ./Core/Startup/startup_stm32f407vgtx.o
LOAD ./Drivers/STM32F4xx_HAL_Driver/Src/stm32f4xx_hal.o
LOAD ./Drivers/STM32F4xx_HAL_Driver/Src/stm32f4xx_hal_cortex.o
LOAD ./Drivers/STM32F4xx_HAL_Driver/Src/stm32f4xx_hal_dma.o
LOAD ./Drivers/STM32F4xx_HAL_Driver/Src/stm32f4xx_hal_dma_ex.o
LOAD ./Drivers/STM32F4xx_HAL_Driver/Src/stm32f4xx_hal_exti.o
LOAD ./Drivers/STM32F4xx_HAL_Driver/Src/stm32f4xx_hal_flash.o
LOAD ./Drivers/STM32F4xx_HAL_Driver/Src/stm32f4xx_hal_flash_ex.o
LOAD ./Drivers/STM32F4xx_HAL_Driver/Src/stm32f4xx_hal_flash_ramfunc.o
LOAD ./Drivers/STM32F4xx_HAL_Driver/Src/stm32f4xx_hal_gpio.o
LOAD ./Drivers/STM32F4xx_HAL_Driver/Src/stm32f4xx_hal_pwr.o
LOAD ./Drivers/STM32F4xx_HAL_Driver/Src/stm32f4xx_hal_pwr_ex.o
LOAD ./Drivers/STM32F4xx_HAL_Driver/Src/stm32f4xx_hal_rcc.o
LOAD ./Drivers/STM32F4xx_HAL_Driver/Src/stm32f4xx_hal_rcc_ex.o
LOAD ./Drivers/STM32F4xx_HAL_Driver/Src/stm32f4xx_hal_tim.o
LOAD ./Drivers/STM32F4xx_HAL_Driver/Src/stm32f4xx_hal_tim_ex.o
LOAD ./Drivers/STM32F4xx_HAL_Driver/Src/stm32f4xx_hal_uart.o
START GROUP
LOAD C:/ST/STM32CubeIDE_1.16.0/STM32CubeIDE/plugins/com.st.stm32cube.ide.mcu.externaltools.gnu-tools-for-stm32.13.3.rel1.win32_1.0.0.202411081344/tools/bin/../lib/gcc/arm-none-eabi/13.3.1/../../../../arm-none-eabi/lib/thumb/v7e-m+fp/hard\libc_nano.a
LOAD C:/ST/STM32CubeIDE_1.16.0/STM32CubeIDE/plugins/com.st.stm32cube.ide.mcu.externaltools.gnu-tools-for-stm32.13.3.rel1.win32_1.0.0.202411081344/tools/bin/../lib/gcc/arm-none-eabi/13.3.1/../../../../arm-none-eabi/lib/thumb/v7e-m+fp/hard\libm.a
END GROUP
START GROUP
LOAD C:/ST/STM32CubeIDE_1.16.0/STM32CubeIDE/plugins/com.st.stm32cube.ide.mcu.externaltools.gnu-tools-for-stm32.13.3.rel1.win32_1.0.0.202411081344/tools/bin/../lib/gcc/arm-none-eabi/13.3.1/thumb/v7e-m+fp/hard\libgcc.a
LOAD C:/ST/STM32CubeIDE_1.16.0/STM32CubeIDE/plugins/com.st.stm32cube.ide.mcu.externaltools.gnu-tools-for-stm32.13.3.rel1.win32_1.0.0.202411081344/tools/bin/../lib/gcc/arm-none-eabi/13.3.1/../../../../arm-none-eabi/lib/thumb/v7e-m+fp/hard\libc_nano.a
END GROUP
START GROUP
LOAD C:/ST/STM32CubeIDE_1.16.0/STM32CubeIDE/plugins/com.st.stm32cube.ide.mcu.externaltools.gnu-tools-for-stm32.13.3.rel1.win32_1.0.0.202411081344/tools/bin/../lib/gcc/arm-none-eabi/13.3.1/thumb/v7e-m+fp/hard\libgcc.a
LOAD C:/ST/STM32CubeIDE_1.16.0/STM32CubeIDE/plugins/com.st.stm32cube.ide.mcu.externaltools.gnu-tools-for-stm32.13.3.rel1.win32_1.0.0.202411081344/tools/bin/../lib/gcc/arm-none-eabi/13.3.1/../../../../arm-none-eabi/lib/thumb/v7e-m+fp/hard\libc_nano.a
LOAD C:/ST/STM32CubeIDE_1.16.0/STM32CubeIDE/plugins/com.st.stm32cube.ide.mcu.externaltools.gnu-tools-for-stm32.13.3.rel1.win32_1.0.0.202411081344/tools/bin/../lib/gcc/arm-none-eabi/13.3.1/../../../../arm-none-eabi/lib/thumb/v7e-m+fp/hard\libnosys.a
END GROUP
START GROUP
LOAD C:/ST/STM32CubeIDE_1.16.0/STM32CubeIDE/plugins/com.st.stm32cube.ide.mcu.externaltools.gnu-tools-for-stm32.13.3.rel1.win32_1.0.0.202411081344/tools/bin/../lib/gcc/arm-none-eabi/13.3.1/thumb/v7e-m+fp/hard\libgcc.a
LOAD C:/ST/STM32CubeIDE_1.16.0/STM32CubeIDE/plugins/com.st.stm32cube.ide.mcu.externaltools.gnu-tools-for-stm32.13.3.rel1.win32_1.0.0.202411081344/tools/bin/../lib/gcc/arm-none-eabi/13.3.1/../../../../arm-none-eabi/lib/thumb/v7e-m+fp/hard\libc_nano.a
LOAD C:/ST/STM32CubeIDE_1.16.0/STM32CubeIDE/plugins/com.st.stm32cube.ide.mcu.externaltools.gnu-tools-for-stm32.13.3.rel1.win32_1.0.0.202411081344/tools/bin/../lib/gcc/arm-none-eabi/13.3.1/../../../../arm-none-eabi/lib/thumb/v7e-m+fp/hard\libnosys.a
END GROUP
LOAD C:/ST/STM32CubeIDE_1.16.0/STM32CubeIDE/plugins/com.st.stm32cube.ide.mcu.externaltools.gnu-tools-for-stm32.13.3.rel1.win32_1.0.0.202411081344/tools/bin/../lib/gcc/arm-none-eabi/13.3.1/thumb/v7e-m+fp/hard/crtend.o
LOAD C:/ST/STM32CubeIDE_1.16.0/STM32CubeIDE/plugins/com.st.stm32cube.ide.mcu.externaltools.gnu-tools-for-stm32.13.3.rel1.win32_1.0.0.202411081344/tools/bin/../lib/gcc/arm-none-eabi/13.3.1/thumb/v7e-m+fp/hard/crtn.o
                0x20020000                        _estack = (ORIGIN (RAM) + LENGTH (RAM))
                0x00000200                        _Min_Heap_Size = 0x200
                0x00000400                        _Min_Stack_Size = 0x400

.isr_vector     0x08000000      0x188
                0x08000000                        . = ALIGN (0x4)
 *(.isr_vector)
 .isr_vector    0x08000000      0x188 ./Core/Startup/startup_stm32f407vgtx.o
                0x08000000                g_pfnVectors
                0x08000188                        . = ALIGN (0x4)

.text           0x08000190     0x6db8
                0x08000190                        . = ALIGN (0x4)
 *(.text)
 .text          0x08000190       0x40 C:/ST/STM32CubeIDE_1.16.0/STM32CubeIDE/plugins/com.st.stm32cube.ide.mcu.externaltools.gnu-tools-for-stm32.13.3.rel1.win32_1.0.0.202411081344/tools/bin/../lib/gcc/arm-none-eabi/13.3.1/thumb/v7e-m+fp/hard/crtbegin.o
 .text          0x080001d0       0x94 ./COMMON/thirdparty/SEGGER/SEGGER/SEGGER_RTT_ASM_ARMv7M.o
                0x080001d0                SEGGER_RTT_ASM_WriteSkipNoLock
 .text          0x08000264       0x10 C:/ST/STM32CubeIDE_1.16.0/STM32CubeIDE/plugins/com.st.stm32cube.ide.mcu.externaltools.gnu-tools-for-stm32.13.3.rel1.win32_1.0.0.202411081344/tools/bin/../lib/gcc/arm-none-eabi/13.3.1/../../../../arm-none-eabi/lib/thumb/v7e-m+fp/hard\libc_nano.a(libc_a-strlen.o)
                0x08000264                strlen
 *fill*         0x08000274        0xc 
 .text          0x08000280       0xa0 C:/ST/STM32CubeIDE_1.16.0/STM32CubeIDE/plugins/com.st.stm32cube.ide.mcu.externaltools.gnu-tools-for-stm32.13.3.rel1.win32_1.0.0.202411081344/tools/bin/../lib/gcc/arm-none-eabi/13.3.1/../../../../arm-none-eabi/lib/thumb/v7e-m+fp/hard\libc_nano.a(libc_a-memchr.o)
                0x08000280                memchr
 .text          0x08000320       0x30 C:/ST/STM32CubeIDE_1.16.0/STM32CubeIDE/plugins/com.st.stm32cube.ide.mcu.externaltools.gnu-tools-for-stm32.13.3.rel1.win32_1.0.0.202411081344/tools/bin/../lib/gcc/arm-none-eabi/13.3.1/thumb/v7e-m+fp/hard\libgcc.a(_aeabi_uldivmod.o)
                0x08000320                __aeabi_uldivmod
 .text          0x08000350      0x2f8 C:/ST/STM32CubeIDE_1.16.0/STM32CubeIDE/plugins/com.st.stm32cube.ide.mcu.externaltools.gnu-tools-for-stm32.13.3.rel1.win32_1.0.0.202411081344/tools/bin/../lib/gcc/arm-none-eabi/13.3.1/thumb/v7e-m+fp/hard\libgcc.a(_udivmoddi4.o)
                0x08000350                __udivmoddi4
 .text          0x08000648        0x4 C:/ST/STM32CubeIDE_1.16.0/STM32CubeIDE/plugins/com.st.stm32cube.ide.mcu.externaltools.gnu-tools-for-stm32.13.3.rel1.win32_1.0.0.202411081344/tools/bin/../lib/gcc/arm-none-eabi/13.3.1/thumb/v7e-m+fp/hard\libgcc.a(_dvmd_tls.o)
                0x08000648                __aeabi_idiv0
                0x08000648                __aeabi_ldiv0
 *(.text*)
 .text.SYSVIEW_AddTask
                0x0800064c       0xd0 ./COMMON/thirdparty/SEGGER/OS/SEGGER_SYSVIEW_FreeRTOS.o
                0x0800064c                SYSVIEW_AddTask
 .text.SYSVIEW_SendTaskInfo
                0x0800071c       0x42 ./COMMON/thirdparty/SEGGER/OS/SEGGER_SYSVIEW_FreeRTOS.o
                0x0800071c                SYSVIEW_SendTaskInfo
 *fill*         0x0800075e        0x2 
 .text._DoInit  0x08000760       0xb4 ./COMMON/thirdparty/SEGGER/SEGGER/SEGGER_RTT.o
 .text.SEGGER_RTT_ReadNoLock
                0x08000814      0x10c ./COMMON/thirdparty/SEGGER/SEGGER/SEGGER_RTT.o
                0x08000814                SEGGER_RTT_ReadNoLock
 .text._EncodeStr
                0x08000920       0x72 ./COMMON/thirdparty/SEGGER/SEGGER/SEGGER_SYSVIEW.o
 .text._PreparePacket
                0x08000992       0x18 ./COMMON/thirdparty/SEGGER/SEGGER/SEGGER_SYSVIEW.o
 *fill*         0x080009aa        0x2 
 .text._HandleIncomingPacket
                0x080009ac       0xdc ./COMMON/thirdparty/SEGGER/SEGGER/SEGGER_SYSVIEW.o
 .text._TrySendOverflowPacket
                0x08000a88       0xe4 ./COMMON/thirdparty/SEGGER/SEGGER/SEGGER_SYSVIEW.o
 .text._SendPacket
                0x08000b6c      0x2dc ./COMMON/thirdparty/SEGGER/SEGGER/SEGGER_SYSVIEW.o
 .text.SEGGER_SYSVIEW_RecordVoid
                0x08000e48       0x3c ./COMMON/thirdparty/SEGGER/SEGGER/SEGGER_SYSVIEW.o
                0x08000e48                SEGGER_SYSVIEW_RecordVoid
 .text.SEGGER_SYSVIEW_RecordU32
                0x08000e84       0x78 ./COMMON/thirdparty/SEGGER/SEGGER/SEGGER_SYSVIEW.o
                0x08000e84                SEGGER_SYSVIEW_RecordU32
 .text.SEGGER_SYSVIEW_RecordU32x2
                0x08000efc       0xb4 ./COMMON/thirdparty/SEGGER/SEGGER/SEGGER_SYSVIEW.o
                0x08000efc                SEGGER_SYSVIEW_RecordU32x2
 .text.SEGGER_SYSVIEW_Start
                0x08000fb0      0x174 ./COMMON/thirdparty/SEGGER/SEGGER/SEGGER_SYSVIEW.o
                0x08000fb0                SEGGER_SYSVIEW_Start
 .text.SEGGER_SYSVIEW_Stop
                0x08001124       0x4c ./COMMON/thirdparty/SEGGER/SEGGER/SEGGER_SYSVIEW.o
                0x08001124                SEGGER_SYSVIEW_Stop
 .text.SEGGER_SYSVIEW_GetSysDesc
                0x08001170      0x134 ./COMMON/thirdparty/SEGGER/SEGGER/SEGGER_SYSVIEW.o
                0x08001170                SEGGER_SYSVIEW_GetSysDesc
 .text.SEGGER_SYSVIEW_SendTaskInfo
                0x080012a4      0x1c8 ./COMMON/thirdparty/SEGGER/SEGGER/SEGGER_SYSVIEW.o
                0x080012a4                SEGGER_SYSVIEW_SendTaskInfo
 .text.SEGGER_SYSVIEW_SendTaskList
                0x0800146c       0x28 ./COMMON/thirdparty/SEGGER/SEGGER/SEGGER_SYSVIEW.o
                0x0800146c                SEGGER_SYSVIEW_SendTaskList
 .text.SEGGER_SYSVIEW_RecordSystime
                0x08001494       0x64 ./COMMON/thirdparty/SEGGER/SEGGER/SEGGER_SYSVIEW.o
                0x08001494                SEGGER_SYSVIEW_RecordSystime
 .text.SEGGER_SYSVIEW_RecordEnterISR
                0x080014f8       0x84 ./COMMON/thirdparty/SEGGER/SEGGER/SEGGER_SYSVIEW.o
                0x080014f8                SEGGER_SYSVIEW_RecordEnterISR
 .text.SEGGER_SYSVIEW_RecordExitISR
                0x0800157c       0x38 ./COMMON/thirdparty/SEGGER/SEGGER/SEGGER_SYSVIEW.o
                0x0800157c                SEGGER_SYSVIEW_RecordExitISR
 .text.SEGGER_SYSVIEW_RecordExitISRToScheduler
                0x080015b4       0x38 ./COMMON/thirdparty/SEGGER/SEGGER/SEGGER_SYSVIEW.o
                0x080015b4                SEGGER_SYSVIEW_RecordExitISRToScheduler
 .text.SEGGER_SYSVIEW_RecordEndCall
                0x080015ec       0x78 ./COMMON/thirdparty/SEGGER/SEGGER/SEGGER_SYSVIEW.o
                0x080015ec                SEGGER_SYSVIEW_RecordEndCall
 .text.SEGGER_SYSVIEW_RecordEndCallU32
                0x08001664       0xb0 ./COMMON/thirdparty/SEGGER/SEGGER/SEGGER_SYSVIEW.o
                0x08001664                SEGGER_SYSVIEW_RecordEndCallU32
 .text.SEGGER_SYSVIEW_OnIdle
                0x08001714       0x38 ./COMMON/thirdparty/SEGGER/SEGGER/SEGGER_SYSVIEW.o
                0x08001714                SEGGER_SYSVIEW_OnIdle
 .text.SEGGER_SYSVIEW_OnTaskCreate
                0x0800174c       0x84 ./COMMON/thirdparty/SEGGER/SEGGER/SEGGER_SYSVIEW.o
                0x0800174c                SEGGER_SYSVIEW_OnTaskCreate
 .text.SEGGER_SYSVIEW_OnTaskStartExec
                0x080017d0       0x84 ./COMMON/thirdparty/SEGGER/SEGGER/SEGGER_SYSVIEW.o
                0x080017d0                SEGGER_SYSVIEW_OnTaskStartExec
 .text.SEGGER_SYSVIEW_OnTaskStartReady
                0x08001854       0x84 ./COMMON/thirdparty/SEGGER/SEGGER/SEGGER_SYSVIEW.o
                0x08001854                SEGGER_SYSVIEW_OnTaskStartReady
 .text.SEGGER_SYSVIEW_OnTaskStopReady
                0x080018d8       0xc0 ./COMMON/thirdparty/SEGGER/SEGGER/SEGGER_SYSVIEW.o
                0x080018d8                SEGGER_SYSVIEW_OnTaskStopReady
 .text.SEGGER_SYSVIEW_ShrinkId
                0x08001998       0x20 ./COMMON/thirdparty/SEGGER/SEGGER/SEGGER_SYSVIEW.o
                0x08001998                SEGGER_SYSVIEW_ShrinkId
 .text.SEGGER_SYSVIEW_SendModule
                0x080019b8      0x114 ./COMMON/thirdparty/SEGGER/SEGGER/SEGGER_SYSVIEW.o
                0x080019b8                SEGGER_SYSVIEW_SendModule
 .text.SEGGER_SYSVIEW_SendModuleDescription
                0x08001acc       0x3c ./COMMON/thirdparty/SEGGER/SEGGER/SEGGER_SYSVIEW.o
                0x08001acc                SEGGER_SYSVIEW_SendModuleDescription
 .text.SEGGER_SYSVIEW_SendNumModules
                0x08001b08       0x7c ./COMMON/thirdparty/SEGGER/SEGGER/SEGGER_SYSVIEW.o
                0x08001b08                SEGGER_SYSVIEW_SendNumModules
 .text.SEGGER_SYSVIEW_Warn
                0x08001b84       0xb8 ./COMMON/thirdparty/SEGGER/SEGGER/SEGGER_SYSVIEW.o
                0x08001b84                SEGGER_SYSVIEW_Warn
 .text.vListInitialise
                0x08001c3c       0x44 ./COMMON/thirdparty/rtos/list.o
                0x08001c3c                vListInitialise
 .text.vListInitialiseItem
                0x08001c80       0x1e ./COMMON/thirdparty/rtos/list.o
                0x08001c80                vListInitialiseItem
 .text.vListInsert
                0x08001c9e       0x76 ./COMMON/thirdparty/rtos/list.o
                0x08001c9e                vListInsert
 .text.uxListRemove
                0x08001d14       0x5e ./COMMON/thirdparty/rtos/list.o
                0x08001d14                uxListRemove
 *fill*         0x08001d72        0x2 
 .text.xQueueGenericReset
                0x08001d74      0x12c ./COMMON/thirdparty/rtos/queue.o
                0x08001d74                xQueueGenericReset
 .text.xQueueGenericCreate
                0x08001ea0       0xb0 ./COMMON/thirdparty/rtos/queue.o
                0x08001ea0                xQueueGenericCreate
 .text.prvInitialiseNewQueue
                0x08001f50       0x46 ./COMMON/thirdparty/rtos/queue.o
 .text.xQueueCreateCountingSemaphore
                0x08001f96       0x70 ./COMMON/thirdparty/rtos/queue.o
                0x08001f96                xQueueCreateCountingSemaphore
 *fill*         0x08002006        0x2 
 .text.xQueueGenericSend
                0x08002008      0x21c ./COMMON/thirdparty/rtos/queue.o
                0x08002008                xQueueGenericSend
 .text.xQueueGiveFromISR
                0x08002224      0x15a ./COMMON/thirdparty/rtos/queue.o
                0x08002224                xQueueGiveFromISR
 *fill*         0x0800237e        0x2 
 .text.xQueueSemaphoreTake
                0x08002380      0x218 ./COMMON/thirdparty/rtos/queue.o
                0x08002380                xQueueSemaphoreTake
 .text.prvGetDisinheritPriorityAfterTimeout
                0x08002598       0x30 ./COMMON/thirdparty/rtos/queue.o
 .text.prvCopyDataToQueue
                0x080025c8       0xd4 ./COMMON/thirdparty/rtos/queue.o
 .text.prvUnlockQueue
                0x0800269c       0xa4 ./COMMON/thirdparty/rtos/queue.o
 .text.prvIsQueueEmpty
                0x08002740       0x2c ./COMMON/thirdparty/rtos/queue.o
 .text.prvIsQueueFull
                0x0800276c       0x30 ./COMMON/thirdparty/rtos/queue.o
 .text.prvCreateTask
                0x0800279c       0x78 ./COMMON/thirdparty/rtos/tasks.o
 .text.xTaskCreate
                0x08002814       0x50 ./COMMON/thirdparty/rtos/tasks.o
                0x08002814                xTaskCreate
 .text.prvInitialiseNewTask
                0x08002864      0x120 ./COMMON/thirdparty/rtos/tasks.o
 .text.prvAddNewTaskToReadyList
                0x08002984      0x16c ./COMMON/thirdparty/rtos/tasks.o
 .text.vTaskDelay
                0x08002af0       0x70 ./COMMON/thirdparty/rtos/tasks.o
                0x08002af0                vTaskDelay
 .text.vTaskSuspendAll
                0x08002b60       0x1c ./COMMON/thirdparty/rtos/tasks.o
                0x08002b60                vTaskSuspendAll
 .text.xTaskResumeAll
                0x08002b7c      0x224 ./COMMON/thirdparty/rtos/tasks.o
                0x08002b7c                xTaskResumeAll
 .text.uxTaskGetNumberOfTasks
                0x08002da0       0x1c ./COMMON/thirdparty/rtos/tasks.o
                0x08002da0                uxTaskGetNumberOfTasks
 .text.xTaskIncrementTick
                0x08002dbc      0x244 ./COMMON/thirdparty/rtos/tasks.o
                0x08002dbc                xTaskIncrementTick
 .text.vTaskSwitchContext
                0x08003000       0xd8 ./COMMON/thirdparty/rtos/tasks.o
                0x08003000                vTaskSwitchContext
 .text.vTaskPlaceOnEventList
                0x080030d8       0x50 ./COMMON/thirdparty/rtos/tasks.o
                0x080030d8                vTaskPlaceOnEventList
 .text.xTaskRemoveFromEventList
                0x08003128      0x1c0 ./COMMON/thirdparty/rtos/tasks.o
                0x08003128                xTaskRemoveFromEventList
 .text.vTaskInternalSetTimeOutState
                0x080032e8       0x30 ./COMMON/thirdparty/rtos/tasks.o
                0x080032e8                vTaskInternalSetTimeOutState
 .text.xTaskCheckForTimeOut
                0x08003318       0xd8 ./COMMON/thirdparty/rtos/tasks.o
                0x08003318                xTaskCheckForTimeOut
 .text.vTaskMissedYield
                0x080033f0       0x18 ./COMMON/thirdparty/rtos/tasks.o
                0x080033f0                vTaskMissedYield
 .text.prvInitialiseTaskLists
                0x08003408       0x80 ./COMMON/thirdparty/rtos/tasks.o
 .text.prvResetNextTaskUnblockTime
                0x08003488       0x38 ./COMMON/thirdparty/rtos/tasks.o
 .text.xTaskGetSchedulerState
                0x080034c0       0x44 ./COMMON/thirdparty/rtos/tasks.o
                0x080034c0                xTaskGetSchedulerState
 .text.xTaskPriorityInherit
                0x08003504      0x154 ./COMMON/thirdparty/rtos/tasks.o
                0x08003504                xTaskPriorityInherit
 .text.xTaskPriorityDisinherit
                0x08003658      0x160 ./COMMON/thirdparty/rtos/tasks.o
                0x08003658                xTaskPriorityDisinherit
 .text.vTaskPriorityDisinheritAfterTimeout
                0x080037b8      0x188 ./COMMON/thirdparty/rtos/tasks.o
                0x080037b8                vTaskPriorityDisinheritAfterTimeout
 .text.pvTaskIncrementMutexHeldCount
                0x08003940       0x3c ./COMMON/thirdparty/rtos/tasks.o
                0x08003940                pvTaskIncrementMutexHeldCount
 .text.prvAddCurrentTaskToDelayedList
                0x0800397c      0x11c ./COMMON/thirdparty/rtos/tasks.o
 .text.pxPortInitialiseStack
                0x08003a98       0x68 ./COMMON/thirdparty/rtos/portable/GCC/ARM_CM4F/port.o
                0x08003a98                pxPortInitialiseStack
 .text.prvTaskExitError
                0x08003b00       0x5c ./COMMON/thirdparty/rtos/portable/GCC/ARM_CM4F/port.o
 *fill*         0x08003b5c        0x4 
 .text.SVC_Handler
                0x08003b60       0x28 ./COMMON/thirdparty/rtos/portable/GCC/ARM_CM4F/port.o
                0x08003b60                SVC_Handler
 .text.vPortEnterCritical
                0x08003b88       0x64 ./COMMON/thirdparty/rtos/portable/GCC/ARM_CM4F/port.o
                0x08003b88                vPortEnterCritical
 .text.vPortExitCritical
                0x08003bec       0x54 ./COMMON/thirdparty/rtos/portable/GCC/ARM_CM4F/port.o
                0x08003bec                vPortExitCritical
 .text.PendSV_Handler
                0x08003c40       0x68 ./COMMON/thirdparty/rtos/portable/GCC/ARM_CM4F/port.o
                0x08003c40                PendSV_Handler
 .text.SysTick_Handler
                0x08003ca8       0x54 ./COMMON/thirdparty/rtos/portable/GCC/ARM_CM4F/port.o
                0x08003ca8                SysTick_Handler
 .text.vPortValidateInterruptPriority
                0x08003cfc       0x84 ./COMMON/thirdparty/rtos/portable/GCC/ARM_CM4F/port.o
                0x08003cfc                vPortValidateInterruptPriority
 .text.pvPortMalloc
                0x08003d80      0x264 ./COMMON/thirdparty/rtos/portable/MemMang/heap_4.o
                0x08003d80                pvPortMalloc
 .text.vPortFree
                0x08003fe4       0xec ./COMMON/thirdparty/rtos/portable/MemMang/heap_4.o
                0x08003fe4                vPortFree
 .text.prvHeapInit
                0x080040d0       0xb4 ./COMMON/thirdparty/rtos/portable/MemMang/heap_4.o
 .text.prvInsertBlockIntoFreeList
                0x08004184       0xf4 ./COMMON/thirdparty/rtos/portable/MemMang/heap_4.o
 .text.__NVIC_SetPendingIRQ
                0x08004278       0x3c ./Core/Src/main.o
 .text.main     0x080042b4       0xc0 ./Core/Src/main.o
                0x080042b4                main
 .text.SystemClock_Config
                0x08004374       0xd4 ./Core/Src/main.o
                0x08004374                SystemClock_Config
 .text.MX_USART2_UART_Init
                0x08004448       0x54 ./Core/Src/main.o
 .text.MX_GPIO_Init
                0x0800449c      0x2cc ./Core/Src/main.o
 .text.Periodic_Task_Handler
                0x08004768       0x44 ./Core/Src/main.o
                0x08004768                Periodic_Task_Handler
 .text.Helper_Task_Handler
                0x080047ac       0x34 ./Core/Src/main.o
                0x080047ac                Helper_Task_Handler
 .text.PrintTask
                0x080047e0       0x2c ./Core/Src/main.o
                0x080047e0                PrintTask
 .text.Error_Handler
                0x0800480c        0xc ./Core/Src/main.o
                0x0800480c                Error_Handler
 .text.HAL_MspInit
                0x08004818       0x50 ./Core/Src/stm32f4xx_hal_msp.o
                0x08004818                HAL_MspInit
 .text.HAL_UART_MspInit
                0x08004868       0x90 ./Core/Src/stm32f4xx_hal_msp.o
                0x08004868                HAL_UART_MspInit
 .text.HAL_InitTick
                0x080048f8       0xf8 ./Core/Src/stm32f4xx_hal_timebase_tim.o
                0x080048f8                HAL_InitTick
 .text.NMI_Handler
                0x080049f0        0x8 ./Core/Src/stm32f4xx_it.o
                0x080049f0                NMI_Handler
 .text.HardFault_Handler
                0x080049f8        0x8 ./Core/Src/stm32f4xx_it.o
                0x080049f8                HardFault_Handler
 .text.MemManage_Handler
                0x08004a00        0x8 ./Core/Src/stm32f4xx_it.o
                0x08004a00                MemManage_Handler
 .text.BusFault_Handler
                0x08004a08        0x8 ./Core/Src/stm32f4xx_it.o
                0x08004a08                BusFault_Handler
 .text.UsageFault_Handler
                0x08004a10        0x8 ./Core/Src/stm32f4xx_it.o
                0x08004a10                UsageFault_Handler
 .text.DebugMon_Handler
                0x08004a18        0xe ./Core/Src/stm32f4xx_it.o
                0x08004a18                DebugMon_Handler
 *fill*         0x08004a26        0x2 
 .text.EXTI0_IRQHandler
                0x08004a28       0x64 ./Core/Src/stm32f4xx_it.o
                0x08004a28                EXTI0_IRQHandler
 .text._sbrk    0x08004a8c       0x6c ./Core/Src/sysmem.o
                0x08004a8c                _sbrk
 .text.SystemInit
                0x08004af8       0x24 ./Core/Src/system_stm32f4xx.o
                0x08004af8                SystemInit
 .text.Reset_Handler
                0x08004b1c       0x50 ./Core/Startup/startup_stm32f407vgtx.o
                0x08004b1c                Reset_Handler
 .text.Default_Handler
                0x08004b6c        0x2 ./Core/Startup/startup_stm32f407vgtx.o
                0x08004b6c                RTC_Alarm_IRQHandler
                0x08004b6c                HASH_RNG_IRQHandler
                0x08004b6c                EXTI2_IRQHandler
                0x08004b6c                TIM8_CC_IRQHandler
                0x08004b6c                TIM1_CC_IRQHandler
                0x08004b6c                DMA2_Stream5_IRQHandler
                0x08004b6c                DMA1_Stream5_IRQHandler
                0x08004b6c                PVD_IRQHandler
                0x08004b6c                SDIO_IRQHandler
                0x08004b6c                TAMP_STAMP_IRQHandler
                0x08004b6c                CAN2_RX1_IRQHandler
                0x08004b6c                EXTI3_IRQHandler
                0x08004b6c                TIM8_TRG_COM_TIM14_IRQHandler
                0x08004b6c                TIM1_UP_TIM10_IRQHandler
                0x08004b6c                TIM8_UP_TIM13_IRQHandler
                0x08004b6c                I2C3_ER_IRQHandler
                0x08004b6c                I2C2_EV_IRQHandler
                0x08004b6c                DMA1_Stream2_IRQHandler
                0x08004b6c                CAN1_RX0_IRQHandler
                0x08004b6c                FPU_IRQHandler
                0x08004b6c                OTG_HS_WKUP_IRQHandler
                0x08004b6c                CAN2_SCE_IRQHandler
                0x08004b6c                DMA2_Stream2_IRQHandler
                0x08004b6c                SPI1_IRQHandler
                0x08004b6c                TIM6_DAC_IRQHandler
                0x08004b6c                TIM1_BRK_TIM9_IRQHandler
                0x08004b6c                DCMI_IRQHandler
                0x08004b6c                CAN2_RX0_IRQHandler
                0x08004b6c                DMA2_Stream3_IRQHandler
                0x08004b6c                USART6_IRQHandler
                0x08004b6c                USART3_IRQHandler
                0x08004b6c                CAN1_RX1_IRQHandler
                0x08004b6c                UART5_IRQHandler
                0x08004b6c                DMA2_Stream0_IRQHandler
                0x08004b6c                TIM4_IRQHandler
                0x08004b6c                I2C1_EV_IRQHandler
                0x08004b6c                DMA1_Stream6_IRQHandler
                0x08004b6c                DMA1_Stream1_IRQHandler
                0x08004b6c                UART4_IRQHandler
                0x08004b6c                TIM3_IRQHandler
                0x08004b6c                RCC_IRQHandler
                0x08004b6c                TIM8_BRK_TIM12_IRQHandler
                0x08004b6c                Default_Handler
                0x08004b6c                EXTI15_10_IRQHandler
                0x08004b6c                ADC_IRQHandler
                0x08004b6c                DMA1_Stream7_IRQHandler
                0x08004b6c                TIM7_IRQHandler
                0x08004b6c                CAN2_TX_IRQHandler
                0x08004b6c                TIM5_IRQHandler
                0x08004b6c                DMA2_Stream7_IRQHandler
                0x08004b6c                I2C3_EV_IRQHandler
                0x08004b6c                EXTI9_5_IRQHandler
                0x08004b6c                RTC_WKUP_IRQHandler
                0x08004b6c                ETH_WKUP_IRQHandler
                0x08004b6c                SPI2_IRQHandler
                0x08004b6c                OTG_HS_EP1_IN_IRQHandler
                0x08004b6c                DMA1_Stream0_IRQHandler
                0x08004b6c                CAN1_TX_IRQHandler
                0x08004b6c                EXTI4_IRQHandler
                0x08004b6c                FSMC_IRQHandler
                0x08004b6c                ETH_IRQHandler
                0x08004b6c                OTG_HS_EP1_OUT_IRQHandler
                0x08004b6c                WWDG_IRQHandler
                0x08004b6c                TIM2_IRQHandler
                0x08004b6c                OTG_FS_WKUP_IRQHandler
                0x08004b6c                TIM1_TRG_COM_TIM11_IRQHandler
                0x08004b6c                OTG_HS_IRQHandler
                0x08004b6c                EXTI1_IRQHandler
                0x08004b6c                USART2_IRQHandler
                0x08004b6c                I2C2_ER_IRQHandler
                0x08004b6c                DMA2_Stream1_IRQHandler
                0x08004b6c                CAN1_SCE_IRQHandler
                0x08004b6c                FLASH_IRQHandler
                0x08004b6c                DMA2_Stream4_IRQHandler
                0x08004b6c                USART1_IRQHandler
                0x08004b6c                OTG_FS_IRQHandler
                0x08004b6c                SPI3_IRQHandler
                0x08004b6c                DMA1_Stream4_IRQHandler
                0x08004b6c                I2C1_ER_IRQHandler
                0x08004b6c                DMA2_Stream6_IRQHandler
                0x08004b6c                DMA1_Stream3_IRQHandler
 *fill*         0x08004b6e        0x2 
 .text.HAL_Init
                0x08004b70       0x44 ./Drivers/STM32F4xx_HAL_Driver/Src/stm32f4xx_hal.o
                0x08004b70                HAL_Init
 .text.HAL_GetTick
                0x08004bb4       0x18 ./Drivers/STM32F4xx_HAL_Driver/Src/stm32f4xx_hal.o
                0x08004bb4                HAL_GetTick
 .text.__NVIC_SetPriorityGrouping
                0x08004bcc       0x48 ./Drivers/STM32F4xx_HAL_Driver/Src/stm32f4xx_hal_cortex.o
 .text.__NVIC_GetPriorityGrouping
                0x08004c14       0x1c ./Drivers/STM32F4xx_HAL_Driver/Src/stm32f4xx_hal_cortex.o
 .text.__NVIC_EnableIRQ
                0x08004c30       0x3c ./Drivers/STM32F4xx_HAL_Driver/Src/stm32f4xx_hal_cortex.o
 .text.__NVIC_SetPriority
                0x08004c6c       0x54 ./Drivers/STM32F4xx_HAL_Driver/Src/stm32f4xx_hal_cortex.o
 .text.NVIC_EncodePriority
                0x08004cc0       0x66 ./Drivers/STM32F4xx_HAL_Driver/Src/stm32f4xx_hal_cortex.o
 .text.HAL_NVIC_SetPriorityGrouping
                0x08004d26       0x16 ./Drivers/STM32F4xx_HAL_Driver/Src/stm32f4xx_hal_cortex.o
                0x08004d26                HAL_NVIC_SetPriorityGrouping
 .text.HAL_NVIC_SetPriority
                0x08004d3c       0x38 ./Drivers/STM32F4xx_HAL_Driver/Src/stm32f4xx_hal_cortex.o
                0x08004d3c                HAL_NVIC_SetPriority
 .text.HAL_NVIC_EnableIRQ
                0x08004d74       0x1c ./Drivers/STM32F4xx_HAL_Driver/Src/stm32f4xx_hal_cortex.o
                0x08004d74                HAL_NVIC_EnableIRQ
 .text.HAL_GPIO_Init
                0x08004d90      0x338 ./Drivers/STM32F4xx_HAL_Driver/Src/stm32f4xx_hal_gpio.o
                0x08004d90                HAL_GPIO_Init
 .text.HAL_GPIO_WritePin
                0x080050c8       0x32 ./Drivers/STM32F4xx_HAL_Driver/Src/stm32f4xx_hal_gpio.o
                0x080050c8                HAL_GPIO_WritePin
 *fill*         0x080050fa        0x2 
 .text.HAL_GPIO_EXTI_IRQHandler
                0x080050fc       0x30 ./Drivers/STM32F4xx_HAL_Driver/Src/stm32f4xx_hal_gpio.o
                0x080050fc                HAL_GPIO_EXTI_IRQHandler
 .text.HAL_GPIO_EXTI_Callback
                0x0800512c       0x16 ./Drivers/STM32F4xx_HAL_Driver/Src/stm32f4xx_hal_gpio.o
                0x0800512c                HAL_GPIO_EXTI_Callback
 *fill*         0x08005142        0x2 
 .text.HAL_RCC_OscConfig
                0x08005144      0x4f0 ./Drivers/STM32F4xx_HAL_Driver/Src/stm32f4xx_hal_rcc.o
                0x08005144                HAL_RCC_OscConfig
 .text.HAL_RCC_ClockConfig
                0x08005634      0x1cc ./Drivers/STM32F4xx_HAL_Driver/Src/stm32f4xx_hal_rcc.o
                0x08005634                HAL_RCC_ClockConfig
 .text.HAL_RCC_GetSysClockFreq
                0x08005800      0x20c ./Drivers/STM32F4xx_HAL_Driver/Src/stm32f4xx_hal_rcc.o
                0x08005800                HAL_RCC_GetSysClockFreq
 .text.HAL_RCC_GetHCLKFreq
                0x08005a0c       0x18 ./Drivers/STM32F4xx_HAL_Driver/Src/stm32f4xx_hal_rcc.o
                0x08005a0c                HAL_RCC_GetHCLKFreq
 .text.HAL_RCC_GetPCLK1Freq
                0x08005a24       0x28 ./Drivers/STM32F4xx_HAL_Driver/Src/stm32f4xx_hal_rcc.o
                0x08005a24                HAL_RCC_GetPCLK1Freq
 .text.HAL_RCC_GetPCLK2Freq
                0x08005a4c       0x28 ./Drivers/STM32F4xx_HAL_Driver/Src/stm32f4xx_hal_rcc.o
                0x08005a4c                HAL_RCC_GetPCLK2Freq
 .text.HAL_RCC_GetClockConfig
                0x08005a74       0x64 ./Drivers/STM32F4xx_HAL_Driver/Src/stm32f4xx_hal_rcc.o
                0x08005a74                HAL_RCC_GetClockConfig
 .text.HAL_TIM_Base_Init
                0x08005ad8       0x9e ./Drivers/STM32F4xx_HAL_Driver/Src/stm32f4xx_hal_tim.o
                0x08005ad8                HAL_TIM_Base_Init
 .text.HAL_TIM_Base_MspInit
                0x08005b76       0x14 ./Drivers/STM32F4xx_HAL_Driver/Src/stm32f4xx_hal_tim.o
                0x08005b76                HAL_TIM_Base_MspInit
 *fill*         0x08005b8a        0x2 
 .text.HAL_TIM_Base_Start_IT
                0x08005b8c       0xe0 ./Drivers/STM32F4xx_HAL_Driver/Src/stm32f4xx_hal_tim.o
                0x08005b8c                HAL_TIM_Base_Start_IT
 .text.TIM_Base_SetConfig
                0x08005c6c      0x14c ./Drivers/STM32F4xx_HAL_Driver/Src/stm32f4xx_hal_tim.o
                0x08005c6c                TIM_Base_SetConfig
 .text.HAL_UART_Init
                0x08005db8       0xa0 ./Drivers/STM32F4xx_HAL_Driver/Src/stm32f4xx_hal_uart.o
                0x08005db8                HAL_UART_Init
 .text.HAL_UART_Transmit
                0x08005e58      0x116 ./Drivers/STM32F4xx_HAL_Driver/Src/stm32f4xx_hal_uart.o
                0x08005e58                HAL_UART_Transmit
 .text.UART_WaitOnFlagUntilTimeout
                0x08005f6e       0xb2 ./Drivers/STM32F4xx_HAL_Driver/Src/stm32f4xx_hal_uart.o
 .text.UART_EndRxTransfer
                0x08006020       0xc6 ./Drivers/STM32F4xx_HAL_Driver/Src/stm32f4xx_hal_uart.o
 *fill*         0x080060e6        0x2 
 .text.UART_SetConfig
                0x080060e8      0x4e8 ./Drivers/STM32F4xx_HAL_Driver/Src/stm32f4xx_hal_uart.o
 .text.sprintf  0x080065d0       0x44 C:/ST/STM32CubeIDE_1.16.0/STM32CubeIDE/plugins/com.st.stm32cube.ide.mcu.externaltools.gnu-tools-for-stm32.13.3.rel1.win32_1.0.0.202411081344/tools/bin/../lib/gcc/arm-none-eabi/13.3.1/../../../../arm-none-eabi/lib/thumb/v7e-m+fp/hard\libc_nano.a(libc_a-sprintf.o)
                0x080065d0                siprintf
                0x080065d0                sprintf
 .text.memcmp   0x08006614       0x20 C:/ST/STM32CubeIDE_1.16.0/STM32CubeIDE/plugins/com.st.stm32cube.ide.mcu.externaltools.gnu-tools-for-stm32.13.3.rel1.win32_1.0.0.202411081344/tools/bin/../lib/gcc/arm-none-eabi/13.3.1/../../../../arm-none-eabi/lib/thumb/v7e-m+fp/hard\libc_nano.a(libc_a-memcmp.o)
                0x08006614                memcmp
 .text.memset   0x08006634       0x10 C:/ST/STM32CubeIDE_1.16.0/STM32CubeIDE/plugins/com.st.stm32cube.ide.mcu.externaltools.gnu-tools-for-stm32.13.3.rel1.win32_1.0.0.202411081344/tools/bin/../lib/gcc/arm-none-eabi/13.3.1/../../../../arm-none-eabi/lib/thumb/v7e-m+fp/hard\libc_nano.a(libc_a-memset.o)
                0x08006634                memset
 .text.__errno  0x08006644        0xc C:/ST/STM32CubeIDE_1.16.0/STM32CubeIDE/plugins/com.st.stm32cube.ide.mcu.externaltools.gnu-tools-for-stm32.13.3.rel1.win32_1.0.0.202411081344/tools/bin/../lib/gcc/arm-none-eabi/13.3.1/../../../../arm-none-eabi/lib/thumb/v7e-m+fp/hard\libc_nano.a(libc_a-errno.o)
                0x08006644                __errno
 .text.__libc_init_array
                0x08006650       0x48 C:/ST/STM32CubeIDE_1.16.0/STM32CubeIDE/plugins/com.st.stm32cube.ide.mcu.externaltools.gnu-tools-for-stm32.13.3.rel1.win32_1.0.0.202411081344/tools/bin/../lib/gcc/arm-none-eabi/13.3.1/../../../../arm-none-eabi/lib/thumb/v7e-m+fp/hard\libc_nano.a(libc_a-init.o)
                0x08006650                __libc_init_array
 .text.__retarget_lock_acquire_recursive
                0x08006698        0x2 C:/ST/STM32CubeIDE_1.16.0/STM32CubeIDE/plugins/com.st.stm32cube.ide.mcu.externaltools.gnu-tools-for-stm32.13.3.rel1.win32_1.0.0.202411081344/tools/bin/../lib/gcc/arm-none-eabi/13.3.1/../../../../arm-none-eabi/lib/thumb/v7e-m+fp/hard\libc_nano.a(libc_a-lock.o)
                0x08006698                __retarget_lock_acquire_recursive
 .text.__retarget_lock_release_recursive
                0x0800669a        0x2 C:/ST/STM32CubeIDE_1.16.0/STM32CubeIDE/plugins/com.st.stm32cube.ide.mcu.externaltools.gnu-tools-for-stm32.13.3.rel1.win32_1.0.0.202411081344/tools/bin/../lib/gcc/arm-none-eabi/13.3.1/../../../../arm-none-eabi/lib/thumb/v7e-m+fp/hard\libc_nano.a(libc_a-lock.o)
                0x0800669a                __retarget_lock_release_recursive
 .text.memcpy   0x0800669c       0x1c C:/ST/STM32CubeIDE_1.16.0/STM32CubeIDE/plugins/com.st.stm32cube.ide.mcu.externaltools.gnu-tools-for-stm32.13.3.rel1.win32_1.0.0.202411081344/tools/bin/../lib/gcc/arm-none-eabi/13.3.1/../../../../arm-none-eabi/lib/thumb/v7e-m+fp/hard\libc_nano.a(libc_a-memcpy-stub.o)
                0x0800669c                memcpy
 .text._free_r  0x080066b8       0x94 C:/ST/STM32CubeIDE_1.16.0/STM32CubeIDE/plugins/com.st.stm32cube.ide.mcu.externaltools.gnu-tools-for-stm32.13.3.rel1.win32_1.0.0.202411081344/tools/bin/../lib/gcc/arm-none-eabi/13.3.1/../../../../arm-none-eabi/lib/thumb/v7e-m+fp/hard\libc_nano.a(libc_a-freer.o)
                0x080066b8                _free_r
 .text.sbrk_aligned
                0x0800674c       0x44 C:/ST/STM32CubeIDE_1.16.0/STM32CubeIDE/plugins/com.st.stm32cube.ide.mcu.externaltools.gnu-tools-for-stm32.13.3.rel1.win32_1.0.0.202411081344/tools/bin/../lib/gcc/arm-none-eabi/13.3.1/../../../../arm-none-eabi/lib/thumb/v7e-m+fp/hard\libc_nano.a(libc_a-mallocr.o)
 .text._malloc_r
                0x08006790      0x100 C:/ST/STM32CubeIDE_1.16.0/STM32CubeIDE/plugins/com.st.stm32cube.ide.mcu.externaltools.gnu-tools-for-stm32.13.3.rel1.win32_1.0.0.202411081344/tools/bin/../lib/gcc/arm-none-eabi/13.3.1/../../../../arm-none-eabi/lib/thumb/v7e-m+fp/hard\libc_nano.a(libc_a-mallocr.o)
                0x08006790                _malloc_r
 .text.__malloc_lock
                0x08006890        0xc C:/ST/STM32CubeIDE_1.16.0/STM32CubeIDE/plugins/com.st.stm32cube.ide.mcu.externaltools.gnu-tools-for-stm32.13.3.rel1.win32_1.0.0.202411081344/tools/bin/../lib/gcc/arm-none-eabi/13.3.1/../../../../arm-none-eabi/lib/thumb/v7e-m+fp/hard\libc_nano.a(libc_a-mlock.o)
                0x08006890                __malloc_lock
 .text.__malloc_unlock
                0x0800689c        0xc C:/ST/STM32CubeIDE_1.16.0/STM32CubeIDE/plugins/com.st.stm32cube.ide.mcu.externaltools.gnu-tools-for-stm32.13.3.rel1.win32_1.0.0.202411081344/tools/bin/../lib/gcc/arm-none-eabi/13.3.1/../../../../arm-none-eabi/lib/thumb/v7e-m+fp/hard\libc_nano.a(libc_a-mlock.o)
                0x0800689c                __malloc_unlock
 .text.__ssputs_r
                0x080068a8       0xb6 C:/ST/STM32CubeIDE_1.16.0/STM32CubeIDE/plugins/com.st.stm32cube.ide.mcu.externaltools.gnu-tools-for-stm32.13.3.rel1.win32_1.0.0.202411081344/tools/bin/../lib/gcc/arm-none-eabi/13.3.1/../../../../arm-none-eabi/lib/thumb/v7e-m+fp/hard\libc_nano.a(libc_a-nano-svfprintf.o)
                0x080068a8                __ssputs_r
 *fill*         0x0800695e        0x2 
 .text._svfprintf_r
                0x08006960      0x1f8 C:/ST/STM32CubeIDE_1.16.0/STM32CubeIDE/plugins/com.st.stm32cube.ide.mcu.externaltools.gnu-tools-for-stm32.13.3.rel1.win32_1.0.0.202411081344/tools/bin/../lib/gcc/arm-none-eabi/13.3.1/../../../../arm-none-eabi/lib/thumb/v7e-m+fp/hard\libc_nano.a(libc_a-nano-svfprintf.o)
                0x08006960                _svfiprintf_r
                0x08006960                _svfprintf_r
 .text._printf_common
                0x08006b58       0xda C:/ST/STM32CubeIDE_1.16.0/STM32CubeIDE/plugins/com.st.stm32cube.ide.mcu.externaltools.gnu-tools-for-stm32.13.3.rel1.win32_1.0.0.202411081344/tools/bin/../lib/gcc/arm-none-eabi/13.3.1/../../../../arm-none-eabi/lib/thumb/v7e-m+fp/hard\libc_nano.a(libc_a-nano-vfprintf_i.o)
                0x08006b58                _printf_common
 *fill*         0x08006c32        0x2 
 .text._printf_i
                0x08006c34      0x23c C:/ST/STM32CubeIDE_1.16.0/STM32CubeIDE/plugins/com.st.stm32cube.ide.mcu.externaltools.gnu-tools-for-stm32.13.3.rel1.win32_1.0.0.202411081344/tools/bin/../lib/gcc/arm-none-eabi/13.3.1/../../../../arm-none-eabi/lib/thumb/v7e-m+fp/hard\libc_nano.a(libc_a-nano-vfprintf_i.o)
                0x08006c34                _printf_i
 .text.memmove  0x08006e70       0x34 C:/ST/STM32CubeIDE_1.16.0/STM32CubeIDE/plugins/com.st.stm32cube.ide.mcu.externaltools.gnu-tools-for-stm32.13.3.rel1.win32_1.0.0.202411081344/tools/bin/../lib/gcc/arm-none-eabi/13.3.1/../../../../arm-none-eabi/lib/thumb/v7e-m+fp/hard\libc_nano.a(libc_a-memmove.o)
                0x08006e70                memmove
 .text._sbrk_r  0x08006ea4       0x20 C:/ST/STM32CubeIDE_1.16.0/STM32CubeIDE/plugins/com.st.stm32cube.ide.mcu.externaltools.gnu-tools-for-stm32.13.3.rel1.win32_1.0.0.202411081344/tools/bin/../lib/gcc/arm-none-eabi/13.3.1/../../../../arm-none-eabi/lib/thumb/v7e-m+fp/hard\libc_nano.a(libc_a-sbrkr.o)
                0x08006ea4                _sbrk_r
 .text._realloc_r
                0x08006ec4       0x5c C:/ST/STM32CubeIDE_1.16.0/STM32CubeIDE/plugins/com.st.stm32cube.ide.mcu.externaltools.gnu-tools-for-stm32.13.3.rel1.win32_1.0.0.202411081344/tools/bin/../lib/gcc/arm-none-eabi/13.3.1/../../../../arm-none-eabi/lib/thumb/v7e-m+fp/hard\libc_nano.a(libc_a-reallocr.o)
                0x08006ec4                _realloc_r
 .text._malloc_usable_size_r
                0x08006f20       0x10 C:/ST/STM32CubeIDE_1.16.0/STM32CubeIDE/plugins/com.st.stm32cube.ide.mcu.externaltools.gnu-tools-for-stm32.13.3.rel1.win32_1.0.0.202411081344/tools/bin/../lib/gcc/arm-none-eabi/13.3.1/../../../../arm-none-eabi/lib/thumb/v7e-m+fp/hard\libc_nano.a(libc_a-msizer.o)
                0x08006f20                _malloc_usable_size_r
 *(.glue_7)
 .glue_7        0x08006f30        0x0 linker stubs
 *(.glue_7t)
 .glue_7t       0x08006f30        0x0 linker stubs
 *(.eh_frame)
 .eh_frame      0x08006f30        0x0 C:/ST/STM32CubeIDE_1.16.0/STM32CubeIDE/plugins/com.st.stm32cube.ide.mcu.externaltools.gnu-tools-for-stm32.13.3.rel1.win32_1.0.0.202411081344/tools/bin/../lib/gcc/arm-none-eabi/13.3.1/thumb/v7e-m+fp/hard/crtbegin.o
 *(.init)
 .init          0x08006f30        0x4 C:/ST/STM32CubeIDE_1.16.0/STM32CubeIDE/plugins/com.st.stm32cube.ide.mcu.externaltools.gnu-tools-for-stm32.13.3.rel1.win32_1.0.0.202411081344/tools/bin/../lib/gcc/arm-none-eabi/13.3.1/thumb/v7e-m+fp/hard/crti.o
                0x08006f30                _init
 .init          0x08006f34        0x8 C:/ST/STM32CubeIDE_1.16.0/STM32CubeIDE/plugins/com.st.stm32cube.ide.mcu.externaltools.gnu-tools-for-stm32.13.3.rel1.win32_1.0.0.202411081344/tools/bin/../lib/gcc/arm-none-eabi/13.3.1/thumb/v7e-m+fp/hard/crtn.o
 *(.fini)
 .fini          0x08006f3c        0x4 C:/ST/STM32CubeIDE_1.16.0/STM32CubeIDE/plugins/com.st.stm32cube.ide.mcu.externaltools.gnu-tools-for-stm32.13.3.rel1.win32_1.0.0.202411081344/tools/bin/../lib/gcc/arm-none-eabi/13.3.1/thumb/v7e-m+fp/hard/crti.o
                0x08006f3c                _fini
 .fini          0x08006f40        0x8 C:/ST/STM32CubeIDE_1.16.0/STM32CubeIDE/plugins/com.st.stm32cube.ide.mcu.externaltools.gnu-tools-for-stm32.13.3.rel1.win32_1.0.0.202411081344/tools/bin/../lib/gcc/arm-none-eabi/13.3.1/thumb/v7e-m+fp/hard/crtn.o
                0x08006f48                        . = ALIGN (0x4)
                0x08006f48                        _etext = .

.vfp11_veneer   0x08006f48        0x0
 .vfp11_veneer  0x08006f48        0x0 linker stubs

.v4_bx          0x08006f48        0x0
 .v4_bx         0x08006f48        0x0 linker stubs

.iplt           0x08006f48        0x0
 .iplt          0x08006f48        0x0 C:/ST/STM32CubeIDE_1.16.0/STM32CubeIDE/plugins/com.st.stm32cube.ide.mcu.externaltools.gnu-tools-for-stm32.13.3.rel1.win32_1.0.0.202411081344/tools/bin/../lib/gcc/arm-none-eabi/13.3.1/thumb/v7e-m+fp/hard/crtbegin.o

.rodata         0x08006f48      0x160
                0x08006f48                        . = ALIGN (0x4)
 *(.rodata)
 .rodata        0x08006f48       0x58 ./COMMON/thirdparty/SEGGER/OS/SEGGER_SYSVIEW_FreeRTOS.o
 .rodata        0x08006fa0        0x9 ./COMMON/thirdparty/SEGGER/SEGGER/SEGGER_RTT.o
 *fill*         0x08006fa9        0x3 
 .rodata        0x08006fac       0x7a ./Core/Src/main.o
 *fill*         0x08007026        0x2 
 .rodata        0x08007028       0x11 ./Core/Src/stm32f4xx_it.o
 *(.rodata*)
 *fill*         0x08007039        0x3 
 .rodata._aInitStr.0
                0x0800703c       0x11 ./COMMON/thirdparty/SEGGER/SEGGER/SEGGER_RTT.o
 *fill*         0x0800704d        0x3 
 .rodata._abSync
                0x08007050        0xa ./COMMON/thirdparty/SEGGER/SEGGER/SEGGER_SYSVIEW.o
 *fill*         0x0800705a        0x2 
 .rodata.AHBPrescTable
                0x0800705c       0x10 ./Core/Src/system_stm32f4xx.o
                0x0800705c                AHBPrescTable
 .rodata.APBPrescTable
                0x0800706c        0x8 ./Core/Src/system_stm32f4xx.o
                0x0800706c                APBPrescTable
 .rodata._svfprintf_r.str1.1
                0x08007074       0x33 C:/ST/STM32CubeIDE_1.16.0/STM32CubeIDE/plugins/com.st.stm32cube.ide.mcu.externaltools.gnu-tools-for-stm32.13.3.rel1.win32_1.0.0.202411081344/tools/bin/../lib/gcc/arm-none-eabi/13.3.1/../../../../arm-none-eabi/lib/thumb/v7e-m+fp/hard\libc_nano.a(libc_a-nano-svfprintf.o)
                                 0x11 (size before relaxing)
 .rodata._printf_i.str1.1
                0x080070a7       0x22 C:/ST/STM32CubeIDE_1.16.0/STM32CubeIDE/plugins/com.st.stm32cube.ide.mcu.externaltools.gnu-tools-for-stm32.13.3.rel1.win32_1.0.0.202411081344/tools/bin/../lib/gcc/arm-none-eabi/13.3.1/../../../../arm-none-eabi/lib/thumb/v7e-m+fp/hard\libc_nano.a(libc_a-nano-vfprintf_i.o)
                0x080070cc                        . = ALIGN (0x4)
 *fill*         0x080070a7        0x1 

.ARM.extab      0x080070a8        0x0
                0x080070a8                        . = ALIGN (0x4)
 *(.ARM.extab* .gnu.linkonce.armextab.*)
                0x080070a8                        . = ALIGN (0x4)

.ARM            0x080070a8        0x8
                0x080070a8                        . = ALIGN (0x4)
                0x080070a8                        __exidx_start = .
 *(.ARM.exidx*)
 .ARM.exidx     0x080070a8        0x8 C:/ST/STM32CubeIDE_1.16.0/STM32CubeIDE/plugins/com.st.stm32cube.ide.mcu.externaltools.gnu-tools-for-stm32.13.3.rel1.win32_1.0.0.202411081344/tools/bin/../lib/gcc/arm-none-eabi/13.3.1/../../../../arm-none-eabi/lib/thumb/v7e-m+fp/hard\libc_nano.a(libc_a-strlen.o)
 .ARM.exidx     0x080070b0        0x0 C:/ST/STM32CubeIDE_1.16.0/STM32CubeIDE/plugins/com.st.stm32cube.ide.mcu.externaltools.gnu-tools-for-stm32.13.3.rel1.win32_1.0.0.202411081344/tools/bin/../lib/gcc/arm-none-eabi/13.3.1/../../../../arm-none-eabi/lib/thumb/v7e-m+fp/hard\libc_nano.a(libc_a-memchr.o)
                                  0x8 (size before relaxing)
 .ARM.exidx     0x080070b0        0x0 C:/ST/STM32CubeIDE_1.16.0/STM32CubeIDE/plugins/com.st.stm32cube.ide.mcu.externaltools.gnu-tools-for-stm32.13.3.rel1.win32_1.0.0.202411081344/tools/bin/../lib/gcc/arm-none-eabi/13.3.1/thumb/v7e-m+fp/hard\libgcc.a(_udivmoddi4.o)
                                  0x8 (size before relaxing)
                0x080070b0                        __exidx_end = .
                0x080070b0                        . = ALIGN (0x4)

.preinit_array  0x080070b0        0x0
                0x080070b0                        . = ALIGN (0x4)
                0x080070b0                        PROVIDE (__preinit_array_start = .)
 *(.preinit_array*)
                0x080070b0                        PROVIDE (__preinit_array_end = .)
                0x080070b0                        . = ALIGN (0x4)

.init_array     0x080070b0        0x4
                0x080070b0                        . = ALIGN (0x4)
                0x080070b0                        PROVIDE (__init_array_start = .)
 *(SORT_BY_NAME(.init_array.*))
 *(.init_array*)
 .init_array    0x080070b0        0x4 C:/ST/STM32CubeIDE_1.16.0/STM32CubeIDE/plugins/com.st.stm32cube.ide.mcu.externaltools.gnu-tools-for-stm32.13.3.rel1.win32_1.0.0.202411081344/tools/bin/../lib/gcc/arm-none-eabi/13.3.1/thumb/v7e-m+fp/hard/crtbegin.o
                0x080070b4                        PROVIDE (__init_array_end = .)
                0x080070b4                        . = ALIGN (0x4)

.fini_array     0x080070b4        0x4
                0x080070b4                        . = ALIGN (0x4)
                [!provide]                        PROVIDE (__fini_array_start = .)
 *(SORT_BY_NAME(.fini_array.*))
 *(.fini_array*)
 .fini_array    0x080070b4        0x4 C:/ST/STM32CubeIDE_1.16.0/STM32CubeIDE/plugins/com.st.stm32cube.ide.mcu.externaltools.gnu-tools-for-stm32.13.3.rel1.win32_1.0.0.202411081344/tools/bin/../lib/gcc/arm-none-eabi/13.3.1/thumb/v7e-m+fp/hard/crtbegin.o
                [!provide]                        PROVIDE (__fini_array_end = .)
                0x080070b8                        . = ALIGN (0x4)
                0x080070b8                        _sidata = LOADADDR (.data)

.rel.dyn        0x080070b8        0x0
 .rel.iplt      0x080070b8        0x0 C:/ST/STM32CubeIDE_1.16.0/STM32CubeIDE/plugins/com.st.stm32cube.ide.mcu.externaltools.gnu-tools-for-stm32.13.3.rel1.win32_1.0.0.202411081344/tools/bin/../lib/gcc/arm-none-eabi/13.3.1/thumb/v7e-m+fp/hard/crtbegin.o

.data           0x20000000       0x5c load address 0x080070b8
                0x20000000                        . = ALIGN (0x4)
                0x20000000                        _sdata = .
 *(.data)
 *(.data*)
 .data.uxCriticalNesting
                0x20000000        0x4 ./COMMON/thirdparty/rtos/portable/GCC/ARM_CM4F/port.o
 .data.SystemCoreClock
                0x20000004        0x4 ./Core/Src/system_stm32f4xx.o
                0x20000004                SystemCoreClock
 .data.uwTickPrio
                0x20000008        0x4 ./Drivers/STM32F4xx_HAL_Driver/Src/stm32f4xx_hal.o
                0x20000008                uwTickPrio
 .data._impure_ptr
                0x2000000c        0x4 C:/ST/STM32CubeIDE_1.16.0/STM32CubeIDE/plugins/com.st.stm32cube.ide.mcu.externaltools.gnu-tools-for-stm32.13.3.rel1.win32_1.0.0.202411081344/tools/bin/../lib/gcc/arm-none-eabi/13.3.1/../../../../arm-none-eabi/lib/thumb/v7e-m+fp/hard\libc_nano.a(libc_a-impure.o)
                0x2000000c                _impure_ptr
 .data._impure_data
                0x20000010       0x4c C:/ST/STM32CubeIDE_1.16.0/STM32CubeIDE/plugins/com.st.stm32cube.ide.mcu.externaltools.gnu-tools-for-stm32.13.3.rel1.win32_1.0.0.202411081344/tools/bin/../lib/gcc/arm-none-eabi/13.3.1/../../../../arm-none-eabi/lib/thumb/v7e-m+fp/hard\libc_nano.a(libc_a-impure.o)
                0x20000010                _impure_data
 *(.RamFunc)
 *(.RamFunc*)
                0x2000005c                        . = ALIGN (0x4)
                0x2000005c                        _edata = .
                0x08007114                        _siccmram = LOADADDR (.ccmram)

.igot.plt       0x2000005c        0x0 load address 0x08007114
 .igot.plt      0x2000005c        0x0 C:/ST/STM32CubeIDE_1.16.0/STM32CubeIDE/plugins/com.st.stm32cube.ide.mcu.externaltools.gnu-tools-for-stm32.13.3.rel1.win32_1.0.0.202411081344/tools/bin/../lib/gcc/arm-none-eabi/13.3.1/thumb/v7e-m+fp/hard/crtbegin.o

.ccmram         0x10000000        0x0 load address 0x08007114
                0x10000000                        . = ALIGN (0x4)
                0x10000000                        _sccmram = .
 *(.ccmram)
 *(.ccmram*)
                0x10000000                        . = ALIGN (0x4)
                0x10000000                        _eccmram = .
                0x10000000                        . = ALIGN (0x4)

.bss            0x2000005c    0x135c4
                0x2000005c                        _sbss = .
                0x2000005c                        __bss_start__ = _sbss
 *(.bss)
 .bss           0x2000005c       0x1c C:/ST/STM32CubeIDE_1.16.0/STM32CubeIDE/plugins/com.st.stm32cube.ide.mcu.externaltools.gnu-tools-for-stm32.13.3.rel1.win32_1.0.0.202411081344/tools/bin/../lib/gcc/arm-none-eabi/13.3.1/thumb/v7e-m+fp/hard/crtbegin.o
 *(.bss*)
 .bss._aTasks   0x20000078       0xa0 ./COMMON/thirdparty/SEGGER/OS/SEGGER_SYSVIEW_FreeRTOS.o
 .bss._NumTasks
                0x20000118        0x4 ./COMMON/thirdparty/SEGGER/OS/SEGGER_SYSVIEW_FreeRTOS.o
 .bss._SEGGER_RTT
                0x2000011c       0xa8 ./COMMON/thirdparty/SEGGER/SEGGER/SEGGER_RTT.o
                0x2000011c                _SEGGER_RTT
 .bss._acUpBuffer
                0x200001c4      0x400 ./COMMON/thirdparty/SEGGER/SEGGER/SEGGER_RTT.o
 .bss._acDownBuffer
                0x200005c4       0x10 ./COMMON/thirdparty/SEGGER/SEGGER/SEGGER_RTT.o
 .bss._SYSVIEW_Globals
                0x200005d4       0x28 ./COMMON/thirdparty/SEGGER/SEGGER/SEGGER_SYSVIEW.o
 .bss._pFirstModule
                0x200005fc        0x4 ./COMMON/thirdparty/SEGGER/SEGGER/SEGGER_SYSVIEW.o
 .bss._NumModules
                0x20000600        0x1 ./COMMON/thirdparty/SEGGER/SEGGER/SEGGER_SYSVIEW.o
 *fill*         0x20000601        0x3 
 .bss._aPacket  0x20000604       0xe3 ./COMMON/thirdparty/SEGGER/SEGGER/SEGGER_SYSVIEW.o
 *fill*         0x200006e7        0x1 
 .bss.pxCurrentTCB
                0x200006e8        0x4 ./COMMON/thirdparty/rtos/tasks.o
                0x200006e8                pxCurrentTCB
 .bss.pxReadyTasksLists
                0x200006ec       0x64 ./COMMON/thirdparty/rtos/tasks.o
 .bss.xDelayedTaskList1
                0x20000750       0x14 ./COMMON/thirdparty/rtos/tasks.o
 .bss.xDelayedTaskList2
                0x20000764       0x14 ./COMMON/thirdparty/rtos/tasks.o
 .bss.pxDelayedTaskList
                0x20000778        0x4 ./COMMON/thirdparty/rtos/tasks.o
 .bss.pxOverflowDelayedTaskList
                0x2000077c        0x4 ./COMMON/thirdparty/rtos/tasks.o
 .bss.xPendingReadyList
                0x20000780       0x14 ./COMMON/thirdparty/rtos/tasks.o
 .bss.xTasksWaitingTermination
                0x20000794       0x14 ./COMMON/thirdparty/rtos/tasks.o
 .bss.xSuspendedTaskList
                0x200007a8       0x14 ./COMMON/thirdparty/rtos/tasks.o
 .bss.uxCurrentNumberOfTasks
                0x200007bc        0x4 ./COMMON/thirdparty/rtos/tasks.o
 .bss.xTickCount
                0x200007c0        0x4 ./COMMON/thirdparty/rtos/tasks.o
 .bss.uxTopReadyPriority
                0x200007c4        0x4 ./COMMON/thirdparty/rtos/tasks.o
 .bss.xSchedulerRunning
                0x200007c8        0x4 ./COMMON/thirdparty/rtos/tasks.o
 .bss.xPendedTicks
                0x200007cc        0x4 ./COMMON/thirdparty/rtos/tasks.o
 .bss.xYieldPendings
                0x200007d0        0x4 ./COMMON/thirdparty/rtos/tasks.o
 .bss.xNumOfOverflows
                0x200007d4        0x4 ./COMMON/thirdparty/rtos/tasks.o
 .bss.uxTaskNumber
                0x200007d8        0x4 ./COMMON/thirdparty/rtos/tasks.o
 .bss.xNextTaskUnblockTime
                0x200007dc        0x4 ./COMMON/thirdparty/rtos/tasks.o
 .bss.xIdleTaskHandles
                0x200007e0        0x4 ./COMMON/thirdparty/rtos/tasks.o
 .bss.uxSchedulerSuspended
                0x200007e4        0x4 ./COMMON/thirdparty/rtos/tasks.o
 .bss.ucMaxSysCallPriority
                0x200007e8        0x1 ./COMMON/thirdparty/rtos/portable/GCC/ARM_CM4F/port.o
 *fill*         0x200007e9        0x3 
 .bss.ulMaxPRIGROUPValue
                0x200007ec        0x4 ./COMMON/thirdparty/rtos/portable/GCC/ARM_CM4F/port.o
 .bss.ucHeap    0x200007f0    0x12c00 ./COMMON/thirdparty/rtos/portable/MemMang/heap_4.o
 .bss.xStart    0x200133f0        0x8 ./COMMON/thirdparty/rtos/portable/MemMang/heap_4.o
 .bss.pxEnd     0x200133f8        0x4 ./COMMON/thirdparty/rtos/portable/MemMang/heap_4.o
 .bss.xFreeBytesRemaining
                0x200133fc        0x4 ./COMMON/thirdparty/rtos/portable/MemMang/heap_4.o
 .bss.xMinimumEverFreeBytesRemaining
                0x20013400        0x4 ./COMMON/thirdparty/rtos/portable/MemMang/heap_4.o
 .bss.xNumberOfSuccessfulAllocations
                0x20013404        0x4 ./COMMON/thirdparty/rtos/portable/MemMang/heap_4.o
 .bss.xNumberOfSuccessfulFrees
                0x20013408        0x4 ./COMMON/thirdparty/rtos/portable/MemMang/heap_4.o
 .bss.Periodic_Task
                0x2001340c        0x4 ./Core/Src/main.o
                0x2001340c                Periodic_Task
 .bss.Helper_Task
                0x20013410        0x4 ./Core/Src/main.o
                0x20013410                Helper_Task
 .bss.user_msg  0x20013414       0x28 ./Core/Src/main.o
                0x20013414                user_msg
 .bss.huart2    0x2001343c       0x48 ./Core/Src/main.o
                0x2001343c                huart2
 .bss.xWork     0x20013484        0x4 ./Core/Src/main.o
                0x20013484                xWork
 .bss.htim6     0x20013488       0x48 ./Core/Src/stm32f4xx_hal_timebase_tim.o
                0x20013488                htim6
 .bss.__sbrk_heap_end
                0x200134d0        0x4 ./Core/Src/sysmem.o
 .bss.uwTick    0x200134d4        0x4 ./Drivers/STM32F4xx_HAL_Driver/Src/stm32f4xx_hal.o
                0x200134d4                uwTick
 .bss.__sf      0x200134d8      0x138 C:/ST/STM32CubeIDE_1.16.0/STM32CubeIDE/plugins/com.st.stm32cube.ide.mcu.externaltools.gnu-tools-for-stm32.13.3.rel1.win32_1.0.0.202411081344/tools/bin/../lib/gcc/arm-none-eabi/13.3.1/../../../../arm-none-eabi/lib/thumb/v7e-m+fp/hard\libc_nano.a(libc_a-findfp.o)
                0x200134d8                __sf
 .bss.errno     0x20013610        0x4 C:/ST/STM32CubeIDE_1.16.0/STM32CubeIDE/plugins/com.st.stm32cube.ide.mcu.externaltools.gnu-tools-for-stm32.13.3.rel1.win32_1.0.0.202411081344/tools/bin/../lib/gcc/arm-none-eabi/13.3.1/../../../../arm-none-eabi/lib/thumb/v7e-m+fp/hard\libc_nano.a(libc_a-reent.o)
                0x20013610                errno
 .bss.__lock___malloc_recursive_mutex
                0x20013614        0x1 C:/ST/STM32CubeIDE_1.16.0/STM32CubeIDE/plugins/com.st.stm32cube.ide.mcu.externaltools.gnu-tools-for-stm32.13.3.rel1.win32_1.0.0.202411081344/tools/bin/../lib/gcc/arm-none-eabi/13.3.1/../../../../arm-none-eabi/lib/thumb/v7e-m+fp/hard\libc_nano.a(libc_a-lock.o)
                0x20013614                __lock___malloc_recursive_mutex
 *fill*         0x20013615        0x3 
 .bss.__malloc_sbrk_start
                0x20013618        0x4 C:/ST/STM32CubeIDE_1.16.0/STM32CubeIDE/plugins/com.st.stm32cube.ide.mcu.externaltools.gnu-tools-for-stm32.13.3.rel1.win32_1.0.0.202411081344/tools/bin/../lib/gcc/arm-none-eabi/13.3.1/../../../../arm-none-eabi/lib/thumb/v7e-m+fp/hard\libc_nano.a(libc_a-mallocr.o)
                0x20013618                __malloc_sbrk_start
 .bss.__malloc_free_list
                0x2001361c        0x4 C:/ST/STM32CubeIDE_1.16.0/STM32CubeIDE/plugins/com.st.stm32cube.ide.mcu.externaltools.gnu-tools-for-stm32.13.3.rel1.win32_1.0.0.202411081344/tools/bin/../lib/gcc/arm-none-eabi/13.3.1/../../../../arm-none-eabi/lib/thumb/v7e-m+fp/hard\libc_nano.a(libc_a-mallocr.o)
                0x2001361c                __malloc_free_list
 *(COMMON)
                0x20013620                        . = ALIGN (0x4)
                0x20013620                        _ebss = .
                0x20013620                        __bss_end__ = _ebss

._user_heap_stack
                0x20013620      0x600
                0x20013620                        . = ALIGN (0x8)
                [!provide]                        PROVIDE (end = .)
                0x20013620                        PROVIDE (_end = .)
                0x20013820                        . = (. + _Min_Heap_Size)
 *fill*         0x20013620      0x200 
                0x20013c20                        . = (. + _Min_Stack_Size)
 *fill*         0x20013820      0x400 
                0x20013c20                        . = ALIGN (0x8)

/DISCARD/
 libc.a(*)
 libm.a(*)
 libgcc.a(*)

.ARM.attributes
                0x00000000       0x30
 *(.ARM.attributes)
 .ARM.attributes
                0x00000000       0x22 C:/ST/STM32CubeIDE_1.16.0/STM32CubeIDE/plugins/com.st.stm32cube.ide.mcu.externaltools.gnu-tools-for-stm32.13.3.rel1.win32_1.0.0.202411081344/tools/bin/../lib/gcc/arm-none-eabi/13.3.1/thumb/v7e-m+fp/hard/crti.o
 .ARM.attributes
                0x00000022       0x34 C:/ST/STM32CubeIDE_1.16.0/STM32CubeIDE/plugins/com.st.stm32cube.ide.mcu.externaltools.gnu-tools-for-stm32.13.3.rel1.win32_1.0.0.202411081344/tools/bin/../lib/gcc/arm-none-eabi/13.3.1/thumb/v7e-m+fp/hard/crtbegin.o
 .ARM.attributes
                0x00000056       0x34 ./COMMON/thirdparty/SEGGER/OS/SEGGER_SYSVIEW_FreeRTOS.o
 .ARM.attributes
                0x0000008a       0x34 ./COMMON/thirdparty/SEGGER/SEGGER/SEGGER_RTT.o
 .ARM.attributes
                0x000000be       0x20 ./COMMON/thirdparty/SEGGER/SEGGER/SEGGER_RTT_ASM_ARMv7M.o
 .ARM.attributes
                0x000000de       0x34 ./COMMON/thirdparty/SEGGER/SEGGER/SEGGER_SYSVIEW.o
 .ARM.attributes
                0x00000112       0x34 ./COMMON/thirdparty/rtos/list.o
 .ARM.attributes
                0x00000146       0x34 ./COMMON/thirdparty/rtos/queue.o
 .ARM.attributes
                0x0000017a       0x34 ./COMMON/thirdparty/rtos/tasks.o
 .ARM.attributes
                0x000001ae       0x34 ./COMMON/thirdparty/rtos/portable/GCC/ARM_CM4F/port.o
 .ARM.attributes
                0x000001e2       0x34 ./COMMON/thirdparty/rtos/portable/MemMang/heap_4.o
 .ARM.attributes
                0x00000216       0x34 ./Core/Src/main.o
 .ARM.attributes
                0x0000024a       0x34 ./Core/Src/stm32f4xx_hal_msp.o
 .ARM.attributes
                0x0000027e       0x34 ./Core/Src/stm32f4xx_hal_timebase_tim.o
 .ARM.attributes
                0x000002b2       0x34 ./Core/Src/stm32f4xx_it.o
 .ARM.attributes
                0x000002e6       0x34 ./Core/Src/sysmem.o
 .ARM.attributes
                0x0000031a       0x34 ./Core/Src/system_stm32f4xx.o
 .ARM.attributes
                0x0000034e       0x21 ./Core/Startup/startup_stm32f407vgtx.o
 .ARM.attributes
                0x0000036f       0x34 ./Drivers/STM32F4xx_HAL_Driver/Src/stm32f4xx_hal.o
 .ARM.attributes
                0x000003a3       0x34 ./Drivers/STM32F4xx_HAL_Driver/Src/stm32f4xx_hal_cortex.o
 .ARM.attributes
                0x000003d7       0x34 ./Drivers/STM32F4xx_HAL_Driver/Src/stm32f4xx_hal_gpio.o
 .ARM.attributes
                0x0000040b       0x34 ./Drivers/STM32F4xx_HAL_Driver/Src/stm32f4xx_hal_rcc.o
 .ARM.attributes
                0x0000043f       0x34 ./Drivers/STM32F4xx_HAL_Driver/Src/stm32f4xx_hal_tim.o
 .ARM.attributes
                0x00000473       0x34 ./Drivers/STM32F4xx_HAL_Driver/Src/stm32f4xx_hal_uart.o
 .ARM.attributes
                0x000004a7       0x34 C:/ST/STM32CubeIDE_1.16.0/STM32CubeIDE/plugins/com.st.stm32cube.ide.mcu.externaltools.gnu-tools-for-stm32.13.3.rel1.win32_1.0.0.202411081344/tools/bin/../lib/gcc/arm-none-eabi/13.3.1/../../../../arm-none-eabi/lib/thumb/v7e-m+fp/hard\libc_nano.a(libc_a-findfp.o)
 .ARM.attributes
                0x000004db       0x34 C:/ST/STM32CubeIDE_1.16.0/STM32CubeIDE/plugins/com.st.stm32cube.ide.mcu.externaltools.gnu-tools-for-stm32.13.3.rel1.win32_1.0.0.202411081344/tools/bin/../lib/gcc/arm-none-eabi/13.3.1/../../../../arm-none-eabi/lib/thumb/v7e-m+fp/hard\libc_nano.a(libc_a-sprintf.o)
 .ARM.attributes
                0x0000050f       0x34 C:/ST/STM32CubeIDE_1.16.0/STM32CubeIDE/plugins/com.st.stm32cube.ide.mcu.externaltools.gnu-tools-for-stm32.13.3.rel1.win32_1.0.0.202411081344/tools/bin/../lib/gcc/arm-none-eabi/13.3.1/../../../../arm-none-eabi/lib/thumb/v7e-m+fp/hard\libc_nano.a(libc_a-memcmp.o)
 .ARM.attributes
                0x00000543       0x34 C:/ST/STM32CubeIDE_1.16.0/STM32CubeIDE/plugins/com.st.stm32cube.ide.mcu.externaltools.gnu-tools-for-stm32.13.3.rel1.win32_1.0.0.202411081344/tools/bin/../lib/gcc/arm-none-eabi/13.3.1/../../../../arm-none-eabi/lib/thumb/v7e-m+fp/hard\libc_nano.a(libc_a-memset.o)
 .ARM.attributes
                0x00000577       0x34 C:/ST/STM32CubeIDE_1.16.0/STM32CubeIDE/plugins/com.st.stm32cube.ide.mcu.externaltools.gnu-tools-for-stm32.13.3.rel1.win32_1.0.0.202411081344/tools/bin/../lib/gcc/arm-none-eabi/13.3.1/../../../../arm-none-eabi/lib/thumb/v7e-m+fp/hard\libc_nano.a(libc_a-reent.o)
 .ARM.attributes
                0x000005ab       0x34 C:/ST/STM32CubeIDE_1.16.0/STM32CubeIDE/plugins/com.st.stm32cube.ide.mcu.externaltools.gnu-tools-for-stm32.13.3.rel1.win32_1.0.0.202411081344/tools/bin/../lib/gcc/arm-none-eabi/13.3.1/../../../../arm-none-eabi/lib/thumb/v7e-m+fp/hard\libc_nano.a(libc_a-impure.o)
 .ARM.attributes
                0x000005df       0x34 C:/ST/STM32CubeIDE_1.16.0/STM32CubeIDE/plugins/com.st.stm32cube.ide.mcu.externaltools.gnu-tools-for-stm32.13.3.rel1.win32_1.0.0.202411081344/tools/bin/../lib/gcc/arm-none-eabi/13.3.1/../../../../arm-none-eabi/lib/thumb/v7e-m+fp/hard\libc_nano.a(libc_a-errno.o)
 .ARM.attributes
                0x00000613       0x34 C:/ST/STM32CubeIDE_1.16.0/STM32CubeIDE/plugins/com.st.stm32cube.ide.mcu.externaltools.gnu-tools-for-stm32.13.3.rel1.win32_1.0.0.202411081344/tools/bin/../lib/gcc/arm-none-eabi/13.3.1/../../../../arm-none-eabi/lib/thumb/v7e-m+fp/hard\libc_nano.a(libc_a-init.o)
 .ARM.attributes
                0x00000647       0x34 C:/ST/STM32CubeIDE_1.16.0/STM32CubeIDE/plugins/com.st.stm32cube.ide.mcu.externaltools.gnu-tools-for-stm32.13.3.rel1.win32_1.0.0.202411081344/tools/bin/../lib/gcc/arm-none-eabi/13.3.1/../../../../arm-none-eabi/lib/thumb/v7e-m+fp/hard\libc_nano.a(libc_a-lock.o)
 .ARM.attributes
                0x0000067b       0x34 C:/ST/STM32CubeIDE_1.16.0/STM32CubeIDE/plugins/com.st.stm32cube.ide.mcu.externaltools.gnu-tools-for-stm32.13.3.rel1.win32_1.0.0.202411081344/tools/bin/../lib/gcc/arm-none-eabi/13.3.1/../../../../arm-none-eabi/lib/thumb/v7e-m+fp/hard\libc_nano.a(libc_a-memcpy-stub.o)
 .ARM.attributes
                0x000006af       0x17 C:/ST/STM32CubeIDE_1.16.0/STM32CubeIDE/plugins/com.st.stm32cube.ide.mcu.externaltools.gnu-tools-for-stm32.13.3.rel1.win32_1.0.0.202411081344/tools/bin/../lib/gcc/arm-none-eabi/13.3.1/../../../../arm-none-eabi/lib/thumb/v7e-m+fp/hard\libc_nano.a(libc_a-strlen.o)
 .ARM.attributes
                0x000006c6       0x34 C:/ST/STM32CubeIDE_1.16.0/STM32CubeIDE/plugins/com.st.stm32cube.ide.mcu.externaltools.gnu-tools-for-stm32.13.3.rel1.win32_1.0.0.202411081344/tools/bin/../lib/gcc/arm-none-eabi/13.3.1/../../../../arm-none-eabi/lib/thumb/v7e-m+fp/hard\libc_nano.a(libc_a-freer.o)
 .ARM.attributes
                0x000006fa       0x34 C:/ST/STM32CubeIDE_1.16.0/STM32CubeIDE/plugins/com.st.stm32cube.ide.mcu.externaltools.gnu-tools-for-stm32.13.3.rel1.win32_1.0.0.202411081344/tools/bin/../lib/gcc/arm-none-eabi/13.3.1/../../../../arm-none-eabi/lib/thumb/v7e-m+fp/hard\libc_nano.a(libc_a-mallocr.o)
 .ARM.attributes
                0x0000072e       0x34 C:/ST/STM32CubeIDE_1.16.0/STM32CubeIDE/plugins/com.st.stm32cube.ide.mcu.externaltools.gnu-tools-for-stm32.13.3.rel1.win32_1.0.0.202411081344/tools/bin/../lib/gcc/arm-none-eabi/13.3.1/../../../../arm-none-eabi/lib/thumb/v7e-m+fp/hard\libc_nano.a(libc_a-mlock.o)
 .ARM.attributes
                0x00000762       0x34 C:/ST/STM32CubeIDE_1.16.0/STM32CubeIDE/plugins/com.st.stm32cube.ide.mcu.externaltools.gnu-tools-for-stm32.13.3.rel1.win32_1.0.0.202411081344/tools/bin/../lib/gcc/arm-none-eabi/13.3.1/../../../../arm-none-eabi/lib/thumb/v7e-m+fp/hard\libc_nano.a(libc_a-nano-svfprintf.o)
 .ARM.attributes
                0x00000796       0x34 C:/ST/STM32CubeIDE_1.16.0/STM32CubeIDE/plugins/com.st.stm32cube.ide.mcu.externaltools.gnu-tools-for-stm32.13.3.rel1.win32_1.0.0.202411081344/tools/bin/../lib/gcc/arm-none-eabi/13.3.1/../../../../arm-none-eabi/lib/thumb/v7e-m+fp/hard\libc_nano.a(libc_a-nano-vfprintf_i.o)
 .ARM.attributes
                0x000007ca       0x34 C:/ST/STM32CubeIDE_1.16.0/STM32CubeIDE/plugins/com.st.stm32cube.ide.mcu.externaltools.gnu-tools-for-stm32.13.3.rel1.win32_1.0.0.202411081344/tools/bin/../lib/gcc/arm-none-eabi/13.3.1/../../../../arm-none-eabi/lib/thumb/v7e-m+fp/hard\libc_nano.a(libc_a-memmove.o)
 .ARM.attributes
                0x000007fe       0x34 C:/ST/STM32CubeIDE_1.16.0/STM32CubeIDE/plugins/com.st.stm32cube.ide.mcu.externaltools.gnu-tools-for-stm32.13.3.rel1.win32_1.0.0.202411081344/tools/bin/../lib/gcc/arm-none-eabi/13.3.1/../../../../arm-none-eabi/lib/thumb/v7e-m+fp/hard\libc_nano.a(libc_a-sbrkr.o)
 .ARM.attributes
                0x00000832       0x1c C:/ST/STM32CubeIDE_1.16.0/STM32CubeIDE/plugins/com.st.stm32cube.ide.mcu.externaltools.gnu-tools-for-stm32.13.3.rel1.win32_1.0.0.202411081344/tools/bin/../lib/gcc/arm-none-eabi/13.3.1/../../../../arm-none-eabi/lib/thumb/v7e-m+fp/hard\libc_nano.a(libc_a-memchr.o)
 .ARM.attributes
                0x0000084e       0x34 C:/ST/STM32CubeIDE_1.16.0/STM32CubeIDE/plugins/com.st.stm32cube.ide.mcu.externaltools.gnu-tools-for-stm32.13.3.rel1.win32_1.0.0.202411081344/tools/bin/../lib/gcc/arm-none-eabi/13.3.1/../../../../arm-none-eabi/lib/thumb/v7e-m+fp/hard\libc_nano.a(libc_a-reallocr.o)
 .ARM.attributes
                0x00000882       0x34 C:/ST/STM32CubeIDE_1.16.0/STM32CubeIDE/plugins/com.st.stm32cube.ide.mcu.externaltools.gnu-tools-for-stm32.13.3.rel1.win32_1.0.0.202411081344/tools/bin/../lib/gcc/arm-none-eabi/13.3.1/../../../../arm-none-eabi/lib/thumb/v7e-m+fp/hard\libc_nano.a(libc_a-msizer.o)
 .ARM.attributes
                0x000008b6       0x22 C:/ST/STM32CubeIDE_1.16.0/STM32CubeIDE/plugins/com.st.stm32cube.ide.mcu.externaltools.gnu-tools-for-stm32.13.3.rel1.win32_1.0.0.202411081344/tools/bin/../lib/gcc/arm-none-eabi/13.3.1/thumb/v7e-m+fp/hard\libgcc.a(_aeabi_uldivmod.o)
 .ARM.attributes
                0x000008d8       0x34 C:/ST/STM32CubeIDE_1.16.0/STM32CubeIDE/plugins/com.st.stm32cube.ide.mcu.externaltools.gnu-tools-for-stm32.13.3.rel1.win32_1.0.0.202411081344/tools/bin/../lib/gcc/arm-none-eabi/13.3.1/thumb/v7e-m+fp/hard\libgcc.a(_udivmoddi4.o)
 .ARM.attributes
                0x0000090c       0x22 C:/ST/STM32CubeIDE_1.16.0/STM32CubeIDE/plugins/com.st.stm32cube.ide.mcu.externaltools.gnu-tools-for-stm32.13.3.rel1.win32_1.0.0.202411081344/tools/bin/../lib/gcc/arm-none-eabi/13.3.1/thumb/v7e-m+fp/hard\libgcc.a(_dvmd_tls.o)
 .ARM.attributes
                0x0000092e       0x22 C:/ST/STM32CubeIDE_1.16.0/STM32CubeIDE/plugins/com.st.stm32cube.ide.mcu.externaltools.gnu-tools-for-stm32.13.3.rel1.win32_1.0.0.202411081344/tools/bin/../lib/gcc/arm-none-eabi/13.3.1/thumb/v7e-m+fp/hard/crtn.o
OUTPUT(sync_bw_tasks_.elf elf32-littlearm)
LOAD linker stubs
LOAD C:/ST/STM32CubeIDE_1.16.0/STM32CubeIDE/plugins/com.st.stm32cube.ide.mcu.externaltools.gnu-tools-for-stm32.13.3.rel1.win32_1.0.0.202411081344/tools/bin/../lib/gcc/arm-none-eabi/13.3.1/../../../../arm-none-eabi/lib/thumb/v7e-m+fp/hard\libc.a
LOAD C:/ST/STM32CubeIDE_1.16.0/STM32CubeIDE/plugins/com.st.stm32cube.ide.mcu.externaltools.gnu-tools-for-stm32.13.3.rel1.win32_1.0.0.202411081344/tools/bin/../lib/gcc/arm-none-eabi/13.3.1/../../../../arm-none-eabi/lib/thumb/v7e-m+fp/hard\libm.a
LOAD C:/ST/STM32CubeIDE_1.16.0/STM32CubeIDE/plugins/com.st.stm32cube.ide.mcu.externaltools.gnu-tools-for-stm32.13.3.rel1.win32_1.0.0.202411081344/tools/bin/../lib/gcc/arm-none-eabi/13.3.1/thumb/v7e-m+fp/hard\libgcc.a

.debug_info     0x00000000    0x15fe0
 .debug_info    0x00000000      0x426 ./COMMON/thirdparty/SEGGER/OS/SEGGER_SYSVIEW_FreeRTOS.o
 .debug_info    0x00000426     0x14d5 ./COMMON/thirdparty/SEGGER/SEGGER/SEGGER_RTT.o
 .debug_info    0x000018fb       0x25 ./COMMON/thirdparty/SEGGER/SEGGER/SEGGER_RTT_ASM_ARMv7M.o
 .debug_info    0x00001920     0x434a ./COMMON/thirdparty/SEGGER/SEGGER/SEGGER_SYSVIEW.o
 .debug_info    0x00005c6a      0x2d8 ./COMMON/thirdparty/rtos/list.o
 .debug_info    0x00005f42     0x18f3 ./COMMON/thirdparty/rtos/queue.o
 .debug_info    0x00007835     0x2915 ./COMMON/thirdparty/rtos/tasks.o
 .debug_info    0x0000a14a      0x5a3 ./COMMON/thirdparty/rtos/portable/GCC/ARM_CM4F/port.o
 .debug_info    0x0000a6ed      0x5e0 ./COMMON/thirdparty/rtos/portable/MemMang/heap_4.o
 .debug_info    0x0000accd     0x166b ./Core/Src/main.o
 .debug_info    0x0000c338      0x8f7 ./Core/Src/stm32f4xx_hal_msp.o
 .debug_info    0x0000cc2f      0xbee ./Core/Src/stm32f4xx_hal_timebase_tim.o
 .debug_info    0x0000d81d      0x1d7 ./Core/Src/stm32f4xx_it.o
 .debug_info    0x0000d9f4      0x168 ./Core/Src/sysmem.o
 .debug_info    0x0000db5c      0x512 ./Core/Src/system_stm32f4xx.o
 .debug_info    0x0000e06e       0x30 ./Core/Startup/startup_stm32f407vgtx.o
 .debug_info    0x0000e09e      0x944 ./Drivers/STM32F4xx_HAL_Driver/Src/stm32f4xx_hal.o
 .debug_info    0x0000e9e2      0xd8c ./Drivers/STM32F4xx_HAL_Driver/Src/stm32f4xx_hal_cortex.o
 .debug_info    0x0000f76e      0x6c3 ./Drivers/STM32F4xx_HAL_Driver/Src/stm32f4xx_hal_gpio.o
 .debug_info    0x0000fe31      0x8c3 ./Drivers/STM32F4xx_HAL_Driver/Src/stm32f4xx_hal_rcc.o
 .debug_info    0x000106f4     0x299d ./Drivers/STM32F4xx_HAL_Driver/Src/stm32f4xx_hal_tim.o
 .debug_info    0x00013091     0x2f4f ./Drivers/STM32F4xx_HAL_Driver/Src/stm32f4xx_hal_uart.o

.debug_abbrev   0x00000000     0x2d30
 .debug_abbrev  0x00000000      0x1c0 ./COMMON/thirdparty/SEGGER/OS/SEGGER_SYSVIEW_FreeRTOS.o
 .debug_abbrev  0x000001c0      0x230 ./COMMON/thirdparty/SEGGER/SEGGER/SEGGER_RTT.o
 .debug_abbrev  0x000003f0       0x14 ./COMMON/thirdparty/SEGGER/SEGGER/SEGGER_RTT_ASM_ARMv7M.o
 .debug_abbrev  0x00000404      0x340 ./COMMON/thirdparty/SEGGER/SEGGER/SEGGER_SYSVIEW.o
 .debug_abbrev  0x00000744      0x10c ./COMMON/thirdparty/rtos/list.o
 .debug_abbrev  0x00000850      0x305 ./COMMON/thirdparty/rtos/queue.o
 .debug_abbrev  0x00000b55      0x3a1 ./COMMON/thirdparty/rtos/tasks.o
 .debug_abbrev  0x00000ef6      0x248 ./COMMON/thirdparty/rtos/portable/GCC/ARM_CM4F/port.o
 .debug_abbrev  0x0000113e      0x25a ./COMMON/thirdparty/rtos/portable/MemMang/heap_4.o
 .debug_abbrev  0x00001398      0x3bc ./Core/Src/main.o
 .debug_abbrev  0x00001754      0x1ad ./Core/Src/stm32f4xx_hal_msp.o
 .debug_abbrev  0x00001901      0x1f4 ./Core/Src/stm32f4xx_hal_timebase_tim.o
 .debug_abbrev  0x00001af5       0xff ./Core/Src/stm32f4xx_it.o
 .debug_abbrev  0x00001bf4       0xbc ./Core/Src/sysmem.o
 .debug_abbrev  0x00001cb0      0x11a ./Core/Src/system_stm32f4xx.o
 .debug_abbrev  0x00001dca       0x24 ./Core/Startup/startup_stm32f407vgtx.o
 .debug_abbrev  0x00001dee      0x214 ./Drivers/STM32F4xx_HAL_Driver/Src/stm32f4xx_hal.o
 .debug_abbrev  0x00002002      0x31d ./Drivers/STM32F4xx_HAL_Driver/Src/stm32f4xx_hal_cortex.o
 .debug_abbrev  0x0000231f      0x1d4 ./Drivers/STM32F4xx_HAL_Driver/Src/stm32f4xx_hal_gpio.o
 .debug_abbrev  0x000024f3      0x2b7 ./Drivers/STM32F4xx_HAL_Driver/Src/stm32f4xx_hal_rcc.o
 .debug_abbrev  0x000027aa      0x278 ./Drivers/STM32F4xx_HAL_Driver/Src/stm32f4xx_hal_tim.o
 .debug_abbrev  0x00002a22      0x30e ./Drivers/STM32F4xx_HAL_Driver/Src/stm32f4xx_hal_uart.o

.debug_aranges  0x00000000     0x13a0
 .debug_aranges
                0x00000000       0x48 ./COMMON/thirdparty/SEGGER/OS/SEGGER_SYSVIEW_FreeRTOS.o
 .debug_aranges
                0x00000048      0x138 ./COMMON/thirdparty/SEGGER/SEGGER/SEGGER_RTT.o
 .debug_aranges
                0x00000180       0x20 ./COMMON/thirdparty/SEGGER/SEGGER/SEGGER_RTT_ASM_ARMv7M.o
 .debug_aranges
                0x000001a0      0x300 ./COMMON/thirdparty/SEGGER/SEGGER/SEGGER_SYSVIEW.o
 .debug_aranges
                0x000004a0       0x40 ./COMMON/thirdparty/rtos/list.o
 .debug_aranges
                0x000004e0      0x140 ./COMMON/thirdparty/rtos/queue.o
 .debug_aranges
                0x00000620      0x238 ./COMMON/thirdparty/rtos/tasks.o
 .debug_aranges
                0x00000858       0x80 ./COMMON/thirdparty/rtos/portable/GCC/ARM_CM4F/port.o
 .debug_aranges
                0x000008d8       0x68 ./COMMON/thirdparty/rtos/portable/MemMang/heap_4.o
 .debug_aranges
                0x00000940       0x68 ./Core/Src/main.o
 .debug_aranges
                0x000009a8       0x30 ./Core/Src/stm32f4xx_hal_msp.o
 .debug_aranges
                0x000009d8       0x30 ./Core/Src/stm32f4xx_hal_timebase_tim.o
 .debug_aranges
                0x00000a08       0x50 ./Core/Src/stm32f4xx_it.o
 .debug_aranges
                0x00000a58       0x20 ./Core/Src/sysmem.o
 .debug_aranges
                0x00000a78       0x28 ./Core/Src/system_stm32f4xx.o
 .debug_aranges
                0x00000aa0       0x28 ./Core/Startup/startup_stm32f407vgtx.o
 .debug_aranges
                0x00000ac8       0xf0 ./Drivers/STM32F4xx_HAL_Driver/Src/stm32f4xx_hal.o
 .debug_aranges
                0x00000bb8      0x130 ./Drivers/STM32F4xx_HAL_Driver/Src/stm32f4xx_hal_cortex.o
 .debug_aranges
                0x00000ce8       0x58 ./Drivers/STM32F4xx_HAL_Driver/Src/stm32f4xx_hal_gpio.o
 .debug_aranges
                0x00000d40       0x88 ./Drivers/STM32F4xx_HAL_Driver/Src/stm32f4xx_hal_rcc.o
 .debug_aranges
                0x00000dc8      0x3d0 ./Drivers/STM32F4xx_HAL_Driver/Src/stm32f4xx_hal_tim.o
 .debug_aranges
                0x00001198      0x208 ./Drivers/STM32F4xx_HAL_Driver/Src/stm32f4xx_hal_uart.o

.debug_rnglists
                0x00000000      0xf3c
 .debug_rnglists
                0x00000000       0x36 ./COMMON/thirdparty/SEGGER/OS/SEGGER_SYSVIEW_FreeRTOS.o
 .debug_rnglists
                0x00000036       0xf5 ./COMMON/thirdparty/SEGGER/SEGGER/SEGGER_RTT.o
 .debug_rnglists
                0x0000012b      0x268 ./COMMON/thirdparty/SEGGER/SEGGER/SEGGER_SYSVIEW.o
 .debug_rnglists
                0x00000393       0x2b ./COMMON/thirdparty/rtos/list.o
 .debug_rnglists
                0x000003be       0xf8 ./COMMON/thirdparty/rtos/queue.o
 .debug_rnglists
                0x000004b6      0x1c8 ./COMMON/thirdparty/rtos/tasks.o
 .debug_rnglists
                0x0000067e       0x5d ./COMMON/thirdparty/rtos/portable/GCC/ARM_CM4F/port.o
 .debug_rnglists
                0x000006db       0x4e ./COMMON/thirdparty/rtos/portable/MemMang/heap_4.o
 .debug_rnglists
                0x00000729       0x4c ./Core/Src/main.o
 .debug_rnglists
                0x00000775       0x20 ./Core/Src/stm32f4xx_hal_msp.o
 .debug_rnglists
                0x00000795       0x20 ./Core/Src/stm32f4xx_hal_timebase_tim.o
 .debug_rnglists
                0x000007b5       0x37 ./Core/Src/stm32f4xx_it.o
 .debug_rnglists
                0x000007ec       0x13 ./Core/Src/sysmem.o
 .debug_rnglists
                0x000007ff       0x1a ./Core/Src/system_stm32f4xx.o
 .debug_rnglists
                0x00000819       0x19 ./Core/Startup/startup_stm32f407vgtx.o
 .debug_rnglists
                0x00000832       0xaf ./Drivers/STM32F4xx_HAL_Driver/Src/stm32f4xx_hal.o
 .debug_rnglists
                0x000008e1       0xe0 ./Drivers/STM32F4xx_HAL_Driver/Src/stm32f4xx_hal_cortex.o
 .debug_rnglists
                0x000009c1       0x3f ./Drivers/STM32F4xx_HAL_Driver/Src/stm32f4xx_hal_gpio.o
 .debug_rnglists
                0x00000a00       0x66 ./Drivers/STM32F4xx_HAL_Driver/Src/stm32f4xx_hal_rcc.o
 .debug_rnglists
                0x00000a66      0x31a ./Drivers/STM32F4xx_HAL_Driver/Src/stm32f4xx_hal_tim.o
 .debug_rnglists
                0x00000d80      0x1bc ./Drivers/STM32F4xx_HAL_Driver/Src/stm32f4xx_hal_uart.o

.debug_macro    0x00000000    0x224cc
 .debug_macro   0x00000000      0x213 ./COMMON/thirdparty/SEGGER/OS/SEGGER_SYSVIEW_FreeRTOS.o
 .debug_macro   0x00000213       0xc3 ./COMMON/thirdparty/SEGGER/OS/SEGGER_SYSVIEW_FreeRTOS.o
 .debug_macro   0x000002d6      0x14f ./COMMON/thirdparty/SEGGER/OS/SEGGER_SYSVIEW_FreeRTOS.o
 .debug_macro   0x00000425       0x61 ./COMMON/thirdparty/SEGGER/OS/SEGGER_SYSVIEW_FreeRTOS.o
 .debug_macro   0x00000486       0x2a ./COMMON/thirdparty/SEGGER/OS/SEGGER_SYSVIEW_FreeRTOS.o
 .debug_macro   0x000004b0       0x43 ./COMMON/thirdparty/SEGGER/OS/SEGGER_SYSVIEW_FreeRTOS.o
 .debug_macro   0x000004f3       0x34 ./COMMON/thirdparty/SEGGER/OS/SEGGER_SYSVIEW_FreeRTOS.o
 .debug_macro   0x00000527      0x370 ./COMMON/thirdparty/SEGGER/OS/SEGGER_SYSVIEW_FreeRTOS.o
 .debug_macro   0x00000897       0x16 ./COMMON/thirdparty/SEGGER/OS/SEGGER_SYSVIEW_FreeRTOS.o
 .debug_macro   0x000008ad       0x4a ./COMMON/thirdparty/SEGGER/OS/SEGGER_SYSVIEW_FreeRTOS.o
 .debug_macro   0x000008f7       0x34 ./COMMON/thirdparty/SEGGER/OS/SEGGER_SYSVIEW_FreeRTOS.o
 .debug_macro   0x0000092b       0x10 ./COMMON/thirdparty/SEGGER/OS/SEGGER_SYSVIEW_FreeRTOS.o
 .debug_macro   0x0000093b       0x58 ./COMMON/thirdparty/SEGGER/OS/SEGGER_SYSVIEW_FreeRTOS.o
 .debug_macro   0x00000993       0x8e ./COMMON/thirdparty/SEGGER/OS/SEGGER_SYSVIEW_FreeRTOS.o
 .debug_macro   0x00000a21       0x1c ./COMMON/thirdparty/SEGGER/OS/SEGGER_SYSVIEW_FreeRTOS.o
 .debug_macro   0x00000a3d      0x185 ./COMMON/thirdparty/SEGGER/OS/SEGGER_SYSVIEW_FreeRTOS.o
 .debug_macro   0x00000bc2       0x10 ./COMMON/thirdparty/SEGGER/OS/SEGGER_SYSVIEW_FreeRTOS.o
 .debug_macro   0x00000bd2       0x3c ./COMMON/thirdparty/SEGGER/OS/SEGGER_SYSVIEW_FreeRTOS.o
 .debug_macro   0x00000c0e       0x20 ./COMMON/thirdparty/SEGGER/OS/SEGGER_SYSVIEW_FreeRTOS.o
 .debug_macro   0x00000c2e      0x1e8 ./COMMON/thirdparty/SEGGER/SEGGER/SEGGER_RTT.o
 .debug_macro   0x00000e16       0x35 ./COMMON/thirdparty/SEGGER/SEGGER/SEGGER_RTT.o
 .debug_macro   0x00000e4b       0x5b ./COMMON/thirdparty/SEGGER/SEGGER/SEGGER_RTT.o
 .debug_macro   0x00000ea6       0x94 ./COMMON/thirdparty/SEGGER/SEGGER/SEGGER_RTT.o
 .debug_macro   0x00000f3a       0x16 ./COMMON/thirdparty/SEGGER/SEGGER/SEGGER_RTT.o
 .debug_macro   0x00000f50      0x11c ./COMMON/thirdparty/SEGGER/SEGGER/SEGGER_RTT.o
 .debug_macro   0x0000106c       0x9b ./COMMON/thirdparty/SEGGER/SEGGER/SEGGER_RTT.o
 .debug_macro   0x00001107       0x57 ./COMMON/thirdparty/SEGGER/SEGGER/SEGGER_RTT.o
 .debug_macro   0x0000115e       0x16 ./COMMON/thirdparty/SEGGER/SEGGER/SEGGER_RTT.o
 .debug_macro   0x00001174       0x29 ./COMMON/thirdparty/SEGGER/SEGGER/SEGGER_RTT.o
 .debug_macro   0x0000119d      0x138 ./COMMON/thirdparty/SEGGER/SEGGER/SEGGER_RTT.o
 .debug_macro   0x000012d5       0x16 ./COMMON/thirdparty/SEGGER/SEGGER/SEGGER_RTT.o
 .debug_macro   0x000012eb      0x252 ./COMMON/thirdparty/SEGGER/SEGGER/SEGGER_SYSVIEW.o
 .debug_macro   0x0000153d      0x234 ./COMMON/thirdparty/SEGGER/SEGGER/SEGGER_SYSVIEW.o
 .debug_macro   0x00001771       0x3b ./COMMON/thirdparty/SEGGER/SEGGER/SEGGER_SYSVIEW.o
 .debug_macro   0x000017ac      0x204 ./COMMON/thirdparty/rtos/list.o
 .debug_macro   0x000019b0      0x29b ./COMMON/thirdparty/rtos/queue.o
 .debug_macro   0x00001c4b       0x80 ./COMMON/thirdparty/rtos/queue.o
 .debug_macro   0x00001ccb      0x321 ./COMMON/thirdparty/rtos/tasks.o
 .debug_macro   0x00001fec       0x17 ./COMMON/thirdparty/rtos/tasks.o
 .debug_macro   0x00002003      0x231 ./COMMON/thirdparty/rtos/portable/GCC/ARM_CM4F/port.o
 .debug_macro   0x00002234      0x299 ./COMMON/thirdparty/rtos/portable/MemMang/heap_4.o
 .debug_macro   0x000024cd      0x418 ./Core/Src/main.o
 .debug_macro   0x000028e5      0x29b ./Core/Src/main.o
 .debug_macro   0x00002b80       0x2e ./Core/Src/main.o
 .debug_macro   0x00002bae       0x2f ./Core/Src/main.o
 .debug_macro   0x00002bdd       0x1c ./Core/Src/main.o
 .debug_macro   0x00002bf9       0x22 ./Core/Src/main.o
 .debug_macro   0x00002c1b       0xfb ./Core/Src/main.o
 .debug_macro   0x00002d16     0x1011 ./Core/Src/main.o
 .debug_macro   0x00003d27      0x11f ./Core/Src/main.o
 .debug_macro   0x00003e46    0x15ea5 ./Core/Src/main.o
 .debug_macro   0x00019ceb       0x6d ./Core/Src/main.o
 .debug_macro   0x00019d58     0x3693 ./Core/Src/main.o
 .debug_macro   0x0001d3eb       0x5c ./Core/Src/main.o
 .debug_macro   0x0001d447      0x980 ./Core/Src/main.o
 .debug_macro   0x0001ddc7      0x9e9 ./Core/Src/main.o
 .debug_macro   0x0001e7b0      0x115 ./Core/Src/main.o
 .debug_macro   0x0001e8c5      0x13e ./Core/Src/main.o
 .debug_macro   0x0001ea03       0xa5 ./Core/Src/main.o
 .debug_macro   0x0001eaa8      0x174 ./Core/Src/main.o
 .debug_macro   0x0001ec1c      0x287 ./Core/Src/main.o
 .debug_macro   0x0001eea3       0x5f ./Core/Src/main.o
 .debug_macro   0x0001ef02      0x236 ./Core/Src/main.o
 .debug_macro   0x0001f138      0x12c ./Core/Src/main.o
 .debug_macro   0x0001f264      0x21e ./Core/Src/main.o
 .debug_macro   0x0001f482       0x2e ./Core/Src/main.o
 .debug_macro   0x0001f4b0      0x127 ./Core/Src/main.o
 .debug_macro   0x0001f5d7       0x7e ./Core/Src/main.o
 .debug_macro   0x0001f655       0x89 ./Core/Src/main.o
 .debug_macro   0x0001f6de      0x8ed ./Core/Src/main.o
 .debug_macro   0x0001ffcb       0x4d ./Core/Src/main.o
 .debug_macro   0x00020018      0x2aa ./Core/Src/main.o
 .debug_macro   0x000202c2      0x12d ./Core/Src/main.o
 .debug_macro   0x000203ef       0x16 ./Core/Src/main.o
 .debug_macro   0x00020405       0x10 ./Core/Src/main.o
 .debug_macro   0x00020415       0x16 ./Core/Src/main.o
 .debug_macro   0x0002042b       0x16 ./Core/Src/main.o
 .debug_macro   0x00020441      0x146 ./Core/Src/main.o
 .debug_macro   0x00020587      0x112 ./Core/Src/main.o
 .debug_macro   0x00020699       0x4c ./Core/Src/main.o
 .debug_macro   0x000206e5      0x14f ./Core/Src/main.o
 .debug_macro   0x00020834       0x77 ./Core/Src/main.o
 .debug_macro   0x000208ab      0x19d ./Core/Src/main.o
 .debug_macro   0x00020a48      0x418 ./Core/Src/stm32f4xx_hal_msp.o
 .debug_macro   0x00020e60      0x1ce ./Core/Src/stm32f4xx_hal_timebase_tim.o
 .debug_macro   0x0002102e      0x422 ./Core/Src/stm32f4xx_it.o
 .debug_macro   0x00021450      0x112 ./Core/Src/sysmem.o
 .debug_macro   0x00021562      0x23c ./Core/Src/sysmem.o
 .debug_macro   0x0002179e      0x1ce ./Core/Src/system_stm32f4xx.o
 .debug_macro   0x0002196c      0x22e ./Drivers/STM32F4xx_HAL_Driver/Src/stm32f4xx_hal.o
 .debug_macro   0x00021b9a      0x1ce ./Drivers/STM32F4xx_HAL_Driver/Src/stm32f4xx_hal_cortex.o
 .debug_macro   0x00021d68      0x1d4 ./Drivers/STM32F4xx_HAL_Driver/Src/stm32f4xx_hal_gpio.o
 .debug_macro   0x00021f3c      0x1f2 ./Drivers/STM32F4xx_HAL_Driver/Src/stm32f4xx_hal_rcc.o
 .debug_macro   0x0002212e      0x1cf ./Drivers/STM32F4xx_HAL_Driver/Src/stm32f4xx_hal_tim.o
 .debug_macro   0x000222fd      0x1cf ./Drivers/STM32F4xx_HAL_Driver/Src/stm32f4xx_hal_uart.o

.debug_line     0x00000000    0x16502
 .debug_line    0x00000000      0x9ef ./COMMON/thirdparty/SEGGER/OS/SEGGER_SYSVIEW_FreeRTOS.o
 .debug_line    0x000009ef      0xfa8 ./COMMON/thirdparty/SEGGER/SEGGER/SEGGER_RTT.o
 .debug_line    0x00001997       0x86 ./COMMON/thirdparty/SEGGER/SEGGER/SEGGER_RTT_ASM_ARMv7M.o
 .debug_line    0x00001a1d     0x2363 ./COMMON/thirdparty/SEGGER/SEGGER/SEGGER_SYSVIEW.o
 .debug_line    0x00003d80      0x994 ./COMMON/thirdparty/rtos/list.o
 .debug_line    0x00004714     0x18de ./COMMON/thirdparty/rtos/queue.o
 .debug_line    0x00005ff2     0x22e5 ./COMMON/thirdparty/rtos/tasks.o
 .debug_line    0x000082d7      0xa3d ./COMMON/thirdparty/rtos/portable/GCC/ARM_CM4F/port.o
 .debug_line    0x00008d14      0xd0e ./COMMON/thirdparty/rtos/portable/MemMang/heap_4.o
 .debug_line    0x00009a22      0xe6b ./Core/Src/main.o
 .debug_line    0x0000a88d      0xc34 ./Core/Src/stm32f4xx_hal_msp.o
 .debug_line    0x0000b4c1      0x7c4 ./Core/Src/stm32f4xx_hal_timebase_tim.o
 .debug_line    0x0000bc85      0xc7b ./Core/Src/stm32f4xx_it.o
 .debug_line    0x0000c900      0x588 ./Core/Src/sysmem.o
 .debug_line    0x0000ce88      0x7bc ./Core/Src/system_stm32f4xx.o
 .debug_line    0x0000d644       0x7a ./Core/Startup/startup_stm32f407vgtx.o
 .debug_line    0x0000d6be      0xa38 ./Drivers/STM32F4xx_HAL_Driver/Src/stm32f4xx_hal.o
 .debug_line    0x0000e0f6      0xd08 ./Drivers/STM32F4xx_HAL_Driver/Src/stm32f4xx_hal_cortex.o
 .debug_line    0x0000edfe      0xb90 ./Drivers/STM32F4xx_HAL_Driver/Src/stm32f4xx_hal_gpio.o
 .debug_line    0x0000f98e      0xe47 ./Drivers/STM32F4xx_HAL_Driver/Src/stm32f4xx_hal_rcc.o
 .debug_line    0x000107d5     0x37ad ./Drivers/STM32F4xx_HAL_Driver/Src/stm32f4xx_hal_tim.o
 .debug_line    0x00013f82     0x2580 ./Drivers/STM32F4xx_HAL_Driver/Src/stm32f4xx_hal_uart.o

.debug_str      0x00000000    0xebc6c
 .debug_str     0x00000000    0xebc6c ./COMMON/thirdparty/SEGGER/OS/SEGGER_SYSVIEW_FreeRTOS.o
                              0x20be8 (size before relaxing)
 .debug_str     0x000ebc6c     0x88e3 ./COMMON/thirdparty/SEGGER/SEGGER/SEGGER_RTT.o
 .debug_str     0x000ebc6c       0xc1 ./COMMON/thirdparty/SEGGER/SEGGER/SEGGER_RTT_ASM_ARMv7M.o
 .debug_str     0x000ebc6c     0xad3e ./COMMON/thirdparty/SEGGER/SEGGER/SEGGER_SYSVIEW.o
 .debug_str     0x000ebc6c    0x1f7c0 ./COMMON/thirdparty/rtos/list.o
 .debug_str     0x000ebc6c    0x22122 ./COMMON/thirdparty/rtos/queue.o
 .debug_str     0x000ebc6c    0x23172 ./COMMON/thirdparty/rtos/tasks.o
 .debug_str     0x000ebc6c    0x1e284 ./COMMON/thirdparty/rtos/portable/GCC/ARM_CM4F/port.o
 .debug_str     0x000ebc6c    0x212da ./COMMON/thirdparty/rtos/portable/MemMang/heap_4.o
 .debug_str     0x000ebc6c    0xe3498 ./Core/Src/main.o
 .debug_str     0x000ebc6c    0xe289e ./Core/Src/stm32f4xx_hal_msp.o
 .debug_str     0x000ebc6c    0xc4b36 ./Core/Src/stm32f4xx_hal_timebase_tim.o
 .debug_str     0x000ebc6c    0xe237a ./Core/Src/stm32f4xx_it.o
 .debug_str     0x000ebc6c     0x778a ./Core/Src/sysmem.o
 .debug_str     0x000ebc6c    0xc403f ./Core/Src/system_stm32f4xx.o
 .debug_str     0x000ebc6c       0x8c ./Core/Startup/startup_stm32f407vgtx.o
 .debug_str     0x000ebc6c    0xc4bc3 ./Drivers/STM32F4xx_HAL_Driver/Src/stm32f4xx_hal.o
 .debug_str     0x000ebc6c    0xc493f ./Drivers/STM32F4xx_HAL_Driver/Src/stm32f4xx_hal_cortex.o
 .debug_str     0x000ebc6c    0xc41ba ./Drivers/STM32F4xx_HAL_Driver/Src/stm32f4xx_hal_gpio.o
 .debug_str     0x000ebc6c    0xc4473 ./Drivers/STM32F4xx_HAL_Driver/Src/stm32f4xx_hal_rcc.o
 .debug_str     0x000ebc6c    0xc53c9 ./Drivers/STM32F4xx_HAL_Driver/Src/stm32f4xx_hal_tim.o
 .debug_str     0x000ebc6c    0xc4a54 ./Drivers/STM32F4xx_HAL_Driver/Src/stm32f4xx_hal_uart.o

.comment        0x00000000       0x43
 .comment       0x00000000       0x43 ./COMMON/thirdparty/SEGGER/OS/SEGGER_SYSVIEW_FreeRTOS.o
                                 0x44 (size before relaxing)
 .comment       0x00000043       0x44 ./COMMON/thirdparty/SEGGER/SEGGER/SEGGER_RTT.o
 .comment       0x00000043       0x44 ./COMMON/thirdparty/SEGGER/SEGGER/SEGGER_SYSVIEW.o
 .comment       0x00000043       0x44 ./COMMON/thirdparty/rtos/list.o
 .comment       0x00000043       0x44 ./COMMON/thirdparty/rtos/queue.o
 .comment       0x00000043       0x44 ./COMMON/thirdparty/rtos/tasks.o
 .comment       0x00000043       0x44 ./COMMON/thirdparty/rtos/portable/GCC/ARM_CM4F/port.o
 .comment       0x00000043       0x44 ./COMMON/thirdparty/rtos/portable/MemMang/heap_4.o
 .comment       0x00000043       0x44 ./Core/Src/main.o
 .comment       0x00000043       0x44 ./Core/Src/stm32f4xx_hal_msp.o
 .comment       0x00000043       0x44 ./Core/Src/stm32f4xx_hal_timebase_tim.o
 .comment       0x00000043       0x44 ./Core/Src/stm32f4xx_it.o
 .comment       0x00000043       0x44 ./Core/Src/sysmem.o
 .comment       0x00000043       0x44 ./Core/Src/system_stm32f4xx.o
 .comment       0x00000043       0x44 ./Drivers/STM32F4xx_HAL_Driver/Src/stm32f4xx_hal.o
 .comment       0x00000043       0x44 ./Drivers/STM32F4xx_HAL_Driver/Src/stm32f4xx_hal_cortex.o
 .comment       0x00000043       0x44 ./Drivers/STM32F4xx_HAL_Driver/Src/stm32f4xx_hal_gpio.o
 .comment       0x00000043       0x44 ./Drivers/STM32F4xx_HAL_Driver/Src/stm32f4xx_hal_rcc.o
 .comment       0x00000043       0x44 ./Drivers/STM32F4xx_HAL_Driver/Src/stm32f4xx_hal_tim.o
 .comment       0x00000043       0x44 ./Drivers/STM32F4xx_HAL_Driver/Src/stm32f4xx_hal_uart.o

.debug_frame    0x00000000     0x57bc
 .debug_frame   0x00000000      0x104 ./COMMON/thirdparty/SEGGER/OS/SEGGER_SYSVIEW_FreeRTOS.o
 .debug_frame   0x00000104      0x52c ./COMMON/thirdparty/SEGGER/SEGGER/SEGGER_RTT.o
 .debug_frame   0x00000630      0xe10 ./COMMON/thirdparty/SEGGER/SEGGER/SEGGER_SYSVIEW.o
 .debug_frame   0x00001440       0xc4 ./COMMON/thirdparty/rtos/list.o
 .debug_frame   0x00001504      0x564 ./COMMON/thirdparty/rtos/queue.o
 .debug_frame   0x00001a68      0x9b0 ./COMMON/thirdparty/rtos/tasks.o
 .debug_frame   0x00002418      0x1a8 ./COMMON/thirdparty/rtos/portable/GCC/ARM_CM4F/port.o
 .debug_frame   0x000025c0      0x174 ./COMMON/thirdparty/rtos/portable/MemMang/heap_4.o
 .debug_frame   0x00002734      0x160 ./Core/Src/main.o
 .debug_frame   0x00002894       0x80 ./Core/Src/stm32f4xx_hal_msp.o
 .debug_frame   0x00002914       0x74 ./Core/Src/stm32f4xx_hal_timebase_tim.o
 .debug_frame   0x00002988       0xc4 ./Core/Src/stm32f4xx_it.o
 .debug_frame   0x00002a4c       0x34 ./Core/Src/sysmem.o
 .debug_frame   0x00002a80       0x58 ./Core/Src/system_stm32f4xx.o
 .debug_frame   0x00002ad8      0x374 ./Drivers/STM32F4xx_HAL_Driver/Src/stm32f4xx_hal.o
 .debug_frame   0x00002e4c      0x508 ./Drivers/STM32F4xx_HAL_Driver/Src/stm32f4xx_hal_cortex.o
 .debug_frame   0x00003354      0x14c ./Drivers/STM32F4xx_HAL_Driver/Src/stm32f4xx_hal_gpio.o
 .debug_frame   0x000034a0      0x1f4 ./Drivers/STM32F4xx_HAL_Driver/Src/stm32f4xx_hal_rcc.o
 .debug_frame   0x00003694     0x11c0 ./Drivers/STM32F4xx_HAL_Driver/Src/stm32f4xx_hal_tim.o