2025-07-05 00:07:50,490 [ERROR] LogOutputStream:75 - [STDERR_REDIRECT] 
2025-07-05 10:01:53,210 [INFO] Activator:176 - 


2025-07-05 10:01:53,214 [INFO] Activator:177 - !SESSION log4j initialized
2025-07-05 10:02:05,867 [INFO] LogOutputStream:77 - [STDOUT_REDIRECT] 
2025-07-05 10:02:16,984 [INFO] ApplicationProperties:184 - Using Application install path: C:\ST\STM32CubeIDE_1.16.0\STM32CubeIDE\plugins\com.st.stm32cube.common.mx_6.14.1.202504091515
2025-07-05 10:02:17,015 [INFO] DbMcusXml:78 - Set database path to: C:\ST\STM32CubeIDE_1.16.0\STM32CubeIDE\plugins\com.st.stm32cube.common.mx_6.14.1.202504091515\\db\/mcu/
2025-07-05 10:02:17,015 [INFO] ApiDb:274 - Set plugin database path to: C:\ST\STM32CubeIDE_1.16.0\STM32CubeIDE\plugins\com.st.stm32cube.common.mx_6.14.1.202504091515\\db\/plugins/boardmanager/
2025-07-05 10:02:17,015 [WARN] ApiDb:259 - Overriding images path with different value:  => C:\ST\STM32CubeIDE_1.16.0\STM32CubeIDE\plugins\com.st.stm32cube.common.mx_6.14.1.202504091515\\db\/plugins/mcufinder/images/
2025-07-05 10:02:17,037 [INFO] ApiDb:250 - Set database path to: C:\Users\nisha\.stmcufinder\plugins\mcufinder//mcu/
2025-07-05 10:02:17,039 [INFO] DbMcusAds:125 - Set database path to: C:\Users\nisha\.stmcufinder\plugins\mcufinder//mcu/
2025-07-05 10:02:17,179 [INFO] CrossReferenceDbSqlite:203 - Set database path to: C:\Users\nisha\.stmcufinder\plugins\mcufinder//mcu/cs/
2025-07-05 10:02:17,377 [INFO] RulesReader:64 - Compatibility file has been processed (302 Rules)
2025-07-05 10:02:17,502 [INFO] DbMcusXml:78 - Set database path to: C:\ST\STM32CubeIDE_1.16.0\STM32CubeIDE\plugins\com.st.stm32cube.common.mx_6.14.1.202504091515\\db\/mcu/
2025-07-05 10:02:17,502 [INFO] ApiDb:274 - Set plugin database path to: C:\ST\STM32CubeIDE_1.16.0\STM32CubeIDE\plugins\com.st.stm32cube.common.mx_6.14.1.202504091515\\db\/plugins/boardmanager/
2025-07-05 10:02:17,502 [INFO] ApiDb:261 - Set plugin images path to: C:\ST\STM32CubeIDE_1.16.0\STM32CubeIDE\plugins\com.st.stm32cube.common.mx_6.14.1.202504091515\\db\/plugins/mcufinder/images/
2025-07-05 10:02:17,502 [WARN] DbFile:41 - Overriding database path with different value: C:\Users\nisha\.stmcufinder\plugins\mcufinder/ => C:\Users\nisha\.stmcufinder\plugins\mcufinder
2025-07-05 10:02:17,503 [INFO] ApiDb:250 - Set database path to: C:\Users\nisha\.stmcufinder\plugins\mcufinder//mcu/
2025-07-05 10:02:17,503 [WARN] DbFile:41 - Overriding database path with different value: C:\Users\nisha\.stmcufinder\plugins\mcufinder/ => C:\Users\nisha\.stmcufinder\plugins\mcufinder
2025-07-05 10:02:17,503 [INFO] DbMcusAds:125 - Set database path to: C:\Users\nisha\.stmcufinder\plugins\mcufinder//mcu/
2025-07-05 10:02:17,503 [WARN] DbFile:41 - Overriding database path with different value: C:\Users\nisha\.stmcufinder\plugins\mcufinder/ => C:\Users\nisha\.stmcufinder\plugins\mcufinder
2025-07-05 10:02:17,503 [WARN] DbFile:41 - Overriding database path with different value: C:\Users\nisha\.stmcufinder\plugins\mcufinder/ => C:\Users\nisha\.stmcufinder\plugins\mcufinder
2025-07-05 10:02:17,503 [INFO] CrossReferenceDbSqlite:203 - Set database path to: C:\Users\nisha\.stmcufinder\plugins\mcufinder//mcu/cs/
2025-07-05 10:02:17,639 [INFO] MainPanel:272 - HeapMemory: 268435456
2025-07-05 10:02:17,887 [INFO] DbMcusXml:78 - Set database path to: C:\ST\STM32CubeIDE_1.16.0\STM32CubeIDE\plugins\com.st.stm32cube.common.mx_6.14.1.202504091515\\db\/mcu/
2025-07-05 10:02:17,887 [INFO] ApiDb:274 - Set plugin database path to: C:\ST\STM32CubeIDE_1.16.0\STM32CubeIDE\plugins\com.st.stm32cube.common.mx_6.14.1.202504091515\\db\/plugins/boardmanager/
2025-07-05 10:02:17,887 [INFO] ApiDb:261 - Set plugin images path to: C:\ST\STM32CubeIDE_1.16.0\STM32CubeIDE\plugins\com.st.stm32cube.common.mx_6.14.1.202504091515\\db\/plugins/mcufinder/images/
2025-07-05 10:02:17,888 [WARN] DbFile:41 - Overriding database path with different value: C:\Users\nisha\.stmcufinder\plugins\mcufinder/ => C:\Users\nisha\.stmcufinder\plugins\mcufinder
2025-07-05 10:02:17,888 [INFO] ApiDb:250 - Set database path to: C:\Users\nisha\.stmcufinder\plugins\mcufinder//mcu/
2025-07-05 10:02:17,888 [WARN] DbFile:41 - Overriding database path with different value: C:\Users\nisha\.stmcufinder\plugins\mcufinder/ => C:\Users\nisha\.stmcufinder\plugins\mcufinder
2025-07-05 10:02:17,888 [INFO] DbMcusAds:125 - Set database path to: C:\Users\nisha\.stmcufinder\plugins\mcufinder//mcu/
2025-07-05 10:02:17,888 [WARN] DbFile:41 - Overriding database path with different value: C:\Users\nisha\.stmcufinder\plugins\mcufinder/ => C:\Users\nisha\.stmcufinder\plugins\mcufinder
2025-07-05 10:02:17,889 [WARN] DbFile:41 - Overriding database path with different value: C:\Users\nisha\.stmcufinder\plugins\mcufinder/ => C:\Users\nisha\.stmcufinder\plugins\mcufinder
2025-07-05 10:02:17,889 [INFO] CrossReferenceDbSqlite:203 - Set database path to: C:\Users\nisha\.stmcufinder\plugins\mcufinder//mcu/cs/
2025-07-05 10:02:17,924 [INFO] ApplicationProperties:184 - Using Application install path: C:\ST\STM32CubeIDE_1.16.0\STM32CubeIDE\plugins\com.st.stm32cube.common.mx_6.14.1.202504091515
2025-07-05 10:02:17,926 [INFO] PluginManage:196 - Search for loadable plugins [exclusion list=, ]
2025-07-05 10:02:17,929 [INFO] PluginManage:310 - Check plugin analytics
2025-07-05 10:02:18,189 [INFO] AnalyticsPlugin:253 - Accepted Software Licenses: 
2025-07-05 10:02:18,189 [INFO] AnalyticsPlugin:255 - Accepted CMSIS Pack Licenses: 
2025-07-05 10:02:18,190 [INFO] AnalyticsPlugin:257 - Accepted Firmware Licenses: FW.F4.1.28.0
2025-07-05 10:02:18,196 [INFO] PluginManage:359 - Loaded plugin analytics (category:tool,tabindex:-1)
2025-07-05 10:02:18,197 [INFO] PluginManage:310 - Check plugin cadmodel
2025-07-05 10:02:18,225 [INFO] CADModel:105 - Init CAD model plugin
2025-07-05 10:02:18,226 [INFO] PluginManage:359 - Loaded plugin cadmodel (category:power,tabindex:5)
2025-07-05 10:02:18,226 [INFO] PluginManage:310 - Check plugin clock
2025-07-05 10:02:18,254 [INFO] PluginManage:359 - Loaded plugin clock (category:base,tabindex:2)
2025-07-05 10:02:18,254 [INFO] PluginManage:310 - Check plugin ddr
2025-07-05 10:02:18,257 [INFO] PluginManage:359 - Loaded plugin ddr (category:tool,tabindex:6)
2025-07-05 10:02:18,258 [INFO] PluginManage:310 - Check plugin filemanager
2025-07-05 10:02:18,444 [INFO] PluginManage:359 - Loaded plugin filemanager (category:base,tabindex:10)
2025-07-05 10:02:18,445 [INFO] PluginManage:310 - Check plugin ipmanager
2025-07-05 10:02:18,454 [INFO] PluginManage:359 - Loaded plugin ipmanager (category:base,tabindex:5)
2025-07-05 10:02:18,455 [INFO] PluginManage:310 - Check plugin lpbam
2025-07-05 10:02:18,483 [INFO] PluginManage:359 - Loaded plugin lpbam (category:base,tabindex:0)
2025-07-05 10:02:18,484 [INFO] PluginManage:310 - Check plugin memorymap
2025-07-05 10:02:18,533 [INFO] PluginManage:359 - Loaded plugin memorymap (category:base,tabindex:4)
2025-07-05 10:02:18,533 [INFO] PluginManage:310 - Check plugin pinoutandconfiguration
2025-07-05 10:02:18,569 [INFO] PluginManage:359 - Loaded plugin pinoutandconfiguration (category:base,tabindex:1)
2025-07-05 10:02:18,569 [INFO] PluginManage:310 - Check plugin pinoutconfig
2025-07-05 10:02:18,733 [WARN] SupportedApi:132 - Cannot load RTOS API schema: s4s-elt-must-match.1: The content of 'definitions' must match (annotation?, (simpleType | complexType)?, (unique | key | keyref)*)). A problem was found starting at: attribute.
2025-07-05 10:02:18,932 [INFO] PluginManage:359 - Loaded plugin pinoutconfig (category:base,tabindex:0)
2025-07-05 10:02:18,932 [INFO] PluginManage:310 - Check plugin power
2025-07-05 10:02:18,956 [INFO] PluginManage:359 - Loaded plugin power (category:power,tabindex:4)
2025-07-05 10:02:18,956 [INFO] PluginManage:310 - Check plugin projectmanager
2025-07-05 10:02:18,973 [INFO] PluginManage:359 - Loaded plugin projectmanager (category:projectmanager,tabindex:4)
2025-07-05 10:02:18,973 [INFO] PluginManage:310 - Check plugin rif
2025-07-05 10:02:18,994 [INFO] PluginManage:359 - Loaded plugin rif (category:base,tabindex:3)
2025-07-05 10:02:18,995 [INFO] PluginManage:310 - Check plugin thirdparty
2025-07-05 10:02:19,481 [INFO] PluginManage:359 - Loaded plugin thirdparty (category:base,tabindex:-1)
2025-07-05 10:02:19,481 [INFO] PluginManage:310 - Check plugin tools
2025-07-05 10:02:19,481 [WARN] IntegrityCheckThread:84 - waiting for thirdparty lock release [integrity check]
2025-07-05 10:02:19,482 [INFO] IntegrityCheckThread:86 - entering critical section [integrity check]
2025-07-05 10:02:19,482 [INFO] ThirdPartyUpdaterWithRetryManager:70 - Updater plugin not ready yet. [1/15]
2025-07-05 10:02:19,548 [INFO] PluginManage:359 - Loaded plugin tools (category:base,tabindex:7)
2025-07-05 10:02:19,549 [INFO] PluginManage:310 - Check plugin tutovideos
2025-07-05 10:02:19,827 [INFO] PluginManage:359 - Loaded plugin tutovideos (category:base,tabindex:-1)
2025-07-05 10:02:19,827 [INFO] PluginManage:310 - Check plugin updater
2025-07-05 10:02:19,855 [INFO] PluginManage:359 - Loaded plugin updater (category:base,tabindex:12)
2025-07-05 10:02:19,855 [INFO] PluginManage:310 - Check plugin userauth
2025-07-05 10:02:19,862 [INFO] UserAuth:118 - Init User Auth plugin
2025-07-05 10:02:19,862 [INFO] PluginManage:359 - Loaded plugin userauth (category:base,tabindex:14)
2025-07-05 10:02:19,863 [INFO] PluginManage:283 - PluginManage : Loaded plugins [18]
2025-07-05 10:02:20,242 [INFO] PinOutPanel:1589 - setPackage(No Configuration,No Configuration)
2025-07-05 10:02:20,400 [INFO] CADModel:165 - CPN selected for project level
2025-07-05 10:02:20,401 [INFO] CADModel:114 - Register for checkConnection events
2025-07-05 10:02:20,437 [INFO] IPUIPlugin:80 - create IPUIPlugin
2025-07-05 10:02:20,437 [INFO] PluginManager:220 - loadIPPluginJar : add adc
2025-07-05 10:02:20,479 [INFO] IPUIPlugin:80 - create IPUIPlugin
2025-07-05 10:02:20,479 [INFO] PluginManager:220 - loadIPPluginJar : add aes
2025-07-05 10:02:20,524 [INFO] IPUIPlugin:80 - create IPUIPlugin
2025-07-05 10:02:20,526 [INFO] PluginManager:220 - loadIPPluginJar : add can
2025-07-05 10:02:20,552 [INFO] IPUIPlugin:80 - create IPUIPlugin
2025-07-05 10:02:20,552 [INFO] PluginManager:220 - loadIPPluginJar : add comp
2025-07-05 10:02:20,594 [INFO] IPUIPlugin:80 - create IPUIPlugin
2025-07-05 10:02:20,594 [INFO] PluginManager:220 - loadIPPluginJar : add cryp
2025-07-05 10:02:20,609 [INFO] IPUIPlugin:80 - create IPUIPlugin
2025-07-05 10:02:20,609 [INFO] PluginManager:220 - loadIPPluginJar : add ddr_ctrl_phy
2025-07-05 10:02:20,646 [INFO] IPUIPlugin:80 - create IPUIPlugin
2025-07-05 10:02:20,646 [INFO] PluginManager:220 - loadIPPluginJar : add dfsdm
2025-07-05 10:02:20,667 [INFO] IPUIPlugin:80 - create IPUIPlugin
2025-07-05 10:02:20,668 [INFO] PluginManager:220 - loadIPPluginJar : add dma
2025-07-05 10:02:20,710 [INFO] IPUIPlugin:80 - create IPUIPlugin
2025-07-05 10:02:20,710 [INFO] PluginManager:220 - loadIPPluginJar : add dma3
2025-07-05 10:02:20,746 [INFO] IPUIPlugin:80 - create IPUIPlugin
2025-07-05 10:02:20,746 [INFO] PluginManager:220 - loadIPPluginJar : add extmemmanager
2025-07-05 10:02:20,770 [INFO] IPUIPlugin:80 - create IPUIPlugin
2025-07-05 10:02:20,770 [INFO] PluginManager:220 - loadIPPluginJar : add fatfs
2025-07-05 10:02:20,812 [INFO] IPUIPlugin:80 - create IPUIPlugin
2025-07-05 10:02:20,813 [INFO] PluginManager:220 - loadIPPluginJar : add fmc
2025-07-05 10:02:20,831 [INFO] IPUIPlugin:80 - create IPUIPlugin
2025-07-05 10:02:20,831 [INFO] PluginManager:220 - loadIPPluginJar : add freertos
2025-07-05 10:02:20,857 [INFO] IPUIPlugin:80 - create IPUIPlugin
2025-07-05 10:02:20,857 [INFO] PluginManager:220 - loadIPPluginJar : add genericplugin
2025-07-05 10:02:20,934 [INFO] IPUIPlugin:80 - create IPUIPlugin
2025-07-05 10:02:20,934 [INFO] PluginManager:220 - loadIPPluginJar : add gfxmmu
2025-07-05 10:02:21,053 [INFO] IPUIPlugin:80 - create IPUIPlugin
2025-07-05 10:02:21,053 [INFO] PluginManager:220 - loadIPPluginJar : add gic
2025-07-05 10:02:21,081 [INFO] IPUIPlugin:80 - create IPUIPlugin
2025-07-05 10:02:21,082 [INFO] PluginManager:220 - loadIPPluginJar : add gpio
2025-07-05 10:02:21,165 [INFO] IPUIPlugin:80 - create IPUIPlugin
2025-07-05 10:02:21,166 [INFO] PluginManager:220 - loadIPPluginJar : add gtzc
2025-07-05 10:02:21,194 [INFO] IPUIPlugin:80 - create IPUIPlugin
2025-07-05 10:02:21,194 [INFO] PluginManager:220 - loadIPPluginJar : add hash
2025-07-05 10:02:21,252 [INFO] IPUIPlugin:80 - create IPUIPlugin
2025-07-05 10:02:21,252 [INFO] PluginManager:220 - loadIPPluginJar : add i2c
2025-07-05 10:02:21,287 [INFO] IPUIPlugin:80 - create IPUIPlugin
2025-07-05 10:02:21,288 [INFO] PluginManager:220 - loadIPPluginJar : add i2s
2025-07-05 10:02:21,337 [INFO] IPUIPlugin:80 - create IPUIPlugin
2025-07-05 10:02:21,337 [INFO] PluginManager:220 - loadIPPluginJar : add i3c
2025-07-05 10:02:21,429 [INFO] IPUIPlugin:80 - create IPUIPlugin
2025-07-05 10:02:21,429 [INFO] PluginManager:220 - loadIPPluginJar : add ipddr
2025-07-05 10:02:21,521 [INFO] IPUIPlugin:80 - create IPUIPlugin
2025-07-05 10:02:21,522 [INFO] PluginManager:220 - loadIPPluginJar : add linkedlist
2025-07-05 10:02:21,555 [INFO] IPUIPlugin:80 - create IPUIPlugin
2025-07-05 10:02:21,555 [INFO] PluginManager:220 - loadIPPluginJar : add lorawan
2025-07-05 10:02:21,601 [INFO] IPUIPlugin:80 - create IPUIPlugin
2025-07-05 10:02:21,601 [INFO] PluginManager:220 - loadIPPluginJar : add ltdc
2025-07-05 10:02:21,617 [INFO] IPUIPlugin:80 - create IPUIPlugin
2025-07-05 10:02:21,617 [INFO] PluginManager:220 - loadIPPluginJar : add mdma
2025-07-05 10:02:21,634 [INFO] IPUIPlugin:80 - create IPUIPlugin
2025-07-05 10:02:21,634 [INFO] PluginManager:220 - loadIPPluginJar : add nvic
2025-07-05 10:02:21,676 [INFO] IPUIPlugin:80 - create IPUIPlugin
2025-07-05 10:02:21,676 [INFO] PluginManager:220 - loadIPPluginJar : add opamp
2025-07-05 10:02:21,742 [INFO] IPUIPlugin:80 - create IPUIPlugin
2025-07-05 10:02:21,742 [INFO] PluginManager:220 - loadIPPluginJar : add openamp
2025-07-05 10:02:21,794 [INFO] IPUIPlugin:80 - create IPUIPlugin
2025-07-05 10:02:21,794 [INFO] PluginManager:220 - loadIPPluginJar : add pdm2pcm
2025-07-05 10:02:21,809 [INFO] IPUIPlugin:80 - create IPUIPlugin
2025-07-05 10:02:21,810 [INFO] PluginManager:220 - loadIPPluginJar : add plateformsettings
2025-07-05 10:02:21,843 [INFO] IPUIPlugin:80 - create IPUIPlugin
2025-07-05 10:02:21,843 [INFO] PluginManager:220 - loadIPPluginJar : add quadspi
2025-07-05 10:02:21,889 [INFO] IPUIPlugin:80 - create IPUIPlugin
2025-07-05 10:02:21,890 [INFO] PluginManager:220 - loadIPPluginJar : add radio
2025-07-05 10:02:21,914 [INFO] IPUIPlugin:80 - create IPUIPlugin
2025-07-05 10:02:21,914 [INFO] PluginManager:220 - loadIPPluginJar : add resmgrutility
2025-07-05 10:02:22,001 [INFO] IPUIPlugin:80 - create IPUIPlugin
2025-07-05 10:02:22,002 [INFO] PluginManager:220 - loadIPPluginJar : add sai
2025-07-05 10:02:22,074 [INFO] IPUIPlugin:80 - create IPUIPlugin
2025-07-05 10:02:22,074 [INFO] PluginManager:220 - loadIPPluginJar : add spi
2025-07-05 10:02:22,174 [INFO] IPUIPlugin:80 - create IPUIPlugin
2025-07-05 10:02:22,174 [INFO] PluginManager:220 - loadIPPluginJar : add stm32_wpan
2025-07-05 10:02:22,216 [INFO] IPUIPlugin:80 - create IPUIPlugin
2025-07-05 10:02:22,216 [INFO] PluginManager:220 - loadIPPluginJar : add tim
2025-07-05 10:02:22,293 [INFO] IPUIPlugin:80 - create IPUIPlugin
2025-07-05 10:02:22,293 [INFO] PluginManager:220 - loadIPPluginJar : add touchsensing
2025-07-05 10:02:22,322 [INFO] IPUIPlugin:80 - create IPUIPlugin
2025-07-05 10:02:22,322 [INFO] PluginManager:220 - loadIPPluginJar : add tracer_emb
2025-07-05 10:02:22,343 [INFO] IPUIPlugin:80 - create IPUIPlugin
2025-07-05 10:02:22,343 [INFO] PluginManager:220 - loadIPPluginJar : add ts
2025-07-05 10:02:22,364 [INFO] IPUIPlugin:80 - create IPUIPlugin
2025-07-05 10:02:22,364 [INFO] PluginManager:220 - loadIPPluginJar : add tsc
2025-07-05 10:02:22,385 [INFO] IPUIPlugin:80 - create IPUIPlugin
2025-07-05 10:02:22,386 [INFO] PluginManager:220 - loadIPPluginJar : add ucpd
2025-07-05 10:02:22,450 [INFO] IPUIPlugin:80 - create IPUIPlugin
2025-07-05 10:02:22,451 [INFO] PluginManager:220 - loadIPPluginJar : add usart
2025-07-05 10:02:22,485 [INFO] ThirdPartyUpdaterWithRetryManager:70 - Updater plugin not ready yet. [2/15]
2025-07-05 10:02:22,525 [INFO] IPUIPlugin:80 - create IPUIPlugin
2025-07-05 10:02:22,525 [INFO] PluginManager:220 - loadIPPluginJar : add usbx
2025-07-05 10:02:22,713 [FATAL] Updater:351 - Updater called before beeing initialized
2025-07-05 10:02:22,773 [INFO] RulesReader:64 - Compatibility file has been processed (302 Rules)
2025-07-05 10:02:22,825 [INFO] RulesReader:64 - Compatibility file has been processed (302 Rules)
2025-07-05 10:02:22,840 [INFO] CADModel:165 - CPN selected for project level
2025-07-05 10:02:22,841 [INFO] CADModel:114 - Register for checkConnection events
2025-07-05 10:02:22,841 [FATAL] Updater:351 - Updater called before beeing initialized
2025-07-05 10:02:22,841 [ERROR] CADModel:125 - Updater not yet initialized, retry later 
2025-07-05 10:02:23,037 [FATAL] Updater:351 - Updater called before beeing initialized
2025-07-05 10:02:23,039 [INFO] CADModel:165 - CPN selected for project level
2025-07-05 10:02:23,039 [INFO] CADModel:114 - Register for checkConnection events
2025-07-05 10:02:23,040 [FATAL] Updater:351 - Updater called before beeing initialized
2025-07-05 10:02:23,040 [ERROR] CADModel:125 - Updater not yet initialized, retry later 
2025-07-05 10:02:23,044 [FATAL] Updater:351 - Updater called before beeing initialized
2025-07-05 10:02:23,180 [FATAL] Updater:351 - Updater called before beeing initialized
2025-07-05 10:02:23,193 [INFO] DbMcusAds:53 - JSON generation date=Thu Jun 19 14:02:37 IST 2025 (1750321957418)
2025-07-05 10:02:23,194 [FATAL] Updater:351 - Updater called before beeing initialized
2025-07-05 10:02:23,246 [WARN] DetailPanel:346 - Failed to get advertising image, set to default
2025-07-05 10:02:23,459 [FATAL] Updater:351 - Updater called before beeing initialized
2025-07-05 10:02:23,461 [FATAL] Updater:351 - Updater called before beeing initialized
2025-07-05 10:02:23,461 [FATAL] Updater:351 - Updater called before beeing initialized
2025-07-05 10:02:23,461 [WARN] DetailPanel:346 - Failed to get advertising image, set to default
2025-07-05 10:02:23,462 [FATAL] Updater:351 - Updater called before beeing initialized
2025-07-05 10:02:23,527 [ERROR] Updater:1198 - MainUpdater not yet initialized. External WinMGr cannot be set.
2025-07-05 10:02:23,539 [INFO] Updater:1134 - Updater Version found : 6.14.1
2025-07-05 10:02:23,567 [INFO] ApplicationProperties:184 - Using Application install path: C:\ST\STM32CubeIDE_1.16.0\STM32CubeIDE\plugins\com.st.stm32cube.common.mx_6.14.1.202504091515
2025-07-05 10:02:25,175 [ERROR] LogOutputStream:75 - [STDERR_REDIRECT] Jul 05, 2025 10:02:25 AM java.util.prefs.WindowsPreferences <init>
2025-07-05 10:02:25,177 [ERROR] LogOutputStream:75 - [STDERR_REDIRECT] WARNING: Could not open/create prefs root node Software\JavaSoft\Prefs at root 0xffffffff80000002. Windows RegCreateKeyEx(...) returned error code 5.
2025-07-05 10:02:25,177 [ERROR] LogOutputStream:75 - [STDERR_REDIRECT] 
2025-07-05 10:02:25,486 [INFO] ThirdPartyUpdaterWithRetryManager:70 - Updater plugin not ready yet. [3/15]
2025-07-05 10:02:26,413 [INFO] MainUpdater:2872 - connection check result : 10
2025-07-05 10:02:26,415 [INFO] MainUpdater:289 - Updater Check For Update Now.
2025-07-05 10:02:26,415 [INFO] MicroXplorer:498 - Change Database Version : DB.6.0.141
2025-07-05 10:02:26,451 [INFO] McuFinderGlobals:63 - Set McuFinder mode to 2 (CubeIDE integrated)
2025-07-05 10:02:26,467 [INFO] UserAuth:484 - Internet connection configuration mode: 1
2025-07-05 10:02:26,543 [INFO] JxBrowserEngine:152 - Initiate JxBrowser Engine with user profile folder
2025-07-05 10:02:26,684 [INFO] CheckServerUpdateThread:120 - End of CheckServer Thread
2025-07-05 10:02:28,605 [INFO] WebApp:169 - Instantiating new browser for Auth
2025-07-05 10:02:29,152 [WARN] PackLoader:240 - Cannot read IP mode file for STMicroelectronics.FP-SNS-MOTENVWB1.1.4.0
2025-07-05 10:02:29,189 [WARN] PackLoader:240 - Cannot read IP mode file for STMicroelectronics.X-CUBE-SMBUS.2.1.0
2025-07-05 10:02:29,231 [WARN] PackLoader:240 - Cannot read IP mode file for STMicroelectronics.X-CUBE-WB05N.1.1.0
2025-07-05 10:02:29,257 [WARN] PackLoader:240 - Cannot read IP mode file for STMicroelectronics.X-CUBE-ST60.1.0.0
2025-07-05 10:02:29,320 [WARN] PackLoader:240 - Cannot read IP mode file for STMicroelectronics.X-CUBE-AZRTOS-F7.1.1.0
2025-07-05 10:02:29,461 [WARN] PackLoader:240 - Cannot read IP mode file for STMicroelectronics.X-CUBE-MEMS1.11.0.0
2025-07-05 10:02:29,637 [WARN] PackLoader:240 - Cannot read IP mode file for STMicroelectronics.FP-SNS-FLIGHT1.5.0.2
2025-07-05 10:02:29,669 [WARN] PackLoader:240 - Cannot read IP mode file for STMicroelectronics.X-CUBE-DISPLAY.3.0.0
2025-07-05 10:02:29,695 [WARN] PackLoader:240 - Cannot read IP mode file for STMicroelectronics.X-CUBE-BLE1.7.0.0
2025-07-05 10:02:29,716 [WARN] PackLoader:240 - Cannot read IP mode file for STMicroelectronics.X-CUBE-NFC10.1.0.0
2025-07-05 10:02:29,789 [WARN] PackLoader:240 - Cannot read IP mode file for emotas.I-CUBE-CANOPEN.1.3.0
2025-07-05 10:02:29,917 [WARN] PackLoader:240 - Cannot read IP mode file for STMicroelectronics.X-CUBE-BLEMGR.3.1.0
2025-07-05 10:02:29,947 [WARN] PackLoader:240 - Cannot read IP mode file for STMicroelectronics.FP-SNS-SMARTAG2.1.2.0
2025-07-05 10:02:29,967 [WARN] PackLoader:240 - Cannot read IP mode file for STMicroelectronics.FP-SNS-FLIGHT1.5.1.0
2025-07-05 10:02:29,997 [INFO] LogOutputStream:77 - [STDOUT_REDIRECT] 1 : Invalid condition id : UX_CORESTACK_Condition cause : null
2025-07-05 10:02:30,001 [INFO] LogOutputStream:77 - [STDOUT_REDIRECT] 1 : Invalid condition id : UX_CORESTACK_Condition cause : null
2025-07-05 10:02:30,005 [INFO] LogOutputStream:77 - [STDOUT_REDIRECT] 1 : Invalid condition id : UX_CORESTACK_Condition cause : null
2025-07-05 10:02:30,007 [INFO] LogOutputStream:77 - [STDOUT_REDIRECT] 1 : Invalid condition id : UX_CORESTACK_Condition cause : null
2025-07-05 10:02:30,009 [INFO] LogOutputStream:77 - [STDOUT_REDIRECT] 1 : Invalid condition id : UX_CORESTACK_Condition cause : null
2025-07-05 10:02:30,011 [WARN] PackLoader:240 - Cannot read IP mode file for STMicroelectronics.X-CUBE-AZRTOS-WL.2.0.0
2025-07-05 10:02:30,033 [WARN] PackLoader:240 - Cannot read IP mode file for STMicroelectronics.FP-SNS-MOTENV1.5.0.0
2025-07-05 10:02:30,055 [WARN] PackLoader:240 - Cannot read IP mode file for wolfSSL.I-CUBE-wolfMQTT.1.19.0
2025-07-05 10:02:30,101 [WARN] PackLoader:240 - Cannot read IP mode file for WES.I-CUBE-Cesium.1.3.0
2025-07-05 10:02:30,126 [WARN] PackLoader:240 - Cannot read IP mode file for STMicroelectronics.X-CUBE-BLE2.3.3.0
2025-07-05 10:02:30,156 [WARN] PackLoader:240 - Cannot read IP mode file for STMicroelectronics.X-CUBE-NFC9.1.0.0
2025-07-05 10:02:30,182 [WARN] PackLoader:240 - Cannot read IP mode file for STMicroelectronics.X-CUBE-BLE1.7.1.0
2025-07-05 10:02:30,214 [WARN] PackLoader:240 - Cannot read IP mode file for STMicroelectronics.X-CUBE-TCPP.4.1.0
2025-07-05 10:02:30,242 [WARN] PackLoader:240 - Cannot read IP mode file for STMicroelectronics.X-CUBE-AI.10.1.0
2025-07-05 10:02:30,281 [WARN] PackLoader:240 - Cannot read IP mode file for STMicroelectronics.X-CUBE-AZRTOS-G0.1.1.0
2025-07-05 10:02:30,314 [WARN] PackLoader:240 - Cannot read IP mode file for STMicroelectronics.X-CUBE-SAFEA1.1.2.2
2025-07-05 10:02:30,351 [WARN] PackLoader:240 - Cannot read IP mode file for STMicroelectronics.X-CUBE-NFC4.3.0.0
2025-07-05 10:02:30,386 [WARN] PackLoader:240 - Cannot read IP mode file for EmbeddedOffice.I-CUBE-FS-RTOS.1.0.1
2025-07-05 10:02:30,414 [WARN] PackLoader:240 - Cannot read IP mode file for STMicroelectronics.X-CUBE-WB05N.2.0.0
2025-07-05 10:02:30,438 [WARN] PackLoader:240 - Cannot read IP mode file for STMicroelectronics.X-CUBE-TCPP.4.2.0
2025-07-05 10:02:30,473 [WARN] PackLoader:240 - Cannot read IP mode file for RealThread.X-CUBE-RT-Thread_Nano.4.1.1
2025-07-05 10:02:30,491 [WARN] PackLoader:240 - Cannot read IP mode file for wolfSSL.I-CUBE-wolfSSL.5.7.0
2025-07-05 10:02:30,515 [WARN] PackLoader:240 - Cannot read IP mode file for STMicroelectronics.FP-ATR-SIGFOX1.3.2.0
2025-07-05 10:02:30,540 [WARN] ConditionMgr:438 - getConditionDescription Invalid condition id : Cortex-A Device cause : null
2025-07-05 10:02:30,579 [WARN] ConditionMgr:1044 - genDependencies : Invalid condition id : Cortex-A Device cause : null
2025-07-05 10:02:30,579 [WARN] ConditionMgr:1044 - genDependencies : Invalid condition id : Cortex-A Device cause : null
2025-07-05 10:02:30,579 [WARN] ConditionMgr:1044 - genDependencies : Invalid condition id : Cortex-A Device cause : null
2025-07-05 10:02:30,600 [WARN] PackLoader:240 - Cannot read IP mode file for STMicroelectronics.X-CUBE-EEPRMA1.5.1.0
2025-07-05 10:02:30,620 [WARN] PackLoader:240 - Cannot read IP mode file for ITTIA_DB.I-CUBE-ITTIADB.8.9.0
2025-07-05 10:02:30,644 [WARN] PackLoader:240 - Cannot read IP mode file for STMicroelectronics.X-CUBE-ST67W61.1.0.0
2025-07-05 10:02:30,700 [WARN] PackLoader:240 - Cannot read IP mode file for SEGGER.I-CUBE-embOS.1.3.1
2025-07-05 10:02:30,777 [WARN] PackLoader:240 - Cannot read IP mode file for STMicroelectronics.X-CUBE-ALGOBUILD.1.4.0
2025-07-05 10:02:30,853 [WARN] PackLoader:240 - Cannot read IP mode file for STMicroelectronics.X-CUBE-MEMS1.11.3.0
2025-07-05 10:02:30,994 [WARN] PackLoader:240 - Cannot read IP mode file for STMicroelectronics.X-CUBE-AI.9.1.0
2025-07-05 10:02:31,013 [WARN] PackLoader:240 - Cannot read IP mode file for STMicroelectronics.X-CUBE-PM33A1.1.0.0
2025-07-05 10:02:31,033 [WARN] PackLoader:240 - Cannot read IP mode file for STMicroelectronics.X-CUBE-GNSS1.6.0.0
2025-07-05 10:02:31,067 [WARN] PackLoader:240 - Cannot read IP mode file for STMicroelectronics.X-CUBE-AZRTOS-F4.1.1.0
2025-07-05 10:02:31,088 [WARN] PackLoader:240 - Cannot read IP mode file for Avnet-IotConnect.X-CUBE-IoTC-DA16k-PMOD.1.0.0
2025-07-05 10:02:31,108 [WARN] PackLoader:240 - Cannot read IP mode file for STMicroelectronics.X-CUBE-ISPU.2.1.0
2025-07-05 10:02:31,141 [WARN] PackLoader:240 - Cannot read IP mode file for STMicroelectronics.X-CUBE-FREERTOS.1.2.0
2025-07-05 10:02:31,184 [WARN] PackLoader:240 - Cannot read IP mode file for STMicroelectronics.X-CUBE-AZRTOS-L5.2.0.0
2025-07-05 10:02:31,209 [WARN] PackLoader:240 - Cannot read IP mode file for STMicroelectronics.X-CUBE-NFC6.3.1.0
2025-07-05 10:02:31,232 [WARN] PackLoader:240 - Cannot read IP mode file for STMicroelectronics.X-CUBE-DPower.1.2.0
2025-07-05 10:02:31,251 [WARN] PackLoader:240 - Cannot read IP mode file for STMicroelectronics.X-CUBE-AI.9.0.0
2025-07-05 10:02:31,288 [WARN] PackLoader:240 - Cannot read IP mode file for STMicroelectronics.X-CUBE-FREERTOS.1.3.1
2025-07-05 10:02:31,322 [WARN] PackLoader:240 - Cannot read IP mode file for STMicroelectronics.X-CUBE-NFC7.1.0.1
2025-07-05 10:02:31,350 [WARN] PackLoader:240 - Cannot read IP mode file for wolfSSL.I-CUBE-wolfTPM.3.2.0
2025-07-05 10:02:31,372 [WARN] PackLoader:240 - Cannot read IP mode file for STMicroelectronics.FP-SNS-STAIOTCFT.1.0.0
2025-07-05 10:02:31,398 [WARN] PackLoader:240 - Cannot read IP mode file for STMicroelectronics.X-CUBE-DPower.1.3.0
2025-07-05 10:02:31,459 [WARN] ConditionMgr:438 - getConditionDescription Invalid condition id : LAN8742 Phy interface Condition cause : null
2025-07-05 10:02:31,461 [WARN] PackLoader:240 - Cannot read IP mode file for STMicroelectronics.X-CUBE-AZRTOS-L4.2.0.0
2025-07-05 10:02:31,463 [WARN] ConditionMgr:1044 - genDependencies : Invalid condition id : LAN8742 Phy interface Condition cause : null
2025-07-05 10:02:31,463 [WARN] ConditionMgr:1044 - genDependencies : Invalid condition id : LAN8742 Phy interface Condition cause : null
2025-07-05 10:02:31,465 [WARN] ConditionMgr:1044 - genDependencies : Invalid condition id : LAN8742 Phy interface Condition cause : null
2025-07-05 10:02:31,502 [WARN] PackLoader:240 - Cannot read IP mode file for STMicroelectronics.X-CUBE-SFXS2LP1.4.0.0
2025-07-05 10:02:31,577 [WARN] PackLoader:240 - Cannot read IP mode file for STMicroelectronics.X-CUBE-AZRTOS-H7.3.3.0
2025-07-05 10:02:31,622 [WARN] PackLoader:240 - Cannot read IP mode file for STMicroelectronics.X-CUBE-IPS.3.0.0
2025-07-05 10:02:31,659 [WARN] ConditionMgr:438 - getConditionDescription Invalid condition id : UX DEVICE CLASS RTOS Condition cause : null
2025-07-05 10:02:31,660 [WARN] ConditionMgr:438 - getConditionDescription Invalid condition id : UX DEVICE CLASS RTOS Condition cause : null
2025-07-05 10:02:31,661 [WARN] PackLoader:240 - Cannot read IP mode file for STMicroelectronics.X-CUBE-AZRTOS-WB.2.0.0
2025-07-05 10:02:31,662 [WARN] ConditionMgr:1044 - genDependencies : Invalid condition id : UX DEVICE CLASS RTOS Condition cause : null
2025-07-05 10:02:31,662 [WARN] ConditionMgr:1044 - genDependencies : Invalid condition id : UX DEVICE CLASS RTOS Condition cause : null
2025-07-05 10:02:31,662 [WARN] ConditionMgr:1044 - genDependencies : Invalid condition id : UX DEVICE CLASS RTOS Condition cause : null
2025-07-05 10:02:31,662 [WARN] ConditionMgr:1044 - genDependencies : Invalid condition id : UX DEVICE CLASS RTOS Condition cause : null
2025-07-05 10:02:31,662 [WARN] ConditionMgr:1044 - genDependencies : Invalid condition id : UX DEVICE CLASS RTOS Condition cause : null
2025-07-05 10:02:31,687 [WARN] PackLoader:240 - Cannot read IP mode file for STMicroelectronics.X-CUBE-GNSS1.7.0.0
2025-07-05 10:02:31,714 [WARN] PackLoader:240 - Cannot read IP mode file for STMicroelectronics.X-CUBE-GNSS1.7.0.1
2025-07-05 10:02:31,752 [WARN] PackLoader:240 - Cannot read IP mode file for STMicroelectronics.X-CUBE-TOUCHGFX.4.25.0
2025-07-05 10:02:31,779 [WARN] PackLoader:240 - Cannot read IP mode file for STMicroelectronics.FP-SNS-STBOX1.2.0.0
2025-07-05 10:02:31,808 [WARN] PackLoader:240 - Cannot read IP mode file for STMicroelectronics.X-CUBE-SUBG2.5.0.0
2025-07-05 10:02:31,849 [WARN] PackLoader:240 - Cannot read IP mode file for STMicroelectronics.X-CUBE-AZRTOS-H7RS.1.1.0
2025-07-05 10:02:31,870 [WARN] PackLoader:240 - Cannot read IP mode file for Cesanta.I-CUBE-Mongoose.7.13.0
2025-07-05 10:02:31,897 [WARN] PackLoader:240 - Cannot read IP mode file for STMicroelectronics.X-CUBE-AZRTOS-G4.2.0.0
2025-07-05 10:02:31,914 [WARN] PackLoader:240 - Cannot read IP mode file for STMicroelectronics.X-CUBE-NFC7.2.0.0
2025-07-05 10:02:31,933 [WARN] PackLoader:240 - Cannot read IP mode file for STMicroelectronics.X-CUBE-ISPU.2.0.0
2025-07-05 10:02:31,960 [WARN] PackLoader:240 - Cannot read IP mode file for STMicroelectronics.X-CUBE-IPS.3.1.0
2025-07-05 10:02:31,988 [WARN] PackLoader:240 - Cannot read IP mode file for STMicroelectronics.X-CUBE-ALS.1.0.2
2025-07-05 10:02:32,056 [WARN] PackLoader:240 - Cannot read IP mode file for STMicroelectronics.X-CUBE-MEMS1.10.0.0
2025-07-05 10:02:32,156 [WARN] PackLoader:240 - Cannot read IP mode file for STMicroelectronics.X-CUBE-TOUCHGFX.4.24.0
2025-07-05 10:02:32,185 [WARN] PackLoader:240 - Cannot read IP mode file for STMicroelectronics.X-CUBE-TOUCHGFX.4.24.1
2025-07-05 10:02:32,211 [WARN] PackLoader:240 - Cannot read IP mode file for portGmbH.I-Cube-SoM-uGOAL.1.1.0
2025-07-05 10:02:32,253 [WARN] PackLoader:240 - Cannot read IP mode file for STMicroelectronics.X-CUBE-AZRTOS-H7RS.1.0.0
2025-07-05 10:02:32,278 [WARN] PackLoader:240 - Cannot read IP mode file for STMicroelectronics.FP-ATR-ASTRA1.2.0.0
2025-07-05 10:02:32,314 [WARN] PackLoader:240 - Cannot read IP mode file for STMicroelectronics.X-CUBE-TOF1.3.4.2
2025-07-05 10:02:32,360 [WARN] PackLoader:240 - Cannot read IP mode file for STMicroelectronics.X-CUBE-TOF1.3.4.3
2025-07-05 10:02:32,396 [WARN] PackLoader:240 - Cannot read IP mode file for STMicroelectronics.X-CUBE-TOF1.3.4.1
2025-07-05 10:02:32,447 [WARN] PackLoader:240 - Cannot read IP mode file for STMicroelectronics.X-CUBE-AZRTOS-H7.3.2.0
2025-07-05 10:02:32,489 [WARN] PackLoader:240 - Cannot read IP mode file for Infineon.AIROC-Wi-Fi-Bluetooth-STM32.1.6.0
2025-07-05 10:02:32,519 [WARN] PackLoader:240 - Cannot read IP mode file for wolfSSL.I-CUBE-wolfSSH.1.4.17
2025-07-05 10:02:32,520 [INFO] ThirdParty:978 - Integrity check success = true
2025-07-05 10:02:32,520 [INFO] IntegrityCheckThread:100 - exiting critical section [integrity check]
2025-07-05 10:02:32,520 [INFO] IntegrityCheckThread:103 - End integrity checks thread
2025-07-05 10:02:33,015 [INFO] WebApp:463 - Apply proxy settings
2025-07-05 10:02:33,016 [INFO] WebApp:548 - Chromium requires no authentication
2025-07-05 10:02:33,026 [INFO] WebApp:491 - Direct internet connection detected
2025-07-05 10:02:33,077 [INFO] WebApp:894 - Register for checkConnection events
2025-07-05 10:02:33,078 [INFO] WebApp:463 - Apply proxy settings
2025-07-05 10:02:33,078 [INFO] WebApp:548 - Chromium requires no authentication
2025-07-05 10:02:33,080 [INFO] WebApp:491 - Direct internet connection detected
2025-07-05 10:02:33,326 [INFO] WebApp:225 - Starting web application
2025-07-05 10:02:33,326 [INFO] WebApp:593 - Web application path used C:\ST\STM32CubeIDE_1.16.0\STM32CubeIDE\plugins\com.st.stm32cube.common.mx_6.14.1.202504091515\db\plugins\mcufinder\reactClient1\index.html
2025-07-05 10:02:33,467 [INFO] UserAuth:484 - Internet connection configuration mode: 1
2025-07-05 10:02:34,299 [INFO] WebApp:191 - Connection restablished
2025-07-05 10:42:18,583 [INFO] WebApp:194 - Connection lost
2025-07-05 22:35:10,493 [INFO] WebApp:191 - Connection restablished
2025-07-05 22:35:12,082 [INFO] WebApp:194 - Connection lost
2025-07-05 22:35:12,408 [INFO] WebApp:191 - Connection restablished
2025-07-05 22:35:15,132 [INFO] WebApp:194 - Connection lost
2025-07-05 22:35:15,420 [INFO] WebApp:191 - Connection restablished
2025-07-05 22:35:26,312 [INFO] WebApp:194 - Connection lost
2025-07-05 22:35:26,590 [INFO] WebApp:191 - Connection restablished
2025-07-05 22:36:59,800 [INFO] WebApp:194 - Connection lost
2025-07-05 22:37:00,582 [INFO] WebApp:191 - Connection restablished
