2025-09-02 09:30:14,662 [INFO] Activator:176 - 


2025-09-02 09:30:14,668 [INFO] Activator:177 - !SESSION log4j initialized
2025-09-02 09:30:24,756 [INFO] LogOutputStream:77 - [STDOUT_REDIRECT] 
2025-09-02 09:30:40,606 [INFO] ApplicationProperties:184 - Using Application install path: C:\ST\STM32CubeIDE_1.16.0\STM32CubeIDE\plugins\com.st.stm32cube.common.mx_6.15.0.202507011659
2025-09-02 09:30:40,628 [INFO] DbMcusXml:78 - Set database path to: C:\ST\STM32CubeIDE_1.16.0\STM32CubeIDE\plugins\com.st.stm32cube.common.mx_6.15.0.202507011659\\db\/mcu/
2025-09-02 09:30:40,628 [INFO] ApiDb:274 - Set plugin database path to: C:\ST\STM32CubeIDE_1.16.0\STM32CubeIDE\plugins\com.st.stm32cube.common.mx_6.15.0.202507011659\\db\/plugins/boardmanager/
2025-09-02 09:30:40,628 [WARN] ApiDb:259 - Overriding images path with different value:  => C:\ST\STM32CubeIDE_1.16.0\STM32CubeIDE\plugins\com.st.stm32cube.common.mx_6.15.0.202507011659\\db\/plugins/mcufinder/images/
2025-09-02 09:30:40,641 [INFO] ApiDb:250 - Set database path to: C:\Users\nisha\.stmcufinder\plugins\mcufinder//mcu/
2025-09-02 09:30:40,642 [INFO] DbMcusAds:125 - Set database path to: C:\Users\nisha\.stmcufinder\plugins\mcufinder//mcu/
2025-09-02 09:30:40,645 [INFO] CrossReferenceDbSqlite:203 - Set database path to: C:\Users\nisha\.stmcufinder\plugins\mcufinder//mcu/cs/
2025-09-02 09:30:40,790 [INFO] RulesReader:64 - Compatibility file has been processed (317 Rules)
2025-09-02 09:30:40,927 [INFO] DbMcusXml:78 - Set database path to: C:\ST\STM32CubeIDE_1.16.0\STM32CubeIDE\plugins\com.st.stm32cube.common.mx_6.15.0.202507011659\\db\/mcu/
2025-09-02 09:30:40,927 [INFO] ApiDb:274 - Set plugin database path to: C:\ST\STM32CubeIDE_1.16.0\STM32CubeIDE\plugins\com.st.stm32cube.common.mx_6.15.0.202507011659\\db\/plugins/boardmanager/
2025-09-02 09:30:40,927 [INFO] ApiDb:261 - Set plugin images path to: C:\ST\STM32CubeIDE_1.16.0\STM32CubeIDE\plugins\com.st.stm32cube.common.mx_6.15.0.202507011659\\db\/plugins/mcufinder/images/
2025-09-02 09:30:40,927 [WARN] DbFile:41 - Overriding database path with different value: C:\Users\nisha\.stmcufinder\plugins\mcufinder/ => C:\Users\nisha\.stmcufinder\plugins\mcufinder
2025-09-02 09:30:40,927 [INFO] ApiDb:250 - Set database path to: C:\Users\nisha\.stmcufinder\plugins\mcufinder//mcu/
2025-09-02 09:30:40,928 [WARN] DbFile:41 - Overriding database path with different value: C:\Users\nisha\.stmcufinder\plugins\mcufinder/ => C:\Users\nisha\.stmcufinder\plugins\mcufinder
2025-09-02 09:30:40,928 [INFO] DbMcusAds:125 - Set database path to: C:\Users\nisha\.stmcufinder\plugins\mcufinder//mcu/
2025-09-02 09:30:40,928 [WARN] DbFile:41 - Overriding database path with different value: C:\Users\nisha\.stmcufinder\plugins\mcufinder/ => C:\Users\nisha\.stmcufinder\plugins\mcufinder
2025-09-02 09:30:40,928 [WARN] DbFile:41 - Overriding database path with different value: C:\Users\nisha\.stmcufinder\plugins\mcufinder/ => C:\Users\nisha\.stmcufinder\plugins\mcufinder
2025-09-02 09:30:40,928 [INFO] CrossReferenceDbSqlite:203 - Set database path to: C:\Users\nisha\.stmcufinder\plugins\mcufinder//mcu/cs/
2025-09-02 09:30:41,027 [INFO] MainPanel:274 - HeapMemory: 276824064
2025-09-02 09:30:41,222 [INFO] DbMcusXml:78 - Set database path to: C:\ST\STM32CubeIDE_1.16.0\STM32CubeIDE\plugins\com.st.stm32cube.common.mx_6.15.0.202507011659\\db\/mcu/
2025-09-02 09:30:41,222 [INFO] ApiDb:274 - Set plugin database path to: C:\ST\STM32CubeIDE_1.16.0\STM32CubeIDE\plugins\com.st.stm32cube.common.mx_6.15.0.202507011659\\db\/plugins/boardmanager/
2025-09-02 09:30:41,222 [INFO] ApiDb:261 - Set plugin images path to: C:\ST\STM32CubeIDE_1.16.0\STM32CubeIDE\plugins\com.st.stm32cube.common.mx_6.15.0.202507011659\\db\/plugins/mcufinder/images/
2025-09-02 09:30:41,222 [WARN] DbFile:41 - Overriding database path with different value: C:\Users\nisha\.stmcufinder\plugins\mcufinder/ => C:\Users\nisha\.stmcufinder\plugins\mcufinder
2025-09-02 09:30:41,223 [INFO] ApiDb:250 - Set database path to: C:\Users\nisha\.stmcufinder\plugins\mcufinder//mcu/
2025-09-02 09:30:41,223 [WARN] DbFile:41 - Overriding database path with different value: C:\Users\nisha\.stmcufinder\plugins\mcufinder/ => C:\Users\nisha\.stmcufinder\plugins\mcufinder
2025-09-02 09:30:41,223 [INFO] DbMcusAds:125 - Set database path to: C:\Users\nisha\.stmcufinder\plugins\mcufinder//mcu/
2025-09-02 09:30:41,223 [WARN] DbFile:41 - Overriding database path with different value: C:\Users\nisha\.stmcufinder\plugins\mcufinder/ => C:\Users\nisha\.stmcufinder\plugins\mcufinder
2025-09-02 09:30:41,223 [WARN] DbFile:41 - Overriding database path with different value: C:\Users\nisha\.stmcufinder\plugins\mcufinder/ => C:\Users\nisha\.stmcufinder\plugins\mcufinder
2025-09-02 09:30:41,223 [INFO] CrossReferenceDbSqlite:203 - Set database path to: C:\Users\nisha\.stmcufinder\plugins\mcufinder//mcu/cs/
2025-09-02 09:30:41,246 [INFO] ApplicationProperties:184 - Using Application install path: C:\ST\STM32CubeIDE_1.16.0\STM32CubeIDE\plugins\com.st.stm32cube.common.mx_6.15.0.202507011659
2025-09-02 09:30:41,247 [INFO] PluginManage:196 - Search for loadable plugins [exclusion list=, ]
2025-09-02 09:30:41,249 [INFO] PluginManage:310 - Check plugin analytics
2025-09-02 09:30:41,568 [INFO] AnalyticsPlugin:253 - Accepted Software Licenses: 
2025-09-02 09:30:41,568 [INFO] AnalyticsPlugin:255 - Accepted CMSIS Pack Licenses: 
2025-09-02 09:30:41,569 [INFO] AnalyticsPlugin:257 - Accepted Firmware Licenses: FW.F4.1.28.0
2025-09-02 09:30:41,577 [INFO] PluginManage:359 - Loaded plugin analytics (category:tool,tabindex:-1)
2025-09-02 09:30:41,578 [INFO] PluginManage:310 - Check plugin cadmodel
2025-09-02 09:30:41,612 [INFO] CADModel:105 - Init CAD model plugin
2025-09-02 09:30:41,613 [INFO] PluginManage:359 - Loaded plugin cadmodel (category:power,tabindex:5)
2025-09-02 09:30:41,613 [INFO] PluginManage:310 - Check plugin clock
2025-09-02 09:30:41,645 [INFO] PluginManage:359 - Loaded plugin clock (category:base,tabindex:2)
2025-09-02 09:30:41,645 [INFO] PluginManage:310 - Check plugin ddr
2025-09-02 09:30:41,653 [INFO] PluginManage:359 - Loaded plugin ddr (category:tool,tabindex:6)
2025-09-02 09:30:41,653 [INFO] PluginManage:310 - Check plugin filemanager
2025-09-02 09:30:41,839 [INFO] PluginManage:359 - Loaded plugin filemanager (category:base,tabindex:10)
2025-09-02 09:30:41,839 [INFO] PluginManage:310 - Check plugin ipmanager
2025-09-02 09:30:41,851 [INFO] PluginManage:359 - Loaded plugin ipmanager (category:base,tabindex:5)
2025-09-02 09:30:41,851 [INFO] PluginManage:310 - Check plugin lpbam
2025-09-02 09:30:41,874 [INFO] PluginManage:359 - Loaded plugin lpbam (category:base,tabindex:0)
2025-09-02 09:30:41,875 [INFO] PluginManage:310 - Check plugin memorymap
2025-09-02 09:30:41,912 [INFO] PluginManage:359 - Loaded plugin memorymap (category:base,tabindex:4)
2025-09-02 09:30:41,912 [INFO] PluginManage:310 - Check plugin pinoutandconfiguration
2025-09-02 09:30:41,936 [INFO] PluginManage:359 - Loaded plugin pinoutandconfiguration (category:base,tabindex:1)
2025-09-02 09:30:41,936 [INFO] PluginManage:310 - Check plugin pinoutconfig
2025-09-02 09:30:42,063 [WARN] SupportedApi:132 - Cannot load RTOS API schema: s4s-elt-must-match.1: The content of 'definitions' must match (annotation?, (simpleType | complexType)?, (unique | key | keyref)*)). A problem was found starting at: attribute.
2025-09-02 09:30:42,294 [INFO] PluginManage:359 - Loaded plugin pinoutconfig (category:base,tabindex:0)
2025-09-02 09:30:42,294 [INFO] PluginManage:310 - Check plugin power
2025-09-02 09:30:42,323 [INFO] PluginManage:359 - Loaded plugin power (category:power,tabindex:4)
2025-09-02 09:30:42,323 [INFO] PluginManage:310 - Check plugin projectmanager
2025-09-02 09:30:42,350 [INFO] PluginManage:359 - Loaded plugin projectmanager (category:projectmanager,tabindex:4)
2025-09-02 09:30:42,350 [INFO] PluginManage:310 - Check plugin rif
2025-09-02 09:30:42,381 [INFO] PluginManage:359 - Loaded plugin rif (category:base,tabindex:3)
2025-09-02 09:30:42,381 [INFO] PluginManage:310 - Check plugin thirdparty
2025-09-02 09:30:42,772 [INFO] PluginManage:359 - Loaded plugin thirdparty (category:base,tabindex:-1)
2025-09-02 09:30:42,772 [WARN] IntegrityCheckThread:84 - waiting for thirdparty lock release [integrity check]
2025-09-02 09:30:42,773 [INFO] IntegrityCheckThread:86 - entering critical section [integrity check]
2025-09-02 09:30:42,773 [INFO] PluginManage:310 - Check plugin tools
2025-09-02 09:30:42,773 [INFO] ThirdPartyUpdaterWithRetryManager:70 - Updater plugin not ready yet. [1/15]
2025-09-02 09:30:42,821 [INFO] PluginManage:359 - Loaded plugin tools (category:base,tabindex:7)
2025-09-02 09:30:42,821 [INFO] PluginManage:310 - Check plugin tutovideos
2025-09-02 09:30:43,083 [INFO] PluginManage:359 - Loaded plugin tutovideos (category:base,tabindex:-1)
2025-09-02 09:30:43,083 [INFO] PluginManage:310 - Check plugin updater
2025-09-02 09:30:43,111 [INFO] PluginManage:359 - Loaded plugin updater (category:base,tabindex:12)
2025-09-02 09:30:43,112 [INFO] PluginManage:310 - Check plugin userauth
2025-09-02 09:30:43,118 [INFO] UserAuth:118 - Init User Auth plugin
2025-09-02 09:30:43,119 [INFO] PluginManage:359 - Loaded plugin userauth (category:base,tabindex:14)
2025-09-02 09:30:43,119 [INFO] PluginManage:283 - PluginManage : Loaded plugins [18]
2025-09-02 09:30:43,426 [INFO] PinOutPanel:1589 - setPackage(No Configuration,No Configuration)
2025-09-02 09:30:43,536 [INFO] CADModel:165 - CPN selected for project level
2025-09-02 09:30:43,537 [INFO] CADModel:114 - Register for checkConnection events
2025-09-02 09:30:43,569 [INFO] IPUIPlugin:80 - create IPUIPlugin
2025-09-02 09:30:43,569 [INFO] PluginManager:220 - loadIPPluginJar : add adc
2025-09-02 09:30:43,611 [INFO] IPUIPlugin:80 - create IPUIPlugin
2025-09-02 09:30:43,611 [INFO] PluginManager:220 - loadIPPluginJar : add aes
2025-09-02 09:30:43,670 [INFO] IPUIPlugin:80 - create IPUIPlugin
2025-09-02 09:30:43,671 [INFO] PluginManager:220 - loadIPPluginJar : add can
2025-09-02 09:30:43,707 [INFO] IPUIPlugin:80 - create IPUIPlugin
2025-09-02 09:30:43,708 [INFO] PluginManager:220 - loadIPPluginJar : add comp
2025-09-02 09:30:43,749 [INFO] IPUIPlugin:80 - create IPUIPlugin
2025-09-02 09:30:43,749 [INFO] PluginManager:220 - loadIPPluginJar : add cryp
2025-09-02 09:30:43,762 [INFO] IPUIPlugin:80 - create IPUIPlugin
2025-09-02 09:30:43,762 [INFO] PluginManager:220 - loadIPPluginJar : add ddr_ctrl_phy
2025-09-02 09:30:43,797 [INFO] IPUIPlugin:80 - create IPUIPlugin
2025-09-02 09:30:43,797 [INFO] PluginManager:220 - loadIPPluginJar : add dfsdm
2025-09-02 09:30:43,812 [INFO] IPUIPlugin:80 - create IPUIPlugin
2025-09-02 09:30:43,813 [INFO] PluginManager:220 - loadIPPluginJar : add dma
2025-09-02 09:30:43,854 [INFO] IPUIPlugin:80 - create IPUIPlugin
2025-09-02 09:30:43,854 [INFO] PluginManager:220 - loadIPPluginJar : add dma3
2025-09-02 09:30:43,902 [INFO] IPUIPlugin:80 - create IPUIPlugin
2025-09-02 09:30:43,902 [INFO] PluginManager:220 - loadIPPluginJar : add extmemmanager
2025-09-02 09:30:43,924 [INFO] IPUIPlugin:80 - create IPUIPlugin
2025-09-02 09:30:43,925 [INFO] PluginManager:220 - loadIPPluginJar : add fatfs
2025-09-02 09:30:43,975 [INFO] IPUIPlugin:80 - create IPUIPlugin
2025-09-02 09:30:43,975 [INFO] PluginManager:220 - loadIPPluginJar : add fmc
2025-09-02 09:30:43,991 [INFO] IPUIPlugin:80 - create IPUIPlugin
2025-09-02 09:30:43,991 [INFO] PluginManager:220 - loadIPPluginJar : add freertos
2025-09-02 09:30:44,015 [INFO] IPUIPlugin:80 - create IPUIPlugin
2025-09-02 09:30:44,015 [INFO] PluginManager:220 - loadIPPluginJar : add genericplugin
2025-09-02 09:30:44,115 [INFO] IPUIPlugin:80 - create IPUIPlugin
2025-09-02 09:30:44,115 [INFO] PluginManager:220 - loadIPPluginJar : add gfxmmu
2025-09-02 09:30:44,254 [INFO] IPUIPlugin:80 - create IPUIPlugin
2025-09-02 09:30:44,254 [INFO] PluginManager:220 - loadIPPluginJar : add gic
2025-09-02 09:30:44,274 [INFO] IPUIPlugin:80 - create IPUIPlugin
2025-09-02 09:30:44,274 [INFO] PluginManager:220 - loadIPPluginJar : add gpio
2025-09-02 09:30:44,376 [INFO] IPUIPlugin:80 - create IPUIPlugin
2025-09-02 09:30:44,376 [INFO] PluginManager:220 - loadIPPluginJar : add gtzc
2025-09-02 09:30:44,415 [INFO] IPUIPlugin:80 - create IPUIPlugin
2025-09-02 09:30:44,415 [INFO] PluginManager:220 - loadIPPluginJar : add hash
2025-09-02 09:30:44,475 [INFO] IPUIPlugin:80 - create IPUIPlugin
2025-09-02 09:30:44,475 [INFO] PluginManager:220 - loadIPPluginJar : add i2c
2025-09-02 09:30:44,519 [INFO] IPUIPlugin:80 - create IPUIPlugin
2025-09-02 09:30:44,519 [INFO] PluginManager:220 - loadIPPluginJar : add i2s
2025-09-02 09:30:44,565 [INFO] IPUIPlugin:80 - create IPUIPlugin
2025-09-02 09:30:44,565 [INFO] PluginManager:220 - loadIPPluginJar : add i3c
2025-09-02 09:30:44,684 [INFO] IPUIPlugin:80 - create IPUIPlugin
2025-09-02 09:30:44,685 [INFO] PluginManager:220 - loadIPPluginJar : add ipddr
2025-09-02 09:30:44,785 [INFO] IPUIPlugin:80 - create IPUIPlugin
2025-09-02 09:30:44,787 [INFO] PluginManager:220 - loadIPPluginJar : add linkedlist
2025-09-02 09:30:44,827 [INFO] IPUIPlugin:80 - create IPUIPlugin
2025-09-02 09:30:44,827 [INFO] PluginManager:220 - loadIPPluginJar : add lorawan
2025-09-02 09:30:44,868 [INFO] IPUIPlugin:80 - create IPUIPlugin
2025-09-02 09:30:44,868 [INFO] PluginManager:220 - loadIPPluginJar : add ltdc
2025-09-02 09:30:44,883 [INFO] IPUIPlugin:80 - create IPUIPlugin
2025-09-02 09:30:44,884 [INFO] PluginManager:220 - loadIPPluginJar : add mdma
2025-09-02 09:30:44,897 [INFO] IPUIPlugin:80 - create IPUIPlugin
2025-09-02 09:30:44,898 [INFO] PluginManager:220 - loadIPPluginJar : add nvic
2025-09-02 09:30:44,945 [INFO] IPUIPlugin:80 - create IPUIPlugin
2025-09-02 09:30:44,945 [INFO] PluginManager:220 - loadIPPluginJar : add opamp
2025-09-02 09:30:45,012 [INFO] IPUIPlugin:80 - create IPUIPlugin
2025-09-02 09:30:45,012 [INFO] PluginManager:220 - loadIPPluginJar : add openamp
2025-09-02 09:30:45,059 [INFO] IPUIPlugin:80 - create IPUIPlugin
2025-09-02 09:30:45,059 [INFO] PluginManager:220 - loadIPPluginJar : add pdm2pcm
2025-09-02 09:30:45,075 [INFO] IPUIPlugin:80 - create IPUIPlugin
2025-09-02 09:30:45,077 [INFO] PluginManager:220 - loadIPPluginJar : add plateformsettings
2025-09-02 09:30:45,102 [INFO] IPUIPlugin:80 - create IPUIPlugin
2025-09-02 09:30:45,103 [INFO] PluginManager:220 - loadIPPluginJar : add quadspi
2025-09-02 09:30:45,141 [INFO] IPUIPlugin:80 - create IPUIPlugin
2025-09-02 09:30:45,142 [INFO] PluginManager:220 - loadIPPluginJar : add radio
2025-09-02 09:30:45,161 [INFO] IPUIPlugin:80 - create IPUIPlugin
2025-09-02 09:30:45,161 [INFO] PluginManager:220 - loadIPPluginJar : add resmgrutility
2025-09-02 09:30:45,218 [INFO] IPUIPlugin:80 - create IPUIPlugin
2025-09-02 09:30:45,219 [INFO] PluginManager:220 - loadIPPluginJar : add sai
2025-09-02 09:30:45,260 [INFO] IPUIPlugin:80 - create IPUIPlugin
2025-09-02 09:30:45,260 [INFO] PluginManager:220 - loadIPPluginJar : add spi
2025-09-02 09:30:45,328 [INFO] IPUIPlugin:80 - create IPUIPlugin
2025-09-02 09:30:45,328 [INFO] PluginManager:220 - loadIPPluginJar : add stm32_wpan
2025-09-02 09:30:45,356 [INFO] IPUIPlugin:80 - create IPUIPlugin
2025-09-02 09:30:45,356 [INFO] PluginManager:220 - loadIPPluginJar : add tim
2025-09-02 09:30:45,426 [INFO] IPUIPlugin:80 - create IPUIPlugin
2025-09-02 09:30:45,426 [INFO] PluginManager:220 - loadIPPluginJar : add touchsensing
2025-09-02 09:30:45,452 [INFO] IPUIPlugin:80 - create IPUIPlugin
2025-09-02 09:30:45,452 [INFO] PluginManager:220 - loadIPPluginJar : add tracer_emb
2025-09-02 09:30:45,477 [INFO] IPUIPlugin:80 - create IPUIPlugin
2025-09-02 09:30:45,478 [INFO] PluginManager:220 - loadIPPluginJar : add ts
2025-09-02 09:30:45,507 [INFO] IPUIPlugin:80 - create IPUIPlugin
2025-09-02 09:30:45,507 [INFO] PluginManager:220 - loadIPPluginJar : add tsc
2025-09-02 09:30:45,533 [INFO] IPUIPlugin:80 - create IPUIPlugin
2025-09-02 09:30:45,533 [INFO] PluginManager:220 - loadIPPluginJar : add ucpd
2025-09-02 09:30:45,580 [INFO] IPUIPlugin:80 - create IPUIPlugin
2025-09-02 09:30:45,580 [INFO] PluginManager:220 - loadIPPluginJar : add usart
2025-09-02 09:30:45,628 [INFO] IPUIPlugin:80 - create IPUIPlugin
2025-09-02 09:30:45,629 [INFO] PluginManager:220 - loadIPPluginJar : add usbx
2025-09-02 09:30:45,762 [FATAL] Updater:351 - Updater called before beeing initialized
2025-09-02 09:30:45,776 [INFO] ThirdPartyUpdaterWithRetryManager:70 - Updater plugin not ready yet. [2/15]
2025-09-02 09:30:45,801 [INFO] RulesReader:64 - Compatibility file has been processed (317 Rules)
2025-09-02 09:30:45,826 [INFO] RulesReader:64 - Compatibility file has been processed (317 Rules)
2025-09-02 09:30:45,846 [INFO] CADModel:165 - CPN selected for project level
2025-09-02 09:30:45,846 [INFO] CADModel:114 - Register for checkConnection events
2025-09-02 09:30:45,846 [FATAL] Updater:351 - Updater called before beeing initialized
2025-09-02 09:30:45,847 [ERROR] CADModel:125 - Updater not yet initialized, retry later 
2025-09-02 09:30:46,045 [FATAL] Updater:351 - Updater called before beeing initialized
2025-09-02 09:30:46,047 [INFO] CADModel:165 - CPN selected for project level
2025-09-02 09:30:46,047 [INFO] CADModel:114 - Register for checkConnection events
2025-09-02 09:30:46,047 [FATAL] Updater:351 - Updater called before beeing initialized
2025-09-02 09:30:46,047 [ERROR] CADModel:125 - Updater not yet initialized, retry later 
2025-09-02 09:30:46,051 [FATAL] Updater:351 - Updater called before beeing initialized
2025-09-02 09:30:46,240 [FATAL] Updater:351 - Updater called before beeing initialized
2025-09-02 09:30:46,255 [INFO] DbMcusAds:53 - JSON generation date=Tue Jul 08 13:44:23 IST 2025 (1751962463582)
2025-09-02 09:30:46,256 [FATAL] Updater:351 - Updater called before beeing initialized
2025-09-02 09:30:46,299 [WARN] DetailPanel:346 - Failed to get advertising image, set to default
2025-09-02 09:30:46,420 [FATAL] Updater:351 - Updater called before beeing initialized
2025-09-02 09:30:46,423 [FATAL] Updater:351 - Updater called before beeing initialized
2025-09-02 09:30:46,423 [FATAL] Updater:351 - Updater called before beeing initialized
2025-09-02 09:30:46,424 [WARN] DetailPanel:346 - Failed to get advertising image, set to default
2025-09-02 09:30:46,425 [FATAL] Updater:351 - Updater called before beeing initialized
2025-09-02 09:30:46,505 [ERROR] Updater:1198 - MainUpdater not yet initialized. External WinMGr cannot be set.
2025-09-02 09:30:46,517 [INFO] Updater:1134 - Updater Version found : 6.15.0
2025-09-02 09:30:46,533 [INFO] ApplicationProperties:184 - Using Application install path: C:\ST\STM32CubeIDE_1.16.0\STM32CubeIDE\plugins\com.st.stm32cube.common.mx_6.15.0.202507011659
2025-09-02 09:30:48,123 [ERROR] LogOutputStream:75 - [STDERR_REDIRECT] Sep 02, 2025 9:30:48 AM java.util.prefs.WindowsPreferences <init>
2025-09-02 09:30:48,125 [ERROR] LogOutputStream:75 - [STDERR_REDIRECT] WARNING: Could not open/create prefs root node Software\JavaSoft\Prefs at root 0xffffffff80000002. Windows RegCreateKeyEx(...) returned error code 5.
2025-09-02 09:30:48,126 [ERROR] LogOutputStream:75 - [STDERR_REDIRECT] 
2025-09-02 09:30:48,712 [INFO] MainUpdater:2872 - connection check result : 22
2025-09-02 09:30:48,713 [INFO] MainUpdater:289 - Updater Check For Update Now.
2025-09-02 09:30:48,714 [INFO] MicroXplorer:498 - Change Database Version : DB.6.0.150
2025-09-02 09:30:48,757 [INFO] McuFinderGlobals:63 - Set McuFinder mode to 2 (CubeIDE integrated)
2025-09-02 09:30:48,772 [INFO] UserAuth:487 - Internet connection configuration mode: 2
2025-09-02 09:30:48,778 [WARN] MainUpdater:1193 - Updater busy. Cannot search thirdparties
2025-09-02 09:30:48,779 [INFO] ThirdPartyUpdaterWithRetryManager:96 - Updater plugin is busy. [1/15]
2025-09-02 09:30:48,793 [INFO] UserAuth:487 - Internet connection configuration mode: 2
2025-09-02 09:30:49,024 [INFO] CheckServerUpdateThread:120 - End of CheckServer Thread
2025-09-02 09:30:52,147 [WARN] PackLoader:240 - Cannot read IP mode file for STMicroelectronics.FP-SNS-MOTENVWB1.1.4.0
2025-09-02 09:30:52,167 [WARN] PackLoader:240 - Cannot read IP mode file for STMicroelectronics.X-CUBE-SMBUS.2.1.0
2025-09-02 09:30:52,187 [WARN] PackLoader:240 - Cannot read IP mode file for STMicroelectronics.X-CUBE-WB05N.1.1.0
2025-09-02 09:30:52,203 [WARN] PackLoader:240 - Cannot read IP mode file for STMicroelectronics.X-CUBE-ST60.1.0.0
2025-09-02 09:30:52,276 [WARN] PackLoader:240 - Cannot read IP mode file for STMicroelectronics.X-CUBE-AZRTOS-F7.1.1.0
2025-09-02 09:30:52,353 [WARN] PackLoader:240 - Cannot read IP mode file for STMicroelectronics.X-CUBE-MEMS1.11.0.0
2025-09-02 09:30:52,558 [WARN] PackLoader:240 - Cannot read IP mode file for STMicroelectronics.FP-SNS-FLIGHT1.5.0.2
2025-09-02 09:30:52,609 [WARN] PackLoader:240 - Cannot read IP mode file for STMicroelectronics.X-CUBE-AZRTOS-H7.3.4.0
2025-09-02 09:30:52,706 [WARN] PackLoader:240 - Cannot read IP mode file for STMicroelectronics.X-CUBE-DISPLAY.3.0.0
2025-09-02 09:30:52,762 [WARN] PackLoader:240 - Cannot read IP mode file for STMicroelectronics.X-CUBE-BLE1.7.0.0
2025-09-02 09:30:52,780 [WARN] PackLoader:240 - Cannot read IP mode file for STMicroelectronics.X-CUBE-NFC10.1.0.0
2025-09-02 09:30:52,804 [WARN] PackLoader:240 - Cannot read IP mode file for STMicroelectronics.X-CUBE-BLEMGR.4.0.0
2025-09-02 09:30:52,828 [WARN] PackLoader:240 - Cannot read IP mode file for emotas.I-CUBE-CANOPEN.1.3.0
2025-09-02 09:30:52,850 [WARN] PackLoader:240 - Cannot read IP mode file for STMicroelectronics.X-CUBE-BLEMGR.3.1.0
2025-09-02 09:30:52,874 [WARN] PackLoader:240 - Cannot read IP mode file for STMicroelectronics.FP-SNS-STBOX1.2.1.0
2025-09-02 09:30:52,895 [WARN] PackLoader:240 - Cannot read IP mode file for STMicroelectronics.FP-SNS-SMARTAG2.1.2.0
2025-09-02 09:30:52,935 [WARN] PackLoader:240 - Cannot read IP mode file for STMicroelectronics.FP-SNS-FLIGHT1.5.1.0
2025-09-02 09:30:52,966 [INFO] LogOutputStream:77 - [STDOUT_REDIRECT] 1 : Invalid condition id : UX_CORESTACK_Condition cause : null
2025-09-02 09:30:52,970 [INFO] LogOutputStream:77 - [STDOUT_REDIRECT] 1 : Invalid condition id : UX_CORESTACK_Condition cause : null
2025-09-02 09:30:52,974 [INFO] LogOutputStream:77 - [STDOUT_REDIRECT] 1 : Invalid condition id : UX_CORESTACK_Condition cause : null
2025-09-02 09:30:52,978 [INFO] LogOutputStream:77 - [STDOUT_REDIRECT] 1 : Invalid condition id : UX_CORESTACK_Condition cause : null
2025-09-02 09:30:52,981 [INFO] LogOutputStream:77 - [STDOUT_REDIRECT] 1 : Invalid condition id : UX_CORESTACK_Condition cause : null
2025-09-02 09:30:52,983 [WARN] PackLoader:240 - Cannot read IP mode file for STMicroelectronics.X-CUBE-AZRTOS-WL.2.0.0
2025-09-02 09:30:53,004 [WARN] PackLoader:240 - Cannot read IP mode file for STMicroelectronics.FP-SNS-MOTENV1.5.0.0
2025-09-02 09:30:53,024 [WARN] PackLoader:240 - Cannot read IP mode file for wolfSSL.I-CUBE-wolfMQTT.1.19.0
2025-09-02 09:30:53,054 [WARN] PackLoader:240 - Cannot read IP mode file for WES.I-CUBE-Cesium.1.3.0
2025-09-02 09:30:53,075 [WARN] PackLoader:240 - Cannot read IP mode file for STMicroelectronics.X-CUBE-BLE2.3.3.0
2025-09-02 09:30:53,097 [WARN] PackLoader:240 - Cannot read IP mode file for STMicroelectronics.X-CUBE-NFC9.1.0.0
2025-09-02 09:30:53,118 [WARN] PackLoader:240 - Cannot read IP mode file for STMicroelectronics.X-CUBE-BLE1.7.1.0
2025-09-02 09:30:53,142 [WARN] PackLoader:240 - Cannot read IP mode file for STMicroelectronics.X-CUBE-TCPP.4.1.0
2025-09-02 09:30:53,173 [WARN] PackLoader:240 - Cannot read IP mode file for STMicroelectronics.X-CUBE-EEPRMA1.5.2.0
2025-09-02 09:30:53,203 [WARN] PackLoader:240 - Cannot read IP mode file for STMicroelectronics.X-CUBE-AI.10.1.0
2025-09-02 09:30:53,246 [WARN] PackLoader:240 - Cannot read IP mode file for STMicroelectronics.X-CUBE-AZRTOS-G0.1.1.0
2025-09-02 09:30:53,286 [WARN] PackLoader:240 - Cannot read IP mode file for STMicroelectronics.X-CUBE-SAFEA1.1.2.2
2025-09-02 09:30:53,315 [WARN] PackLoader:240 - Cannot read IP mode file for STMicroelectronics.X-CUBE-NFC4.3.0.0
2025-09-02 09:30:53,350 [WARN] PackLoader:240 - Cannot read IP mode file for EmbeddedOffice.I-CUBE-FS-RTOS.1.0.1
2025-09-02 09:30:53,371 [WARN] PackLoader:240 - Cannot read IP mode file for STMicroelectronics.X-CUBE-WB05N.2.0.0
2025-09-02 09:30:53,390 [WARN] PackLoader:240 - Cannot read IP mode file for STMicroelectronics.X-CUBE-TCPP.4.2.0
2025-09-02 09:30:53,408 [WARN] PackLoader:240 - Cannot read IP mode file for RealThread.X-CUBE-RT-Thread_Nano.4.1.1
2025-09-02 09:30:53,424 [WARN] PackLoader:240 - Cannot read IP mode file for wolfSSL.I-CUBE-wolfSSL.5.7.0
2025-09-02 09:30:53,441 [WARN] PackLoader:240 - Cannot read IP mode file for STMicroelectronics.FP-ATR-SIGFOX1.3.2.0
2025-09-02 09:30:53,466 [WARN] ConditionMgr:438 - getConditionDescription Invalid condition id : Cortex-A Device cause : null
2025-09-02 09:30:53,506 [WARN] ConditionMgr:1044 - genDependencies : Invalid condition id : Cortex-A Device cause : null
2025-09-02 09:30:53,507 [WARN] ConditionMgr:1044 - genDependencies : Invalid condition id : Cortex-A Device cause : null
2025-09-02 09:30:53,507 [WARN] ConditionMgr:1044 - genDependencies : Invalid condition id : Cortex-A Device cause : null
2025-09-02 09:30:53,523 [WARN] PackLoader:240 - Cannot read IP mode file for STMicroelectronics.X-CUBE-EEPRMA1.5.1.0
2025-09-02 09:30:53,544 [WARN] PackLoader:240 - Cannot read IP mode file for ITTIA_DB.I-CUBE-ITTIADB.8.9.0
2025-09-02 09:30:53,563 [WARN] PackLoader:240 - Cannot read IP mode file for STMicroelectronics.X-CUBE-ST67W61.1.0.0
2025-09-02 09:30:53,579 [WARN] PackLoader:240 - Cannot read IP mode file for STMicroelectronics.X-CUBE-AI.10.2.0
2025-09-02 09:30:53,626 [WARN] PackLoader:240 - Cannot read IP mode file for SEGGER.I-CUBE-embOS.1.3.1
2025-09-02 09:30:53,691 [WARN] PackLoader:240 - Cannot read IP mode file for STMicroelectronics.X-CUBE-ALGOBUILD.1.4.0
2025-09-02 09:30:53,753 [WARN] PackLoader:240 - Cannot read IP mode file for STMicroelectronics.X-CUBE-MEMS1.11.3.0
2025-09-02 09:30:53,895 [WARN] PackLoader:240 - Cannot read IP mode file for STMicroelectronics.X-CUBE-AI.9.1.0
2025-09-02 09:30:53,918 [WARN] PackLoader:240 - Cannot read IP mode file for STMicroelectronics.X-CUBE-PM33A1.1.0.0
2025-09-02 09:30:53,946 [WARN] PackLoader:240 - Cannot read IP mode file for STMicroelectronics.X-CUBE-GNSS1.6.0.0
2025-09-02 09:30:53,999 [WARN] PackLoader:240 - Cannot read IP mode file for STMicroelectronics.X-CUBE-AZRTOS-F4.1.1.0
2025-09-02 09:30:54,030 [WARN] PackLoader:240 - Cannot read IP mode file for Avnet-IotConnect.X-CUBE-IoTC-DA16k-PMOD.1.0.0
2025-09-02 09:30:54,057 [WARN] PackLoader:240 - Cannot read IP mode file for STMicroelectronics.X-CUBE-ISPU.2.1.0
2025-09-02 09:30:54,090 [WARN] PackLoader:240 - Cannot read IP mode file for STMicroelectronics.X-CUBE-FREERTOS.1.2.0
2025-09-02 09:30:54,116 [WARN] PackLoader:240 - Cannot read IP mode file for STMicroelectronics.X-CUBE-NFC12.1.0.0
2025-09-02 09:30:54,160 [WARN] PackLoader:240 - Cannot read IP mode file for STMicroelectronics.X-CUBE-AZRTOS-L5.2.0.0
2025-09-02 09:30:54,184 [WARN] PackLoader:240 - Cannot read IP mode file for STMicroelectronics.X-CUBE-NFC6.3.1.0
2025-09-02 09:30:54,210 [WARN] PackLoader:240 - Cannot read IP mode file for STMicroelectronics.X-CUBE-DPower.1.2.0
2025-09-02 09:30:54,232 [WARN] PackLoader:240 - Cannot read IP mode file for STMicroelectronics.X-CUBE-AI.9.0.0
2025-09-02 09:30:54,253 [WARN] PackLoader:240 - Cannot read IP mode file for STMicroelectronics.X-CUBE-FREERTOS.1.3.1
2025-09-02 09:30:54,273 [WARN] PackLoader:240 - Cannot read IP mode file for STMicroelectronics.X-CUBE-NFC7.1.0.1
2025-09-02 09:30:54,293 [WARN] PackLoader:240 - Cannot read IP mode file for wolfSSL.I-CUBE-wolfTPM.3.2.0
2025-09-02 09:30:54,313 [WARN] PackLoader:240 - Cannot read IP mode file for STMicroelectronics.FP-SNS-STAIOTCFT.1.0.0
2025-09-02 09:30:54,334 [WARN] PackLoader:240 - Cannot read IP mode file for STMicroelectronics.X-CUBE-DPower.1.3.0
2025-09-02 09:30:54,373 [WARN] ConditionMgr:438 - getConditionDescription Invalid condition id : LAN8742 Phy interface Condition cause : null
2025-09-02 09:30:54,374 [WARN] PackLoader:240 - Cannot read IP mode file for STMicroelectronics.X-CUBE-AZRTOS-L4.2.0.0
2025-09-02 09:30:54,374 [WARN] ConditionMgr:1044 - genDependencies : Invalid condition id : LAN8742 Phy interface Condition cause : null
2025-09-02 09:30:54,375 [WARN] ConditionMgr:1044 - genDependencies : Invalid condition id : LAN8742 Phy interface Condition cause : null
2025-09-02 09:30:54,375 [WARN] ConditionMgr:1044 - genDependencies : Invalid condition id : LAN8742 Phy interface Condition cause : null
2025-09-02 09:30:54,404 [WARN] PackLoader:240 - Cannot read IP mode file for STMicroelectronics.X-CUBE-SFXS2LP1.4.0.0
2025-09-02 09:30:54,453 [WARN] PackLoader:240 - Cannot read IP mode file for STMicroelectronics.X-CUBE-AZRTOS-H7.3.3.0
2025-09-02 09:30:54,494 [WARN] PackLoader:240 - Cannot read IP mode file for STMicroelectronics.X-CUBE-BLEMGR.4.1.0
2025-09-02 09:30:54,605 [WARN] PackLoader:240 - Cannot read IP mode file for STMicroelectronics.X-CUBE-IPS.3.0.0
2025-09-02 09:30:54,648 [WARN] ConditionMgr:438 - getConditionDescription Invalid condition id : UX DEVICE CLASS RTOS Condition cause : null
2025-09-02 09:30:54,649 [WARN] ConditionMgr:438 - getConditionDescription Invalid condition id : UX DEVICE CLASS RTOS Condition cause : null
2025-09-02 09:30:54,650 [WARN] PackLoader:240 - Cannot read IP mode file for STMicroelectronics.X-CUBE-AZRTOS-WB.2.0.0
2025-09-02 09:30:54,650 [WARN] ConditionMgr:1044 - genDependencies : Invalid condition id : UX DEVICE CLASS RTOS Condition cause : null
2025-09-02 09:30:54,651 [WARN] ConditionMgr:1044 - genDependencies : Invalid condition id : UX DEVICE CLASS RTOS Condition cause : null
2025-09-02 09:30:54,651 [WARN] ConditionMgr:1044 - genDependencies : Invalid condition id : UX DEVICE CLASS RTOS Condition cause : null
2025-09-02 09:30:54,651 [WARN] ConditionMgr:1044 - genDependencies : Invalid condition id : UX DEVICE CLASS RTOS Condition cause : null
2025-09-02 09:30:54,651 [WARN] ConditionMgr:1044 - genDependencies : Invalid condition id : UX DEVICE CLASS RTOS Condition cause : null
2025-09-02 09:30:54,671 [WARN] PackLoader:240 - Cannot read IP mode file for STMicroelectronics.X-CUBE-GNSS1.7.0.0
2025-09-02 09:30:54,688 [WARN] PackLoader:240 - Cannot read IP mode file for STMicroelectronics.X-CUBE-GNSS1.7.0.1
2025-09-02 09:30:54,712 [WARN] PackLoader:240 - Cannot read IP mode file for STMicroelectronics.X-CUBE-TOUCHGFX.4.25.0
2025-09-02 09:30:54,733 [WARN] PackLoader:240 - Cannot read IP mode file for STMicroelectronics.FP-SNS-STBOX1.2.0.0
2025-09-02 09:30:54,761 [WARN] PackLoader:240 - Cannot read IP mode file for STMicroelectronics.X-CUBE-SUBG2.5.0.0
2025-09-02 09:30:54,809 [WARN] PackLoader:240 - Cannot read IP mode file for STMicroelectronics.X-CUBE-AZRTOS-H7RS.1.1.0
2025-09-02 09:30:54,836 [WARN] PackLoader:240 - Cannot read IP mode file for Cesanta.I-CUBE-Mongoose.7.13.0
2025-09-02 09:30:54,870 [WARN] PackLoader:240 - Cannot read IP mode file for STMicroelectronics.X-CUBE-AZRTOS-G4.2.0.0
2025-09-02 09:30:54,888 [WARN] PackLoader:240 - Cannot read IP mode file for STMicroelectronics.X-CUBE-NFC7.2.0.0
2025-09-02 09:30:54,914 [WARN] PackLoader:240 - Cannot read IP mode file for STMicroelectronics.X-CUBE-ISPU.2.0.0
2025-09-02 09:30:54,940 [WARN] PackLoader:240 - Cannot read IP mode file for STMicroelectronics.X-CUBE-IPS.3.1.0
2025-09-02 09:30:54,960 [WARN] PackLoader:240 - Cannot read IP mode file for STMicroelectronics.X-CUBE-ALS.1.0.2
2025-09-02 09:30:55,007 [WARN] PackLoader:240 - Cannot read IP mode file for STMicroelectronics.X-CUBE-MEMS1.10.0.0
2025-09-02 09:30:55,104 [WARN] PackLoader:240 - Cannot read IP mode file for STMicroelectronics.X-CUBE-TOUCHGFX.4.24.0
2025-09-02 09:30:55,128 [WARN] PackLoader:240 - Cannot read IP mode file for STMicroelectronics.X-CUBE-TOUCHGFX.4.24.1
2025-09-02 09:30:55,154 [WARN] PackLoader:240 - Cannot read IP mode file for portGmbH.I-Cube-SoM-uGOAL.1.1.0
2025-09-02 09:30:55,189 [WARN] PackLoader:240 - Cannot read IP mode file for STMicroelectronics.X-CUBE-AZRTOS-H7RS.1.0.0
2025-09-02 09:30:55,210 [WARN] PackLoader:240 - Cannot read IP mode file for STMicroelectronics.FP-ATR-ASTRA1.2.0.0
2025-09-02 09:30:55,234 [WARN] PackLoader:240 - Cannot read IP mode file for STMicroelectronics.X-CUBE-TOF1.3.4.2
2025-09-02 09:30:55,261 [WARN] PackLoader:240 - Cannot read IP mode file for STMicroelectronics.X-CUBE-TOF1.3.4.3
2025-09-02 09:30:55,287 [WARN] PackLoader:240 - Cannot read IP mode file for STMicroelectronics.X-CUBE-TOF1.3.4.1
2025-09-02 09:30:55,330 [WARN] PackLoader:240 - Cannot read IP mode file for STMicroelectronics.X-CUBE-AZRTOS-H7.3.2.0
2025-09-02 09:30:55,365 [WARN] PackLoader:240 - Cannot read IP mode file for Infineon.AIROC-Wi-Fi-Bluetooth-STM32.1.6.0
2025-09-02 09:30:55,396 [WARN] PackLoader:240 - Cannot read IP mode file for wolfSSL.I-CUBE-wolfSSH.1.4.17
2025-09-02 09:30:55,397 [INFO] ThirdParty:978 - Integrity check success = true
2025-09-02 09:30:55,397 [INFO] IntegrityCheckThread:100 - exiting critical section [integrity check]
2025-09-02 09:30:55,397 [INFO] IntegrityCheckThread:103 - End integrity checks thread
2025-09-02 10:38:33,858 [ERROR] LogOutputStream:75 - [STDERR_REDIRECT] 
