2025-08-23 01:00:15,145 [ERROR] LogOutputStream:75 - [STDERR_REDIRECT] 
2025-08-23 10:50:41,414 [INFO] Activator:176 - 


2025-08-23 10:50:41,414 [INFO] Activator:177 - !SESSION log4j initialized
2025-08-23 10:50:53,229 [INFO] LogOutputStream:77 - [STDOUT_REDIRECT] 
2025-08-23 10:51:10,769 [INFO] ApplicationProperties:184 - Using Application install path: C:\ST\STM32CubeIDE_1.16.0\STM32CubeIDE\plugins\com.st.stm32cube.common.mx_6.15.0.202507011659
2025-08-23 10:51:10,810 [INFO] DbMcusXml:78 - Set database path to: C:\ST\STM32CubeIDE_1.16.0\STM32CubeIDE\plugins\com.st.stm32cube.common.mx_6.15.0.202507011659\\db\/mcu/
2025-08-23 10:51:10,811 [INFO] ApiDb:274 - Set plugin database path to: C:\ST\STM32CubeIDE_1.16.0\STM32CubeIDE\plugins\com.st.stm32cube.common.mx_6.15.0.202507011659\\db\/plugins/boardmanager/
2025-08-23 10:51:10,812 [WARN] ApiDb:259 - Overriding images path with different value:  => C:\ST\STM32CubeIDE_1.16.0\STM32CubeIDE\plugins\com.st.stm32cube.common.mx_6.15.0.202507011659\\db\/plugins/mcufinder/images/
2025-08-23 10:51:10,835 [INFO] ApiDb:250 - Set database path to: C:\Users\nisha\.stmcufinder\plugins\mcufinder//mcu/
2025-08-23 10:51:10,838 [INFO] DbMcusAds:125 - Set database path to: C:\Users\nisha\.stmcufinder\plugins\mcufinder//mcu/
2025-08-23 10:51:10,886 [INFO] CrossReferenceDbSqlite:203 - Set database path to: C:\Users\nisha\.stmcufinder\plugins\mcufinder//mcu/cs/
2025-08-23 10:51:11,083 [INFO] RulesReader:64 - Compatibility file has been processed (317 Rules)
2025-08-23 10:51:11,203 [INFO] DbMcusXml:78 - Set database path to: C:\ST\STM32CubeIDE_1.16.0\STM32CubeIDE\plugins\com.st.stm32cube.common.mx_6.15.0.202507011659\\db\/mcu/
2025-08-23 10:51:11,203 [INFO] ApiDb:274 - Set plugin database path to: C:\ST\STM32CubeIDE_1.16.0\STM32CubeIDE\plugins\com.st.stm32cube.common.mx_6.15.0.202507011659\\db\/plugins/boardmanager/
2025-08-23 10:51:11,203 [INFO] ApiDb:261 - Set plugin images path to: C:\ST\STM32CubeIDE_1.16.0\STM32CubeIDE\plugins\com.st.stm32cube.common.mx_6.15.0.202507011659\\db\/plugins/mcufinder/images/
2025-08-23 10:51:11,204 [WARN] DbFile:41 - Overriding database path with different value: C:\Users\nisha\.stmcufinder\plugins\mcufinder/ => C:\Users\nisha\.stmcufinder\plugins\mcufinder
2025-08-23 10:51:11,204 [INFO] ApiDb:250 - Set database path to: C:\Users\nisha\.stmcufinder\plugins\mcufinder//mcu/
2025-08-23 10:51:11,204 [WARN] DbFile:41 - Overriding database path with different value: C:\Users\nisha\.stmcufinder\plugins\mcufinder/ => C:\Users\nisha\.stmcufinder\plugins\mcufinder
2025-08-23 10:51:11,204 [INFO] DbMcusAds:125 - Set database path to: C:\Users\nisha\.stmcufinder\plugins\mcufinder//mcu/
2025-08-23 10:51:11,204 [WARN] DbFile:41 - Overriding database path with different value: C:\Users\nisha\.stmcufinder\plugins\mcufinder/ => C:\Users\nisha\.stmcufinder\plugins\mcufinder
2025-08-23 10:51:11,204 [WARN] DbFile:41 - Overriding database path with different value: C:\Users\nisha\.stmcufinder\plugins\mcufinder/ => C:\Users\nisha\.stmcufinder\plugins\mcufinder
2025-08-23 10:51:11,204 [INFO] CrossReferenceDbSqlite:203 - Set database path to: C:\Users\nisha\.stmcufinder\plugins\mcufinder//mcu/cs/
2025-08-23 10:51:11,313 [INFO] MainPanel:274 - HeapMemory: 275775488
2025-08-23 10:51:11,520 [INFO] DbMcusXml:78 - Set database path to: C:\ST\STM32CubeIDE_1.16.0\STM32CubeIDE\plugins\com.st.stm32cube.common.mx_6.15.0.202507011659\\db\/mcu/
2025-08-23 10:51:11,520 [INFO] ApiDb:274 - Set plugin database path to: C:\ST\STM32CubeIDE_1.16.0\STM32CubeIDE\plugins\com.st.stm32cube.common.mx_6.15.0.202507011659\\db\/plugins/boardmanager/
2025-08-23 10:51:11,520 [INFO] ApiDb:261 - Set plugin images path to: C:\ST\STM32CubeIDE_1.16.0\STM32CubeIDE\plugins\com.st.stm32cube.common.mx_6.15.0.202507011659\\db\/plugins/mcufinder/images/
2025-08-23 10:51:11,520 [WARN] DbFile:41 - Overriding database path with different value: C:\Users\nisha\.stmcufinder\plugins\mcufinder/ => C:\Users\nisha\.stmcufinder\plugins\mcufinder
2025-08-23 10:51:11,521 [INFO] ApiDb:250 - Set database path to: C:\Users\nisha\.stmcufinder\plugins\mcufinder//mcu/
2025-08-23 10:51:11,521 [WARN] DbFile:41 - Overriding database path with different value: C:\Users\nisha\.stmcufinder\plugins\mcufinder/ => C:\Users\nisha\.stmcufinder\plugins\mcufinder
2025-08-23 10:51:11,521 [INFO] DbMcusAds:125 - Set database path to: C:\Users\nisha\.stmcufinder\plugins\mcufinder//mcu/
2025-08-23 10:51:11,521 [WARN] DbFile:41 - Overriding database path with different value: C:\Users\nisha\.stmcufinder\plugins\mcufinder/ => C:\Users\nisha\.stmcufinder\plugins\mcufinder
2025-08-23 10:51:11,521 [WARN] DbFile:41 - Overriding database path with different value: C:\Users\nisha\.stmcufinder\plugins\mcufinder/ => C:\Users\nisha\.stmcufinder\plugins\mcufinder
2025-08-23 10:51:11,521 [INFO] CrossReferenceDbSqlite:203 - Set database path to: C:\Users\nisha\.stmcufinder\plugins\mcufinder//mcu/cs/
2025-08-23 10:51:11,558 [INFO] ApplicationProperties:184 - Using Application install path: C:\ST\STM32CubeIDE_1.16.0\STM32CubeIDE\plugins\com.st.stm32cube.common.mx_6.15.0.202507011659
2025-08-23 10:51:11,561 [INFO] PluginManage:196 - Search for loadable plugins [exclusion list=, ]
2025-08-23 10:51:11,563 [INFO] PluginManage:310 - Check plugin analytics
2025-08-23 10:51:11,897 [INFO] AnalyticsPlugin:253 - Accepted Software Licenses: 
2025-08-23 10:51:11,897 [INFO] AnalyticsPlugin:255 - Accepted CMSIS Pack Licenses: 
2025-08-23 10:51:11,898 [INFO] AnalyticsPlugin:257 - Accepted Firmware Licenses: FW.F4.1.28.0
2025-08-23 10:51:11,906 [INFO] PluginManage:359 - Loaded plugin analytics (category:tool,tabindex:-1)
2025-08-23 10:51:11,908 [INFO] PluginManage:310 - Check plugin cadmodel
2025-08-23 10:51:11,937 [INFO] CADModel:105 - Init CAD model plugin
2025-08-23 10:51:11,937 [INFO] PluginManage:359 - Loaded plugin cadmodel (category:power,tabindex:5)
2025-08-23 10:51:11,938 [INFO] PluginManage:310 - Check plugin clock
2025-08-23 10:51:11,963 [INFO] PluginManage:359 - Loaded plugin clock (category:base,tabindex:2)
2025-08-23 10:51:11,964 [INFO] PluginManage:310 - Check plugin ddr
2025-08-23 10:51:11,967 [INFO] PluginManage:359 - Loaded plugin ddr (category:tool,tabindex:6)
2025-08-23 10:51:11,967 [INFO] PluginManage:310 - Check plugin filemanager
2025-08-23 10:51:12,176 [INFO] PluginManage:359 - Loaded plugin filemanager (category:base,tabindex:10)
2025-08-23 10:51:12,177 [INFO] PluginManage:310 - Check plugin ipmanager
2025-08-23 10:51:12,195 [INFO] PluginManage:359 - Loaded plugin ipmanager (category:base,tabindex:5)
2025-08-23 10:51:12,195 [INFO] PluginManage:310 - Check plugin lpbam
2025-08-23 10:51:12,228 [INFO] PluginManage:359 - Loaded plugin lpbam (category:base,tabindex:0)
2025-08-23 10:51:12,228 [INFO] PluginManage:310 - Check plugin memorymap
2025-08-23 10:51:12,265 [INFO] PluginManage:359 - Loaded plugin memorymap (category:base,tabindex:4)
2025-08-23 10:51:12,266 [INFO] PluginManage:310 - Check plugin pinoutandconfiguration
2025-08-23 10:51:12,293 [INFO] PluginManage:359 - Loaded plugin pinoutandconfiguration (category:base,tabindex:1)
2025-08-23 10:51:12,293 [INFO] PluginManage:310 - Check plugin pinoutconfig
2025-08-23 10:51:12,425 [WARN] SupportedApi:132 - Cannot load RTOS API schema: s4s-elt-must-match.1: The content of 'definitions' must match (annotation?, (simpleType | complexType)?, (unique | key | keyref)*)). A problem was found starting at: attribute.
2025-08-23 10:51:12,619 [INFO] PluginManage:359 - Loaded plugin pinoutconfig (category:base,tabindex:0)
2025-08-23 10:51:12,620 [INFO] PluginManage:310 - Check plugin power
2025-08-23 10:51:12,655 [INFO] PluginManage:359 - Loaded plugin power (category:power,tabindex:4)
2025-08-23 10:51:12,656 [INFO] PluginManage:310 - Check plugin projectmanager
2025-08-23 10:51:12,694 [INFO] PluginManage:359 - Loaded plugin projectmanager (category:projectmanager,tabindex:4)
2025-08-23 10:51:12,694 [INFO] PluginManage:310 - Check plugin rif
2025-08-23 10:51:12,736 [INFO] PluginManage:359 - Loaded plugin rif (category:base,tabindex:3)
2025-08-23 10:51:12,737 [INFO] PluginManage:310 - Check plugin thirdparty
2025-08-23 10:51:13,436 [INFO] PluginManage:359 - Loaded plugin thirdparty (category:base,tabindex:-1)
2025-08-23 10:51:13,437 [INFO] PluginManage:310 - Check plugin tools
2025-08-23 10:51:13,437 [WARN] IntegrityCheckThread:84 - waiting for thirdparty lock release [integrity check]
2025-08-23 10:51:13,439 [INFO] IntegrityCheckThread:86 - entering critical section [integrity check]
2025-08-23 10:51:13,439 [INFO] ThirdPartyUpdaterWithRetryManager:70 - Updater plugin not ready yet. [1/15]
2025-08-23 10:51:13,506 [INFO] PluginManage:359 - Loaded plugin tools (category:base,tabindex:7)
2025-08-23 10:51:13,507 [INFO] PluginManage:310 - Check plugin tutovideos
2025-08-23 10:51:14,165 [INFO] PluginManage:359 - Loaded plugin tutovideos (category:base,tabindex:-1)
2025-08-23 10:51:14,165 [INFO] PluginManage:310 - Check plugin updater
2025-08-23 10:51:14,217 [INFO] PluginManage:359 - Loaded plugin updater (category:base,tabindex:12)
2025-08-23 10:51:14,217 [INFO] PluginManage:310 - Check plugin userauth
2025-08-23 10:51:14,227 [INFO] UserAuth:118 - Init User Auth plugin
2025-08-23 10:51:14,228 [INFO] PluginManage:359 - Loaded plugin userauth (category:base,tabindex:14)
2025-08-23 10:51:14,229 [INFO] PluginManage:283 - PluginManage : Loaded plugins [18]
2025-08-23 10:51:14,857 [INFO] PinOutPanel:1589 - setPackage(No Configuration,No Configuration)
2025-08-23 10:51:15,112 [INFO] CADModel:165 - CPN selected for project level
2025-08-23 10:51:15,112 [INFO] CADModel:114 - Register for checkConnection events
2025-08-23 10:51:15,175 [INFO] IPUIPlugin:80 - create IPUIPlugin
2025-08-23 10:51:15,176 [INFO] PluginManager:220 - loadIPPluginJar : add adc
2025-08-23 10:51:15,249 [INFO] IPUIPlugin:80 - create IPUIPlugin
2025-08-23 10:51:15,250 [INFO] PluginManager:220 - loadIPPluginJar : add aes
2025-08-23 10:51:15,353 [INFO] IPUIPlugin:80 - create IPUIPlugin
2025-08-23 10:51:15,354 [INFO] PluginManager:220 - loadIPPluginJar : add can
2025-08-23 10:51:15,417 [INFO] IPUIPlugin:80 - create IPUIPlugin
2025-08-23 10:51:15,417 [INFO] PluginManager:220 - loadIPPluginJar : add comp
2025-08-23 10:51:15,496 [INFO] IPUIPlugin:80 - create IPUIPlugin
2025-08-23 10:51:15,497 [INFO] PluginManager:220 - loadIPPluginJar : add cryp
2025-08-23 10:51:15,523 [INFO] IPUIPlugin:80 - create IPUIPlugin
2025-08-23 10:51:15,524 [INFO] PluginManager:220 - loadIPPluginJar : add ddr_ctrl_phy
2025-08-23 10:51:15,586 [INFO] IPUIPlugin:80 - create IPUIPlugin
2025-08-23 10:51:15,587 [INFO] PluginManager:220 - loadIPPluginJar : add dfsdm
2025-08-23 10:51:15,611 [INFO] IPUIPlugin:80 - create IPUIPlugin
2025-08-23 10:51:15,612 [INFO] PluginManager:220 - loadIPPluginJar : add dma
2025-08-23 10:51:15,712 [INFO] IPUIPlugin:80 - create IPUIPlugin
2025-08-23 10:51:15,712 [INFO] PluginManager:220 - loadIPPluginJar : add dma3
2025-08-23 10:51:15,834 [INFO] IPUIPlugin:80 - create IPUIPlugin
2025-08-23 10:51:15,835 [INFO] PluginManager:220 - loadIPPluginJar : add extmemmanager
2025-08-23 10:51:15,873 [INFO] IPUIPlugin:80 - create IPUIPlugin
2025-08-23 10:51:15,873 [INFO] PluginManager:220 - loadIPPluginJar : add fatfs
2025-08-23 10:51:15,981 [INFO] IPUIPlugin:80 - create IPUIPlugin
2025-08-23 10:51:15,981 [INFO] PluginManager:220 - loadIPPluginJar : add fmc
2025-08-23 10:51:16,013 [INFO] IPUIPlugin:80 - create IPUIPlugin
2025-08-23 10:51:16,013 [INFO] PluginManager:220 - loadIPPluginJar : add freertos
2025-08-23 10:51:16,066 [INFO] IPUIPlugin:80 - create IPUIPlugin
2025-08-23 10:51:16,066 [INFO] PluginManager:220 - loadIPPluginJar : add genericplugin
2025-08-23 10:51:16,259 [INFO] IPUIPlugin:80 - create IPUIPlugin
2025-08-23 10:51:16,259 [INFO] PluginManager:220 - loadIPPluginJar : add gfxmmu
2025-08-23 10:51:16,441 [INFO] ThirdPartyUpdaterWithRetryManager:70 - Updater plugin not ready yet. [2/15]
2025-08-23 10:51:16,594 [INFO] IPUIPlugin:80 - create IPUIPlugin
2025-08-23 10:51:16,595 [INFO] PluginManager:220 - loadIPPluginJar : add gic
2025-08-23 10:51:16,643 [INFO] IPUIPlugin:80 - create IPUIPlugin
2025-08-23 10:51:16,644 [INFO] PluginManager:220 - loadIPPluginJar : add gpio
2025-08-23 10:51:16,899 [INFO] IPUIPlugin:80 - create IPUIPlugin
2025-08-23 10:51:16,900 [INFO] PluginManager:220 - loadIPPluginJar : add gtzc
2025-08-23 10:51:16,972 [INFO] IPUIPlugin:80 - create IPUIPlugin
2025-08-23 10:51:16,972 [INFO] PluginManager:220 - loadIPPluginJar : add hash
2025-08-23 10:51:17,102 [INFO] IPUIPlugin:80 - create IPUIPlugin
2025-08-23 10:51:17,103 [INFO] PluginManager:220 - loadIPPluginJar : add i2c
2025-08-23 10:51:17,199 [INFO] IPUIPlugin:80 - create IPUIPlugin
2025-08-23 10:51:17,199 [INFO] PluginManager:220 - loadIPPluginJar : add i2s
2025-08-23 10:51:17,285 [INFO] IPUIPlugin:80 - create IPUIPlugin
2025-08-23 10:51:17,286 [INFO] PluginManager:220 - loadIPPluginJar : add i3c
2025-08-23 10:51:17,522 [INFO] IPUIPlugin:80 - create IPUIPlugin
2025-08-23 10:51:17,523 [INFO] PluginManager:220 - loadIPPluginJar : add ipddr
2025-08-23 10:51:17,772 [INFO] IPUIPlugin:80 - create IPUIPlugin
2025-08-23 10:51:17,774 [INFO] PluginManager:220 - loadIPPluginJar : add linkedlist
2025-08-23 10:51:17,846 [INFO] IPUIPlugin:80 - create IPUIPlugin
2025-08-23 10:51:17,846 [INFO] PluginManager:220 - loadIPPluginJar : add lorawan
2025-08-23 10:51:17,930 [INFO] IPUIPlugin:80 - create IPUIPlugin
2025-08-23 10:51:17,930 [INFO] PluginManager:220 - loadIPPluginJar : add ltdc
2025-08-23 10:51:17,964 [INFO] IPUIPlugin:80 - create IPUIPlugin
2025-08-23 10:51:17,964 [INFO] PluginManager:220 - loadIPPluginJar : add mdma
2025-08-23 10:51:18,020 [INFO] IPUIPlugin:80 - create IPUIPlugin
2025-08-23 10:51:18,020 [INFO] PluginManager:220 - loadIPPluginJar : add nvic
2025-08-23 10:51:18,146 [INFO] IPUIPlugin:80 - create IPUIPlugin
2025-08-23 10:51:18,146 [INFO] PluginManager:220 - loadIPPluginJar : add opamp
2025-08-23 10:51:18,345 [INFO] IPUIPlugin:80 - create IPUIPlugin
2025-08-23 10:51:18,346 [INFO] PluginManager:220 - loadIPPluginJar : add openamp
2025-08-23 10:51:18,460 [INFO] IPUIPlugin:80 - create IPUIPlugin
2025-08-23 10:51:18,460 [INFO] PluginManager:220 - loadIPPluginJar : add pdm2pcm
2025-08-23 10:51:18,495 [INFO] IPUIPlugin:80 - create IPUIPlugin
2025-08-23 10:51:18,499 [INFO] PluginManager:220 - loadIPPluginJar : add plateformsettings
2025-08-23 10:51:18,565 [INFO] IPUIPlugin:80 - create IPUIPlugin
2025-08-23 10:51:18,565 [INFO] PluginManager:220 - loadIPPluginJar : add quadspi
2025-08-23 10:51:18,639 [INFO] IPUIPlugin:80 - create IPUIPlugin
2025-08-23 10:51:18,640 [INFO] PluginManager:220 - loadIPPluginJar : add radio
2025-08-23 10:51:18,669 [INFO] IPUIPlugin:80 - create IPUIPlugin
2025-08-23 10:51:18,669 [INFO] PluginManager:220 - loadIPPluginJar : add resmgrutility
2025-08-23 10:51:18,771 [INFO] IPUIPlugin:80 - create IPUIPlugin
2025-08-23 10:51:18,771 [INFO] PluginManager:220 - loadIPPluginJar : add sai
2025-08-23 10:51:18,869 [INFO] IPUIPlugin:80 - create IPUIPlugin
2025-08-23 10:51:18,869 [INFO] PluginManager:220 - loadIPPluginJar : add spi
2025-08-23 10:51:19,016 [INFO] IPUIPlugin:80 - create IPUIPlugin
2025-08-23 10:51:19,017 [INFO] PluginManager:220 - loadIPPluginJar : add stm32_wpan
2025-08-23 10:51:19,054 [INFO] IPUIPlugin:80 - create IPUIPlugin
2025-08-23 10:51:19,054 [INFO] PluginManager:220 - loadIPPluginJar : add tim
2025-08-23 10:51:19,157 [INFO] IPUIPlugin:80 - create IPUIPlugin
2025-08-23 10:51:19,157 [INFO] PluginManager:220 - loadIPPluginJar : add touchsensing
2025-08-23 10:51:19,197 [INFO] IPUIPlugin:80 - create IPUIPlugin
2025-08-23 10:51:19,197 [INFO] PluginManager:220 - loadIPPluginJar : add tracer_emb
2025-08-23 10:51:19,235 [INFO] IPUIPlugin:80 - create IPUIPlugin
2025-08-23 10:51:19,235 [INFO] PluginManager:220 - loadIPPluginJar : add ts
2025-08-23 10:51:19,266 [INFO] IPUIPlugin:80 - create IPUIPlugin
2025-08-23 10:51:19,266 [INFO] PluginManager:220 - loadIPPluginJar : add tsc
2025-08-23 10:51:19,306 [INFO] IPUIPlugin:80 - create IPUIPlugin
2025-08-23 10:51:19,307 [INFO] PluginManager:220 - loadIPPluginJar : add ucpd
2025-08-23 10:51:19,378 [INFO] IPUIPlugin:80 - create IPUIPlugin
2025-08-23 10:51:19,378 [INFO] PluginManager:220 - loadIPPluginJar : add usart
2025-08-23 10:51:19,436 [INFO] IPUIPlugin:80 - create IPUIPlugin
2025-08-23 10:51:19,436 [INFO] PluginManager:220 - loadIPPluginJar : add usbx
2025-08-23 10:51:19,445 [INFO] ThirdPartyUpdaterWithRetryManager:70 - Updater plugin not ready yet. [3/15]
2025-08-23 10:51:19,576 [FATAL] Updater:351 - Updater called before beeing initialized
2025-08-23 10:51:19,635 [INFO] RulesReader:64 - Compatibility file has been processed (317 Rules)
2025-08-23 10:51:19,664 [INFO] RulesReader:64 - Compatibility file has been processed (317 Rules)
2025-08-23 10:51:19,723 [INFO] CADModel:165 - CPN selected for project level
2025-08-23 10:51:19,723 [INFO] CADModel:114 - Register for checkConnection events
2025-08-23 10:51:19,723 [FATAL] Updater:351 - Updater called before beeing initialized
2025-08-23 10:51:19,723 [ERROR] CADModel:125 - Updater not yet initialized, retry later 
2025-08-23 10:51:19,962 [FATAL] Updater:351 - Updater called before beeing initialized
2025-08-23 10:51:19,965 [INFO] CADModel:165 - CPN selected for project level
2025-08-23 10:51:19,965 [INFO] CADModel:114 - Register for checkConnection events
2025-08-23 10:51:19,965 [FATAL] Updater:351 - Updater called before beeing initialized
2025-08-23 10:51:19,965 [ERROR] CADModel:125 - Updater not yet initialized, retry later 
2025-08-23 10:51:19,969 [FATAL] Updater:351 - Updater called before beeing initialized
2025-08-23 10:51:20,125 [FATAL] Updater:351 - Updater called before beeing initialized
2025-08-23 10:51:20,136 [INFO] DbMcusAds:53 - JSON generation date=Tue Jul 08 13:44:23 IST 2025 (1751962463562)
2025-08-23 10:51:20,137 [FATAL] Updater:351 - Updater called before beeing initialized
2025-08-23 10:51:20,191 [WARN] DetailPanel:346 - Failed to get advertising image, set to default
2025-08-23 10:51:20,320 [FATAL] Updater:351 - Updater called before beeing initialized
2025-08-23 10:51:20,322 [FATAL] Updater:351 - Updater called before beeing initialized
2025-08-23 10:51:20,322 [FATAL] Updater:351 - Updater called before beeing initialized
2025-08-23 10:51:20,322 [WARN] DetailPanel:346 - Failed to get advertising image, set to default
2025-08-23 10:51:20,323 [FATAL] Updater:351 - Updater called before beeing initialized
2025-08-23 10:51:20,394 [ERROR] Updater:1198 - MainUpdater not yet initialized. External WinMGr cannot be set.
2025-08-23 10:51:20,411 [INFO] Updater:1134 - Updater Version found : 6.15.0
2025-08-23 10:51:20,441 [INFO] ApplicationProperties:184 - Using Application install path: C:\ST\STM32CubeIDE_1.16.0\STM32CubeIDE\plugins\com.st.stm32cube.common.mx_6.15.0.202507011659
2025-08-23 10:51:22,070 [ERROR] LogOutputStream:75 - [STDERR_REDIRECT] Aug 23, 2025 10:51:22 AM java.util.prefs.WindowsPreferences <init>
2025-08-23 10:51:22,074 [ERROR] LogOutputStream:75 - [STDERR_REDIRECT] WARNING: Could not open/create prefs root node Software\JavaSoft\Prefs at root 0xffffffff80000002. Windows RegCreateKeyEx(...) returned error code 5.
2025-08-23 10:51:22,075 [ERROR] LogOutputStream:75 - [STDERR_REDIRECT] 
2025-08-23 10:51:22,446 [INFO] ThirdPartyUpdaterWithRetryManager:70 - Updater plugin not ready yet. [4/15]
2025-08-23 10:51:23,668 [INFO] MainUpdater:2872 - connection check result : 10
2025-08-23 10:51:23,669 [INFO] MainUpdater:289 - Updater Check For Update Now.
2025-08-23 10:51:23,672 [INFO] MicroXplorer:498 - Change Database Version : DB.6.0.150
2025-08-23 10:51:23,693 [INFO] McuFinderGlobals:63 - Set McuFinder mode to 2 (CubeIDE integrated)
2025-08-23 10:51:23,716 [INFO] UserAuth:487 - Internet connection configuration mode: 1
2025-08-23 10:51:23,798 [INFO] JxBrowserEngine:152 - Initiate JxBrowser Engine with user profile folder
2025-08-23 10:51:24,026 [INFO] CheckServerUpdateThread:120 - End of CheckServer Thread
2025-08-23 10:51:26,301 [WARN] PackLoader:240 - Cannot read IP mode file for STMicroelectronics.FP-SNS-MOTENVWB1.1.4.0
2025-08-23 10:51:26,333 [WARN] PackLoader:240 - Cannot read IP mode file for STMicroelectronics.X-CUBE-SMBUS.2.1.0
2025-08-23 10:51:26,371 [WARN] PackLoader:240 - Cannot read IP mode file for STMicroelectronics.X-CUBE-WB05N.1.1.0
2025-08-23 10:51:26,404 [WARN] PackLoader:240 - Cannot read IP mode file for STMicroelectronics.X-CUBE-ST60.1.0.0
2025-08-23 10:51:26,440 [INFO] WebApp:169 - Instantiating new browser for Auth
2025-08-23 10:51:26,553 [WARN] PackLoader:240 - Cannot read IP mode file for STMicroelectronics.X-CUBE-AZRTOS-F7.1.1.0
2025-08-23 10:51:26,740 [WARN] PackLoader:240 - Cannot read IP mode file for STMicroelectronics.X-CUBE-MEMS1.11.0.0
2025-08-23 10:51:27,198 [WARN] PackLoader:240 - Cannot read IP mode file for STMicroelectronics.FP-SNS-FLIGHT1.5.0.2
2025-08-23 10:51:27,302 [WARN] PackLoader:240 - Cannot read IP mode file for STMicroelectronics.X-CUBE-AZRTOS-H7.3.4.0
2025-08-23 10:51:27,345 [WARN] PackLoader:240 - Cannot read IP mode file for STMicroelectronics.X-CUBE-DISPLAY.3.0.0
2025-08-23 10:51:27,381 [WARN] PackLoader:240 - Cannot read IP mode file for STMicroelectronics.X-CUBE-BLE1.7.0.0
2025-08-23 10:51:27,414 [WARN] PackLoader:240 - Cannot read IP mode file for STMicroelectronics.X-CUBE-NFC10.1.0.0
2025-08-23 10:51:27,456 [WARN] PackLoader:240 - Cannot read IP mode file for STMicroelectronics.X-CUBE-BLEMGR.4.0.0
2025-08-23 10:51:27,497 [WARN] PackLoader:240 - Cannot read IP mode file for emotas.I-CUBE-CANOPEN.1.3.0
2025-08-23 10:51:27,528 [WARN] PackLoader:240 - Cannot read IP mode file for STMicroelectronics.X-CUBE-BLEMGR.3.1.0
2025-08-23 10:51:27,562 [WARN] PackLoader:240 - Cannot read IP mode file for STMicroelectronics.FP-SNS-STBOX1.2.1.0
2025-08-23 10:51:27,595 [WARN] PackLoader:240 - Cannot read IP mode file for STMicroelectronics.FP-SNS-SMARTAG2.1.2.0
2025-08-23 10:51:27,632 [WARN] PackLoader:240 - Cannot read IP mode file for STMicroelectronics.FP-SNS-FLIGHT1.5.1.0
2025-08-23 10:51:27,666 [INFO] LogOutputStream:77 - [STDOUT_REDIRECT] 1 : Invalid condition id : UX_CORESTACK_Condition cause : null
2025-08-23 10:51:27,669 [INFO] LogOutputStream:77 - [STDOUT_REDIRECT] 1 : Invalid condition id : UX_CORESTACK_Condition cause : null
2025-08-23 10:51:27,672 [INFO] LogOutputStream:77 - [STDOUT_REDIRECT] 1 : Invalid condition id : UX_CORESTACK_Condition cause : null
2025-08-23 10:51:27,676 [INFO] LogOutputStream:77 - [STDOUT_REDIRECT] 1 : Invalid condition id : UX_CORESTACK_Condition cause : null
2025-08-23 10:51:27,679 [INFO] LogOutputStream:77 - [STDOUT_REDIRECT] 1 : Invalid condition id : UX_CORESTACK_Condition cause : null
2025-08-23 10:51:27,685 [WARN] PackLoader:240 - Cannot read IP mode file for STMicroelectronics.X-CUBE-AZRTOS-WL.2.0.0
2025-08-23 10:51:27,710 [WARN] PackLoader:240 - Cannot read IP mode file for STMicroelectronics.FP-SNS-MOTENV1.5.0.0
2025-08-23 10:51:27,735 [WARN] PackLoader:240 - Cannot read IP mode file for wolfSSL.I-CUBE-wolfMQTT.1.19.0
2025-08-23 10:51:27,786 [WARN] PackLoader:240 - Cannot read IP mode file for WES.I-CUBE-Cesium.1.3.0
2025-08-23 10:51:27,808 [WARN] PackLoader:240 - Cannot read IP mode file for STMicroelectronics.X-CUBE-BLE2.3.3.0
2025-08-23 10:51:27,841 [WARN] PackLoader:240 - Cannot read IP mode file for STMicroelectronics.X-CUBE-NFC9.1.0.0
2025-08-23 10:51:27,884 [WARN] PackLoader:240 - Cannot read IP mode file for STMicroelectronics.X-CUBE-BLE1.7.1.0
2025-08-23 10:51:27,911 [WARN] PackLoader:240 - Cannot read IP mode file for STMicroelectronics.X-CUBE-TCPP.4.1.0
2025-08-23 10:51:27,942 [WARN] PackLoader:240 - Cannot read IP mode file for STMicroelectronics.X-CUBE-EEPRMA1.5.2.0
2025-08-23 10:51:27,975 [WARN] PackLoader:240 - Cannot read IP mode file for STMicroelectronics.X-CUBE-AI.10.1.0
2025-08-23 10:51:28,035 [WARN] PackLoader:240 - Cannot read IP mode file for STMicroelectronics.X-CUBE-AZRTOS-G0.1.1.0
2025-08-23 10:51:28,067 [WARN] PackLoader:240 - Cannot read IP mode file for STMicroelectronics.X-CUBE-SAFEA1.1.2.2
2025-08-23 10:51:28,100 [WARN] PackLoader:240 - Cannot read IP mode file for STMicroelectronics.X-CUBE-NFC4.3.0.0
2025-08-23 10:51:28,143 [WARN] PackLoader:240 - Cannot read IP mode file for EmbeddedOffice.I-CUBE-FS-RTOS.1.0.1
2025-08-23 10:51:28,173 [WARN] PackLoader:240 - Cannot read IP mode file for STMicroelectronics.X-CUBE-WB05N.2.0.0
2025-08-23 10:51:28,197 [WARN] PackLoader:240 - Cannot read IP mode file for STMicroelectronics.X-CUBE-TCPP.4.2.0
2025-08-23 10:51:28,225 [WARN] PackLoader:240 - Cannot read IP mode file for RealThread.X-CUBE-RT-Thread_Nano.4.1.1
2025-08-23 10:51:28,261 [WARN] PackLoader:240 - Cannot read IP mode file for wolfSSL.I-CUBE-wolfSSL.5.7.0
2025-08-23 10:51:28,285 [WARN] PackLoader:240 - Cannot read IP mode file for STMicroelectronics.FP-ATR-SIGFOX1.3.2.0
2025-08-23 10:51:28,314 [WARN] ConditionMgr:438 - getConditionDescription Invalid condition id : Cortex-A Device cause : null
2025-08-23 10:51:28,392 [WARN] ConditionMgr:1044 - genDependencies : Invalid condition id : Cortex-A Device cause : null
2025-08-23 10:51:28,392 [WARN] ConditionMgr:1044 - genDependencies : Invalid condition id : Cortex-A Device cause : null
2025-08-23 10:51:28,392 [WARN] ConditionMgr:1044 - genDependencies : Invalid condition id : Cortex-A Device cause : null
2025-08-23 10:51:28,420 [WARN] PackLoader:240 - Cannot read IP mode file for STMicroelectronics.X-CUBE-EEPRMA1.5.1.0
2025-08-23 10:51:28,458 [WARN] PackLoader:240 - Cannot read IP mode file for ITTIA_DB.I-CUBE-ITTIADB.8.9.0
2025-08-23 10:51:28,504 [WARN] PackLoader:240 - Cannot read IP mode file for STMicroelectronics.X-CUBE-ST67W61.1.0.0
2025-08-23 10:51:28,531 [WARN] PackLoader:240 - Cannot read IP mode file for STMicroelectronics.X-CUBE-AI.10.2.0
2025-08-23 10:51:28,597 [WARN] PackLoader:240 - Cannot read IP mode file for SEGGER.I-CUBE-embOS.1.3.1
2025-08-23 10:51:28,655 [WARN] PackLoader:240 - Cannot read IP mode file for STMicroelectronics.X-CUBE-ALGOBUILD.1.4.0
2025-08-23 10:51:28,770 [WARN] PackLoader:240 - Cannot read IP mode file for STMicroelectronics.X-CUBE-MEMS1.11.3.0
2025-08-23 10:51:28,988 [WARN] PackLoader:240 - Cannot read IP mode file for STMicroelectronics.X-CUBE-AI.9.1.0
2025-08-23 10:51:29,021 [WARN] PackLoader:240 - Cannot read IP mode file for STMicroelectronics.X-CUBE-PM33A1.1.0.0
2025-08-23 10:51:29,053 [WARN] PackLoader:240 - Cannot read IP mode file for STMicroelectronics.X-CUBE-GNSS1.6.0.0
2025-08-23 10:51:29,101 [WARN] PackLoader:240 - Cannot read IP mode file for STMicroelectronics.X-CUBE-AZRTOS-F4.1.1.0
2025-08-23 10:51:29,138 [WARN] PackLoader:240 - Cannot read IP mode file for Avnet-IotConnect.X-CUBE-IoTC-DA16k-PMOD.1.0.0
2025-08-23 10:51:29,159 [WARN] PackLoader:240 - Cannot read IP mode file for STMicroelectronics.X-CUBE-ISPU.2.1.0
2025-08-23 10:51:29,189 [WARN] PackLoader:240 - Cannot read IP mode file for STMicroelectronics.X-CUBE-FREERTOS.1.2.0
2025-08-23 10:51:29,227 [WARN] PackLoader:240 - Cannot read IP mode file for STMicroelectronics.X-CUBE-NFC12.1.0.0
2025-08-23 10:51:29,289 [WARN] PackLoader:240 - Cannot read IP mode file for STMicroelectronics.X-CUBE-AZRTOS-L5.2.0.0
2025-08-23 10:51:29,324 [WARN] PackLoader:240 - Cannot read IP mode file for STMicroelectronics.X-CUBE-NFC6.3.1.0
2025-08-23 10:51:29,360 [WARN] PackLoader:240 - Cannot read IP mode file for STMicroelectronics.X-CUBE-DPower.1.2.0
2025-08-23 10:51:29,377 [WARN] PackLoader:240 - Cannot read IP mode file for STMicroelectronics.X-CUBE-AI.9.0.0
2025-08-23 10:51:29,408 [WARN] PackLoader:240 - Cannot read IP mode file for STMicroelectronics.X-CUBE-FREERTOS.1.3.1
2025-08-23 10:51:29,438 [WARN] PackLoader:240 - Cannot read IP mode file for STMicroelectronics.X-CUBE-NFC7.1.0.1
2025-08-23 10:51:29,461 [WARN] PackLoader:240 - Cannot read IP mode file for wolfSSL.I-CUBE-wolfTPM.3.2.0
2025-08-23 10:51:29,493 [WARN] PackLoader:240 - Cannot read IP mode file for STMicroelectronics.FP-SNS-STAIOTCFT.1.0.0
2025-08-23 10:51:29,514 [WARN] PackLoader:240 - Cannot read IP mode file for STMicroelectronics.X-CUBE-DPower.1.3.0
2025-08-23 10:51:29,553 [WARN] ConditionMgr:438 - getConditionDescription Invalid condition id : LAN8742 Phy interface Condition cause : null
2025-08-23 10:51:29,554 [WARN] PackLoader:240 - Cannot read IP mode file for STMicroelectronics.X-CUBE-AZRTOS-L4.2.0.0
2025-08-23 10:51:29,556 [WARN] ConditionMgr:1044 - genDependencies : Invalid condition id : LAN8742 Phy interface Condition cause : null
2025-08-23 10:51:29,556 [WARN] ConditionMgr:1044 - genDependencies : Invalid condition id : LAN8742 Phy interface Condition cause : null
2025-08-23 10:51:29,557 [WARN] ConditionMgr:1044 - genDependencies : Invalid condition id : LAN8742 Phy interface Condition cause : null
2025-08-23 10:51:29,630 [WARN] PackLoader:240 - Cannot read IP mode file for STMicroelectronics.X-CUBE-SFXS2LP1.4.0.0
2025-08-23 10:51:29,773 [WARN] PackLoader:240 - Cannot read IP mode file for STMicroelectronics.X-CUBE-AZRTOS-H7.3.3.0
2025-08-23 10:51:29,850 [WARN] PackLoader:240 - Cannot read IP mode file for STMicroelectronics.X-CUBE-BLEMGR.4.1.0
2025-08-23 10:51:29,896 [WARN] PackLoader:240 - Cannot read IP mode file for STMicroelectronics.X-CUBE-IPS.3.0.0
2025-08-23 10:51:29,939 [WARN] ConditionMgr:438 - getConditionDescription Invalid condition id : UX DEVICE CLASS RTOS Condition cause : null
2025-08-23 10:51:29,939 [WARN] ConditionMgr:438 - getConditionDescription Invalid condition id : UX DEVICE CLASS RTOS Condition cause : null
2025-08-23 10:51:29,942 [WARN] PackLoader:240 - Cannot read IP mode file for STMicroelectronics.X-CUBE-AZRTOS-WB.2.0.0
2025-08-23 10:51:29,942 [WARN] ConditionMgr:1044 - genDependencies : Invalid condition id : UX DEVICE CLASS RTOS Condition cause : null
2025-08-23 10:51:29,942 [WARN] ConditionMgr:1044 - genDependencies : Invalid condition id : UX DEVICE CLASS RTOS Condition cause : null
2025-08-23 10:51:29,943 [WARN] ConditionMgr:1044 - genDependencies : Invalid condition id : UX DEVICE CLASS RTOS Condition cause : null
2025-08-23 10:51:29,943 [WARN] ConditionMgr:1044 - genDependencies : Invalid condition id : UX DEVICE CLASS RTOS Condition cause : null
2025-08-23 10:51:29,943 [WARN] ConditionMgr:1044 - genDependencies : Invalid condition id : UX DEVICE CLASS RTOS Condition cause : null
2025-08-23 10:51:29,971 [WARN] PackLoader:240 - Cannot read IP mode file for STMicroelectronics.X-CUBE-GNSS1.7.0.0
2025-08-23 10:51:29,998 [WARN] PackLoader:240 - Cannot read IP mode file for STMicroelectronics.X-CUBE-GNSS1.7.0.1
2025-08-23 10:51:30,034 [WARN] PackLoader:240 - Cannot read IP mode file for STMicroelectronics.X-CUBE-TOUCHGFX.4.25.0
2025-08-23 10:51:30,057 [WARN] PackLoader:240 - Cannot read IP mode file for STMicroelectronics.FP-SNS-STBOX1.2.0.0
2025-08-23 10:51:30,101 [WARN] PackLoader:240 - Cannot read IP mode file for STMicroelectronics.X-CUBE-SUBG2.5.0.0
2025-08-23 10:51:30,164 [WARN] PackLoader:240 - Cannot read IP mode file for STMicroelectronics.X-CUBE-AZRTOS-H7RS.1.1.0
2025-08-23 10:51:30,192 [WARN] PackLoader:240 - Cannot read IP mode file for Cesanta.I-CUBE-Mongoose.7.13.0
2025-08-23 10:51:30,250 [WARN] PackLoader:240 - Cannot read IP mode file for STMicroelectronics.X-CUBE-AZRTOS-G4.2.0.0
2025-08-23 10:51:30,282 [WARN] PackLoader:240 - Cannot read IP mode file for STMicroelectronics.X-CUBE-NFC7.2.0.0
2025-08-23 10:51:30,302 [WARN] PackLoader:240 - Cannot read IP mode file for STMicroelectronics.X-CUBE-ISPU.2.0.0
2025-08-23 10:51:30,337 [WARN] PackLoader:240 - Cannot read IP mode file for STMicroelectronics.X-CUBE-IPS.3.1.0
2025-08-23 10:51:30,373 [WARN] PackLoader:240 - Cannot read IP mode file for STMicroelectronics.X-CUBE-ALS.1.0.2
2025-08-23 10:51:30,459 [WARN] PackLoader:240 - Cannot read IP mode file for STMicroelectronics.X-CUBE-MEMS1.10.0.0
2025-08-23 10:51:30,639 [WARN] PackLoader:240 - Cannot read IP mode file for STMicroelectronics.X-CUBE-TOUCHGFX.4.24.0
2025-08-23 10:51:30,664 [WARN] PackLoader:240 - Cannot read IP mode file for STMicroelectronics.X-CUBE-TOUCHGFX.4.24.1
2025-08-23 10:51:30,690 [WARN] PackLoader:240 - Cannot read IP mode file for portGmbH.I-Cube-SoM-uGOAL.1.1.0
2025-08-23 10:51:30,748 [WARN] PackLoader:240 - Cannot read IP mode file for STMicroelectronics.X-CUBE-AZRTOS-H7RS.1.0.0
2025-08-23 10:51:30,778 [WARN] PackLoader:240 - Cannot read IP mode file for STMicroelectronics.FP-ATR-ASTRA1.2.0.0
2025-08-23 10:51:30,810 [WARN] PackLoader:240 - Cannot read IP mode file for STMicroelectronics.X-CUBE-TOF1.3.4.2
2025-08-23 10:51:30,854 [WARN] PackLoader:240 - Cannot read IP mode file for STMicroelectronics.X-CUBE-TOF1.3.4.3
2025-08-23 10:51:30,905 [WARN] PackLoader:240 - Cannot read IP mode file for STMicroelectronics.X-CUBE-TOF1.3.4.1
2025-08-23 10:51:30,972 [WARN] PackLoader:240 - Cannot read IP mode file for STMicroelectronics.X-CUBE-AZRTOS-H7.3.2.0
2025-08-23 10:51:31,057 [WARN] PackLoader:240 - Cannot read IP mode file for Infineon.AIROC-Wi-Fi-Bluetooth-STM32.1.6.0
2025-08-23 10:51:31,092 [WARN] PackLoader:240 - Cannot read IP mode file for wolfSSL.I-CUBE-wolfSSH.1.4.17
2025-08-23 10:51:31,093 [INFO] ThirdParty:978 - Integrity check success = true
2025-08-23 10:51:31,094 [INFO] IntegrityCheckThread:100 - exiting critical section [integrity check]
2025-08-23 10:51:31,094 [INFO] IntegrityCheckThread:103 - End integrity checks thread
2025-08-23 10:51:32,331 [INFO] WebApp:463 - Apply proxy settings
2025-08-23 10:51:32,333 [INFO] WebApp:548 - Chromium requires no authentication
2025-08-23 10:51:32,351 [INFO] WebApp:491 - Direct internet connection detected
2025-08-23 10:51:32,388 [INFO] WebApp:900 - Register for checkConnection events
2025-08-23 10:51:32,389 [INFO] WebApp:463 - Apply proxy settings
2025-08-23 10:51:32,389 [INFO] WebApp:548 - Chromium requires no authentication
2025-08-23 10:51:32,390 [INFO] WebApp:491 - Direct internet connection detected
2025-08-23 10:51:32,672 [INFO] WebApp:225 - Starting web application
2025-08-23 10:51:32,672 [INFO] WebApp:593 - Web application path used C:\ST\STM32CubeIDE_1.16.0\STM32CubeIDE\plugins\com.st.stm32cube.common.mx_6.15.0.202507011659\db\plugins\mcufinder\reactClient1\index.html
2025-08-23 10:51:32,950 [INFO] WebApp:191 - Connection restablished
2025-08-23 10:51:32,990 [INFO] UserAuth:487 - Internet connection configuration mode: 1
2025-08-23 13:22:39,254 [INFO] WebApp:194 - Connection lost
2025-08-23 14:36:38,833 [ERROR] LogOutputStream:75 - [STDERR_REDIRECT] 14:36:38.780 ERROR Chromium process exit code: -1,073,741,819
2025-08-23 14:36:38,847 [ERROR] LogOutputStream:75 - [STDERR_REDIRECT] 
2025-08-23 14:36:38,875 [ERROR] LogOutputStream:75 - [STDERR_REDIRECT] 14:36:38.847 ERROR Crash dump dir: C:\Users\nisha\AppData\Local\JxBrowser\7.41.4\CrashReports
2025-08-23 14:36:38,875 [ERROR] LogOutputStream:75 - [STDERR_REDIRECT] 
2025-08-23 14:36:38,891 [ERROR] WebApp:412 - JxBrowser engine crashed! Exit code: -1073741819
