2025-06-11 00:24:09,132 [ERROR] LogOutputStream:75 - [STDERR_REDIRECT] 
2025-06-11 00:24:24,433 [INFO] Activator:176 - 


2025-06-11 00:24:24,435 [INFO] Activator:177 - !SESSION log4j initialized
2025-06-11 00:24:27,651 [INFO] LogOutputStream:77 - [STDOUT_REDIRECT] 
2025-06-11 00:24:33,766 [INFO] ApplicationProperties:184 - Using Application install path: C:\ST\STM32CubeIDE_1.16.0\STM32CubeIDE\plugins\com.st.stm32cube.common.mx_6.12.0.202406281431
2025-06-11 00:24:33,790 [INFO] DbMcusXml:78 - Set database path to: C:\ST\STM32CubeIDE_1.16.0\STM32CubeIDE\plugins\com.st.stm32cube.common.mx_6.12.0.202406281431\\db\/mcu/
2025-06-11 00:24:33,792 [INFO] ApiDb:274 - Set plugin database path to: C:\ST\STM32CubeIDE_1.16.0\STM32CubeIDE\plugins\com.st.stm32cube.common.mx_6.12.0.202406281431\\db\/plugins/boardmanager/
2025-06-11 00:24:33,792 [WARN] ApiDb:259 - Overriding images path with different value:  => C:\ST\STM32CubeIDE_1.16.0\STM32CubeIDE\plugins\com.st.stm32cube.common.mx_6.12.0.202406281431\\db\/plugins/mcufinder/images/
2025-06-11 00:24:33,797 [INFO] ApiDb:250 - Set database path to: C:\Users\nisha\.stmcufinder\plugins\mcufinder//mcu/
2025-06-11 00:24:33,798 [INFO] DbMcusAds:125 - Set database path to: C:\Users\nisha\.stmcufinder\plugins\mcufinder//mcu/
2025-06-11 00:24:33,799 [INFO] CrossReferenceDbSqlite:203 - Set database path to: C:\Users\nisha\.stmcufinder\plugins\mcufinder//mcu/cs/
2025-06-11 00:24:33,920 [INFO] RulesReader:64 - Compatibility file has been processed (297 Rules)
2025-06-11 00:24:34,006 [INFO] DbMcusXml:78 - Set database path to: C:\ST\STM32CubeIDE_1.16.0\STM32CubeIDE\plugins\com.st.stm32cube.common.mx_6.12.0.202406281431\\db\/mcu/
2025-06-11 00:24:34,006 [INFO] ApiDb:274 - Set plugin database path to: C:\ST\STM32CubeIDE_1.16.0\STM32CubeIDE\plugins\com.st.stm32cube.common.mx_6.12.0.202406281431\\db\/plugins/boardmanager/
2025-06-11 00:24:34,006 [INFO] ApiDb:261 - Set plugin images path to: C:\ST\STM32CubeIDE_1.16.0\STM32CubeIDE\plugins\com.st.stm32cube.common.mx_6.12.0.202406281431\\db\/plugins/mcufinder/images/
2025-06-11 00:24:34,007 [WARN] DbFile:41 - Overriding database path with different value: C:\Users\nisha\.stmcufinder\plugins\mcufinder/ => C:\Users\nisha\.stmcufinder\plugins\mcufinder
2025-06-11 00:24:34,007 [INFO] ApiDb:250 - Set database path to: C:\Users\nisha\.stmcufinder\plugins\mcufinder//mcu/
2025-06-11 00:24:34,007 [WARN] DbFile:41 - Overriding database path with different value: C:\Users\nisha\.stmcufinder\plugins\mcufinder/ => C:\Users\nisha\.stmcufinder\plugins\mcufinder
2025-06-11 00:24:34,007 [INFO] DbMcusAds:125 - Set database path to: C:\Users\nisha\.stmcufinder\plugins\mcufinder//mcu/
2025-06-11 00:24:34,007 [WARN] DbFile:41 - Overriding database path with different value: C:\Users\nisha\.stmcufinder\plugins\mcufinder/ => C:\Users\nisha\.stmcufinder\plugins\mcufinder
2025-06-11 00:24:34,007 [WARN] DbFile:41 - Overriding database path with different value: C:\Users\nisha\.stmcufinder\plugins\mcufinder/ => C:\Users\nisha\.stmcufinder\plugins\mcufinder
2025-06-11 00:24:34,007 [INFO] CrossReferenceDbSqlite:203 - Set database path to: C:\Users\nisha\.stmcufinder\plugins\mcufinder//mcu/cs/
2025-06-11 00:24:34,105 [INFO] MainPanel:268 - HeapMemory: 268435456
2025-06-11 00:24:34,192 [INFO] DbMcusXml:78 - Set database path to: C:\ST\STM32CubeIDE_1.16.0\STM32CubeIDE\plugins\com.st.stm32cube.common.mx_6.12.0.202406281431\\db\/mcu/
2025-06-11 00:24:34,192 [INFO] ApiDb:274 - Set plugin database path to: C:\ST\STM32CubeIDE_1.16.0\STM32CubeIDE\plugins\com.st.stm32cube.common.mx_6.12.0.202406281431\\db\/plugins/boardmanager/
2025-06-11 00:24:34,192 [INFO] ApiDb:261 - Set plugin images path to: C:\ST\STM32CubeIDE_1.16.0\STM32CubeIDE\plugins\com.st.stm32cube.common.mx_6.12.0.202406281431\\db\/plugins/mcufinder/images/
2025-06-11 00:24:34,192 [WARN] DbFile:41 - Overriding database path with different value: C:\Users\nisha\.stmcufinder\plugins\mcufinder/ => C:\Users\nisha\.stmcufinder\plugins\mcufinder
2025-06-11 00:24:34,193 [INFO] ApiDb:250 - Set database path to: C:\Users\nisha\.stmcufinder\plugins\mcufinder//mcu/
2025-06-11 00:24:34,193 [WARN] DbFile:41 - Overriding database path with different value: C:\Users\nisha\.stmcufinder\plugins\mcufinder/ => C:\Users\nisha\.stmcufinder\plugins\mcufinder
2025-06-11 00:24:34,193 [INFO] DbMcusAds:125 - Set database path to: C:\Users\nisha\.stmcufinder\plugins\mcufinder//mcu/
2025-06-11 00:24:34,193 [WARN] DbFile:41 - Overriding database path with different value: C:\Users\nisha\.stmcufinder\plugins\mcufinder/ => C:\Users\nisha\.stmcufinder\plugins\mcufinder
2025-06-11 00:24:34,193 [WARN] DbFile:41 - Overriding database path with different value: C:\Users\nisha\.stmcufinder\plugins\mcufinder/ => C:\Users\nisha\.stmcufinder\plugins\mcufinder
2025-06-11 00:24:34,193 [INFO] CrossReferenceDbSqlite:203 - Set database path to: C:\Users\nisha\.stmcufinder\plugins\mcufinder//mcu/cs/
2025-06-11 00:24:34,207 [INFO] ApplicationProperties:184 - Using Application install path: C:\ST\STM32CubeIDE_1.16.0\STM32CubeIDE\plugins\com.st.stm32cube.common.mx_6.12.0.202406281431
2025-06-11 00:24:34,209 [INFO] PluginManage:196 - Search for loadable plugins [exclusion list=, ]
2025-06-11 00:24:34,210 [INFO] PluginManage:310 - Check plugin analytics
2025-06-11 00:24:39,415 [INFO] AnalyticsPlugin:253 - Accepted Software Licenses: 
2025-06-11 00:24:39,415 [INFO] AnalyticsPlugin:255 - Accepted CMSIS Pack Licenses: 
2025-06-11 00:24:39,415 [INFO] AnalyticsPlugin:257 - Accepted Firmware Licenses: FW.F4.1.28.0
2025-06-11 00:24:39,418 [INFO] PluginManage:359 - Loaded plugin analytics (category:tool,tabindex:-1)
2025-06-11 00:24:39,418 [INFO] PluginManage:310 - Check plugin cadmodel
2025-06-11 00:24:39,422 [INFO] CADModel:105 - Init CAD model plugin
2025-06-11 00:24:39,422 [INFO] PluginManage:359 - Loaded plugin cadmodel (category:power,tabindex:5)
2025-06-11 00:24:39,422 [INFO] PluginManage:310 - Check plugin clock
2025-06-11 00:24:39,430 [INFO] PluginManage:359 - Loaded plugin clock (category:base,tabindex:2)
2025-06-11 00:24:39,430 [INFO] PluginManage:310 - Check plugin ddr
2025-06-11 00:24:39,431 [INFO] PluginManage:359 - Loaded plugin ddr (category:tool,tabindex:6)
2025-06-11 00:24:39,432 [INFO] PluginManage:310 - Check plugin filemanager
2025-06-11 00:24:39,559 [INFO] PluginManage:359 - Loaded plugin filemanager (category:base,tabindex:10)
2025-06-11 00:24:39,560 [INFO] PluginManage:310 - Check plugin ipmanager
2025-06-11 00:24:39,572 [INFO] PluginManage:359 - Loaded plugin ipmanager (category:base,tabindex:5)
2025-06-11 00:24:39,572 [INFO] PluginManage:310 - Check plugin lpbam
2025-06-11 00:24:39,583 [INFO] PluginManage:359 - Loaded plugin lpbam (category:base,tabindex:0)
2025-06-11 00:24:39,583 [INFO] PluginManage:310 - Check plugin memorymap
2025-06-11 00:24:39,593 [INFO] PluginManage:359 - Loaded plugin memorymap (category:base,tabindex:4)
2025-06-11 00:24:39,593 [INFO] PluginManage:310 - Check plugin pinoutandconfiguration
2025-06-11 00:24:39,598 [INFO] PluginManage:359 - Loaded plugin pinoutandconfiguration (category:base,tabindex:1)
2025-06-11 00:24:39,599 [INFO] PluginManage:310 - Check plugin pinoutconfig
2025-06-11 00:24:39,665 [WARN] SupportedApi:132 - Cannot load RTOS API schema: s4s-elt-must-match.1: The content of 'definitions' must match (annotation?, (simpleType | complexType)?, (unique | key | keyref)*)). A problem was found starting at: attribute.
2025-06-11 00:24:39,764 [INFO] PluginManage:359 - Loaded plugin pinoutconfig (category:base,tabindex:0)
2025-06-11 00:24:39,764 [INFO] PluginManage:310 - Check plugin power
2025-06-11 00:24:39,771 [INFO] PluginManage:359 - Loaded plugin power (category:power,tabindex:4)
2025-06-11 00:24:39,771 [INFO] PluginManage:310 - Check plugin projectmanager
2025-06-11 00:24:39,791 [INFO] PluginManage:359 - Loaded plugin projectmanager (category:projectmanager,tabindex:4)
2025-06-11 00:24:39,791 [INFO] PluginManage:310 - Check plugin rif
2025-06-11 00:24:39,796 [INFO] PluginManage:359 - Loaded plugin rif (category:base,tabindex:3)
2025-06-11 00:24:39,796 [INFO] PluginManage:310 - Check plugin thirdparty
2025-06-11 00:24:39,905 [WARN] IntegrityCheckThread:84 - waiting for thirdparty lock release [integrity check]
2025-06-11 00:24:39,905 [INFO] PluginManage:359 - Loaded plugin thirdparty (category:base,tabindex:-1)
2025-06-11 00:24:39,906 [INFO] IntegrityCheckThread:86 - entering critical section [integrity check]
2025-06-11 00:24:39,906 [INFO] PluginManage:310 - Check plugin tools
2025-06-11 00:24:39,906 [INFO] ThirdPartyUpdaterWithRetryManager:70 - Updater plugin not ready yet. [1/15]
2025-06-11 00:24:39,909 [INFO] PluginManage:359 - Loaded plugin tools (category:base,tabindex:7)
2025-06-11 00:24:39,909 [INFO] PluginManage:310 - Check plugin tutovideos
2025-06-11 00:24:40,053 [INFO] PluginManage:359 - Loaded plugin tutovideos (category:base,tabindex:-1)
2025-06-11 00:24:40,054 [INFO] PluginManage:310 - Check plugin updater
2025-06-11 00:24:40,069 [INFO] PluginManage:359 - Loaded plugin updater (category:base,tabindex:12)
2025-06-11 00:24:40,069 [INFO] PluginManage:310 - Check plugin userauth
2025-06-11 00:24:40,073 [INFO] UserAuth:113 - Init User Auth plugin
2025-06-11 00:24:40,074 [INFO] PluginManage:359 - Loaded plugin userauth (category:base,tabindex:14)
2025-06-11 00:24:40,074 [INFO] PluginManage:283 - PluginManage : Loaded plugins [18]
2025-06-11 00:24:40,273 [INFO] PinOutPanel:1561 - setPackage(No Configuration,No Configuration)
2025-06-11 00:24:40,355 [INFO] CADModel:165 - CPN selected for project level
2025-06-11 00:24:40,355 [INFO] CADModel:114 - Register for checkConnection events
2025-06-11 00:24:40,366 [INFO] IPUIPlugin:80 - create IPUIPlugin
2025-06-11 00:24:40,367 [INFO] PluginManager:220 - loadIPPluginJar : add adc
2025-06-11 00:24:40,369 [INFO] IPUIPlugin:80 - create IPUIPlugin
2025-06-11 00:24:40,369 [INFO] PluginManager:220 - loadIPPluginJar : add aes
2025-06-11 00:24:40,371 [INFO] IPUIPlugin:80 - create IPUIPlugin
2025-06-11 00:24:40,371 [INFO] PluginManager:220 - loadIPPluginJar : add can
2025-06-11 00:24:40,373 [INFO] IPUIPlugin:80 - create IPUIPlugin
2025-06-11 00:24:40,373 [INFO] PluginManager:220 - loadIPPluginJar : add comp
2025-06-11 00:24:40,374 [INFO] IPUIPlugin:80 - create IPUIPlugin
2025-06-11 00:24:40,374 [INFO] PluginManager:220 - loadIPPluginJar : add cryp
2025-06-11 00:24:40,376 [INFO] IPUIPlugin:80 - create IPUIPlugin
2025-06-11 00:24:40,376 [INFO] PluginManager:220 - loadIPPluginJar : add ddr_ctrl_phy
2025-06-11 00:24:40,378 [INFO] IPUIPlugin:80 - create IPUIPlugin
2025-06-11 00:24:40,378 [INFO] PluginManager:220 - loadIPPluginJar : add dfsdm
2025-06-11 00:24:40,383 [INFO] IPUIPlugin:80 - create IPUIPlugin
2025-06-11 00:24:40,384 [INFO] PluginManager:220 - loadIPPluginJar : add dma
2025-06-11 00:24:40,386 [INFO] IPUIPlugin:80 - create IPUIPlugin
2025-06-11 00:24:40,386 [INFO] PluginManager:220 - loadIPPluginJar : add dma3
2025-06-11 00:24:40,389 [INFO] IPUIPlugin:80 - create IPUIPlugin
2025-06-11 00:24:40,389 [INFO] PluginManager:220 - loadIPPluginJar : add extmemmanager
2025-06-11 00:24:40,390 [INFO] IPUIPlugin:80 - create IPUIPlugin
2025-06-11 00:24:40,390 [INFO] PluginManager:220 - loadIPPluginJar : add fatfs
2025-06-11 00:24:40,395 [INFO] IPUIPlugin:80 - create IPUIPlugin
2025-06-11 00:24:40,395 [INFO] PluginManager:220 - loadIPPluginJar : add fmc
2025-06-11 00:24:40,401 [INFO] IPUIPlugin:80 - create IPUIPlugin
2025-06-11 00:24:40,401 [INFO] PluginManager:220 - loadIPPluginJar : add freertos
2025-06-11 00:24:40,402 [INFO] IPUIPlugin:80 - create IPUIPlugin
2025-06-11 00:24:40,402 [INFO] PluginManager:220 - loadIPPluginJar : add genericplugin
2025-06-11 00:24:40,404 [INFO] IPUIPlugin:80 - create IPUIPlugin
2025-06-11 00:24:40,404 [INFO] PluginManager:220 - loadIPPluginJar : add gfxmmu
2025-06-11 00:24:40,409 [INFO] IPUIPlugin:80 - create IPUIPlugin
2025-06-11 00:24:40,409 [INFO] PluginManager:220 - loadIPPluginJar : add gic
2025-06-11 00:24:40,412 [INFO] IPUIPlugin:80 - create IPUIPlugin
2025-06-11 00:24:40,412 [INFO] PluginManager:220 - loadIPPluginJar : add gpio
2025-06-11 00:24:40,414 [INFO] IPUIPlugin:80 - create IPUIPlugin
2025-06-11 00:24:40,414 [INFO] PluginManager:220 - loadIPPluginJar : add gtzc
2025-06-11 00:24:40,416 [INFO] IPUIPlugin:80 - create IPUIPlugin
2025-06-11 00:24:40,416 [INFO] PluginManager:220 - loadIPPluginJar : add hash
2025-06-11 00:24:40,419 [INFO] IPUIPlugin:80 - create IPUIPlugin
2025-06-11 00:24:40,419 [INFO] PluginManager:220 - loadIPPluginJar : add i2c
2025-06-11 00:24:40,421 [INFO] IPUIPlugin:80 - create IPUIPlugin
2025-06-11 00:24:40,421 [INFO] PluginManager:220 - loadIPPluginJar : add i2s
2025-06-11 00:24:40,424 [INFO] IPUIPlugin:80 - create IPUIPlugin
2025-06-11 00:24:40,424 [INFO] PluginManager:220 - loadIPPluginJar : add i3c
2025-06-11 00:24:40,428 [INFO] IPUIPlugin:80 - create IPUIPlugin
2025-06-11 00:24:40,428 [INFO] PluginManager:220 - loadIPPluginJar : add ipddr
2025-06-11 00:24:40,435 [INFO] IPUIPlugin:80 - create IPUIPlugin
2025-06-11 00:24:40,436 [INFO] PluginManager:220 - loadIPPluginJar : add linkedlist
2025-06-11 00:24:40,439 [INFO] IPUIPlugin:80 - create IPUIPlugin
2025-06-11 00:24:40,440 [INFO] PluginManager:220 - loadIPPluginJar : add lorawan
2025-06-11 00:24:40,441 [INFO] IPUIPlugin:80 - create IPUIPlugin
2025-06-11 00:24:40,441 [INFO] PluginManager:220 - loadIPPluginJar : add ltdc
2025-06-11 00:24:40,446 [INFO] IPUIPlugin:80 - create IPUIPlugin
2025-06-11 00:24:40,446 [INFO] PluginManager:220 - loadIPPluginJar : add mdma
2025-06-11 00:24:40,450 [INFO] IPUIPlugin:80 - create IPUIPlugin
2025-06-11 00:24:40,450 [INFO] PluginManager:220 - loadIPPluginJar : add nvic
2025-06-11 00:24:40,453 [INFO] IPUIPlugin:80 - create IPUIPlugin
2025-06-11 00:24:40,453 [INFO] PluginManager:220 - loadIPPluginJar : add opamp
2025-06-11 00:24:40,455 [INFO] IPUIPlugin:80 - create IPUIPlugin
2025-06-11 00:24:40,455 [INFO] PluginManager:220 - loadIPPluginJar : add openamp
2025-06-11 00:24:40,458 [INFO] IPUIPlugin:80 - create IPUIPlugin
2025-06-11 00:24:40,458 [INFO] PluginManager:220 - loadIPPluginJar : add pdm2pcm
2025-06-11 00:24:40,463 [INFO] IPUIPlugin:80 - create IPUIPlugin
2025-06-11 00:24:40,465 [INFO] PluginManager:220 - loadIPPluginJar : add plateformsettings
2025-06-11 00:24:40,467 [INFO] IPUIPlugin:80 - create IPUIPlugin
2025-06-11 00:24:40,467 [INFO] PluginManager:220 - loadIPPluginJar : add quadspi
2025-06-11 00:24:40,469 [INFO] IPUIPlugin:80 - create IPUIPlugin
2025-06-11 00:24:40,469 [INFO] PluginManager:220 - loadIPPluginJar : add radio
2025-06-11 00:24:40,472 [INFO] IPUIPlugin:80 - create IPUIPlugin
2025-06-11 00:24:40,472 [INFO] PluginManager:220 - loadIPPluginJar : add resmgrutility
2025-06-11 00:24:40,475 [INFO] IPUIPlugin:80 - create IPUIPlugin
2025-06-11 00:24:40,475 [INFO] PluginManager:220 - loadIPPluginJar : add sai
2025-06-11 00:24:40,479 [INFO] IPUIPlugin:80 - create IPUIPlugin
2025-06-11 00:24:40,479 [INFO] PluginManager:220 - loadIPPluginJar : add spi
2025-06-11 00:24:40,484 [INFO] IPUIPlugin:80 - create IPUIPlugin
2025-06-11 00:24:40,484 [INFO] PluginManager:220 - loadIPPluginJar : add stm32_wpan
2025-06-11 00:24:40,486 [INFO] IPUIPlugin:80 - create IPUIPlugin
2025-06-11 00:24:40,486 [INFO] PluginManager:220 - loadIPPluginJar : add tim
2025-06-11 00:24:40,489 [INFO] IPUIPlugin:80 - create IPUIPlugin
2025-06-11 00:24:40,489 [INFO] PluginManager:220 - loadIPPluginJar : add touchsensing
2025-06-11 00:24:40,492 [INFO] IPUIPlugin:80 - create IPUIPlugin
2025-06-11 00:24:40,492 [INFO] PluginManager:220 - loadIPPluginJar : add tracer_emb
2025-06-11 00:24:40,494 [INFO] IPUIPlugin:80 - create IPUIPlugin
2025-06-11 00:24:40,494 [INFO] PluginManager:220 - loadIPPluginJar : add ts
2025-06-11 00:24:40,495 [INFO] IPUIPlugin:80 - create IPUIPlugin
2025-06-11 00:24:40,495 [INFO] PluginManager:220 - loadIPPluginJar : add tsc
2025-06-11 00:24:40,497 [INFO] IPUIPlugin:80 - create IPUIPlugin
2025-06-11 00:24:40,497 [INFO] PluginManager:220 - loadIPPluginJar : add ucpd
2025-06-11 00:24:40,499 [INFO] IPUIPlugin:80 - create IPUIPlugin
2025-06-11 00:24:40,500 [INFO] PluginManager:220 - loadIPPluginJar : add usart
2025-06-11 00:24:40,502 [INFO] IPUIPlugin:80 - create IPUIPlugin
2025-06-11 00:24:40,502 [INFO] PluginManager:220 - loadIPPluginJar : add usbx
2025-06-11 00:24:40,622 [INFO] CADModel:165 - CPN selected for project level
2025-06-11 00:24:40,622 [INFO] CADModel:114 - Register for checkConnection events
2025-06-11 00:24:40,624 [FATAL] Updater:334 - Updater called before beeing initialized
2025-06-11 00:24:40,624 [ERROR] CADModel:125 - Updater not yet initialized, retry later 
2025-06-11 00:24:40,755 [INFO] CADModel:165 - CPN selected for project level
2025-06-11 00:24:40,755 [INFO] CADModel:114 - Register for checkConnection events
2025-06-11 00:24:40,755 [FATAL] Updater:334 - Updater called before beeing initialized
2025-06-11 00:24:40,755 [ERROR] CADModel:125 - Updater not yet initialized, retry later 
2025-06-11 00:24:40,758 [FATAL] Updater:334 - Updater called before beeing initialized
2025-06-11 00:24:40,888 [FATAL] Updater:334 - Updater called before beeing initialized
2025-06-11 00:24:40,898 [INFO] DbMcusAds:53 - JSON generation date=Wed May 07 14:37:55 IST 2025 (1746608875484)
2025-06-11 00:24:40,898 [FATAL] Updater:334 - Updater called before beeing initialized
2025-06-11 00:24:40,935 [WARN] DetailPanel:346 - Failed to get advertising image, set to default
2025-06-11 00:24:41,058 [FATAL] Updater:334 - Updater called before beeing initialized
2025-06-11 00:24:41,079 [FATAL] Updater:334 - Updater called before beeing initialized
2025-06-11 00:24:41,080 [FATAL] Updater:334 - Updater called before beeing initialized
2025-06-11 00:24:41,080 [WARN] DetailPanel:346 - Failed to get advertising image, set to default
2025-06-11 00:24:41,081 [FATAL] Updater:334 - Updater called before beeing initialized
2025-06-11 00:24:41,189 [ERROR] Updater:1164 - MainUpdater not yet initialized. External WinMGr cannot be set.
2025-06-11 00:24:41,196 [INFO] Updater:1100 - Updater Version found : 6.12.0
2025-06-11 00:24:41,242 [INFO] ApplicationProperties:184 - Using Application install path: C:\ST\STM32CubeIDE_1.16.0\STM32CubeIDE\plugins\com.st.stm32cube.common.mx_6.12.0.202406281431
2025-06-11 00:24:42,866 [ERROR] LogOutputStream:75 - [STDERR_REDIRECT] Jun 11, 2025 12:24:42 AM java.util.prefs.WindowsPreferences <init>
2025-06-11 00:24:42,882 [ERROR] LogOutputStream:75 - [STDERR_REDIRECT] WARNING: Could not open/create prefs root node Software\JavaSoft\Prefs at root 0xffffffff80000002. Windows RegCreateKeyEx(...) returned error code 5.
2025-06-11 00:24:42,882 [ERROR] LogOutputStream:75 - [STDERR_REDIRECT] 
2025-06-11 00:24:42,907 [INFO] ThirdPartyUpdaterWithRetryManager:70 - Updater plugin not ready yet. [2/15]
2025-06-11 00:24:44,029 [INFO] MainUpdater:2873 - connection check result : 10
2025-06-11 00:24:44,032 [INFO] MainUpdater:290 - Updater Check For Update Now.
2025-06-11 00:24:44,032 [INFO] MicroXplorer:498 - Change Database Version : DB.6.0.120
2025-06-11 00:24:44,038 [INFO] McuFinderGlobals:63 - Set McuFinder mode to 2 (CubeIDE integrated)
2025-06-11 00:24:44,039 [INFO] UserAuth:417 - Internet connection configuration mode: 1
2025-06-11 00:24:44,080 [INFO] JxBrowserEngine:152 - Initiate JxBrowser Engine with user profile folder
2025-06-11 00:24:44,220 [INFO] CheckServerUpdateThread:120 - End of CheckServer Thread
2025-06-11 00:24:44,677 [INFO] WebApp:167 - Instantiating new browser for Auth
2025-06-11 00:24:45,270 [INFO] WebApp:448 - Apply proxy settings
2025-06-11 00:24:45,271 [INFO] WebApp:533 - Chromium requires no authentication
2025-06-11 00:24:45,277 [INFO] WebApp:476 - Direct internet connection detected
2025-06-11 00:24:45,297 [INFO] WebApp:869 - Register for checkConnection events
2025-06-11 00:24:45,297 [INFO] WebApp:448 - Apply proxy settings
2025-06-11 00:24:45,297 [INFO] WebApp:533 - Chromium requires no authentication
2025-06-11 00:24:45,298 [INFO] WebApp:476 - Direct internet connection detected
2025-06-11 00:24:45,433 [INFO] WebApp:220 - Starting web application
2025-06-11 00:24:45,434 [INFO] WebApp:578 - Web application path used C:\ST\STM32CubeIDE_1.16.0\STM32CubeIDE\plugins\com.st.stm32cube.common.mx_6.12.0.202406281431\db\plugins\mcufinder\reactClient1\index.html
2025-06-11 00:24:45,512 [INFO] UserAuth:417 - Internet connection configuration mode: 1
2025-06-11 00:24:45,758 [INFO] WebApp:186 - Connection restablished
2025-06-11 00:24:46,189 [WARN] PackLoader:240 - Cannot read IP mode file for STMicroelectronics.FP-SNS-MOTENVWB1.1.4.0
2025-06-11 00:24:46,201 [WARN] PackLoader:240 - Cannot read IP mode file for STMicroelectronics.X-CUBE-SMBUS.2.1.0
2025-06-11 00:24:46,212 [WARN] PackLoader:240 - Cannot read IP mode file for STMicroelectronics.X-CUBE-WB05N.1.1.0
2025-06-11 00:24:46,236 [WARN] PackLoader:240 - Cannot read IP mode file for STMicroelectronics.X-CUBE-AZRTOS-F7.1.1.0
2025-06-11 00:24:46,294 [WARN] PackLoader:240 - Cannot read IP mode file for STMicroelectronics.X-CUBE-MEMS1.11.0.0
2025-06-11 00:24:46,405 [WARN] PackLoader:240 - Cannot read IP mode file for STMicroelectronics.FP-SNS-FLIGHT1.5.0.2
2025-06-11 00:24:46,414 [WARN] PackLoader:240 - Cannot read IP mode file for STMicroelectronics.X-CUBE-DISPLAY.3.0.0
2025-06-11 00:24:46,420 [WARN] PackLoader:240 - Cannot read IP mode file for STMicroelectronics.X-CUBE-BLE1.7.0.0
2025-06-11 00:24:46,426 [WARN] PackLoader:240 - Cannot read IP mode file for STMicroelectronics.X-CUBE-NFC10.1.0.0
2025-06-11 00:24:46,433 [WARN] PackLoader:240 - Cannot read IP mode file for emotas.I-CUBE-CANOPEN.1.3.0
2025-06-11 00:24:46,443 [WARN] PackLoader:240 - Cannot read IP mode file for STMicroelectronics.X-CUBE-BLEMGR.3.1.0
2025-06-11 00:24:46,449 [WARN] PackLoader:240 - Cannot read IP mode file for STMicroelectronics.FP-SNS-SMARTAG2.1.2.0
2025-06-11 00:24:46,458 [INFO] LogOutputStream:77 - [STDOUT_REDIRECT] 1 : Invalid condition id : UX_CORESTACK_Condition cause : null
2025-06-11 00:24:46,460 [INFO] LogOutputStream:77 - [STDOUT_REDIRECT] 1 : Invalid condition id : UX_CORESTACK_Condition cause : null
2025-06-11 00:24:46,462 [INFO] LogOutputStream:77 - [STDOUT_REDIRECT] 1 : Invalid condition id : UX_CORESTACK_Condition cause : null
2025-06-11 00:24:46,463 [INFO] LogOutputStream:77 - [STDOUT_REDIRECT] 1 : Invalid condition id : UX_CORESTACK_Condition cause : null
2025-06-11 00:24:46,464 [INFO] LogOutputStream:77 - [STDOUT_REDIRECT] 1 : Invalid condition id : UX_CORESTACK_Condition cause : null
2025-06-11 00:24:46,467 [WARN] PackLoader:240 - Cannot read IP mode file for STMicroelectronics.X-CUBE-AZRTOS-WL.2.0.0
2025-06-11 00:24:46,472 [WARN] PackLoader:240 - Cannot read IP mode file for STMicroelectronics.FP-SNS-MOTENV1.5.0.0
2025-06-11 00:24:46,478 [WARN] PackLoader:240 - Cannot read IP mode file for wolfSSL.I-CUBE-wolfMQTT.1.19.0
2025-06-11 00:24:46,487 [WARN] PackLoader:240 - Cannot read IP mode file for WES.I-CUBE-Cesium.1.3.0
2025-06-11 00:24:46,493 [WARN] PackLoader:240 - Cannot read IP mode file for STMicroelectronics.X-CUBE-BLE2.3.3.0
2025-06-11 00:24:46,499 [WARN] PackLoader:240 - Cannot read IP mode file for STMicroelectronics.X-CUBE-NFC9.1.0.0
2025-06-11 00:24:46,505 [WARN] PackLoader:240 - Cannot read IP mode file for STMicroelectronics.X-CUBE-TCPP.4.1.0
2025-06-11 00:24:46,516 [WARN] PackLoader:240 - Cannot read IP mode file for STMicroelectronics.X-CUBE-AZRTOS-G0.1.1.0
2025-06-11 00:24:46,522 [WARN] PackLoader:240 - Cannot read IP mode file for STMicroelectronics.X-CUBE-SAFEA1.1.2.2
2025-06-11 00:24:46,529 [WARN] PackLoader:240 - Cannot read IP mode file for STMicroelectronics.X-CUBE-NFC4.3.0.0
2025-06-11 00:24:46,541 [WARN] PackLoader:240 - Cannot read IP mode file for EmbeddedOffice.I-CUBE-FS-RTOS.1.0.1
2025-06-11 00:24:46,542 [ERROR] ConditionMgr:805 - Attr not supported : Dmpu
2025-06-11 00:24:46,542 [ERROR] ConditionMgr:805 - Attr not supported : Dmpu
2025-06-11 00:24:46,542 [ERROR] ConditionMgr:805 - Attr not supported : Dmpu
2025-06-11 00:24:46,543 [ERROR] ConditionMgr:805 - Attr not supported : Dmpu
2025-06-11 00:24:46,543 [ERROR] ConditionMgr:805 - Attr not supported : Dmpu
2025-06-11 00:24:46,543 [ERROR] ConditionMgr:805 - Attr not supported : Dmpu
2025-06-11 00:24:46,543 [ERROR] ConditionMgr:805 - Attr not supported : Dmpu
2025-06-11 00:24:46,543 [ERROR] ConditionMgr:805 - Attr not supported : Dmpu
2025-06-11 00:24:46,544 [ERROR] ConditionMgr:805 - Attr not supported : Dmpu
2025-06-11 00:24:46,544 [ERROR] ConditionMgr:805 - Attr not supported : Dmpu
2025-06-11 00:24:46,544 [ERROR] ConditionMgr:805 - Attr not supported : Dmpu
2025-06-11 00:24:46,544 [ERROR] ConditionMgr:805 - Attr not supported : Dmpu
2025-06-11 00:24:46,544 [ERROR] ConditionMgr:805 - Attr not supported : Dmpu
2025-06-11 00:24:46,544 [ERROR] ConditionMgr:805 - Attr not supported : Dmpu
2025-06-11 00:24:46,544 [ERROR] ConditionMgr:805 - Attr not supported : Dmpu
2025-06-11 00:24:46,544 [ERROR] ConditionMgr:805 - Attr not supported : Dmpu
2025-06-11 00:24:46,544 [ERROR] ConditionMgr:805 - Attr not supported : Dmpu
2025-06-11 00:24:46,544 [ERROR] ConditionMgr:805 - Attr not supported : Dmpu
2025-06-11 00:24:46,545 [ERROR] ConditionMgr:805 - Attr not supported : Dmpu
2025-06-11 00:24:46,545 [ERROR] ConditionMgr:805 - Attr not supported : Dmpu
2025-06-11 00:24:46,545 [ERROR] ConditionMgr:805 - Attr not supported : Dmpu
2025-06-11 00:24:46,545 [ERROR] ConditionMgr:805 - Attr not supported : Dmpu
2025-06-11 00:24:46,545 [ERROR] ConditionMgr:805 - Attr not supported : Dmpu
2025-06-11 00:24:46,545 [ERROR] ConditionMgr:805 - Attr not supported : Dmpu
2025-06-11 00:24:46,545 [ERROR] ConditionMgr:805 - Attr not supported : Dmpu
2025-06-11 00:24:46,545 [ERROR] ConditionMgr:805 - Attr not supported : Dmpu
2025-06-11 00:24:46,546 [ERROR] ConditionMgr:805 - Attr not supported : Dmpu
2025-06-11 00:24:46,546 [ERROR] ConditionMgr:805 - Attr not supported : Dmpu
2025-06-11 00:24:46,546 [ERROR] ConditionMgr:805 - Attr not supported : Dmpu
2025-06-11 00:24:46,546 [ERROR] ConditionMgr:805 - Attr not supported : Dmpu
2025-06-11 00:24:46,546 [ERROR] ConditionMgr:805 - Attr not supported : Dmpu
2025-06-11 00:24:46,546 [ERROR] ConditionMgr:805 - Attr not supported : Dmpu
2025-06-11 00:24:46,546 [ERROR] ConditionMgr:805 - Attr not supported : Dmpu
2025-06-11 00:24:46,546 [ERROR] ConditionMgr:805 - Attr not supported : Dmpu
2025-06-11 00:24:46,546 [ERROR] ConditionMgr:805 - Attr not supported : Dmpu
2025-06-11 00:24:46,546 [ERROR] ConditionMgr:805 - Attr not supported : Dmpu
2025-06-11 00:24:46,546 [ERROR] ConditionMgr:805 - Attr not supported : Dmpu
2025-06-11 00:24:46,547 [ERROR] ConditionMgr:805 - Attr not supported : Dmpu
2025-06-11 00:24:46,547 [ERROR] ConditionMgr:805 - Attr not supported : Dmpu
2025-06-11 00:24:46,547 [ERROR] ConditionMgr:805 - Attr not supported : Dmpu
2025-06-11 00:24:46,547 [ERROR] ConditionMgr:805 - Attr not supported : Dmpu
2025-06-11 00:24:46,547 [ERROR] ConditionMgr:805 - Attr not supported : Dmpu
2025-06-11 00:24:46,547 [ERROR] ConditionMgr:805 - Attr not supported : Dmpu
2025-06-11 00:24:46,547 [ERROR] ConditionMgr:805 - Attr not supported : Dmpu
2025-06-11 00:24:46,547 [ERROR] ConditionMgr:805 - Attr not supported : Dmpu
2025-06-11 00:24:46,547 [ERROR] ConditionMgr:805 - Attr not supported : Dmpu
2025-06-11 00:24:46,548 [ERROR] ConditionMgr:805 - Attr not supported : Dmpu
2025-06-11 00:24:46,548 [ERROR] ConditionMgr:805 - Attr not supported : Dmpu
2025-06-11 00:24:46,548 [ERROR] ConditionMgr:805 - Attr not supported : Dmpu
2025-06-11 00:24:46,548 [ERROR] ConditionMgr:805 - Attr not supported : Dmpu
2025-06-11 00:24:46,548 [ERROR] ConditionMgr:805 - Attr not supported : Dmpu
2025-06-11 00:24:46,548 [ERROR] ConditionMgr:805 - Attr not supported : Dmpu
2025-06-11 00:24:46,548 [ERROR] ConditionMgr:805 - Attr not supported : Dmpu
2025-06-11 00:24:46,548 [ERROR] ConditionMgr:805 - Attr not supported : Dmpu
2025-06-11 00:24:46,549 [ERROR] ConditionMgr:805 - Attr not supported : Dmpu
2025-06-11 00:24:46,549 [ERROR] ConditionMgr:805 - Attr not supported : Dmpu
2025-06-11 00:24:46,549 [ERROR] ConditionMgr:805 - Attr not supported : Dmpu
2025-06-11 00:24:46,549 [ERROR] ConditionMgr:805 - Attr not supported : Dmpu
2025-06-11 00:24:46,549 [ERROR] ConditionMgr:805 - Attr not supported : Dmpu
2025-06-11 00:24:46,549 [ERROR] ConditionMgr:805 - Attr not supported : Dmpu
2025-06-11 00:24:46,549 [ERROR] ConditionMgr:805 - Attr not supported : Dmpu
2025-06-11 00:24:46,549 [ERROR] ConditionMgr:805 - Attr not supported : Dmpu
2025-06-11 00:24:46,549 [ERROR] ConditionMgr:805 - Attr not supported : Dmpu
2025-06-11 00:24:46,549 [ERROR] ConditionMgr:805 - Attr not supported : Dmpu
2025-06-11 00:24:46,554 [WARN] PackLoader:240 - Cannot read IP mode file for RealThread.X-CUBE-RT-Thread_Nano.4.1.1
2025-06-11 00:24:46,559 [WARN] PackLoader:240 - Cannot read IP mode file for wolfSSL.I-CUBE-wolfSSL.5.7.0
2025-06-11 00:24:46,564 [WARN] PackLoader:240 - Cannot read IP mode file for STMicroelectronics.FP-ATR-SIGFOX1.3.2.0
2025-06-11 00:24:46,571 [WARN] ConditionMgr:438 - getConditionDescription Invalid condition id : Cortex-A Device cause : null
2025-06-11 00:24:46,592 [WARN] ConditionMgr:1039 - genDependencies : Invalid condition id : Cortex-A Device cause : null
2025-06-11 00:24:46,592 [WARN] ConditionMgr:1039 - genDependencies : Invalid condition id : Cortex-A Device cause : null
2025-06-11 00:24:46,592 [WARN] ConditionMgr:1039 - genDependencies : Invalid condition id : Cortex-A Device cause : null
2025-06-11 00:24:46,598 [WARN] PackLoader:240 - Cannot read IP mode file for STMicroelectronics.X-CUBE-EEPRMA1.5.1.0
2025-06-11 00:24:46,605 [WARN] PackLoader:240 - Cannot read IP mode file for ITTIA_DB.I-CUBE-ITTIADB.8.9.0
2025-06-11 00:24:46,635 [WARN] PackLoader:240 - Cannot read IP mode file for SEGGER.I-CUBE-embOS.1.3.1
2025-06-11 00:24:46,670 [WARN] PackLoader:240 - Cannot read IP mode file for STMicroelectronics.X-CUBE-ALGOBUILD.1.4.0
2025-06-11 00:24:46,676 [WARN] PackLoader:240 - Cannot read IP mode file for STMicroelectronics.X-CUBE-AI.9.1.0
2025-06-11 00:24:46,682 [WARN] PackLoader:240 - Cannot read IP mode file for STMicroelectronics.X-CUBE-GNSS1.6.0.0
2025-06-11 00:24:46,696 [WARN] PackLoader:240 - Cannot read IP mode file for STMicroelectronics.X-CUBE-AZRTOS-F4.1.1.0
2025-06-11 00:24:46,703 [WARN] PackLoader:240 - Cannot read IP mode file for STMicroelectronics.X-CUBE-ISPU.2.1.0
2025-06-11 00:24:46,711 [WARN] PackLoader:240 - Cannot read IP mode file for STMicroelectronics.X-CUBE-FREERTOS.1.2.0
2025-06-11 00:24:46,725 [WARN] PackLoader:240 - Cannot read IP mode file for STMicroelectronics.X-CUBE-AZRTOS-L5.2.0.0
2025-06-11 00:24:46,734 [WARN] PackLoader:240 - Cannot read IP mode file for STMicroelectronics.X-CUBE-NFC6.3.1.0
2025-06-11 00:24:46,741 [WARN] PackLoader:240 - Cannot read IP mode file for STMicroelectronics.X-CUBE-DPower.1.2.0
2025-06-11 00:24:46,744 [WARN] PackLoader:240 - Cannot read IP mode file for STMicroelectronics.X-CUBE-AI.9.0.0
2025-06-11 00:24:46,750 [WARN] PackLoader:240 - Cannot read IP mode file for STMicroelectronics.X-CUBE-NFC7.1.0.1
2025-06-11 00:24:46,754 [WARN] PackLoader:240 - Cannot read IP mode file for wolfSSL.I-CUBE-wolfTPM.3.2.0
2025-06-11 00:24:46,764 [WARN] ConditionMgr:438 - getConditionDescription Invalid condition id : LAN8742 Phy interface Condition cause : null
2025-06-11 00:24:46,765 [WARN] PackLoader:240 - Cannot read IP mode file for STMicroelectronics.X-CUBE-AZRTOS-L4.2.0.0
2025-06-11 00:24:46,766 [WARN] ConditionMgr:1039 - genDependencies : Invalid condition id : LAN8742 Phy interface Condition cause : null
2025-06-11 00:24:46,766 [WARN] ConditionMgr:1039 - genDependencies : Invalid condition id : LAN8742 Phy interface Condition cause : null
2025-06-11 00:24:46,766 [WARN] ConditionMgr:1039 - genDependencies : Invalid condition id : LAN8742 Phy interface Condition cause : null
2025-06-11 00:24:46,772 [WARN] PackLoader:240 - Cannot read IP mode file for STMicroelectronics.X-CUBE-SFXS2LP1.4.0.0
2025-06-11 00:24:46,786 [WARN] PackLoader:240 - Cannot read IP mode file for STMicroelectronics.X-CUBE-AZRTOS-H7.3.3.0
2025-06-11 00:24:46,797 [WARN] PackLoader:240 - Cannot read IP mode file for STMicroelectronics.X-CUBE-IPS.3.0.0
2025-06-11 00:24:46,812 [WARN] ConditionMgr:438 - getConditionDescription Invalid condition id : UX DEVICE CLASS RTOS Condition cause : null
2025-06-11 00:24:46,812 [WARN] ConditionMgr:438 - getConditionDescription Invalid condition id : UX DEVICE CLASS RTOS Condition cause : null
2025-06-11 00:24:46,815 [WARN] PackLoader:240 - Cannot read IP mode file for STMicroelectronics.X-CUBE-AZRTOS-WB.2.0.0
2025-06-11 00:24:46,816 [WARN] ConditionMgr:1039 - genDependencies : Invalid condition id : UX DEVICE CLASS RTOS Condition cause : null
2025-06-11 00:24:46,816 [WARN] ConditionMgr:1039 - genDependencies : Invalid condition id : UX DEVICE CLASS RTOS Condition cause : null
2025-06-11 00:24:46,816 [WARN] ConditionMgr:1039 - genDependencies : Invalid condition id : UX DEVICE CLASS RTOS Condition cause : null
2025-06-11 00:24:46,817 [WARN] ConditionMgr:1039 - genDependencies : Invalid condition id : UX DEVICE CLASS RTOS Condition cause : null
2025-06-11 00:24:46,817 [WARN] ConditionMgr:1039 - genDependencies : Invalid condition id : UX DEVICE CLASS RTOS Condition cause : null
2025-06-11 00:24:46,823 [WARN] PackLoader:240 - Cannot read IP mode file for STMicroelectronics.X-CUBE-GNSS1.7.0.0
2025-06-11 00:24:46,834 [WARN] PackLoader:240 - Cannot read IP mode file for STMicroelectronics.FP-SNS-STBOX1.2.0.0
2025-06-11 00:24:46,871 [WARN] PackLoader:240 - Cannot read IP mode file for STMicroelectronics.X-CUBE-SUBG2.5.0.0
2025-06-11 00:24:46,881 [WARN] PackLoader:240 - Cannot read IP mode file for Cesanta.I-CUBE-Mongoose.7.13.0
2025-06-11 00:24:46,893 [WARN] PackLoader:240 - Cannot read IP mode file for STMicroelectronics.X-CUBE-AZRTOS-G4.2.0.0
2025-06-11 00:24:46,897 [WARN] PackLoader:240 - Cannot read IP mode file for STMicroelectronics.X-CUBE-ISPU.2.0.0
2025-06-11 00:24:46,902 [WARN] PackLoader:240 - Cannot read IP mode file for STMicroelectronics.X-CUBE-ALS.1.0.2
2025-06-11 00:24:46,925 [WARN] PackLoader:240 - Cannot read IP mode file for STMicroelectronics.X-CUBE-MEMS1.10.0.0
2025-06-11 00:24:47,016 [WARN] PackLoader:240 - Cannot read IP mode file for STMicroelectronics.X-CUBE-TOUCHGFX.4.24.0
2025-06-11 00:24:47,019 [WARN] PackLoader:240 - Cannot read IP mode file for STMicroelectronics.X-CUBE-TOUCHGFX.4.24.1
2025-06-11 00:24:47,027 [WARN] PackLoader:240 - Cannot read IP mode file for portGmbH.I-Cube-SoM-uGOAL.1.1.0
2025-06-11 00:24:47,040 [WARN] PackLoader:240 - Cannot read IP mode file for STMicroelectronics.X-CUBE-AZRTOS-H7RS.1.0.0
2025-06-11 00:24:47,048 [WARN] PackLoader:240 - Cannot read IP mode file for STMicroelectronics.FP-ATR-ASTRA1.2.0.0
2025-06-11 00:24:47,055 [WARN] PackLoader:240 - Cannot read IP mode file for STMicroelectronics.X-CUBE-TOF1.3.4.2
2025-06-11 00:24:47,069 [WARN] PackLoader:240 - Cannot read IP mode file for STMicroelectronics.X-CUBE-TOF1.3.4.1
2025-06-11 00:24:47,094 [WARN] PackLoader:240 - Cannot read IP mode file for STMicroelectronics.X-CUBE-AZRTOS-H7.3.2.0
2025-06-11 00:24:47,110 [WARN] PackLoader:240 - Cannot read IP mode file for Infineon.AIROC-Wi-Fi-Bluetooth-STM32.1.6.0
2025-06-11 00:24:47,123 [WARN] PackLoader:240 - Cannot read IP mode file for wolfSSL.I-CUBE-wolfSSH.1.4.17
2025-06-11 00:24:47,125 [INFO] ThirdParty:978 - Integrity check success = true
2025-06-11 00:24:47,125 [INFO] IntegrityCheckThread:100 - exiting critical section [integrity check]
2025-06-11 00:24:47,125 [INFO] IntegrityCheckThread:103 - End integrity checks thread
2025-06-11 01:37:19,505 [ERROR] LogOutputStream:75 - [STDERR_REDIRECT] 
2025-06-11 01:37:19,509 [ERROR] LogOutputStream:75 - [STDERR_REDIRECT] 
