2025-07-30 09:22:41,001 [INFO] Activator:176 - 


2025-07-30 09:22:41,008 [INFO] Activator:177 - !SESSION log4j initialized
2025-07-30 09:22:48,752 [INFO] LogOutputStream:77 - [STDOUT_REDIRECT] 
2025-07-30 09:22:59,763 [INFO] ApplicationProperties:184 - Using Application install path: C:\ST\STM32CubeIDE_1.16.0\STM32CubeIDE\plugins\com.st.stm32cube.common.mx_6.15.0.202507011659
2025-07-30 09:22:59,805 [INFO] DbMcusXml:78 - Set database path to: C:\ST\STM32CubeIDE_1.16.0\STM32CubeIDE\plugins\com.st.stm32cube.common.mx_6.15.0.202507011659\\db\/mcu/
2025-07-30 09:22:59,805 [INFO] ApiDb:274 - Set plugin database path to: C:\ST\STM32CubeIDE_1.16.0\STM32CubeIDE\plugins\com.st.stm32cube.common.mx_6.15.0.202507011659\\db\/plugins/boardmanager/
2025-07-30 09:22:59,807 [WARN] ApiDb:259 - Overriding images path with different value:  => C:\ST\STM32CubeIDE_1.16.0\STM32CubeIDE\plugins\com.st.stm32cube.common.mx_6.15.0.202507011659\\db\/plugins/mcufinder/images/
2025-07-30 09:22:59,831 [INFO] ApiDb:250 - Set database path to: C:\Users\nisha\.stmcufinder\plugins\mcufinder//mcu/
2025-07-30 09:22:59,834 [INFO] DbMcusAds:125 - Set database path to: C:\Users\nisha\.stmcufinder\plugins\mcufinder//mcu/
2025-07-30 09:22:59,847 [INFO] CrossReferenceDbSqlite:203 - Set database path to: C:\Users\nisha\.stmcufinder\plugins\mcufinder//mcu/cs/
2025-07-30 09:22:59,983 [INFO] RulesReader:64 - Compatibility file has been processed (317 Rules)
2025-07-30 09:23:00,088 [INFO] DbMcusXml:78 - Set database path to: C:\ST\STM32CubeIDE_1.16.0\STM32CubeIDE\plugins\com.st.stm32cube.common.mx_6.15.0.202507011659\\db\/mcu/
2025-07-30 09:23:00,088 [INFO] ApiDb:274 - Set plugin database path to: C:\ST\STM32CubeIDE_1.16.0\STM32CubeIDE\plugins\com.st.stm32cube.common.mx_6.15.0.202507011659\\db\/plugins/boardmanager/
2025-07-30 09:23:00,089 [INFO] ApiDb:261 - Set plugin images path to: C:\ST\STM32CubeIDE_1.16.0\STM32CubeIDE\plugins\com.st.stm32cube.common.mx_6.15.0.202507011659\\db\/plugins/mcufinder/images/
2025-07-30 09:23:00,089 [WARN] DbFile:41 - Overriding database path with different value: C:\Users\nisha\.stmcufinder\plugins\mcufinder/ => C:\Users\nisha\.stmcufinder\plugins\mcufinder
2025-07-30 09:23:00,089 [INFO] ApiDb:250 - Set database path to: C:\Users\nisha\.stmcufinder\plugins\mcufinder//mcu/
2025-07-30 09:23:00,089 [WARN] DbFile:41 - Overriding database path with different value: C:\Users\nisha\.stmcufinder\plugins\mcufinder/ => C:\Users\nisha\.stmcufinder\plugins\mcufinder
2025-07-30 09:23:00,089 [INFO] DbMcusAds:125 - Set database path to: C:\Users\nisha\.stmcufinder\plugins\mcufinder//mcu/
2025-07-30 09:23:00,090 [WARN] DbFile:41 - Overriding database path with different value: C:\Users\nisha\.stmcufinder\plugins\mcufinder/ => C:\Users\nisha\.stmcufinder\plugins\mcufinder
2025-07-30 09:23:00,090 [WARN] DbFile:41 - Overriding database path with different value: C:\Users\nisha\.stmcufinder\plugins\mcufinder/ => C:\Users\nisha\.stmcufinder\plugins\mcufinder
2025-07-30 09:23:00,090 [INFO] CrossReferenceDbSqlite:203 - Set database path to: C:\Users\nisha\.stmcufinder\plugins\mcufinder//mcu/cs/
2025-07-30 09:23:00,192 [INFO] MainPanel:274 - HeapMemory: 268435456
2025-07-30 09:23:00,450 [INFO] DbMcusXml:78 - Set database path to: C:\ST\STM32CubeIDE_1.16.0\STM32CubeIDE\plugins\com.st.stm32cube.common.mx_6.15.0.202507011659\\db\/mcu/
2025-07-30 09:23:00,450 [INFO] ApiDb:274 - Set plugin database path to: C:\ST\STM32CubeIDE_1.16.0\STM32CubeIDE\plugins\com.st.stm32cube.common.mx_6.15.0.202507011659\\db\/plugins/boardmanager/
2025-07-30 09:23:00,451 [INFO] ApiDb:261 - Set plugin images path to: C:\ST\STM32CubeIDE_1.16.0\STM32CubeIDE\plugins\com.st.stm32cube.common.mx_6.15.0.202507011659\\db\/plugins/mcufinder/images/
2025-07-30 09:23:00,451 [WARN] DbFile:41 - Overriding database path with different value: C:\Users\nisha\.stmcufinder\plugins\mcufinder/ => C:\Users\nisha\.stmcufinder\plugins\mcufinder
2025-07-30 09:23:00,451 [INFO] ApiDb:250 - Set database path to: C:\Users\nisha\.stmcufinder\plugins\mcufinder//mcu/
2025-07-30 09:23:00,451 [WARN] DbFile:41 - Overriding database path with different value: C:\Users\nisha\.stmcufinder\plugins\mcufinder/ => C:\Users\nisha\.stmcufinder\plugins\mcufinder
2025-07-30 09:23:00,451 [INFO] DbMcusAds:125 - Set database path to: C:\Users\nisha\.stmcufinder\plugins\mcufinder//mcu/
2025-07-30 09:23:00,451 [WARN] DbFile:41 - Overriding database path with different value: C:\Users\nisha\.stmcufinder\plugins\mcufinder/ => C:\Users\nisha\.stmcufinder\plugins\mcufinder
2025-07-30 09:23:00,452 [WARN] DbFile:41 - Overriding database path with different value: C:\Users\nisha\.stmcufinder\plugins\mcufinder/ => C:\Users\nisha\.stmcufinder\plugins\mcufinder
2025-07-30 09:23:00,452 [INFO] CrossReferenceDbSqlite:203 - Set database path to: C:\Users\nisha\.stmcufinder\plugins\mcufinder//mcu/cs/
2025-07-30 09:23:00,482 [INFO] ApplicationProperties:184 - Using Application install path: C:\ST\STM32CubeIDE_1.16.0\STM32CubeIDE\plugins\com.st.stm32cube.common.mx_6.15.0.202507011659
2025-07-30 09:23:00,484 [INFO] PluginManage:196 - Search for loadable plugins [exclusion list=, ]
2025-07-30 09:23:00,486 [INFO] PluginManage:310 - Check plugin analytics
2025-07-30 09:23:00,741 [INFO] AnalyticsPlugin:253 - Accepted Software Licenses: 
2025-07-30 09:23:00,741 [INFO] AnalyticsPlugin:255 - Accepted CMSIS Pack Licenses: 
2025-07-30 09:23:00,742 [INFO] AnalyticsPlugin:257 - Accepted Firmware Licenses: FW.F4.1.28.0
2025-07-30 09:23:00,747 [INFO] PluginManage:359 - Loaded plugin analytics (category:tool,tabindex:-1)
2025-07-30 09:23:00,747 [INFO] PluginManage:310 - Check plugin cadmodel
2025-07-30 09:23:00,767 [INFO] CADModel:105 - Init CAD model plugin
2025-07-30 09:23:00,767 [INFO] PluginManage:359 - Loaded plugin cadmodel (category:power,tabindex:5)
2025-07-30 09:23:00,768 [INFO] PluginManage:310 - Check plugin clock
2025-07-30 09:23:00,793 [INFO] PluginManage:359 - Loaded plugin clock (category:base,tabindex:2)
2025-07-30 09:23:00,794 [INFO] PluginManage:310 - Check plugin ddr
2025-07-30 09:23:00,797 [INFO] PluginManage:359 - Loaded plugin ddr (category:tool,tabindex:6)
2025-07-30 09:23:00,798 [INFO] PluginManage:310 - Check plugin filemanager
2025-07-30 09:23:00,964 [INFO] PluginManage:359 - Loaded plugin filemanager (category:base,tabindex:10)
2025-07-30 09:23:00,964 [INFO] PluginManage:310 - Check plugin ipmanager
2025-07-30 09:23:00,970 [INFO] PluginManage:359 - Loaded plugin ipmanager (category:base,tabindex:5)
2025-07-30 09:23:00,970 [INFO] PluginManage:310 - Check plugin lpbam
2025-07-30 09:23:00,989 [INFO] PluginManage:359 - Loaded plugin lpbam (category:base,tabindex:0)
2025-07-30 09:23:00,990 [INFO] PluginManage:310 - Check plugin memorymap
2025-07-30 09:23:01,015 [INFO] PluginManage:359 - Loaded plugin memorymap (category:base,tabindex:4)
2025-07-30 09:23:01,015 [INFO] PluginManage:310 - Check plugin pinoutandconfiguration
2025-07-30 09:23:01,034 [INFO] PluginManage:359 - Loaded plugin pinoutandconfiguration (category:base,tabindex:1)
2025-07-30 09:23:01,034 [INFO] PluginManage:310 - Check plugin pinoutconfig
2025-07-30 09:23:01,180 [WARN] SupportedApi:132 - Cannot load RTOS API schema: s4s-elt-must-match.1: The content of 'definitions' must match (annotation?, (simpleType | complexType)?, (unique | key | keyref)*)). A problem was found starting at: attribute.
2025-07-30 09:23:01,317 [INFO] PluginManage:359 - Loaded plugin pinoutconfig (category:base,tabindex:0)
2025-07-30 09:23:01,318 [INFO] PluginManage:310 - Check plugin power
2025-07-30 09:23:01,341 [INFO] PluginManage:359 - Loaded plugin power (category:power,tabindex:4)
2025-07-30 09:23:01,341 [INFO] PluginManage:310 - Check plugin projectmanager
2025-07-30 09:23:01,358 [INFO] PluginManage:359 - Loaded plugin projectmanager (category:projectmanager,tabindex:4)
2025-07-30 09:23:01,359 [INFO] PluginManage:310 - Check plugin rif
2025-07-30 09:23:01,378 [INFO] PluginManage:359 - Loaded plugin rif (category:base,tabindex:3)
2025-07-30 09:23:01,378 [INFO] PluginManage:310 - Check plugin thirdparty
2025-07-30 09:23:01,705 [INFO] PluginManage:359 - Loaded plugin thirdparty (category:base,tabindex:-1)
2025-07-30 09:23:01,705 [WARN] IntegrityCheckThread:84 - waiting for thirdparty lock release [integrity check]
2025-07-30 09:23:01,705 [INFO] PluginManage:310 - Check plugin tools
2025-07-30 09:23:01,705 [INFO] IntegrityCheckThread:86 - entering critical section [integrity check]
2025-07-30 09:23:01,706 [INFO] ThirdPartyUpdaterWithRetryManager:70 - Updater plugin not ready yet. [1/15]
2025-07-30 09:23:01,741 [INFO] PluginManage:359 - Loaded plugin tools (category:base,tabindex:7)
2025-07-30 09:23:01,742 [INFO] PluginManage:310 - Check plugin tutovideos
2025-07-30 09:23:02,040 [INFO] PluginManage:359 - Loaded plugin tutovideos (category:base,tabindex:-1)
2025-07-30 09:23:02,040 [INFO] PluginManage:310 - Check plugin updater
2025-07-30 09:23:02,061 [INFO] PluginManage:359 - Loaded plugin updater (category:base,tabindex:12)
2025-07-30 09:23:02,061 [INFO] PluginManage:310 - Check plugin userauth
2025-07-30 09:23:02,066 [INFO] UserAuth:118 - Init User Auth plugin
2025-07-30 09:23:02,067 [INFO] PluginManage:359 - Loaded plugin userauth (category:base,tabindex:14)
2025-07-30 09:23:02,067 [INFO] PluginManage:283 - PluginManage : Loaded plugins [18]
2025-07-30 09:23:02,423 [INFO] PinOutPanel:1589 - setPackage(No Configuration,No Configuration)
2025-07-30 09:23:02,543 [INFO] CADModel:165 - CPN selected for project level
2025-07-30 09:23:02,543 [INFO] CADModel:114 - Register for checkConnection events
2025-07-30 09:23:02,579 [INFO] IPUIPlugin:80 - create IPUIPlugin
2025-07-30 09:23:02,580 [INFO] PluginManager:220 - loadIPPluginJar : add adc
2025-07-30 09:23:02,622 [INFO] IPUIPlugin:80 - create IPUIPlugin
2025-07-30 09:23:02,622 [INFO] PluginManager:220 - loadIPPluginJar : add aes
2025-07-30 09:23:02,667 [INFO] IPUIPlugin:80 - create IPUIPlugin
2025-07-30 09:23:02,667 [INFO] PluginManager:220 - loadIPPluginJar : add can
2025-07-30 09:23:02,694 [INFO] IPUIPlugin:80 - create IPUIPlugin
2025-07-30 09:23:02,694 [INFO] PluginManager:220 - loadIPPluginJar : add comp
2025-07-30 09:23:02,728 [INFO] IPUIPlugin:80 - create IPUIPlugin
2025-07-30 09:23:02,728 [INFO] PluginManager:220 - loadIPPluginJar : add cryp
2025-07-30 09:23:02,741 [INFO] IPUIPlugin:80 - create IPUIPlugin
2025-07-30 09:23:02,741 [INFO] PluginManager:220 - loadIPPluginJar : add ddr_ctrl_phy
2025-07-30 09:23:02,770 [INFO] IPUIPlugin:80 - create IPUIPlugin
2025-07-30 09:23:02,770 [INFO] PluginManager:220 - loadIPPluginJar : add dfsdm
2025-07-30 09:23:02,784 [INFO] IPUIPlugin:80 - create IPUIPlugin
2025-07-30 09:23:02,784 [INFO] PluginManager:220 - loadIPPluginJar : add dma
2025-07-30 09:23:02,818 [INFO] IPUIPlugin:80 - create IPUIPlugin
2025-07-30 09:23:02,818 [INFO] PluginManager:220 - loadIPPluginJar : add dma3
2025-07-30 09:23:02,857 [INFO] IPUIPlugin:80 - create IPUIPlugin
2025-07-30 09:23:02,858 [INFO] PluginManager:220 - loadIPPluginJar : add extmemmanager
2025-07-30 09:23:02,879 [INFO] IPUIPlugin:80 - create IPUIPlugin
2025-07-30 09:23:02,879 [INFO] PluginManager:220 - loadIPPluginJar : add fatfs
2025-07-30 09:23:02,919 [INFO] IPUIPlugin:80 - create IPUIPlugin
2025-07-30 09:23:02,919 [INFO] PluginManager:220 - loadIPPluginJar : add fmc
2025-07-30 09:23:02,934 [INFO] IPUIPlugin:80 - create IPUIPlugin
2025-07-30 09:23:02,934 [INFO] PluginManager:220 - loadIPPluginJar : add freertos
2025-07-30 09:23:02,953 [INFO] IPUIPlugin:80 - create IPUIPlugin
2025-07-30 09:23:02,953 [INFO] PluginManager:220 - loadIPPluginJar : add genericplugin
2025-07-30 09:23:03,026 [INFO] IPUIPlugin:80 - create IPUIPlugin
2025-07-30 09:23:03,026 [INFO] PluginManager:220 - loadIPPluginJar : add gfxmmu
2025-07-30 09:23:03,127 [INFO] IPUIPlugin:80 - create IPUIPlugin
2025-07-30 09:23:03,127 [INFO] PluginManager:220 - loadIPPluginJar : add gic
2025-07-30 09:23:03,140 [INFO] IPUIPlugin:80 - create IPUIPlugin
2025-07-30 09:23:03,141 [INFO] PluginManager:220 - loadIPPluginJar : add gpio
2025-07-30 09:23:03,212 [INFO] IPUIPlugin:80 - create IPUIPlugin
2025-07-30 09:23:03,212 [INFO] PluginManager:220 - loadIPPluginJar : add gtzc
2025-07-30 09:23:03,240 [INFO] IPUIPlugin:80 - create IPUIPlugin
2025-07-30 09:23:03,240 [INFO] PluginManager:220 - loadIPPluginJar : add hash
2025-07-30 09:23:03,292 [INFO] IPUIPlugin:80 - create IPUIPlugin
2025-07-30 09:23:03,292 [INFO] PluginManager:220 - loadIPPluginJar : add i2c
2025-07-30 09:23:03,336 [INFO] IPUIPlugin:80 - create IPUIPlugin
2025-07-30 09:23:03,336 [INFO] PluginManager:220 - loadIPPluginJar : add i2s
2025-07-30 09:23:03,377 [INFO] IPUIPlugin:80 - create IPUIPlugin
2025-07-30 09:23:03,377 [INFO] PluginManager:220 - loadIPPluginJar : add i3c
2025-07-30 09:23:03,458 [INFO] IPUIPlugin:80 - create IPUIPlugin
2025-07-30 09:23:03,458 [INFO] PluginManager:220 - loadIPPluginJar : add ipddr
2025-07-30 09:23:03,535 [INFO] IPUIPlugin:80 - create IPUIPlugin
2025-07-30 09:23:03,537 [INFO] PluginManager:220 - loadIPPluginJar : add linkedlist
2025-07-30 09:23:03,571 [INFO] IPUIPlugin:80 - create IPUIPlugin
2025-07-30 09:23:03,571 [INFO] PluginManager:220 - loadIPPluginJar : add lorawan
2025-07-30 09:23:03,605 [INFO] IPUIPlugin:80 - create IPUIPlugin
2025-07-30 09:23:03,605 [INFO] PluginManager:220 - loadIPPluginJar : add ltdc
2025-07-30 09:23:03,618 [INFO] IPUIPlugin:80 - create IPUIPlugin
2025-07-30 09:23:03,619 [INFO] PluginManager:220 - loadIPPluginJar : add mdma
2025-07-30 09:23:03,631 [INFO] IPUIPlugin:80 - create IPUIPlugin
2025-07-30 09:23:03,631 [INFO] PluginManager:220 - loadIPPluginJar : add nvic
2025-07-30 09:23:03,672 [INFO] IPUIPlugin:80 - create IPUIPlugin
2025-07-30 09:23:03,672 [INFO] PluginManager:220 - loadIPPluginJar : add opamp
2025-07-30 09:23:03,728 [INFO] IPUIPlugin:80 - create IPUIPlugin
2025-07-30 09:23:03,728 [INFO] PluginManager:220 - loadIPPluginJar : add openamp
2025-07-30 09:23:03,772 [INFO] IPUIPlugin:80 - create IPUIPlugin
2025-07-30 09:23:03,772 [INFO] PluginManager:220 - loadIPPluginJar : add pdm2pcm
2025-07-30 09:23:03,785 [INFO] IPUIPlugin:80 - create IPUIPlugin
2025-07-30 09:23:03,787 [INFO] PluginManager:220 - loadIPPluginJar : add plateformsettings
2025-07-30 09:23:03,807 [INFO] IPUIPlugin:80 - create IPUIPlugin
2025-07-30 09:23:03,807 [INFO] PluginManager:220 - loadIPPluginJar : add quadspi
2025-07-30 09:23:03,829 [INFO] IPUIPlugin:80 - create IPUIPlugin
2025-07-30 09:23:03,830 [INFO] PluginManager:220 - loadIPPluginJar : add radio
2025-07-30 09:23:03,843 [INFO] IPUIPlugin:80 - create IPUIPlugin
2025-07-30 09:23:03,843 [INFO] PluginManager:220 - loadIPPluginJar : add resmgrutility
2025-07-30 09:23:03,886 [INFO] IPUIPlugin:80 - create IPUIPlugin
2025-07-30 09:23:03,886 [INFO] PluginManager:220 - loadIPPluginJar : add sai
2025-07-30 09:23:03,922 [INFO] IPUIPlugin:80 - create IPUIPlugin
2025-07-30 09:23:03,922 [INFO] PluginManager:220 - loadIPPluginJar : add spi
2025-07-30 09:23:03,985 [INFO] IPUIPlugin:80 - create IPUIPlugin
2025-07-30 09:23:03,985 [INFO] PluginManager:220 - loadIPPluginJar : add stm32_wpan
2025-07-30 09:23:04,008 [INFO] IPUIPlugin:80 - create IPUIPlugin
2025-07-30 09:23:04,008 [INFO] PluginManager:220 - loadIPPluginJar : add tim
2025-07-30 09:23:04,056 [INFO] IPUIPlugin:80 - create IPUIPlugin
2025-07-30 09:23:04,056 [INFO] PluginManager:220 - loadIPPluginJar : add touchsensing
2025-07-30 09:23:04,076 [INFO] IPUIPlugin:80 - create IPUIPlugin
2025-07-30 09:23:04,076 [INFO] PluginManager:220 - loadIPPluginJar : add tracer_emb
2025-07-30 09:23:04,097 [INFO] IPUIPlugin:80 - create IPUIPlugin
2025-07-30 09:23:04,098 [INFO] PluginManager:220 - loadIPPluginJar : add ts
2025-07-30 09:23:04,120 [INFO] IPUIPlugin:80 - create IPUIPlugin
2025-07-30 09:23:04,120 [INFO] PluginManager:220 - loadIPPluginJar : add tsc
2025-07-30 09:23:04,141 [INFO] IPUIPlugin:80 - create IPUIPlugin
2025-07-30 09:23:04,141 [INFO] PluginManager:220 - loadIPPluginJar : add ucpd
2025-07-30 09:23:04,176 [INFO] IPUIPlugin:80 - create IPUIPlugin
2025-07-30 09:23:04,176 [INFO] PluginManager:220 - loadIPPluginJar : add usart
2025-07-30 09:23:04,212 [INFO] IPUIPlugin:80 - create IPUIPlugin
2025-07-30 09:23:04,212 [INFO] PluginManager:220 - loadIPPluginJar : add usbx
2025-07-30 09:23:04,346 [FATAL] Updater:351 - Updater called before beeing initialized
2025-07-30 09:23:04,393 [INFO] RulesReader:64 - Compatibility file has been processed (317 Rules)
2025-07-30 09:23:04,406 [INFO] RulesReader:64 - Compatibility file has been processed (317 Rules)
2025-07-30 09:23:04,418 [INFO] CADModel:165 - CPN selected for project level
2025-07-30 09:23:04,418 [INFO] CADModel:114 - Register for checkConnection events
2025-07-30 09:23:04,418 [FATAL] Updater:351 - Updater called before beeing initialized
2025-07-30 09:23:04,418 [ERROR] CADModel:125 - Updater not yet initialized, retry later 
2025-07-30 09:23:04,602 [FATAL] Updater:351 - Updater called before beeing initialized
2025-07-30 09:23:04,605 [INFO] CADModel:165 - CPN selected for project level
2025-07-30 09:23:04,605 [INFO] CADModel:114 - Register for checkConnection events
2025-07-30 09:23:04,605 [FATAL] Updater:351 - Updater called before beeing initialized
2025-07-30 09:23:04,605 [ERROR] CADModel:125 - Updater not yet initialized, retry later 
2025-07-30 09:23:04,634 [FATAL] Updater:351 - Updater called before beeing initialized
2025-07-30 09:23:04,707 [INFO] ThirdPartyUpdaterWithRetryManager:70 - Updater plugin not ready yet. [2/15]
2025-07-30 09:23:04,752 [FATAL] Updater:351 - Updater called before beeing initialized
2025-07-30 09:23:04,763 [INFO] DbMcusAds:53 - JSON generation date=Tue Jul 08 13:44:23 IST 2025 (1751962463562)
2025-07-30 09:23:04,763 [FATAL] Updater:351 - Updater called before beeing initialized
2025-07-30 09:23:04,831 [WARN] DetailPanel:346 - Failed to get advertising image, set to default
2025-07-30 09:23:04,930 [FATAL] Updater:351 - Updater called before beeing initialized
2025-07-30 09:23:04,933 [FATAL] Updater:351 - Updater called before beeing initialized
2025-07-30 09:23:04,934 [FATAL] Updater:351 - Updater called before beeing initialized
2025-07-30 09:23:04,934 [WARN] DetailPanel:346 - Failed to get advertising image, set to default
2025-07-30 09:23:04,934 [FATAL] Updater:351 - Updater called before beeing initialized
2025-07-30 09:23:05,017 [ERROR] Updater:1198 - MainUpdater not yet initialized. External WinMGr cannot be set.
2025-07-30 09:23:05,032 [INFO] Updater:1134 - Updater Version found : 6.15.0
2025-07-30 09:23:05,059 [INFO] ApplicationProperties:184 - Using Application install path: C:\ST\STM32CubeIDE_1.16.0\STM32CubeIDE\plugins\com.st.stm32cube.common.mx_6.15.0.202507011659
2025-07-30 09:23:06,928 [ERROR] LogOutputStream:75 - [STDERR_REDIRECT] Jul 30, 2025 9:23:06 AM java.util.prefs.WindowsPreferences <init>
2025-07-30 09:23:06,930 [ERROR] LogOutputStream:75 - [STDERR_REDIRECT] WARNING: Could not open/create prefs root node Software\JavaSoft\Prefs at root 0xffffffff80000002. Windows RegCreateKeyEx(...) returned error code 5.
2025-07-30 09:23:06,930 [ERROR] LogOutputStream:75 - [STDERR_REDIRECT] 
2025-07-30 09:23:07,708 [FATAL] Updater:351 - Updater called before beeing initialized
2025-07-30 09:23:07,708 [ERROR] IntegrityCheckThread:130 - Cannot retrieve database content from updater: error 21
2025-07-30 09:23:07,709 [INFO] ThirdParty:978 - Integrity check success = false
2025-07-30 09:23:07,709 [INFO] IntegrityCheckThread:100 - exiting critical section [integrity check]
2025-07-30 09:23:07,709 [INFO] IntegrityCheckThread:103 - End integrity checks thread
2025-07-30 09:23:07,784 [INFO] MainUpdater:2872 - connection check result : 10
2025-07-30 09:23:07,785 [INFO] MainUpdater:289 - Updater Check For Update Now.
2025-07-30 09:23:07,785 [INFO] MicroXplorer:498 - Change Database Version : DB.6.0.150
2025-07-30 09:23:07,810 [INFO] McuFinderGlobals:63 - Set McuFinder mode to 2 (CubeIDE integrated)
2025-07-30 09:23:07,819 [INFO] UserAuth:487 - Internet connection configuration mode: 1
2025-07-30 09:23:07,872 [INFO] JxBrowserEngine:152 - Initiate JxBrowser Engine with user profile folder
2025-07-30 09:23:07,995 [INFO] CheckServerUpdateThread:120 - End of CheckServer Thread
2025-07-30 09:23:09,566 [INFO] WebApp:169 - Instantiating new browser for Auth
2025-07-30 09:23:10,278 [INFO] WebApp:463 - Apply proxy settings
2025-07-30 09:23:10,279 [INFO] WebApp:548 - Chromium requires no authentication
2025-07-30 09:23:10,290 [INFO] WebApp:491 - Direct internet connection detected
2025-07-30 09:23:10,327 [INFO] WebApp:900 - Register for checkConnection events
2025-07-30 09:23:10,327 [INFO] WebApp:463 - Apply proxy settings
2025-07-30 09:23:10,327 [INFO] WebApp:548 - Chromium requires no authentication
2025-07-30 09:23:10,328 [INFO] WebApp:491 - Direct internet connection detected
2025-07-30 09:23:10,510 [INFO] WebApp:225 - Starting web application
2025-07-30 09:23:10,510 [INFO] WebApp:593 - Web application path used C:\ST\STM32CubeIDE_1.16.0\STM32CubeIDE\plugins\com.st.stm32cube.common.mx_6.15.0.202507011659\db\plugins\mcufinder\reactClient1\index.html
2025-07-30 09:23:10,621 [INFO] UserAuth:487 - Internet connection configuration mode: 1
2025-07-30 09:23:11,967 [INFO] WebApp:191 - Connection restablished
2025-07-30 14:01:12,871 [INFO] WebApp:194 - Connection lost
2025-07-30 14:02:42,359 [INFO] WebApp:191 - Connection restablished
2025-07-30 14:02:48,179 [INFO] WebApp:194 - Connection lost
2025-07-30 14:02:48,468 [INFO] WebApp:191 - Connection restablished
2025-07-30 14:03:08,119 [INFO] WebApp:194 - Connection lost
2025-07-30 14:03:30,293 [INFO] WebApp:191 - Connection restablished
2025-07-30 14:05:30,144 [INFO] WebApp:194 - Connection lost
2025-07-30 14:05:30,543 [INFO] WebApp:191 - Connection restablished
2025-07-30 14:57:30,822 [INFO] WebApp:194 - Connection lost
2025-07-30 14:57:31,188 [INFO] WebApp:191 - Connection restablished
2025-07-30 15:07:08,637 [INFO] WebApp:194 - Connection lost
2025-07-30 15:07:08,980 [INFO] WebApp:191 - Connection restablished
2025-07-30 16:33:31,024 [INFO] WebApp:194 - Connection lost
2025-07-30 16:33:41,471 [INFO] WebApp:191 - Connection restablished
2025-07-30 16:33:43,385 [INFO] WebApp:194 - Connection lost
2025-07-30 16:33:43,601 [INFO] WebApp:191 - Connection restablished
2025-07-30 16:56:52,049 [INFO] WebApp:194 - Connection lost
2025-07-30 16:56:52,471 [INFO] WebApp:191 - Connection restablished
2025-07-30 16:59:22,893 [INFO] WebApp:194 - Connection lost
2025-07-30 16:59:23,229 [INFO] WebApp:191 - Connection restablished
2025-07-30 16:59:27,233 [INFO] WebApp:194 - Connection lost
2025-07-30 17:13:46,489 [INFO] WebApp:191 - Connection restablished
2025-07-30 17:13:50,812 [INFO] WebApp:194 - Connection lost
2025-07-30 17:13:51,070 [INFO] WebApp:191 - Connection restablished
2025-07-30 18:20:55,564 [INFO] WebApp:194 - Connection lost
2025-07-30 22:03:12,061 [INFO] WebApp:191 - Connection restablished
2025-07-30 22:03:14,920 [INFO] WebApp:194 - Connection lost
2025-07-30 22:03:15,257 [INFO] WebApp:191 - Connection restablished
2025-07-30 22:50:33,061 [ERROR] LogOutputStream:75 - [STDERR_REDIRECT] 
