2025-06-28 00:02:54,172 [INFO] WebApp:194 - Connection lost
2025-06-28 00:03:28,295 [INFO] WebApp:191 - Connection restablished
2025-06-28 00:14:11,623 [INFO] WebApp:403 - JxBrowser engine has been closed 
2025-06-28 16:22:47,893 [INFO] Activator:176 - 


2025-06-28 16:22:47,895 [INFO] Activator:177 - !SESSION log4j initialized
2025-06-28 16:22:59,250 [INFO] LogOutputStream:77 - [STDOUT_REDIRECT] 
2025-06-28 16:23:05,433 [INFO] ApplicationProperties:184 - Using Application install path: C:\ST\STM32CubeIDE_1.16.0\STM32CubeIDE\plugins\com.st.stm32cube.common.mx_6.14.1.202504091515
2025-06-28 16:23:05,462 [INFO] DbMcusXml:78 - Set database path to: C:\ST\STM32CubeIDE_1.16.0\STM32CubeIDE\plugins\com.st.stm32cube.common.mx_6.14.1.202504091515\\db\/mcu/
2025-06-28 16:23:05,463 [INFO] ApiDb:274 - Set plugin database path to: C:\ST\STM32CubeIDE_1.16.0\STM32CubeIDE\plugins\com.st.stm32cube.common.mx_6.14.1.202504091515\\db\/plugins/boardmanager/
2025-06-28 16:23:05,463 [WARN] ApiDb:259 - Overriding images path with different value:  => C:\ST\STM32CubeIDE_1.16.0\STM32CubeIDE\plugins\com.st.stm32cube.common.mx_6.14.1.202504091515\\db\/plugins/mcufinder/images/
2025-06-28 16:23:05,480 [INFO] ApiDb:250 - Set database path to: C:\Users\nisha\.stmcufinder\plugins\mcufinder//mcu/
2025-06-28 16:23:05,481 [INFO] DbMcusAds:125 - Set database path to: C:\Users\nisha\.stmcufinder\plugins\mcufinder//mcu/
2025-06-28 16:23:05,485 [INFO] CrossReferenceDbSqlite:203 - Set database path to: C:\Users\nisha\.stmcufinder\plugins\mcufinder//mcu/cs/
2025-06-28 16:23:05,659 [INFO] RulesReader:64 - Compatibility file has been processed (302 Rules)
2025-06-28 16:23:05,803 [INFO] DbMcusXml:78 - Set database path to: C:\ST\STM32CubeIDE_1.16.0\STM32CubeIDE\plugins\com.st.stm32cube.common.mx_6.14.1.202504091515\\db\/mcu/
2025-06-28 16:23:05,803 [INFO] ApiDb:274 - Set plugin database path to: C:\ST\STM32CubeIDE_1.16.0\STM32CubeIDE\plugins\com.st.stm32cube.common.mx_6.14.1.202504091515\\db\/plugins/boardmanager/
2025-06-28 16:23:05,803 [INFO] ApiDb:261 - Set plugin images path to: C:\ST\STM32CubeIDE_1.16.0\STM32CubeIDE\plugins\com.st.stm32cube.common.mx_6.14.1.202504091515\\db\/plugins/mcufinder/images/
2025-06-28 16:23:05,804 [WARN] DbFile:41 - Overriding database path with different value: C:\Users\nisha\.stmcufinder\plugins\mcufinder/ => C:\Users\nisha\.stmcufinder\plugins\mcufinder
2025-06-28 16:23:05,804 [INFO] ApiDb:250 - Set database path to: C:\Users\nisha\.stmcufinder\plugins\mcufinder//mcu/
2025-06-28 16:23:05,804 [WARN] DbFile:41 - Overriding database path with different value: C:\Users\nisha\.stmcufinder\plugins\mcufinder/ => C:\Users\nisha\.stmcufinder\plugins\mcufinder
2025-06-28 16:23:05,804 [INFO] DbMcusAds:125 - Set database path to: C:\Users\nisha\.stmcufinder\plugins\mcufinder//mcu/
2025-06-28 16:23:05,804 [WARN] DbFile:41 - Overriding database path with different value: C:\Users\nisha\.stmcufinder\plugins\mcufinder/ => C:\Users\nisha\.stmcufinder\plugins\mcufinder
2025-06-28 16:23:05,804 [WARN] DbFile:41 - Overriding database path with different value: C:\Users\nisha\.stmcufinder\plugins\mcufinder/ => C:\Users\nisha\.stmcufinder\plugins\mcufinder
2025-06-28 16:23:05,804 [INFO] CrossReferenceDbSqlite:203 - Set database path to: C:\Users\nisha\.stmcufinder\plugins\mcufinder//mcu/cs/
2025-06-28 16:23:05,912 [INFO] MainPanel:272 - HeapMemory: 268435456
2025-06-28 16:23:06,150 [INFO] DbMcusXml:78 - Set database path to: C:\ST\STM32CubeIDE_1.16.0\STM32CubeIDE\plugins\com.st.stm32cube.common.mx_6.14.1.202504091515\\db\/mcu/
2025-06-28 16:23:06,150 [INFO] ApiDb:274 - Set plugin database path to: C:\ST\STM32CubeIDE_1.16.0\STM32CubeIDE\plugins\com.st.stm32cube.common.mx_6.14.1.202504091515\\db\/plugins/boardmanager/
2025-06-28 16:23:06,150 [INFO] ApiDb:261 - Set plugin images path to: C:\ST\STM32CubeIDE_1.16.0\STM32CubeIDE\plugins\com.st.stm32cube.common.mx_6.14.1.202504091515\\db\/plugins/mcufinder/images/
2025-06-28 16:23:06,150 [WARN] DbFile:41 - Overriding database path with different value: C:\Users\nisha\.stmcufinder\plugins\mcufinder/ => C:\Users\nisha\.stmcufinder\plugins\mcufinder
2025-06-28 16:23:06,150 [INFO] ApiDb:250 - Set database path to: C:\Users\nisha\.stmcufinder\plugins\mcufinder//mcu/
2025-06-28 16:23:06,151 [WARN] DbFile:41 - Overriding database path with different value: C:\Users\nisha\.stmcufinder\plugins\mcufinder/ => C:\Users\nisha\.stmcufinder\plugins\mcufinder
2025-06-28 16:23:06,151 [INFO] DbMcusAds:125 - Set database path to: C:\Users\nisha\.stmcufinder\plugins\mcufinder//mcu/
2025-06-28 16:23:06,151 [WARN] DbFile:41 - Overriding database path with different value: C:\Users\nisha\.stmcufinder\plugins\mcufinder/ => C:\Users\nisha\.stmcufinder\plugins\mcufinder
2025-06-28 16:23:06,151 [WARN] DbFile:41 - Overriding database path with different value: C:\Users\nisha\.stmcufinder\plugins\mcufinder/ => C:\Users\nisha\.stmcufinder\plugins\mcufinder
2025-06-28 16:23:06,151 [INFO] CrossReferenceDbSqlite:203 - Set database path to: C:\Users\nisha\.stmcufinder\plugins\mcufinder//mcu/cs/
2025-06-28 16:23:06,197 [INFO] ApplicationProperties:184 - Using Application install path: C:\ST\STM32CubeIDE_1.16.0\STM32CubeIDE\plugins\com.st.stm32cube.common.mx_6.14.1.202504091515
2025-06-28 16:23:06,200 [INFO] PluginManage:196 - Search for loadable plugins [exclusion list=, ]
2025-06-28 16:23:06,204 [INFO] PluginManage:310 - Check plugin analytics
2025-06-28 16:23:06,612 [INFO] AnalyticsPlugin:253 - Accepted Software Licenses: 
2025-06-28 16:23:06,612 [INFO] AnalyticsPlugin:255 - Accepted CMSIS Pack Licenses: 
2025-06-28 16:23:06,613 [INFO] AnalyticsPlugin:257 - Accepted Firmware Licenses: FW.F4.1.28.0
2025-06-28 16:23:06,619 [INFO] PluginManage:359 - Loaded plugin analytics (category:tool,tabindex:-1)
2025-06-28 16:23:06,620 [INFO] PluginManage:310 - Check plugin cadmodel
2025-06-28 16:23:06,650 [INFO] CADModel:105 - Init CAD model plugin
2025-06-28 16:23:06,650 [INFO] PluginManage:359 - Loaded plugin cadmodel (category:power,tabindex:5)
2025-06-28 16:23:06,651 [INFO] PluginManage:310 - Check plugin clock
2025-06-28 16:23:06,686 [INFO] PluginManage:359 - Loaded plugin clock (category:base,tabindex:2)
2025-06-28 16:23:06,686 [INFO] PluginManage:310 - Check plugin ddr
2025-06-28 16:23:06,689 [INFO] PluginManage:359 - Loaded plugin ddr (category:tool,tabindex:6)
2025-06-28 16:23:06,690 [INFO] PluginManage:310 - Check plugin filemanager
2025-06-28 16:23:06,887 [INFO] PluginManage:359 - Loaded plugin filemanager (category:base,tabindex:10)
2025-06-28 16:23:06,887 [INFO] PluginManage:310 - Check plugin ipmanager
2025-06-28 16:23:06,896 [INFO] PluginManage:359 - Loaded plugin ipmanager (category:base,tabindex:5)
2025-06-28 16:23:06,897 [INFO] PluginManage:310 - Check plugin lpbam
2025-06-28 16:23:06,925 [INFO] PluginManage:359 - Loaded plugin lpbam (category:base,tabindex:0)
2025-06-28 16:23:06,925 [INFO] PluginManage:310 - Check plugin memorymap
2025-06-28 16:23:06,973 [INFO] PluginManage:359 - Loaded plugin memorymap (category:base,tabindex:4)
2025-06-28 16:23:06,973 [INFO] PluginManage:310 - Check plugin pinoutandconfiguration
2025-06-28 16:23:07,008 [INFO] PluginManage:359 - Loaded plugin pinoutandconfiguration (category:base,tabindex:1)
2025-06-28 16:23:07,009 [INFO] PluginManage:310 - Check plugin pinoutconfig
2025-06-28 16:23:07,224 [WARN] SupportedApi:132 - Cannot load RTOS API schema: s4s-elt-must-match.1: The content of 'definitions' must match (annotation?, (simpleType | complexType)?, (unique | key | keyref)*)). A problem was found starting at: attribute.
2025-06-28 16:23:07,445 [INFO] PluginManage:359 - Loaded plugin pinoutconfig (category:base,tabindex:0)
2025-06-28 16:23:07,445 [INFO] PluginManage:310 - Check plugin power
2025-06-28 16:23:07,488 [INFO] PluginManage:359 - Loaded plugin power (category:power,tabindex:4)
2025-06-28 16:23:07,488 [INFO] PluginManage:310 - Check plugin projectmanager
2025-06-28 16:23:07,522 [INFO] PluginManage:359 - Loaded plugin projectmanager (category:projectmanager,tabindex:4)
2025-06-28 16:23:07,523 [INFO] PluginManage:310 - Check plugin rif
2025-06-28 16:23:07,559 [INFO] PluginManage:359 - Loaded plugin rif (category:base,tabindex:3)
2025-06-28 16:23:07,559 [INFO] PluginManage:310 - Check plugin thirdparty
2025-06-28 16:23:08,026 [INFO] PluginManage:359 - Loaded plugin thirdparty (category:base,tabindex:-1)
2025-06-28 16:23:08,026 [WARN] IntegrityCheckThread:84 - waiting for thirdparty lock release [integrity check]
2025-06-28 16:23:08,027 [INFO] PluginManage:310 - Check plugin tools
2025-06-28 16:23:08,027 [INFO] IntegrityCheckThread:86 - entering critical section [integrity check]
2025-06-28 16:23:08,027 [INFO] ThirdPartyUpdaterWithRetryManager:70 - Updater plugin not ready yet. [1/15]
2025-06-28 16:23:08,068 [INFO] PluginManage:359 - Loaded plugin tools (category:base,tabindex:7)
2025-06-28 16:23:08,068 [INFO] PluginManage:310 - Check plugin tutovideos
2025-06-28 16:23:08,376 [INFO] PluginManage:359 - Loaded plugin tutovideos (category:base,tabindex:-1)
2025-06-28 16:23:08,376 [INFO] PluginManage:310 - Check plugin updater
2025-06-28 16:23:08,410 [INFO] PluginManage:359 - Loaded plugin updater (category:base,tabindex:12)
2025-06-28 16:23:08,411 [INFO] PluginManage:310 - Check plugin userauth
2025-06-28 16:23:08,417 [INFO] UserAuth:118 - Init User Auth plugin
2025-06-28 16:23:08,418 [INFO] PluginManage:359 - Loaded plugin userauth (category:base,tabindex:14)
2025-06-28 16:23:08,419 [INFO] PluginManage:283 - PluginManage : Loaded plugins [18]
2025-06-28 16:23:08,714 [INFO] PinOutPanel:1589 - setPackage(No Configuration,No Configuration)
2025-06-28 16:23:08,855 [INFO] CADModel:165 - CPN selected for project level
2025-06-28 16:23:08,855 [INFO] CADModel:114 - Register for checkConnection events
2025-06-28 16:23:08,906 [INFO] IPUIPlugin:80 - create IPUIPlugin
2025-06-28 16:23:08,906 [INFO] PluginManager:220 - loadIPPluginJar : add adc
2025-06-28 16:23:08,959 [INFO] IPUIPlugin:80 - create IPUIPlugin
2025-06-28 16:23:08,959 [INFO] PluginManager:220 - loadIPPluginJar : add aes
2025-06-28 16:23:08,996 [INFO] IPUIPlugin:80 - create IPUIPlugin
2025-06-28 16:23:08,996 [INFO] PluginManager:220 - loadIPPluginJar : add can
2025-06-28 16:23:09,018 [INFO] IPUIPlugin:80 - create IPUIPlugin
2025-06-28 16:23:09,018 [INFO] PluginManager:220 - loadIPPluginJar : add comp
2025-06-28 16:23:09,047 [INFO] IPUIPlugin:80 - create IPUIPlugin
2025-06-28 16:23:09,047 [INFO] PluginManager:220 - loadIPPluginJar : add cryp
2025-06-28 16:23:09,060 [INFO] IPUIPlugin:80 - create IPUIPlugin
2025-06-28 16:23:09,060 [INFO] PluginManager:220 - loadIPPluginJar : add ddr_ctrl_phy
2025-06-28 16:23:09,096 [INFO] IPUIPlugin:80 - create IPUIPlugin
2025-06-28 16:23:09,096 [INFO] PluginManager:220 - loadIPPluginJar : add dfsdm
2025-06-28 16:23:09,117 [INFO] IPUIPlugin:80 - create IPUIPlugin
2025-06-28 16:23:09,117 [INFO] PluginManager:220 - loadIPPluginJar : add dma
2025-06-28 16:23:09,186 [INFO] IPUIPlugin:80 - create IPUIPlugin
2025-06-28 16:23:09,186 [INFO] PluginManager:220 - loadIPPluginJar : add dma3
2025-06-28 16:23:09,253 [INFO] IPUIPlugin:80 - create IPUIPlugin
2025-06-28 16:23:09,253 [INFO] PluginManager:220 - loadIPPluginJar : add extmemmanager
2025-06-28 16:23:09,294 [INFO] IPUIPlugin:80 - create IPUIPlugin
2025-06-28 16:23:09,294 [INFO] PluginManager:220 - loadIPPluginJar : add fatfs
2025-06-28 16:23:09,394 [INFO] IPUIPlugin:80 - create IPUIPlugin
2025-06-28 16:23:09,394 [INFO] PluginManager:220 - loadIPPluginJar : add fmc
2025-06-28 16:23:09,427 [INFO] IPUIPlugin:80 - create IPUIPlugin
2025-06-28 16:23:09,428 [INFO] PluginManager:220 - loadIPPluginJar : add freertos
2025-06-28 16:23:09,459 [INFO] IPUIPlugin:80 - create IPUIPlugin
2025-06-28 16:23:09,459 [INFO] PluginManager:220 - loadIPPluginJar : add genericplugin
2025-06-28 16:23:09,553 [INFO] IPUIPlugin:80 - create IPUIPlugin
2025-06-28 16:23:09,553 [INFO] PluginManager:220 - loadIPPluginJar : add gfxmmu
2025-06-28 16:23:09,703 [INFO] IPUIPlugin:80 - create IPUIPlugin
2025-06-28 16:23:09,703 [INFO] PluginManager:220 - loadIPPluginJar : add gic
2025-06-28 16:23:09,718 [INFO] IPUIPlugin:80 - create IPUIPlugin
2025-06-28 16:23:09,719 [INFO] PluginManager:220 - loadIPPluginJar : add gpio
2025-06-28 16:23:09,852 [INFO] IPUIPlugin:80 - create IPUIPlugin
2025-06-28 16:23:09,852 [INFO] PluginManager:220 - loadIPPluginJar : add gtzc
2025-06-28 16:23:09,905 [INFO] IPUIPlugin:80 - create IPUIPlugin
2025-06-28 16:23:09,905 [INFO] PluginManager:220 - loadIPPluginJar : add hash
2025-06-28 16:23:09,956 [INFO] IPUIPlugin:80 - create IPUIPlugin
2025-06-28 16:23:09,956 [INFO] PluginManager:220 - loadIPPluginJar : add i2c
2025-06-28 16:23:10,013 [INFO] IPUIPlugin:80 - create IPUIPlugin
2025-06-28 16:23:10,014 [INFO] PluginManager:220 - loadIPPluginJar : add i2s
2025-06-28 16:23:10,053 [INFO] IPUIPlugin:80 - create IPUIPlugin
2025-06-28 16:23:10,054 [INFO] PluginManager:220 - loadIPPluginJar : add i3c
2025-06-28 16:23:10,142 [INFO] IPUIPlugin:80 - create IPUIPlugin
2025-06-28 16:23:10,143 [INFO] PluginManager:220 - loadIPPluginJar : add ipddr
2025-06-28 16:23:10,237 [INFO] IPUIPlugin:80 - create IPUIPlugin
2025-06-28 16:23:10,238 [INFO] PluginManager:220 - loadIPPluginJar : add linkedlist
2025-06-28 16:23:10,270 [INFO] IPUIPlugin:80 - create IPUIPlugin
2025-06-28 16:23:10,270 [INFO] PluginManager:220 - loadIPPluginJar : add lorawan
2025-06-28 16:23:10,302 [INFO] IPUIPlugin:80 - create IPUIPlugin
2025-06-28 16:23:10,302 [INFO] PluginManager:220 - loadIPPluginJar : add ltdc
2025-06-28 16:23:10,315 [INFO] IPUIPlugin:80 - create IPUIPlugin
2025-06-28 16:23:10,315 [INFO] PluginManager:220 - loadIPPluginJar : add mdma
2025-06-28 16:23:10,327 [INFO] IPUIPlugin:80 - create IPUIPlugin
2025-06-28 16:23:10,327 [INFO] PluginManager:220 - loadIPPluginJar : add nvic
2025-06-28 16:23:10,359 [INFO] IPUIPlugin:80 - create IPUIPlugin
2025-06-28 16:23:10,360 [INFO] PluginManager:220 - loadIPPluginJar : add opamp
2025-06-28 16:23:10,415 [INFO] IPUIPlugin:80 - create IPUIPlugin
2025-06-28 16:23:10,415 [INFO] PluginManager:220 - loadIPPluginJar : add openamp
2025-06-28 16:23:10,465 [INFO] IPUIPlugin:80 - create IPUIPlugin
2025-06-28 16:23:10,465 [INFO] PluginManager:220 - loadIPPluginJar : add pdm2pcm
2025-06-28 16:23:10,484 [INFO] IPUIPlugin:80 - create IPUIPlugin
2025-06-28 16:23:10,486 [INFO] PluginManager:220 - loadIPPluginJar : add plateformsettings
2025-06-28 16:23:10,520 [INFO] IPUIPlugin:80 - create IPUIPlugin
2025-06-28 16:23:10,520 [INFO] PluginManager:220 - loadIPPluginJar : add quadspi
2025-06-28 16:23:10,557 [INFO] IPUIPlugin:80 - create IPUIPlugin
2025-06-28 16:23:10,558 [INFO] PluginManager:220 - loadIPPluginJar : add radio
2025-06-28 16:23:10,576 [INFO] IPUIPlugin:80 - create IPUIPlugin
2025-06-28 16:23:10,576 [INFO] PluginManager:220 - loadIPPluginJar : add resmgrutility
2025-06-28 16:23:10,634 [INFO] IPUIPlugin:80 - create IPUIPlugin
2025-06-28 16:23:10,634 [INFO] PluginManager:220 - loadIPPluginJar : add sai
2025-06-28 16:23:10,693 [INFO] IPUIPlugin:80 - create IPUIPlugin
2025-06-28 16:23:10,694 [INFO] PluginManager:220 - loadIPPluginJar : add spi
2025-06-28 16:23:10,761 [INFO] IPUIPlugin:80 - create IPUIPlugin
2025-06-28 16:23:10,761 [INFO] PluginManager:220 - loadIPPluginJar : add stm32_wpan
2025-06-28 16:23:10,786 [INFO] IPUIPlugin:80 - create IPUIPlugin
2025-06-28 16:23:10,786 [INFO] PluginManager:220 - loadIPPluginJar : add tim
2025-06-28 16:23:10,862 [INFO] IPUIPlugin:80 - create IPUIPlugin
2025-06-28 16:23:10,863 [INFO] PluginManager:220 - loadIPPluginJar : add touchsensing
2025-06-28 16:23:10,892 [INFO] IPUIPlugin:80 - create IPUIPlugin
2025-06-28 16:23:10,892 [INFO] PluginManager:220 - loadIPPluginJar : add tracer_emb
2025-06-28 16:23:10,927 [INFO] IPUIPlugin:80 - create IPUIPlugin
2025-06-28 16:23:10,927 [INFO] PluginManager:220 - loadIPPluginJar : add ts
2025-06-28 16:23:10,956 [INFO] IPUIPlugin:80 - create IPUIPlugin
2025-06-28 16:23:10,956 [INFO] PluginManager:220 - loadIPPluginJar : add tsc
2025-06-28 16:23:10,986 [INFO] IPUIPlugin:80 - create IPUIPlugin
2025-06-28 16:23:10,986 [INFO] PluginManager:220 - loadIPPluginJar : add ucpd
2025-06-28 16:23:11,028 [INFO] ThirdPartyUpdaterWithRetryManager:70 - Updater plugin not ready yet. [2/15]
2025-06-28 16:23:11,040 [INFO] IPUIPlugin:80 - create IPUIPlugin
2025-06-28 16:23:11,040 [INFO] PluginManager:220 - loadIPPluginJar : add usart
2025-06-28 16:23:11,089 [INFO] IPUIPlugin:80 - create IPUIPlugin
2025-06-28 16:23:11,089 [INFO] PluginManager:220 - loadIPPluginJar : add usbx
2025-06-28 16:23:11,245 [FATAL] Updater:351 - Updater called before beeing initialized
2025-06-28 16:23:11,318 [INFO] RulesReader:64 - Compatibility file has been processed (302 Rules)
2025-06-28 16:23:11,338 [INFO] RulesReader:64 - Compatibility file has been processed (302 Rules)
2025-06-28 16:23:11,369 [INFO] CADModel:165 - CPN selected for project level
2025-06-28 16:23:11,369 [INFO] CADModel:114 - Register for checkConnection events
2025-06-28 16:23:11,370 [FATAL] Updater:351 - Updater called before beeing initialized
2025-06-28 16:23:11,370 [ERROR] CADModel:125 - Updater not yet initialized, retry later 
2025-06-28 16:23:11,665 [FATAL] Updater:351 - Updater called before beeing initialized
2025-06-28 16:23:11,668 [INFO] CADModel:165 - CPN selected for project level
2025-06-28 16:23:11,668 [INFO] CADModel:114 - Register for checkConnection events
2025-06-28 16:23:11,669 [FATAL] Updater:351 - Updater called before beeing initialized
2025-06-28 16:23:11,669 [ERROR] CADModel:125 - Updater not yet initialized, retry later 
2025-06-28 16:23:11,674 [FATAL] Updater:351 - Updater called before beeing initialized
2025-06-28 16:23:11,927 [FATAL] Updater:351 - Updater called before beeing initialized
2025-06-28 16:23:11,950 [INFO] DbMcusAds:53 - JSON generation date=Thu Jun 19 14:02:34 IST 2025 (1750321954415)
2025-06-28 16:23:11,950 [FATAL] Updater:351 - Updater called before beeing initialized
2025-06-28 16:23:12,032 [WARN] DetailPanel:346 - Failed to get advertising image, set to default
2025-06-28 16:23:12,279 [FATAL] Updater:351 - Updater called before beeing initialized
2025-06-28 16:23:12,283 [FATAL] Updater:351 - Updater called before beeing initialized
2025-06-28 16:23:12,283 [FATAL] Updater:351 - Updater called before beeing initialized
2025-06-28 16:23:12,283 [WARN] DetailPanel:346 - Failed to get advertising image, set to default
2025-06-28 16:23:12,285 [FATAL] Updater:351 - Updater called before beeing initialized
2025-06-28 16:23:12,370 [ERROR] Updater:1198 - MainUpdater not yet initialized. External WinMGr cannot be set.
2025-06-28 16:23:12,387 [INFO] Updater:1134 - Updater Version found : 6.14.1
2025-06-28 16:23:12,425 [INFO] ApplicationProperties:184 - Using Application install path: C:\ST\STM32CubeIDE_1.16.0\STM32CubeIDE\plugins\com.st.stm32cube.common.mx_6.14.1.202504091515
2025-06-28 16:23:14,025 [ERROR] LogOutputStream:75 - [STDERR_REDIRECT] Jun 28, 2025 4:23:14 PM java.util.prefs.WindowsPreferences <init>
2025-06-28 16:23:14,029 [INFO] ThirdPartyUpdaterWithRetryManager:70 - Updater plugin not ready yet. [3/15]
2025-06-28 16:23:14,029 [ERROR] LogOutputStream:75 - [STDERR_REDIRECT] WARNING: Could not open/create prefs root node Software\JavaSoft\Prefs at root 0xffffffff80000002. Windows RegCreateKeyEx(...) returned error code 5.
2025-06-28 16:23:14,029 [ERROR] LogOutputStream:75 - [STDERR_REDIRECT] 
2025-06-28 16:23:15,160 [INFO] MainUpdater:2872 - connection check result : 10
2025-06-28 16:23:15,162 [INFO] MainUpdater:289 - Updater Check For Update Now.
2025-06-28 16:23:15,162 [INFO] MicroXplorer:498 - Change Database Version : DB.6.0.141
2025-06-28 16:23:15,203 [INFO] McuFinderGlobals:63 - Set McuFinder mode to 2 (CubeIDE integrated)
2025-06-28 16:23:15,213 [INFO] UserAuth:484 - Internet connection configuration mode: 1
2025-06-28 16:23:15,280 [INFO] JxBrowserEngine:152 - Initiate JxBrowser Engine with user profile folder
2025-06-28 16:23:15,429 [INFO] CheckServerUpdateThread:120 - End of CheckServer Thread
2025-06-28 16:23:17,597 [INFO] WebApp:169 - Instantiating new browser for Auth
2025-06-28 16:23:17,598 [WARN] PackLoader:240 - Cannot read IP mode file for STMicroelectronics.FP-SNS-MOTENVWB1.1.4.0
2025-06-28 16:23:17,634 [WARN] PackLoader:240 - Cannot read IP mode file for STMicroelectronics.X-CUBE-SMBUS.2.1.0
2025-06-28 16:23:17,669 [WARN] PackLoader:240 - Cannot read IP mode file for STMicroelectronics.X-CUBE-WB05N.1.1.0
2025-06-28 16:23:17,693 [WARN] PackLoader:240 - Cannot read IP mode file for STMicroelectronics.X-CUBE-ST60.1.0.0
2025-06-28 16:23:17,761 [WARN] PackLoader:240 - Cannot read IP mode file for STMicroelectronics.X-CUBE-AZRTOS-F7.1.1.0
2025-06-28 16:23:17,856 [WARN] PackLoader:240 - Cannot read IP mode file for STMicroelectronics.X-CUBE-MEMS1.11.0.0
2025-06-28 16:23:18,061 [WARN] PackLoader:240 - Cannot read IP mode file for STMicroelectronics.FP-SNS-FLIGHT1.5.0.2
2025-06-28 16:23:18,158 [WARN] PackLoader:240 - Cannot read IP mode file for STMicroelectronics.X-CUBE-DISPLAY.3.0.0
2025-06-28 16:23:18,193 [WARN] PackLoader:240 - Cannot read IP mode file for STMicroelectronics.X-CUBE-BLE1.7.0.0
2025-06-28 16:23:18,216 [WARN] PackLoader:240 - Cannot read IP mode file for STMicroelectronics.X-CUBE-NFC10.1.0.0
2025-06-28 16:23:18,241 [WARN] PackLoader:240 - Cannot read IP mode file for emotas.I-CUBE-CANOPEN.1.3.0
2025-06-28 16:23:18,265 [WARN] PackLoader:240 - Cannot read IP mode file for STMicroelectronics.X-CUBE-BLEMGR.3.1.0
2025-06-28 16:23:18,286 [WARN] PackLoader:240 - Cannot read IP mode file for STMicroelectronics.FP-SNS-SMARTAG2.1.2.0
2025-06-28 16:23:18,305 [WARN] PackLoader:240 - Cannot read IP mode file for STMicroelectronics.FP-SNS-FLIGHT1.5.1.0
2025-06-28 16:23:18,337 [INFO] LogOutputStream:77 - [STDOUT_REDIRECT] 1 : Invalid condition id : UX_CORESTACK_Condition cause : null
2025-06-28 16:23:18,340 [INFO] LogOutputStream:77 - [STDOUT_REDIRECT] 1 : Invalid condition id : UX_CORESTACK_Condition cause : null
2025-06-28 16:23:18,342 [INFO] LogOutputStream:77 - [STDOUT_REDIRECT] 1 : Invalid condition id : UX_CORESTACK_Condition cause : null
2025-06-28 16:23:18,344 [INFO] LogOutputStream:77 - [STDOUT_REDIRECT] 1 : Invalid condition id : UX_CORESTACK_Condition cause : null
2025-06-28 16:23:18,349 [INFO] LogOutputStream:77 - [STDOUT_REDIRECT] 1 : Invalid condition id : UX_CORESTACK_Condition cause : null
2025-06-28 16:23:18,354 [WARN] PackLoader:240 - Cannot read IP mode file for STMicroelectronics.X-CUBE-AZRTOS-WL.2.0.0
2025-06-28 16:23:18,379 [WARN] PackLoader:240 - Cannot read IP mode file for STMicroelectronics.FP-SNS-MOTENV1.5.0.0
2025-06-28 16:23:18,408 [WARN] PackLoader:240 - Cannot read IP mode file for wolfSSL.I-CUBE-wolfMQTT.1.19.0
2025-06-28 16:23:18,454 [WARN] PackLoader:240 - Cannot read IP mode file for WES.I-CUBE-Cesium.1.3.0
2025-06-28 16:23:18,478 [WARN] PackLoader:240 - Cannot read IP mode file for STMicroelectronics.X-CUBE-BLE2.3.3.0
2025-06-28 16:23:18,504 [WARN] PackLoader:240 - Cannot read IP mode file for STMicroelectronics.X-CUBE-NFC9.1.0.0
2025-06-28 16:23:18,524 [WARN] PackLoader:240 - Cannot read IP mode file for STMicroelectronics.X-CUBE-BLE1.7.1.0
2025-06-28 16:23:18,546 [WARN] PackLoader:240 - Cannot read IP mode file for STMicroelectronics.X-CUBE-TCPP.4.1.0
2025-06-28 16:23:18,570 [WARN] PackLoader:240 - Cannot read IP mode file for STMicroelectronics.X-CUBE-AI.10.1.0
2025-06-28 16:23:18,611 [WARN] PackLoader:240 - Cannot read IP mode file for STMicroelectronics.X-CUBE-AZRTOS-G0.1.1.0
2025-06-28 16:23:18,635 [WARN] PackLoader:240 - Cannot read IP mode file for STMicroelectronics.X-CUBE-SAFEA1.1.2.2
2025-06-28 16:23:18,656 [WARN] PackLoader:240 - Cannot read IP mode file for STMicroelectronics.X-CUBE-NFC4.3.0.0
2025-06-28 16:23:18,686 [WARN] PackLoader:240 - Cannot read IP mode file for EmbeddedOffice.I-CUBE-FS-RTOS.1.0.1
2025-06-28 16:23:18,712 [WARN] PackLoader:240 - Cannot read IP mode file for STMicroelectronics.X-CUBE-WB05N.2.0.0
2025-06-28 16:23:18,735 [WARN] PackLoader:240 - Cannot read IP mode file for STMicroelectronics.X-CUBE-TCPP.4.2.0
2025-06-28 16:23:18,758 [WARN] PackLoader:240 - Cannot read IP mode file for RealThread.X-CUBE-RT-Thread_Nano.4.1.1
2025-06-28 16:23:18,776 [WARN] PackLoader:240 - Cannot read IP mode file for wolfSSL.I-CUBE-wolfSSL.5.7.0
2025-06-28 16:23:18,800 [WARN] PackLoader:240 - Cannot read IP mode file for STMicroelectronics.FP-ATR-SIGFOX1.3.2.0
2025-06-28 16:23:18,823 [WARN] ConditionMgr:438 - getConditionDescription Invalid condition id : Cortex-A Device cause : null
2025-06-28 16:23:18,868 [WARN] ConditionMgr:1044 - genDependencies : Invalid condition id : Cortex-A Device cause : null
2025-06-28 16:23:18,868 [WARN] ConditionMgr:1044 - genDependencies : Invalid condition id : Cortex-A Device cause : null
2025-06-28 16:23:18,868 [WARN] ConditionMgr:1044 - genDependencies : Invalid condition id : Cortex-A Device cause : null
2025-06-28 16:23:18,888 [WARN] PackLoader:240 - Cannot read IP mode file for STMicroelectronics.X-CUBE-EEPRMA1.5.1.0
2025-06-28 16:23:18,915 [WARN] PackLoader:240 - Cannot read IP mode file for ITTIA_DB.I-CUBE-ITTIADB.8.9.0
2025-06-28 16:23:18,949 [WARN] PackLoader:240 - Cannot read IP mode file for STMicroelectronics.X-CUBE-ST67W61.1.0.0
2025-06-28 16:23:19,013 [WARN] PackLoader:240 - Cannot read IP mode file for SEGGER.I-CUBE-embOS.1.3.1
2025-06-28 16:23:19,093 [WARN] PackLoader:240 - Cannot read IP mode file for STMicroelectronics.X-CUBE-ALGOBUILD.1.4.0
2025-06-28 16:23:19,157 [WARN] PackLoader:240 - Cannot read IP mode file for STMicroelectronics.X-CUBE-MEMS1.11.3.0
2025-06-28 16:23:19,291 [WARN] PackLoader:240 - Cannot read IP mode file for STMicroelectronics.X-CUBE-AI.9.1.0
2025-06-28 16:23:19,310 [WARN] PackLoader:240 - Cannot read IP mode file for STMicroelectronics.X-CUBE-PM33A1.1.0.0
2025-06-28 16:23:19,331 [WARN] PackLoader:240 - Cannot read IP mode file for STMicroelectronics.X-CUBE-GNSS1.6.0.0
2025-06-28 16:23:19,367 [WARN] PackLoader:240 - Cannot read IP mode file for STMicroelectronics.X-CUBE-AZRTOS-F4.1.1.0
2025-06-28 16:23:19,399 [WARN] PackLoader:240 - Cannot read IP mode file for Avnet-IotConnect.X-CUBE-IoTC-DA16k-PMOD.1.0.0
2025-06-28 16:23:19,422 [WARN] PackLoader:240 - Cannot read IP mode file for STMicroelectronics.X-CUBE-ISPU.2.1.0
2025-06-28 16:23:19,449 [WARN] PackLoader:240 - Cannot read IP mode file for STMicroelectronics.X-CUBE-FREERTOS.1.2.0
2025-06-28 16:23:19,497 [WARN] PackLoader:240 - Cannot read IP mode file for STMicroelectronics.X-CUBE-AZRTOS-L5.2.0.0
2025-06-28 16:23:19,527 [WARN] PackLoader:240 - Cannot read IP mode file for STMicroelectronics.X-CUBE-NFC6.3.1.0
2025-06-28 16:23:19,558 [WARN] PackLoader:240 - Cannot read IP mode file for STMicroelectronics.X-CUBE-DPower.1.2.0
2025-06-28 16:23:19,579 [WARN] PackLoader:240 - Cannot read IP mode file for STMicroelectronics.X-CUBE-AI.9.0.0
2025-06-28 16:23:19,599 [WARN] PackLoader:240 - Cannot read IP mode file for STMicroelectronics.X-CUBE-FREERTOS.1.3.1
2025-06-28 16:23:19,618 [WARN] PackLoader:240 - Cannot read IP mode file for STMicroelectronics.X-CUBE-NFC7.1.0.1
2025-06-28 16:23:19,647 [WARN] PackLoader:240 - Cannot read IP mode file for wolfSSL.I-CUBE-wolfTPM.3.2.0
2025-06-28 16:23:19,678 [WARN] PackLoader:240 - Cannot read IP mode file for STMicroelectronics.FP-SNS-STAIOTCFT.1.0.0
2025-06-28 16:23:19,723 [WARN] PackLoader:240 - Cannot read IP mode file for STMicroelectronics.X-CUBE-DPower.1.3.0
2025-06-28 16:23:19,793 [WARN] ConditionMgr:438 - getConditionDescription Invalid condition id : LAN8742 Phy interface Condition cause : null
2025-06-28 16:23:19,794 [WARN] PackLoader:240 - Cannot read IP mode file for STMicroelectronics.X-CUBE-AZRTOS-L4.2.0.0
2025-06-28 16:23:19,795 [WARN] ConditionMgr:1044 - genDependencies : Invalid condition id : LAN8742 Phy interface Condition cause : null
2025-06-28 16:23:19,795 [WARN] ConditionMgr:1044 - genDependencies : Invalid condition id : LAN8742 Phy interface Condition cause : null
2025-06-28 16:23:19,796 [WARN] ConditionMgr:1044 - genDependencies : Invalid condition id : LAN8742 Phy interface Condition cause : null
2025-06-28 16:23:19,825 [WARN] PackLoader:240 - Cannot read IP mode file for STMicroelectronics.X-CUBE-SFXS2LP1.4.0.0
2025-06-28 16:23:19,863 [WARN] PackLoader:240 - Cannot read IP mode file for STMicroelectronics.X-CUBE-AZRTOS-H7.3.3.0
2025-06-28 16:23:19,898 [WARN] PackLoader:240 - Cannot read IP mode file for STMicroelectronics.X-CUBE-IPS.3.0.0
2025-06-28 16:23:19,932 [WARN] ConditionMgr:438 - getConditionDescription Invalid condition id : UX DEVICE CLASS RTOS Condition cause : null
2025-06-28 16:23:19,932 [WARN] ConditionMgr:438 - getConditionDescription Invalid condition id : UX DEVICE CLASS RTOS Condition cause : null
2025-06-28 16:23:19,934 [WARN] PackLoader:240 - Cannot read IP mode file for STMicroelectronics.X-CUBE-AZRTOS-WB.2.0.0
2025-06-28 16:23:19,935 [WARN] ConditionMgr:1044 - genDependencies : Invalid condition id : UX DEVICE CLASS RTOS Condition cause : null
2025-06-28 16:23:19,935 [WARN] ConditionMgr:1044 - genDependencies : Invalid condition id : UX DEVICE CLASS RTOS Condition cause : null
2025-06-28 16:23:19,935 [WARN] ConditionMgr:1044 - genDependencies : Invalid condition id : UX DEVICE CLASS RTOS Condition cause : null
2025-06-28 16:23:19,935 [WARN] ConditionMgr:1044 - genDependencies : Invalid condition id : UX DEVICE CLASS RTOS Condition cause : null
2025-06-28 16:23:19,935 [WARN] ConditionMgr:1044 - genDependencies : Invalid condition id : UX DEVICE CLASS RTOS Condition cause : null
2025-06-28 16:23:19,956 [WARN] PackLoader:240 - Cannot read IP mode file for STMicroelectronics.X-CUBE-GNSS1.7.0.0
2025-06-28 16:23:19,978 [WARN] PackLoader:240 - Cannot read IP mode file for STMicroelectronics.X-CUBE-GNSS1.7.0.1
2025-06-28 16:23:20,005 [WARN] PackLoader:240 - Cannot read IP mode file for STMicroelectronics.X-CUBE-TOUCHGFX.4.25.0
2025-06-28 16:23:20,026 [WARN] PackLoader:240 - Cannot read IP mode file for STMicroelectronics.FP-SNS-STBOX1.2.0.0
2025-06-28 16:23:20,051 [WARN] PackLoader:240 - Cannot read IP mode file for STMicroelectronics.X-CUBE-SUBG2.5.0.0
2025-06-28 16:23:20,096 [WARN] PackLoader:240 - Cannot read IP mode file for STMicroelectronics.X-CUBE-AZRTOS-H7RS.1.1.0
2025-06-28 16:23:20,126 [WARN] PackLoader:240 - Cannot read IP mode file for Cesanta.I-CUBE-Mongoose.7.13.0
2025-06-28 16:23:20,162 [WARN] PackLoader:240 - Cannot read IP mode file for STMicroelectronics.X-CUBE-AZRTOS-G4.2.0.0
2025-06-28 16:23:20,181 [WARN] PackLoader:240 - Cannot read IP mode file for STMicroelectronics.X-CUBE-NFC7.2.0.0
2025-06-28 16:23:20,199 [WARN] PackLoader:240 - Cannot read IP mode file for STMicroelectronics.X-CUBE-ISPU.2.0.0
2025-06-28 16:23:20,225 [WARN] PackLoader:240 - Cannot read IP mode file for STMicroelectronics.X-CUBE-IPS.3.1.0
2025-06-28 16:23:20,248 [WARN] PackLoader:240 - Cannot read IP mode file for STMicroelectronics.X-CUBE-ALS.1.0.2
2025-06-28 16:23:20,299 [WARN] PackLoader:240 - Cannot read IP mode file for STMicroelectronics.X-CUBE-MEMS1.10.0.0
2025-06-28 16:23:20,400 [WARN] PackLoader:240 - Cannot read IP mode file for STMicroelectronics.X-CUBE-TOUCHGFX.4.24.0
2025-06-28 16:23:20,421 [WARN] PackLoader:240 - Cannot read IP mode file for STMicroelectronics.X-CUBE-TOUCHGFX.4.24.1
2025-06-28 16:23:20,440 [WARN] PackLoader:240 - Cannot read IP mode file for portGmbH.I-Cube-SoM-uGOAL.1.1.0
2025-06-28 16:23:20,477 [WARN] PackLoader:240 - Cannot read IP mode file for STMicroelectronics.X-CUBE-AZRTOS-H7RS.1.0.0
2025-06-28 16:23:20,497 [WARN] PackLoader:240 - Cannot read IP mode file for STMicroelectronics.FP-ATR-ASTRA1.2.0.0
2025-06-28 16:23:20,526 [WARN] PackLoader:240 - Cannot read IP mode file for STMicroelectronics.X-CUBE-TOF1.3.4.2
2025-06-28 16:23:20,556 [WARN] PackLoader:240 - Cannot read IP mode file for STMicroelectronics.X-CUBE-TOF1.3.4.3
2025-06-28 16:23:20,590 [WARN] PackLoader:240 - Cannot read IP mode file for STMicroelectronics.X-CUBE-TOF1.3.4.1
2025-06-28 16:23:20,645 [WARN] PackLoader:240 - Cannot read IP mode file for STMicroelectronics.X-CUBE-AZRTOS-H7.3.2.0
2025-06-28 16:23:20,682 [WARN] PackLoader:240 - Cannot read IP mode file for Infineon.AIROC-Wi-Fi-Bluetooth-STM32.1.6.0
2025-06-28 16:23:20,711 [WARN] PackLoader:240 - Cannot read IP mode file for wolfSSL.I-CUBE-wolfSSH.1.4.17
2025-06-28 16:23:20,712 [INFO] ThirdParty:978 - Integrity check success = true
2025-06-28 16:23:20,712 [INFO] IntegrityCheckThread:100 - exiting critical section [integrity check]
2025-06-28 16:23:20,712 [INFO] IntegrityCheckThread:103 - End integrity checks thread
2025-06-28 16:23:21,307 [INFO] WebApp:463 - Apply proxy settings
2025-06-28 16:23:21,308 [INFO] WebApp:548 - Chromium requires no authentication
2025-06-28 16:23:21,320 [INFO] WebApp:491 - Direct internet connection detected
2025-06-28 16:23:21,359 [INFO] WebApp:894 - Register for checkConnection events
2025-06-28 16:23:21,359 [INFO] WebApp:463 - Apply proxy settings
2025-06-28 16:23:21,359 [INFO] WebApp:548 - Chromium requires no authentication
2025-06-28 16:23:21,360 [INFO] WebApp:491 - Direct internet connection detected
2025-06-28 16:23:21,686 [INFO] WebApp:225 - Starting web application
2025-06-28 16:23:21,687 [INFO] WebApp:593 - Web application path used C:\ST\STM32CubeIDE_1.16.0\STM32CubeIDE\plugins\com.st.stm32cube.common.mx_6.14.1.202504091515\db\plugins\mcufinder\reactClient1\index.html
2025-06-28 16:23:21,842 [INFO] UserAuth:484 - Internet connection configuration mode: 1
2025-06-28 16:23:22,196 [INFO] WebApp:191 - Connection restablished
2025-06-28 17:39:24,410 [INFO] WebApp:194 - Connection lost
2025-06-28 22:53:39,695 [INFO] WebApp:191 - Connection restablished
