2025-07-15 00:43:18,295 [ERROR] LogOutputStream:75 - [STDERR_REDIRECT] 
2025-07-15 10:48:56,493 [INFO] Activator:176 - 


2025-07-15 10:48:56,497 [INFO] Activator:177 - !SESSION log4j initialized
2025-07-15 10:49:10,599 [INFO] LogOutputStream:77 - [STDOUT_REDIRECT] 
2025-07-15 10:49:28,086 [INFO] ApplicationProperties:184 - Using Application install path: C:\ST\STM32CubeIDE_1.16.0\STM32CubeIDE\plugins\com.st.stm32cube.common.mx_6.15.0.202507011659
2025-07-15 10:49:28,129 [INFO] DbMcusXml:78 - Set database path to: C:\ST\STM32CubeIDE_1.16.0\STM32CubeIDE\plugins\com.st.stm32cube.common.mx_6.15.0.202507011659\\db\/mcu/
2025-07-15 10:49:28,131 [INFO] ApiDb:274 - Set plugin database path to: C:\ST\STM32CubeIDE_1.16.0\STM32CubeIDE\plugins\com.st.stm32cube.common.mx_6.15.0.202507011659\\db\/plugins/boardmanager/
2025-07-15 10:49:28,131 [WARN] ApiDb:259 - Overriding images path with different value:  => C:\ST\STM32CubeIDE_1.16.0\STM32CubeIDE\plugins\com.st.stm32cube.common.mx_6.15.0.202507011659\\db\/plugins/mcufinder/images/
2025-07-15 10:49:28,150 [INFO] ApiDb:250 - Set database path to: C:\Users\nisha\.stmcufinder\plugins\mcufinder//mcu/
2025-07-15 10:49:28,156 [INFO] DbMcusAds:125 - Set database path to: C:\Users\nisha\.stmcufinder\plugins\mcufinder//mcu/
2025-07-15 10:49:28,333 [INFO] CrossReferenceDbSqlite:203 - Set database path to: C:\Users\nisha\.stmcufinder\plugins\mcufinder//mcu/cs/
2025-07-15 10:49:28,640 [INFO] RulesReader:64 - Compatibility file has been processed (317 Rules)
2025-07-15 10:49:28,883 [INFO] DbMcusXml:78 - Set database path to: C:\ST\STM32CubeIDE_1.16.0\STM32CubeIDE\plugins\com.st.stm32cube.common.mx_6.15.0.202507011659\\db\/mcu/
2025-07-15 10:49:28,883 [INFO] ApiDb:274 - Set plugin database path to: C:\ST\STM32CubeIDE_1.16.0\STM32CubeIDE\plugins\com.st.stm32cube.common.mx_6.15.0.202507011659\\db\/plugins/boardmanager/
2025-07-15 10:49:28,883 [INFO] ApiDb:261 - Set plugin images path to: C:\ST\STM32CubeIDE_1.16.0\STM32CubeIDE\plugins\com.st.stm32cube.common.mx_6.15.0.202507011659\\db\/plugins/mcufinder/images/
2025-07-15 10:49:28,884 [WARN] DbFile:41 - Overriding database path with different value: C:\Users\nisha\.stmcufinder\plugins\mcufinder/ => C:\Users\nisha\.stmcufinder\plugins\mcufinder
2025-07-15 10:49:28,884 [INFO] ApiDb:250 - Set database path to: C:\Users\nisha\.stmcufinder\plugins\mcufinder//mcu/
2025-07-15 10:49:28,885 [WARN] DbFile:41 - Overriding database path with different value: C:\Users\nisha\.stmcufinder\plugins\mcufinder/ => C:\Users\nisha\.stmcufinder\plugins\mcufinder
2025-07-15 10:49:28,885 [INFO] DbMcusAds:125 - Set database path to: C:\Users\nisha\.stmcufinder\plugins\mcufinder//mcu/
2025-07-15 10:49:28,885 [WARN] DbFile:41 - Overriding database path with different value: C:\Users\nisha\.stmcufinder\plugins\mcufinder/ => C:\Users\nisha\.stmcufinder\plugins\mcufinder
2025-07-15 10:49:28,886 [WARN] DbFile:41 - Overriding database path with different value: C:\Users\nisha\.stmcufinder\plugins\mcufinder/ => C:\Users\nisha\.stmcufinder\plugins\mcufinder
2025-07-15 10:49:28,886 [INFO] CrossReferenceDbSqlite:203 - Set database path to: C:\Users\nisha\.stmcufinder\plugins\mcufinder//mcu/cs/
2025-07-15 10:49:29,078 [INFO] MainPanel:274 - HeapMemory: 268435456
2025-07-15 10:49:29,403 [INFO] DbMcusXml:78 - Set database path to: C:\ST\STM32CubeIDE_1.16.0\STM32CubeIDE\plugins\com.st.stm32cube.common.mx_6.15.0.202507011659\\db\/mcu/
2025-07-15 10:49:29,404 [INFO] ApiDb:274 - Set plugin database path to: C:\ST\STM32CubeIDE_1.16.0\STM32CubeIDE\plugins\com.st.stm32cube.common.mx_6.15.0.202507011659\\db\/plugins/boardmanager/
2025-07-15 10:49:29,404 [INFO] ApiDb:261 - Set plugin images path to: C:\ST\STM32CubeIDE_1.16.0\STM32CubeIDE\plugins\com.st.stm32cube.common.mx_6.15.0.202507011659\\db\/plugins/mcufinder/images/
2025-07-15 10:49:29,404 [WARN] DbFile:41 - Overriding database path with different value: C:\Users\nisha\.stmcufinder\plugins\mcufinder/ => C:\Users\nisha\.stmcufinder\plugins\mcufinder
2025-07-15 10:49:29,405 [INFO] ApiDb:250 - Set database path to: C:\Users\nisha\.stmcufinder\plugins\mcufinder//mcu/
2025-07-15 10:49:29,405 [WARN] DbFile:41 - Overriding database path with different value: C:\Users\nisha\.stmcufinder\plugins\mcufinder/ => C:\Users\nisha\.stmcufinder\plugins\mcufinder
2025-07-15 10:49:29,405 [INFO] DbMcusAds:125 - Set database path to: C:\Users\nisha\.stmcufinder\plugins\mcufinder//mcu/
2025-07-15 10:49:29,405 [WARN] DbFile:41 - Overriding database path with different value: C:\Users\nisha\.stmcufinder\plugins\mcufinder/ => C:\Users\nisha\.stmcufinder\plugins\mcufinder
2025-07-15 10:49:29,405 [WARN] DbFile:41 - Overriding database path with different value: C:\Users\nisha\.stmcufinder\plugins\mcufinder/ => C:\Users\nisha\.stmcufinder\plugins\mcufinder
2025-07-15 10:49:29,406 [INFO] CrossReferenceDbSqlite:203 - Set database path to: C:\Users\nisha\.stmcufinder\plugins\mcufinder//mcu/cs/
2025-07-15 10:49:29,454 [INFO] ApplicationProperties:184 - Using Application install path: C:\ST\STM32CubeIDE_1.16.0\STM32CubeIDE\plugins\com.st.stm32cube.common.mx_6.15.0.202507011659
2025-07-15 10:49:29,457 [INFO] PluginManage:196 - Search for loadable plugins [exclusion list=, ]
2025-07-15 10:49:29,460 [INFO] PluginManage:310 - Check plugin analytics
2025-07-15 10:49:30,075 [INFO] AnalyticsPlugin:253 - Accepted Software Licenses: 
2025-07-15 10:49:30,076 [INFO] AnalyticsPlugin:255 - Accepted CMSIS Pack Licenses: 
2025-07-15 10:49:30,076 [INFO] AnalyticsPlugin:257 - Accepted Firmware Licenses: FW.F4.1.28.0
2025-07-15 10:49:30,094 [INFO] PluginManage:359 - Loaded plugin analytics (category:tool,tabindex:-1)
2025-07-15 10:49:30,096 [INFO] PluginManage:310 - Check plugin cadmodel
2025-07-15 10:49:30,145 [INFO] CADModel:105 - Init CAD model plugin
2025-07-15 10:49:30,145 [INFO] PluginManage:359 - Loaded plugin cadmodel (category:power,tabindex:5)
2025-07-15 10:49:30,147 [INFO] PluginManage:310 - Check plugin clock
2025-07-15 10:49:30,254 [INFO] PluginManage:359 - Loaded plugin clock (category:base,tabindex:2)
2025-07-15 10:49:30,255 [INFO] PluginManage:310 - Check plugin ddr
2025-07-15 10:49:30,271 [INFO] PluginManage:359 - Loaded plugin ddr (category:tool,tabindex:6)
2025-07-15 10:49:30,272 [INFO] PluginManage:310 - Check plugin filemanager
2025-07-15 10:49:30,596 [INFO] PluginManage:359 - Loaded plugin filemanager (category:base,tabindex:10)
2025-07-15 10:49:30,596 [INFO] PluginManage:310 - Check plugin ipmanager
2025-07-15 10:49:30,613 [INFO] PluginManage:359 - Loaded plugin ipmanager (category:base,tabindex:5)
2025-07-15 10:49:30,614 [INFO] PluginManage:310 - Check plugin lpbam
2025-07-15 10:49:30,653 [INFO] PluginManage:359 - Loaded plugin lpbam (category:base,tabindex:0)
2025-07-15 10:49:30,653 [INFO] PluginManage:310 - Check plugin memorymap
2025-07-15 10:49:30,766 [INFO] PluginManage:359 - Loaded plugin memorymap (category:base,tabindex:4)
2025-07-15 10:49:30,766 [INFO] PluginManage:310 - Check plugin pinoutandconfiguration
2025-07-15 10:49:30,799 [INFO] PluginManage:359 - Loaded plugin pinoutandconfiguration (category:base,tabindex:1)
2025-07-15 10:49:30,799 [INFO] PluginManage:310 - Check plugin pinoutconfig
2025-07-15 10:49:31,018 [WARN] SupportedApi:132 - Cannot load RTOS API schema: s4s-elt-must-match.1: The content of 'definitions' must match (annotation?, (simpleType | complexType)?, (unique | key | keyref)*)). A problem was found starting at: attribute.
2025-07-15 10:49:31,345 [INFO] PluginManage:359 - Loaded plugin pinoutconfig (category:base,tabindex:0)
2025-07-15 10:49:31,345 [INFO] PluginManage:310 - Check plugin power
2025-07-15 10:49:31,380 [INFO] PluginManage:359 - Loaded plugin power (category:power,tabindex:4)
2025-07-15 10:49:31,380 [INFO] PluginManage:310 - Check plugin projectmanager
2025-07-15 10:49:31,418 [INFO] PluginManage:359 - Loaded plugin projectmanager (category:projectmanager,tabindex:4)
2025-07-15 10:49:31,419 [INFO] PluginManage:310 - Check plugin rif
2025-07-15 10:49:31,475 [INFO] PluginManage:359 - Loaded plugin rif (category:base,tabindex:3)
2025-07-15 10:49:31,476 [INFO] PluginManage:310 - Check plugin thirdparty
2025-07-15 10:49:32,215 [INFO] PluginManage:359 - Loaded plugin thirdparty (category:base,tabindex:-1)
2025-07-15 10:49:32,215 [WARN] IntegrityCheckThread:84 - waiting for thirdparty lock release [integrity check]
2025-07-15 10:49:32,216 [INFO] PluginManage:310 - Check plugin tools
2025-07-15 10:49:32,216 [INFO] IntegrityCheckThread:86 - entering critical section [integrity check]
2025-07-15 10:49:32,216 [INFO] ThirdPartyUpdaterWithRetryManager:70 - Updater plugin not ready yet. [1/15]
2025-07-15 10:49:32,261 [INFO] PluginManage:359 - Loaded plugin tools (category:base,tabindex:7)
2025-07-15 10:49:32,262 [INFO] PluginManage:310 - Check plugin tutovideos
2025-07-15 10:49:32,717 [INFO] PluginManage:359 - Loaded plugin tutovideos (category:base,tabindex:-1)
2025-07-15 10:49:32,717 [INFO] PluginManage:310 - Check plugin updater
2025-07-15 10:49:32,752 [INFO] PluginManage:359 - Loaded plugin updater (category:base,tabindex:12)
2025-07-15 10:49:32,753 [INFO] PluginManage:310 - Check plugin userauth
2025-07-15 10:49:32,760 [INFO] UserAuth:118 - Init User Auth plugin
2025-07-15 10:49:32,761 [INFO] PluginManage:359 - Loaded plugin userauth (category:base,tabindex:14)
2025-07-15 10:49:32,761 [INFO] PluginManage:283 - PluginManage : Loaded plugins [18]
2025-07-15 10:49:33,107 [INFO] PinOutPanel:1589 - setPackage(No Configuration,No Configuration)
2025-07-15 10:49:33,247 [INFO] CADModel:165 - CPN selected for project level
2025-07-15 10:49:33,248 [INFO] CADModel:114 - Register for checkConnection events
2025-07-15 10:49:33,299 [INFO] IPUIPlugin:80 - create IPUIPlugin
2025-07-15 10:49:33,299 [INFO] PluginManager:220 - loadIPPluginJar : add adc
2025-07-15 10:49:33,375 [INFO] IPUIPlugin:80 - create IPUIPlugin
2025-07-15 10:49:33,375 [INFO] PluginManager:220 - loadIPPluginJar : add aes
2025-07-15 10:49:33,433 [INFO] IPUIPlugin:80 - create IPUIPlugin
2025-07-15 10:49:33,433 [INFO] PluginManager:220 - loadIPPluginJar : add can
2025-07-15 10:49:33,459 [INFO] IPUIPlugin:80 - create IPUIPlugin
2025-07-15 10:49:33,459 [INFO] PluginManager:220 - loadIPPluginJar : add comp
2025-07-15 10:49:33,505 [INFO] IPUIPlugin:80 - create IPUIPlugin
2025-07-15 10:49:33,506 [INFO] PluginManager:220 - loadIPPluginJar : add cryp
2025-07-15 10:49:33,531 [INFO] IPUIPlugin:80 - create IPUIPlugin
2025-07-15 10:49:33,531 [INFO] PluginManager:220 - loadIPPluginJar : add ddr_ctrl_phy
2025-07-15 10:49:33,572 [INFO] IPUIPlugin:80 - create IPUIPlugin
2025-07-15 10:49:33,572 [INFO] PluginManager:220 - loadIPPluginJar : add dfsdm
2025-07-15 10:49:33,587 [INFO] IPUIPlugin:80 - create IPUIPlugin
2025-07-15 10:49:33,587 [INFO] PluginManager:220 - loadIPPluginJar : add dma
2025-07-15 10:49:33,628 [INFO] IPUIPlugin:80 - create IPUIPlugin
2025-07-15 10:49:33,629 [INFO] PluginManager:220 - loadIPPluginJar : add dma3
2025-07-15 10:49:33,694 [INFO] IPUIPlugin:80 - create IPUIPlugin
2025-07-15 10:49:33,694 [INFO] PluginManager:220 - loadIPPluginJar : add extmemmanager
2025-07-15 10:49:33,731 [INFO] IPUIPlugin:80 - create IPUIPlugin
2025-07-15 10:49:33,732 [INFO] PluginManager:220 - loadIPPluginJar : add fatfs
2025-07-15 10:49:33,809 [INFO] IPUIPlugin:80 - create IPUIPlugin
2025-07-15 10:49:33,809 [INFO] PluginManager:220 - loadIPPluginJar : add fmc
2025-07-15 10:49:33,833 [INFO] IPUIPlugin:80 - create IPUIPlugin
2025-07-15 10:49:33,833 [INFO] PluginManager:220 - loadIPPluginJar : add freertos
2025-07-15 10:49:33,873 [INFO] IPUIPlugin:80 - create IPUIPlugin
2025-07-15 10:49:33,873 [INFO] PluginManager:220 - loadIPPluginJar : add genericplugin
2025-07-15 10:49:34,039 [INFO] IPUIPlugin:80 - create IPUIPlugin
2025-07-15 10:49:34,039 [INFO] PluginManager:220 - loadIPPluginJar : add gfxmmu
2025-07-15 10:49:34,177 [INFO] IPUIPlugin:80 - create IPUIPlugin
2025-07-15 10:49:34,177 [INFO] PluginManager:220 - loadIPPluginJar : add gic
2025-07-15 10:49:34,197 [INFO] IPUIPlugin:80 - create IPUIPlugin
2025-07-15 10:49:34,198 [INFO] PluginManager:220 - loadIPPluginJar : add gpio
2025-07-15 10:49:34,280 [INFO] IPUIPlugin:80 - create IPUIPlugin
2025-07-15 10:49:34,281 [INFO] PluginManager:220 - loadIPPluginJar : add gtzc
2025-07-15 10:49:34,318 [INFO] IPUIPlugin:80 - create IPUIPlugin
2025-07-15 10:49:34,318 [INFO] PluginManager:220 - loadIPPluginJar : add hash
2025-07-15 10:49:34,370 [INFO] IPUIPlugin:80 - create IPUIPlugin
2025-07-15 10:49:34,370 [INFO] PluginManager:220 - loadIPPluginJar : add i2c
2025-07-15 10:49:34,421 [INFO] IPUIPlugin:80 - create IPUIPlugin
2025-07-15 10:49:34,422 [INFO] PluginManager:220 - loadIPPluginJar : add i2s
2025-07-15 10:49:34,463 [INFO] IPUIPlugin:80 - create IPUIPlugin
2025-07-15 10:49:34,464 [INFO] PluginManager:220 - loadIPPluginJar : add i3c
2025-07-15 10:49:34,558 [INFO] IPUIPlugin:80 - create IPUIPlugin
2025-07-15 10:49:34,559 [INFO] PluginManager:220 - loadIPPluginJar : add ipddr
2025-07-15 10:49:34,645 [INFO] IPUIPlugin:80 - create IPUIPlugin
2025-07-15 10:49:34,645 [INFO] PluginManager:220 - loadIPPluginJar : add linkedlist
2025-07-15 10:49:34,692 [INFO] IPUIPlugin:80 - create IPUIPlugin
2025-07-15 10:49:34,692 [INFO] PluginManager:220 - loadIPPluginJar : add lorawan
2025-07-15 10:49:34,732 [INFO] IPUIPlugin:80 - create IPUIPlugin
2025-07-15 10:49:34,733 [INFO] PluginManager:220 - loadIPPluginJar : add ltdc
2025-07-15 10:49:34,749 [INFO] IPUIPlugin:80 - create IPUIPlugin
2025-07-15 10:49:34,750 [INFO] PluginManager:220 - loadIPPluginJar : add mdma
2025-07-15 10:49:34,763 [INFO] IPUIPlugin:80 - create IPUIPlugin
2025-07-15 10:49:34,763 [INFO] PluginManager:220 - loadIPPluginJar : add nvic
2025-07-15 10:49:34,813 [INFO] IPUIPlugin:80 - create IPUIPlugin
2025-07-15 10:49:34,814 [INFO] PluginManager:220 - loadIPPluginJar : add opamp
2025-07-15 10:49:34,888 [INFO] IPUIPlugin:80 - create IPUIPlugin
2025-07-15 10:49:34,888 [INFO] PluginManager:220 - loadIPPluginJar : add openamp
2025-07-15 10:49:34,943 [INFO] IPUIPlugin:80 - create IPUIPlugin
2025-07-15 10:49:34,944 [INFO] PluginManager:220 - loadIPPluginJar : add pdm2pcm
2025-07-15 10:49:34,958 [INFO] IPUIPlugin:80 - create IPUIPlugin
2025-07-15 10:49:34,960 [INFO] PluginManager:220 - loadIPPluginJar : add plateformsettings
2025-07-15 10:49:34,983 [INFO] IPUIPlugin:80 - create IPUIPlugin
2025-07-15 10:49:34,983 [INFO] PluginManager:220 - loadIPPluginJar : add quadspi
2025-07-15 10:49:35,016 [INFO] IPUIPlugin:80 - create IPUIPlugin
2025-07-15 10:49:35,016 [INFO] PluginManager:220 - loadIPPluginJar : add radio
2025-07-15 10:49:35,033 [INFO] IPUIPlugin:80 - create IPUIPlugin
2025-07-15 10:49:35,033 [INFO] PluginManager:220 - loadIPPluginJar : add resmgrutility
2025-07-15 10:49:35,086 [INFO] IPUIPlugin:80 - create IPUIPlugin
2025-07-15 10:49:35,086 [INFO] PluginManager:220 - loadIPPluginJar : add sai
2025-07-15 10:49:35,127 [INFO] IPUIPlugin:80 - create IPUIPlugin
2025-07-15 10:49:35,127 [INFO] PluginManager:220 - loadIPPluginJar : add spi
2025-07-15 10:49:35,198 [INFO] IPUIPlugin:80 - create IPUIPlugin
2025-07-15 10:49:35,198 [INFO] PluginManager:220 - loadIPPluginJar : add stm32_wpan
2025-07-15 10:49:35,217 [INFO] ThirdPartyUpdaterWithRetryManager:70 - Updater plugin not ready yet. [2/15]
2025-07-15 10:49:35,226 [INFO] IPUIPlugin:80 - create IPUIPlugin
2025-07-15 10:49:35,226 [INFO] PluginManager:220 - loadIPPluginJar : add tim
2025-07-15 10:49:35,294 [INFO] IPUIPlugin:80 - create IPUIPlugin
2025-07-15 10:49:35,295 [INFO] PluginManager:220 - loadIPPluginJar : add touchsensing
2025-07-15 10:49:35,326 [INFO] IPUIPlugin:80 - create IPUIPlugin
2025-07-15 10:49:35,326 [INFO] PluginManager:220 - loadIPPluginJar : add tracer_emb
2025-07-15 10:49:35,361 [INFO] IPUIPlugin:80 - create IPUIPlugin
2025-07-15 10:49:35,361 [INFO] PluginManager:220 - loadIPPluginJar : add ts
2025-07-15 10:49:35,383 [INFO] IPUIPlugin:80 - create IPUIPlugin
2025-07-15 10:49:35,383 [INFO] PluginManager:220 - loadIPPluginJar : add tsc
2025-07-15 10:49:35,414 [INFO] IPUIPlugin:80 - create IPUIPlugin
2025-07-15 10:49:35,414 [INFO] PluginManager:220 - loadIPPluginJar : add ucpd
2025-07-15 10:49:35,459 [INFO] IPUIPlugin:80 - create IPUIPlugin
2025-07-15 10:49:35,459 [INFO] PluginManager:220 - loadIPPluginJar : add usart
2025-07-15 10:49:35,513 [INFO] IPUIPlugin:80 - create IPUIPlugin
2025-07-15 10:49:35,513 [INFO] PluginManager:220 - loadIPPluginJar : add usbx
2025-07-15 10:49:35,677 [FATAL] Updater:351 - Updater called before beeing initialized
2025-07-15 10:49:35,775 [INFO] RulesReader:64 - Compatibility file has been processed (317 Rules)
2025-07-15 10:49:35,786 [INFO] RulesReader:64 - Compatibility file has been processed (317 Rules)
2025-07-15 10:49:35,823 [INFO] CADModel:165 - CPN selected for project level
2025-07-15 10:49:35,824 [INFO] CADModel:114 - Register for checkConnection events
2025-07-15 10:49:35,824 [FATAL] Updater:351 - Updater called before beeing initialized
2025-07-15 10:49:35,825 [ERROR] CADModel:125 - Updater not yet initialized, retry later 
2025-07-15 10:49:36,179 [FATAL] Updater:351 - Updater called before beeing initialized
2025-07-15 10:49:36,183 [INFO] CADModel:165 - CPN selected for project level
2025-07-15 10:49:36,183 [INFO] CADModel:114 - Register for checkConnection events
2025-07-15 10:49:36,183 [FATAL] Updater:351 - Updater called before beeing initialized
2025-07-15 10:49:36,183 [ERROR] CADModel:125 - Updater not yet initialized, retry later 
2025-07-15 10:49:36,190 [FATAL] Updater:351 - Updater called before beeing initialized
2025-07-15 10:49:36,376 [FATAL] Updater:351 - Updater called before beeing initialized
2025-07-15 10:49:36,389 [INFO] DbMcusAds:53 - JSON generation date=Tue Jul 08 13:44:23 IST 2025 (1751962463582)
2025-07-15 10:49:36,389 [FATAL] Updater:351 - Updater called before beeing initialized
2025-07-15 10:49:36,429 [WARN] DetailPanel:346 - Failed to get advertising image, set to default
2025-07-15 10:49:36,511 [FATAL] Updater:351 - Updater called before beeing initialized
2025-07-15 10:49:36,513 [FATAL] Updater:351 - Updater called before beeing initialized
2025-07-15 10:49:36,513 [FATAL] Updater:351 - Updater called before beeing initialized
2025-07-15 10:49:36,513 [WARN] DetailPanel:346 - Failed to get advertising image, set to default
2025-07-15 10:49:36,513 [FATAL] Updater:351 - Updater called before beeing initialized
2025-07-15 10:49:36,586 [ERROR] Updater:1198 - MainUpdater not yet initialized. External WinMGr cannot be set.
2025-07-15 10:49:36,601 [INFO] Updater:1134 - Updater Version found : 6.15.0
2025-07-15 10:49:36,628 [INFO] ApplicationProperties:184 - Using Application install path: C:\ST\STM32CubeIDE_1.16.0\STM32CubeIDE\plugins\com.st.stm32cube.common.mx_6.15.0.202507011659
2025-07-15 10:49:38,219 [INFO] ThirdPartyUpdaterWithRetryManager:70 - Updater plugin not ready yet. [3/15]
2025-07-15 10:49:38,237 [ERROR] LogOutputStream:75 - [STDERR_REDIRECT] Jul 15, 2025 10:49:38 AM java.util.prefs.WindowsPreferences <init>
2025-07-15 10:49:38,241 [ERROR] LogOutputStream:75 - [STDERR_REDIRECT] WARNING: Could not open/create prefs root node Software\JavaSoft\Prefs at root 0xffffffff80000002. Windows RegCreateKeyEx(...) returned error code 5.
2025-07-15 10:49:38,241 [ERROR] LogOutputStream:75 - [STDERR_REDIRECT] 
2025-07-15 10:49:39,619 [INFO] MainUpdater:2872 - connection check result : 10
2025-07-15 10:49:39,620 [INFO] MainUpdater:289 - Updater Check For Update Now.
2025-07-15 10:49:39,620 [INFO] MicroXplorer:498 - Change Database Version : DB.6.0.150
2025-07-15 10:49:39,701 [INFO] McuFinderGlobals:63 - Set McuFinder mode to 2 (CubeIDE integrated)
2025-07-15 10:49:39,713 [INFO] UserAuth:487 - Internet connection configuration mode: 1
2025-07-15 10:49:39,778 [INFO] JxBrowserEngine:152 - Initiate JxBrowser Engine with user profile folder
2025-07-15 10:49:39,942 [INFO] CheckServerUpdateThread:120 - End of CheckServer Thread
2025-07-15 10:49:41,715 [WARN] PackLoader:240 - Cannot read IP mode file for STMicroelectronics.FP-SNS-MOTENVWB1.1.4.0
2025-07-15 10:49:41,744 [WARN] PackLoader:240 - Cannot read IP mode file for STMicroelectronics.X-CUBE-SMBUS.2.1.0
2025-07-15 10:49:41,771 [WARN] PackLoader:240 - Cannot read IP mode file for STMicroelectronics.X-CUBE-WB05N.1.1.0
2025-07-15 10:49:41,793 [WARN] PackLoader:240 - Cannot read IP mode file for STMicroelectronics.X-CUBE-ST60.1.0.0
2025-07-15 10:49:41,874 [WARN] PackLoader:240 - Cannot read IP mode file for STMicroelectronics.X-CUBE-AZRTOS-F7.1.1.0
2025-07-15 10:49:41,987 [WARN] PackLoader:240 - Cannot read IP mode file for STMicroelectronics.X-CUBE-MEMS1.11.0.0
2025-07-15 10:49:42,142 [WARN] PackLoader:240 - Cannot read IP mode file for STMicroelectronics.FP-SNS-FLIGHT1.5.0.2
2025-07-15 10:49:42,195 [WARN] PackLoader:240 - Cannot read IP mode file for STMicroelectronics.X-CUBE-AZRTOS-H7.3.4.0
2025-07-15 10:49:42,205 [INFO] WebApp:169 - Instantiating new browser for Auth
2025-07-15 10:49:42,228 [WARN] PackLoader:240 - Cannot read IP mode file for STMicroelectronics.X-CUBE-DISPLAY.3.0.0
2025-07-15 10:49:42,250 [WARN] PackLoader:240 - Cannot read IP mode file for STMicroelectronics.X-CUBE-BLE1.7.0.0
2025-07-15 10:49:42,282 [WARN] PackLoader:240 - Cannot read IP mode file for STMicroelectronics.X-CUBE-NFC10.1.0.0
2025-07-15 10:49:42,323 [WARN] PackLoader:240 - Cannot read IP mode file for emotas.I-CUBE-CANOPEN.1.3.0
2025-07-15 10:49:42,357 [WARN] PackLoader:240 - Cannot read IP mode file for STMicroelectronics.X-CUBE-BLEMGR.3.1.0
2025-07-15 10:49:42,410 [WARN] PackLoader:240 - Cannot read IP mode file for STMicroelectronics.FP-SNS-SMARTAG2.1.2.0
2025-07-15 10:49:42,429 [WARN] PackLoader:240 - Cannot read IP mode file for STMicroelectronics.FP-SNS-FLIGHT1.5.1.0
2025-07-15 10:49:42,461 [INFO] LogOutputStream:77 - [STDOUT_REDIRECT] 1 : Invalid condition id : UX_CORESTACK_Condition cause : null
2025-07-15 10:49:42,464 [INFO] LogOutputStream:77 - [STDOUT_REDIRECT] 1 : Invalid condition id : UX_CORESTACK_Condition cause : null
2025-07-15 10:49:42,468 [INFO] LogOutputStream:77 - [STDOUT_REDIRECT] 1 : Invalid condition id : UX_CORESTACK_Condition cause : null
2025-07-15 10:49:42,471 [INFO] LogOutputStream:77 - [STDOUT_REDIRECT] 1 : Invalid condition id : UX_CORESTACK_Condition cause : null
2025-07-15 10:49:42,475 [INFO] LogOutputStream:77 - [STDOUT_REDIRECT] 1 : Invalid condition id : UX_CORESTACK_Condition cause : null
2025-07-15 10:49:42,478 [WARN] PackLoader:240 - Cannot read IP mode file for STMicroelectronics.X-CUBE-AZRTOS-WL.2.0.0
2025-07-15 10:49:42,502 [WARN] PackLoader:240 - Cannot read IP mode file for STMicroelectronics.FP-SNS-MOTENV1.5.0.0
2025-07-15 10:49:42,525 [WARN] PackLoader:240 - Cannot read IP mode file for wolfSSL.I-CUBE-wolfMQTT.1.19.0
2025-07-15 10:49:42,551 [WARN] PackLoader:240 - Cannot read IP mode file for WES.I-CUBE-Cesium.1.3.0
2025-07-15 10:49:42,569 [WARN] PackLoader:240 - Cannot read IP mode file for STMicroelectronics.X-CUBE-BLE2.3.3.0
2025-07-15 10:49:42,593 [WARN] PackLoader:240 - Cannot read IP mode file for STMicroelectronics.X-CUBE-NFC9.1.0.0
2025-07-15 10:49:42,631 [WARN] PackLoader:240 - Cannot read IP mode file for STMicroelectronics.X-CUBE-BLE1.7.1.0
2025-07-15 10:49:42,683 [WARN] PackLoader:240 - Cannot read IP mode file for STMicroelectronics.X-CUBE-TCPP.4.1.0
2025-07-15 10:49:42,717 [WARN] PackLoader:240 - Cannot read IP mode file for STMicroelectronics.X-CUBE-EEPRMA1.5.2.0
2025-07-15 10:49:42,744 [WARN] PackLoader:240 - Cannot read IP mode file for STMicroelectronics.X-CUBE-AI.10.1.0
2025-07-15 10:49:42,781 [WARN] PackLoader:240 - Cannot read IP mode file for STMicroelectronics.X-CUBE-AZRTOS-G0.1.1.0
2025-07-15 10:49:42,809 [WARN] PackLoader:240 - Cannot read IP mode file for STMicroelectronics.X-CUBE-SAFEA1.1.2.2
2025-07-15 10:49:42,841 [WARN] PackLoader:240 - Cannot read IP mode file for STMicroelectronics.X-CUBE-NFC4.3.0.0
2025-07-15 10:49:42,870 [WARN] PackLoader:240 - Cannot read IP mode file for EmbeddedOffice.I-CUBE-FS-RTOS.1.0.1
2025-07-15 10:49:42,890 [WARN] PackLoader:240 - Cannot read IP mode file for STMicroelectronics.X-CUBE-WB05N.2.0.0
2025-07-15 10:49:42,909 [WARN] PackLoader:240 - Cannot read IP mode file for STMicroelectronics.X-CUBE-TCPP.4.2.0
2025-07-15 10:49:42,939 [WARN] PackLoader:240 - Cannot read IP mode file for RealThread.X-CUBE-RT-Thread_Nano.4.1.1
2025-07-15 10:49:42,960 [WARN] PackLoader:240 - Cannot read IP mode file for wolfSSL.I-CUBE-wolfSSL.5.7.0
2025-07-15 10:49:42,987 [WARN] PackLoader:240 - Cannot read IP mode file for STMicroelectronics.FP-ATR-SIGFOX1.3.2.0
2025-07-15 10:49:43,016 [WARN] ConditionMgr:438 - getConditionDescription Invalid condition id : Cortex-A Device cause : null
2025-07-15 10:49:43,055 [WARN] ConditionMgr:1044 - genDependencies : Invalid condition id : Cortex-A Device cause : null
2025-07-15 10:49:43,055 [WARN] ConditionMgr:1044 - genDependencies : Invalid condition id : Cortex-A Device cause : null
2025-07-15 10:49:43,055 [WARN] ConditionMgr:1044 - genDependencies : Invalid condition id : Cortex-A Device cause : null
2025-07-15 10:49:43,074 [WARN] PackLoader:240 - Cannot read IP mode file for STMicroelectronics.X-CUBE-EEPRMA1.5.1.0
2025-07-15 10:49:43,099 [WARN] PackLoader:240 - Cannot read IP mode file for ITTIA_DB.I-CUBE-ITTIADB.8.9.0
2025-07-15 10:49:43,125 [WARN] PackLoader:240 - Cannot read IP mode file for STMicroelectronics.X-CUBE-ST67W61.1.0.0
2025-07-15 10:49:43,169 [WARN] PackLoader:240 - Cannot read IP mode file for SEGGER.I-CUBE-embOS.1.3.1
2025-07-15 10:49:43,237 [WARN] PackLoader:240 - Cannot read IP mode file for STMicroelectronics.X-CUBE-ALGOBUILD.1.4.0
2025-07-15 10:49:43,311 [WARN] PackLoader:240 - Cannot read IP mode file for STMicroelectronics.X-CUBE-MEMS1.11.3.0
2025-07-15 10:49:43,498 [WARN] PackLoader:240 - Cannot read IP mode file for STMicroelectronics.X-CUBE-AI.9.1.0
2025-07-15 10:49:43,519 [WARN] PackLoader:240 - Cannot read IP mode file for STMicroelectronics.X-CUBE-PM33A1.1.0.0
2025-07-15 10:49:43,538 [WARN] PackLoader:240 - Cannot read IP mode file for STMicroelectronics.X-CUBE-GNSS1.6.0.0
2025-07-15 10:49:43,579 [WARN] PackLoader:240 - Cannot read IP mode file for STMicroelectronics.X-CUBE-AZRTOS-F4.1.1.0
2025-07-15 10:49:43,603 [WARN] PackLoader:240 - Cannot read IP mode file for Avnet-IotConnect.X-CUBE-IoTC-DA16k-PMOD.1.0.0
2025-07-15 10:49:43,623 [WARN] PackLoader:240 - Cannot read IP mode file for STMicroelectronics.X-CUBE-ISPU.2.1.0
2025-07-15 10:49:43,685 [WARN] PackLoader:240 - Cannot read IP mode file for STMicroelectronics.X-CUBE-FREERTOS.1.2.0
2025-07-15 10:49:43,709 [WARN] PackLoader:240 - Cannot read IP mode file for STMicroelectronics.X-CUBE-NFC12.1.0.0
2025-07-15 10:49:43,746 [WARN] PackLoader:240 - Cannot read IP mode file for STMicroelectronics.X-CUBE-AZRTOS-L5.2.0.0
2025-07-15 10:49:43,768 [WARN] PackLoader:240 - Cannot read IP mode file for STMicroelectronics.X-CUBE-NFC6.3.1.0
2025-07-15 10:49:43,792 [WARN] PackLoader:240 - Cannot read IP mode file for STMicroelectronics.X-CUBE-DPower.1.2.0
2025-07-15 10:49:43,812 [WARN] PackLoader:240 - Cannot read IP mode file for STMicroelectronics.X-CUBE-AI.9.0.0
2025-07-15 10:49:43,831 [WARN] PackLoader:240 - Cannot read IP mode file for STMicroelectronics.X-CUBE-FREERTOS.1.3.1
2025-07-15 10:49:43,851 [WARN] PackLoader:240 - Cannot read IP mode file for STMicroelectronics.X-CUBE-NFC7.1.0.1
2025-07-15 10:49:43,873 [WARN] PackLoader:240 - Cannot read IP mode file for wolfSSL.I-CUBE-wolfTPM.3.2.0
2025-07-15 10:49:43,894 [WARN] PackLoader:240 - Cannot read IP mode file for STMicroelectronics.FP-SNS-STAIOTCFT.1.0.0
2025-07-15 10:49:43,915 [WARN] PackLoader:240 - Cannot read IP mode file for STMicroelectronics.X-CUBE-DPower.1.3.0
2025-07-15 10:49:43,952 [WARN] ConditionMgr:438 - getConditionDescription Invalid condition id : LAN8742 Phy interface Condition cause : null
2025-07-15 10:49:43,952 [WARN] PackLoader:240 - Cannot read IP mode file for STMicroelectronics.X-CUBE-AZRTOS-L4.2.0.0
2025-07-15 10:49:43,954 [WARN] ConditionMgr:1044 - genDependencies : Invalid condition id : LAN8742 Phy interface Condition cause : null
2025-07-15 10:49:43,954 [WARN] ConditionMgr:1044 - genDependencies : Invalid condition id : LAN8742 Phy interface Condition cause : null
2025-07-15 10:49:43,954 [WARN] ConditionMgr:1044 - genDependencies : Invalid condition id : LAN8742 Phy interface Condition cause : null
2025-07-15 10:49:43,986 [WARN] PackLoader:240 - Cannot read IP mode file for STMicroelectronics.X-CUBE-SFXS2LP1.4.0.0
2025-07-15 10:49:44,033 [WARN] PackLoader:240 - Cannot read IP mode file for STMicroelectronics.X-CUBE-AZRTOS-H7.3.3.0
2025-07-15 10:49:44,061 [WARN] PackLoader:240 - Cannot read IP mode file for STMicroelectronics.X-CUBE-IPS.3.0.0
2025-07-15 10:49:44,104 [WARN] ConditionMgr:438 - getConditionDescription Invalid condition id : UX DEVICE CLASS RTOS Condition cause : null
2025-07-15 10:49:44,104 [WARN] ConditionMgr:438 - getConditionDescription Invalid condition id : UX DEVICE CLASS RTOS Condition cause : null
2025-07-15 10:49:44,106 [WARN] PackLoader:240 - Cannot read IP mode file for STMicroelectronics.X-CUBE-AZRTOS-WB.2.0.0
2025-07-15 10:49:44,106 [WARN] ConditionMgr:1044 - genDependencies : Invalid condition id : UX DEVICE CLASS RTOS Condition cause : null
2025-07-15 10:49:44,106 [WARN] ConditionMgr:1044 - genDependencies : Invalid condition id : UX DEVICE CLASS RTOS Condition cause : null
2025-07-15 10:49:44,107 [WARN] ConditionMgr:1044 - genDependencies : Invalid condition id : UX DEVICE CLASS RTOS Condition cause : null
2025-07-15 10:49:44,107 [WARN] ConditionMgr:1044 - genDependencies : Invalid condition id : UX DEVICE CLASS RTOS Condition cause : null
2025-07-15 10:49:44,107 [WARN] ConditionMgr:1044 - genDependencies : Invalid condition id : UX DEVICE CLASS RTOS Condition cause : null
2025-07-15 10:49:44,125 [WARN] PackLoader:240 - Cannot read IP mode file for STMicroelectronics.X-CUBE-GNSS1.7.0.0
2025-07-15 10:49:44,142 [WARN] PackLoader:240 - Cannot read IP mode file for STMicroelectronics.X-CUBE-GNSS1.7.0.1
2025-07-15 10:49:44,167 [WARN] PackLoader:240 - Cannot read IP mode file for STMicroelectronics.X-CUBE-TOUCHGFX.4.25.0
2025-07-15 10:49:44,192 [WARN] PackLoader:240 - Cannot read IP mode file for STMicroelectronics.FP-SNS-STBOX1.2.0.0
2025-07-15 10:49:44,227 [WARN] PackLoader:240 - Cannot read IP mode file for STMicroelectronics.X-CUBE-SUBG2.5.0.0
2025-07-15 10:49:44,268 [WARN] PackLoader:240 - Cannot read IP mode file for STMicroelectronics.X-CUBE-AZRTOS-H7RS.1.1.0
2025-07-15 10:49:44,316 [WARN] PackLoader:240 - Cannot read IP mode file for Cesanta.I-CUBE-Mongoose.7.13.0
2025-07-15 10:49:44,350 [WARN] PackLoader:240 - Cannot read IP mode file for STMicroelectronics.X-CUBE-AZRTOS-G4.2.0.0
2025-07-15 10:49:44,369 [WARN] PackLoader:240 - Cannot read IP mode file for STMicroelectronics.X-CUBE-NFC7.2.0.0
2025-07-15 10:49:44,391 [WARN] PackLoader:240 - Cannot read IP mode file for STMicroelectronics.X-CUBE-ISPU.2.0.0
2025-07-15 10:49:44,417 [WARN] PackLoader:240 - Cannot read IP mode file for STMicroelectronics.X-CUBE-IPS.3.1.0
2025-07-15 10:49:44,440 [WARN] PackLoader:240 - Cannot read IP mode file for STMicroelectronics.X-CUBE-ALS.1.0.2
2025-07-15 10:49:44,492 [WARN] PackLoader:240 - Cannot read IP mode file for STMicroelectronics.X-CUBE-MEMS1.10.0.0
2025-07-15 10:49:44,599 [WARN] PackLoader:240 - Cannot read IP mode file for STMicroelectronics.X-CUBE-TOUCHGFX.4.24.0
2025-07-15 10:49:44,630 [WARN] PackLoader:240 - Cannot read IP mode file for STMicroelectronics.X-CUBE-TOUCHGFX.4.24.1
2025-07-15 10:49:44,656 [WARN] PackLoader:240 - Cannot read IP mode file for portGmbH.I-Cube-SoM-uGOAL.1.1.0
2025-07-15 10:49:44,703 [WARN] PackLoader:240 - Cannot read IP mode file for STMicroelectronics.X-CUBE-AZRTOS-H7RS.1.0.0
2025-07-15 10:49:44,725 [WARN] PackLoader:240 - Cannot read IP mode file for STMicroelectronics.FP-ATR-ASTRA1.2.0.0
2025-07-15 10:49:44,748 [WARN] PackLoader:240 - Cannot read IP mode file for STMicroelectronics.X-CUBE-TOF1.3.4.2
2025-07-15 10:49:44,778 [WARN] PackLoader:240 - Cannot read IP mode file for STMicroelectronics.X-CUBE-TOF1.3.4.3
2025-07-15 10:49:44,822 [WARN] PackLoader:240 - Cannot read IP mode file for STMicroelectronics.X-CUBE-TOF1.3.4.1
2025-07-15 10:49:44,863 [WARN] PackLoader:240 - Cannot read IP mode file for STMicroelectronics.X-CUBE-AZRTOS-H7.3.2.0
2025-07-15 10:49:44,894 [WARN] PackLoader:240 - Cannot read IP mode file for Infineon.AIROC-Wi-Fi-Bluetooth-STM32.1.6.0
2025-07-15 10:49:44,925 [WARN] PackLoader:240 - Cannot read IP mode file for wolfSSL.I-CUBE-wolfSSH.1.4.17
2025-07-15 10:49:44,926 [INFO] ThirdParty:978 - Integrity check success = true
2025-07-15 10:49:44,926 [INFO] IntegrityCheckThread:100 - exiting critical section [integrity check]
2025-07-15 10:49:44,926 [INFO] IntegrityCheckThread:103 - End integrity checks thread
2025-07-15 10:49:45,677 [INFO] WebApp:463 - Apply proxy settings
2025-07-15 10:49:45,678 [INFO] WebApp:548 - Chromium requires no authentication
2025-07-15 10:49:45,692 [INFO] WebApp:491 - Direct internet connection detected
2025-07-15 10:49:45,728 [INFO] WebApp:900 - Register for checkConnection events
2025-07-15 10:49:45,729 [INFO] WebApp:463 - Apply proxy settings
2025-07-15 10:49:45,729 [INFO] WebApp:548 - Chromium requires no authentication
2025-07-15 10:49:45,730 [INFO] WebApp:491 - Direct internet connection detected
2025-07-15 10:49:45,967 [INFO] WebApp:225 - Starting web application
2025-07-15 10:49:45,967 [INFO] WebApp:593 - Web application path used C:\ST\STM32CubeIDE_1.16.0\STM32CubeIDE\plugins\com.st.stm32cube.common.mx_6.15.0.202507011659\db\plugins\mcufinder\reactClient1\index.html
2025-07-15 10:49:46,114 [INFO] UserAuth:487 - Internet connection configuration mode: 1
2025-07-15 10:49:46,932 [INFO] WebApp:191 - Connection restablished
2025-07-15 10:51:24,264 [INFO] WebApp:194 - Connection lost
2025-07-15 10:51:24,773 [INFO] WebApp:191 - Connection restablished
2025-07-15 11:27:29,962 [INFO] WebApp:194 - Connection lost
2025-07-15 11:27:30,626 [INFO] WebApp:191 - Connection restablished
2025-07-15 11:27:42,590 [INFO] WebApp:194 - Connection lost
2025-07-15 11:27:42,949 [INFO] WebApp:191 - Connection restablished
2025-07-15 11:27:51,360 [INFO] WebApp:194 - Connection lost
2025-07-15 11:27:51,810 [INFO] WebApp:191 - Connection restablished
2025-07-15 12:35:30,595 [INFO] WebApp:194 - Connection lost
2025-07-15 16:05:26,152 [INFO] WebApp:191 - Connection restablished
2025-07-15 16:05:27,778 [INFO] WebApp:194 - Connection lost
2025-07-15 16:05:28,179 [INFO] WebApp:191 - Connection restablished
