2025-07-19 00:02:54,004 [ERROR] LogOutputStream:75 - [STDERR_REDIRECT] 
2025-07-19 11:32:30,578 [INFO] Activator:176 - 


2025-07-19 11:32:30,579 [INFO] Activator:177 - !SESSION log4j initialized
2025-07-19 11:32:51,465 [INFO] LogOutputStream:77 - [STDOUT_REDIRECT] 
2025-07-19 11:33:18,841 [INFO] ApplicationProperties:184 - Using Application install path: C:\ST\STM32CubeIDE_1.16.0\STM32CubeIDE\plugins\com.st.stm32cube.common.mx_6.15.0.202507011659
2025-07-19 11:33:18,890 [INFO] DbMcusXml:78 - Set database path to: C:\ST\STM32CubeIDE_1.16.0\STM32CubeIDE\plugins\com.st.stm32cube.common.mx_6.15.0.202507011659\\db\/mcu/
2025-07-19 11:33:18,892 [INFO] ApiDb:274 - Set plugin database path to: C:\ST\STM32CubeIDE_1.16.0\STM32CubeIDE\plugins\com.st.stm32cube.common.mx_6.15.0.202507011659\\db\/plugins/boardmanager/
2025-07-19 11:33:18,893 [WARN] ApiDb:259 - Overriding images path with different value:  => C:\ST\STM32CubeIDE_1.16.0\STM32CubeIDE\plugins\com.st.stm32cube.common.mx_6.15.0.202507011659\\db\/plugins/mcufinder/images/
2025-07-19 11:33:18,919 [INFO] ApiDb:250 - Set database path to: C:\Users\nisha\.stmcufinder\plugins\mcufinder//mcu/
2025-07-19 11:33:18,923 [INFO] DbMcusAds:125 - Set database path to: C:\Users\nisha\.stmcufinder\plugins\mcufinder//mcu/
2025-07-19 11:33:19,065 [INFO] CrossReferenceDbSqlite:203 - Set database path to: C:\Users\nisha\.stmcufinder\plugins\mcufinder//mcu/cs/
2025-07-19 11:33:19,463 [INFO] RulesReader:64 - Compatibility file has been processed (317 Rules)
2025-07-19 11:33:19,697 [INFO] DbMcusXml:78 - Set database path to: C:\ST\STM32CubeIDE_1.16.0\STM32CubeIDE\plugins\com.st.stm32cube.common.mx_6.15.0.202507011659\\db\/mcu/
2025-07-19 11:33:19,697 [INFO] ApiDb:274 - Set plugin database path to: C:\ST\STM32CubeIDE_1.16.0\STM32CubeIDE\plugins\com.st.stm32cube.common.mx_6.15.0.202507011659\\db\/plugins/boardmanager/
2025-07-19 11:33:19,697 [INFO] ApiDb:261 - Set plugin images path to: C:\ST\STM32CubeIDE_1.16.0\STM32CubeIDE\plugins\com.st.stm32cube.common.mx_6.15.0.202507011659\\db\/plugins/mcufinder/images/
2025-07-19 11:33:19,698 [WARN] DbFile:41 - Overriding database path with different value: C:\Users\nisha\.stmcufinder\plugins\mcufinder/ => C:\Users\nisha\.stmcufinder\plugins\mcufinder
2025-07-19 11:33:19,698 [INFO] ApiDb:250 - Set database path to: C:\Users\nisha\.stmcufinder\plugins\mcufinder//mcu/
2025-07-19 11:33:19,698 [WARN] DbFile:41 - Overriding database path with different value: C:\Users\nisha\.stmcufinder\plugins\mcufinder/ => C:\Users\nisha\.stmcufinder\plugins\mcufinder
2025-07-19 11:33:19,699 [INFO] DbMcusAds:125 - Set database path to: C:\Users\nisha\.stmcufinder\plugins\mcufinder//mcu/
2025-07-19 11:33:19,699 [WARN] DbFile:41 - Overriding database path with different value: C:\Users\nisha\.stmcufinder\plugins\mcufinder/ => C:\Users\nisha\.stmcufinder\plugins\mcufinder
2025-07-19 11:33:19,699 [WARN] DbFile:41 - Overriding database path with different value: C:\Users\nisha\.stmcufinder\plugins\mcufinder/ => C:\Users\nisha\.stmcufinder\plugins\mcufinder
2025-07-19 11:33:19,699 [INFO] CrossReferenceDbSqlite:203 - Set database path to: C:\Users\nisha\.stmcufinder\plugins\mcufinder//mcu/cs/
2025-07-19 11:33:19,881 [INFO] MainPanel:274 - HeapMemory: 268435456
2025-07-19 11:33:20,208 [INFO] DbMcusXml:78 - Set database path to: C:\ST\STM32CubeIDE_1.16.0\STM32CubeIDE\plugins\com.st.stm32cube.common.mx_6.15.0.202507011659\\db\/mcu/
2025-07-19 11:33:20,208 [INFO] ApiDb:274 - Set plugin database path to: C:\ST\STM32CubeIDE_1.16.0\STM32CubeIDE\plugins\com.st.stm32cube.common.mx_6.15.0.202507011659\\db\/plugins/boardmanager/
2025-07-19 11:33:20,209 [INFO] ApiDb:261 - Set plugin images path to: C:\ST\STM32CubeIDE_1.16.0\STM32CubeIDE\plugins\com.st.stm32cube.common.mx_6.15.0.202507011659\\db\/plugins/mcufinder/images/
2025-07-19 11:33:20,209 [WARN] DbFile:41 - Overriding database path with different value: C:\Users\nisha\.stmcufinder\plugins\mcufinder/ => C:\Users\nisha\.stmcufinder\plugins\mcufinder
2025-07-19 11:33:20,209 [INFO] ApiDb:250 - Set database path to: C:\Users\nisha\.stmcufinder\plugins\mcufinder//mcu/
2025-07-19 11:33:20,210 [WARN] DbFile:41 - Overriding database path with different value: C:\Users\nisha\.stmcufinder\plugins\mcufinder/ => C:\Users\nisha\.stmcufinder\plugins\mcufinder
2025-07-19 11:33:20,210 [INFO] DbMcusAds:125 - Set database path to: C:\Users\nisha\.stmcufinder\plugins\mcufinder//mcu/
2025-07-19 11:33:20,210 [WARN] DbFile:41 - Overriding database path with different value: C:\Users\nisha\.stmcufinder\plugins\mcufinder/ => C:\Users\nisha\.stmcufinder\plugins\mcufinder
2025-07-19 11:33:20,210 [WARN] DbFile:41 - Overriding database path with different value: C:\Users\nisha\.stmcufinder\plugins\mcufinder/ => C:\Users\nisha\.stmcufinder\plugins\mcufinder
2025-07-19 11:33:20,211 [INFO] CrossReferenceDbSqlite:203 - Set database path to: C:\Users\nisha\.stmcufinder\plugins\mcufinder//mcu/cs/
2025-07-19 11:33:20,251 [INFO] ApplicationProperties:184 - Using Application install path: C:\ST\STM32CubeIDE_1.16.0\STM32CubeIDE\plugins\com.st.stm32cube.common.mx_6.15.0.202507011659
2025-07-19 11:33:20,254 [INFO] PluginManage:196 - Search for loadable plugins [exclusion list=, ]
2025-07-19 11:33:20,258 [INFO] PluginManage:310 - Check plugin analytics
2025-07-19 11:33:20,766 [INFO] AnalyticsPlugin:253 - Accepted Software Licenses: 
2025-07-19 11:33:20,768 [INFO] AnalyticsPlugin:255 - Accepted CMSIS Pack Licenses: 
2025-07-19 11:33:20,768 [INFO] AnalyticsPlugin:257 - Accepted Firmware Licenses: FW.F4.1.28.0
2025-07-19 11:33:20,778 [INFO] PluginManage:359 - Loaded plugin analytics (category:tool,tabindex:-1)
2025-07-19 11:33:20,779 [INFO] PluginManage:310 - Check plugin cadmodel
2025-07-19 11:33:20,828 [INFO] CADModel:105 - Init CAD model plugin
2025-07-19 11:33:20,829 [INFO] PluginManage:359 - Loaded plugin cadmodel (category:power,tabindex:5)
2025-07-19 11:33:20,829 [INFO] PluginManage:310 - Check plugin clock
2025-07-19 11:33:20,886 [INFO] PluginManage:359 - Loaded plugin clock (category:base,tabindex:2)
2025-07-19 11:33:20,887 [INFO] PluginManage:310 - Check plugin ddr
2025-07-19 11:33:20,894 [INFO] PluginManage:359 - Loaded plugin ddr (category:tool,tabindex:6)
2025-07-19 11:33:20,895 [INFO] PluginManage:310 - Check plugin filemanager
2025-07-19 11:33:21,277 [INFO] PluginManage:359 - Loaded plugin filemanager (category:base,tabindex:10)
2025-07-19 11:33:21,278 [INFO] PluginManage:310 - Check plugin ipmanager
2025-07-19 11:33:21,295 [INFO] PluginManage:359 - Loaded plugin ipmanager (category:base,tabindex:5)
2025-07-19 11:33:21,295 [INFO] PluginManage:310 - Check plugin lpbam
2025-07-19 11:33:21,335 [INFO] PluginManage:359 - Loaded plugin lpbam (category:base,tabindex:0)
2025-07-19 11:33:21,335 [INFO] PluginManage:310 - Check plugin memorymap
2025-07-19 11:33:21,386 [INFO] PluginManage:359 - Loaded plugin memorymap (category:base,tabindex:4)
2025-07-19 11:33:21,387 [INFO] PluginManage:310 - Check plugin pinoutandconfiguration
2025-07-19 11:33:21,431 [INFO] PluginManage:359 - Loaded plugin pinoutandconfiguration (category:base,tabindex:1)
2025-07-19 11:33:21,432 [INFO] PluginManage:310 - Check plugin pinoutconfig
2025-07-19 11:33:21,639 [WARN] SupportedApi:132 - Cannot load RTOS API schema: s4s-elt-must-match.1: The content of 'definitions' must match (annotation?, (simpleType | complexType)?, (unique | key | keyref)*)). A problem was found starting at: attribute.
2025-07-19 11:33:22,029 [INFO] PluginManage:359 - Loaded plugin pinoutconfig (category:base,tabindex:0)
2025-07-19 11:33:22,029 [INFO] PluginManage:310 - Check plugin power
2025-07-19 11:33:22,086 [INFO] PluginManage:359 - Loaded plugin power (category:power,tabindex:4)
2025-07-19 11:33:22,087 [INFO] PluginManage:310 - Check plugin projectmanager
2025-07-19 11:33:22,221 [INFO] PluginManage:359 - Loaded plugin projectmanager (category:projectmanager,tabindex:4)
2025-07-19 11:33:22,221 [INFO] PluginManage:310 - Check plugin rif
2025-07-19 11:33:22,279 [INFO] PluginManage:359 - Loaded plugin rif (category:base,tabindex:3)
2025-07-19 11:33:22,279 [INFO] PluginManage:310 - Check plugin thirdparty
2025-07-19 11:33:23,130 [WARN] IntegrityCheckThread:84 - waiting for thirdparty lock release [integrity check]
2025-07-19 11:33:23,132 [INFO] IntegrityCheckThread:86 - entering critical section [integrity check]
2025-07-19 11:33:23,130 [INFO] PluginManage:359 - Loaded plugin thirdparty (category:base,tabindex:-1)
2025-07-19 11:33:23,133 [INFO] PluginManage:310 - Check plugin tools
2025-07-19 11:33:23,135 [INFO] ThirdPartyUpdaterWithRetryManager:70 - Updater plugin not ready yet. [1/15]
2025-07-19 11:33:23,228 [INFO] PluginManage:359 - Loaded plugin tools (category:base,tabindex:7)
2025-07-19 11:33:23,229 [INFO] PluginManage:310 - Check plugin tutovideos
2025-07-19 11:33:23,837 [INFO] PluginManage:359 - Loaded plugin tutovideos (category:base,tabindex:-1)
2025-07-19 11:33:23,837 [INFO] PluginManage:310 - Check plugin updater
2025-07-19 11:33:23,885 [INFO] PluginManage:359 - Loaded plugin updater (category:base,tabindex:12)
2025-07-19 11:33:23,885 [INFO] PluginManage:310 - Check plugin userauth
2025-07-19 11:33:23,894 [INFO] UserAuth:118 - Init User Auth plugin
2025-07-19 11:33:23,896 [INFO] PluginManage:359 - Loaded plugin userauth (category:base,tabindex:14)
2025-07-19 11:33:23,896 [INFO] PluginManage:283 - PluginManage : Loaded plugins [18]
2025-07-19 11:33:24,340 [INFO] PinOutPanel:1589 - setPackage(No Configuration,No Configuration)
2025-07-19 11:33:24,535 [INFO] CADModel:165 - CPN selected for project level
2025-07-19 11:33:24,535 [INFO] CADModel:114 - Register for checkConnection events
2025-07-19 11:33:24,686 [INFO] IPUIPlugin:80 - create IPUIPlugin
2025-07-19 11:33:24,686 [INFO] PluginManager:220 - loadIPPluginJar : add adc
2025-07-19 11:33:24,752 [INFO] IPUIPlugin:80 - create IPUIPlugin
2025-07-19 11:33:24,752 [INFO] PluginManager:220 - loadIPPluginJar : add aes
2025-07-19 11:33:24,826 [INFO] IPUIPlugin:80 - create IPUIPlugin
2025-07-19 11:33:24,827 [INFO] PluginManager:220 - loadIPPluginJar : add can
2025-07-19 11:33:24,858 [INFO] IPUIPlugin:80 - create IPUIPlugin
2025-07-19 11:33:24,858 [INFO] PluginManager:220 - loadIPPluginJar : add comp
2025-07-19 11:33:24,924 [INFO] IPUIPlugin:80 - create IPUIPlugin
2025-07-19 11:33:24,924 [INFO] PluginManager:220 - loadIPPluginJar : add cryp
2025-07-19 11:33:24,947 [INFO] IPUIPlugin:80 - create IPUIPlugin
2025-07-19 11:33:24,947 [INFO] PluginManager:220 - loadIPPluginJar : add ddr_ctrl_phy
2025-07-19 11:33:24,999 [INFO] IPUIPlugin:80 - create IPUIPlugin
2025-07-19 11:33:24,999 [INFO] PluginManager:220 - loadIPPluginJar : add dfsdm
2025-07-19 11:33:25,024 [INFO] IPUIPlugin:80 - create IPUIPlugin
2025-07-19 11:33:25,025 [INFO] PluginManager:220 - loadIPPluginJar : add dma
2025-07-19 11:33:25,116 [INFO] IPUIPlugin:80 - create IPUIPlugin
2025-07-19 11:33:25,117 [INFO] PluginManager:220 - loadIPPluginJar : add dma3
2025-07-19 11:33:25,221 [INFO] IPUIPlugin:80 - create IPUIPlugin
2025-07-19 11:33:25,221 [INFO] PluginManager:220 - loadIPPluginJar : add extmemmanager
2025-07-19 11:33:25,270 [INFO] IPUIPlugin:80 - create IPUIPlugin
2025-07-19 11:33:25,271 [INFO] PluginManager:220 - loadIPPluginJar : add fatfs
2025-07-19 11:33:25,361 [INFO] IPUIPlugin:80 - create IPUIPlugin
2025-07-19 11:33:25,361 [INFO] PluginManager:220 - loadIPPluginJar : add fmc
2025-07-19 11:33:25,397 [INFO] IPUIPlugin:80 - create IPUIPlugin
2025-07-19 11:33:25,397 [INFO] PluginManager:220 - loadIPPluginJar : add freertos
2025-07-19 11:33:25,448 [INFO] IPUIPlugin:80 - create IPUIPlugin
2025-07-19 11:33:25,448 [INFO] PluginManager:220 - loadIPPluginJar : add genericplugin
2025-07-19 11:33:25,672 [INFO] IPUIPlugin:80 - create IPUIPlugin
2025-07-19 11:33:25,672 [INFO] PluginManager:220 - loadIPPluginJar : add gfxmmu
2025-07-19 11:33:25,981 [INFO] IPUIPlugin:80 - create IPUIPlugin
2025-07-19 11:33:25,981 [INFO] PluginManager:220 - loadIPPluginJar : add gic
2025-07-19 11:33:26,016 [INFO] IPUIPlugin:80 - create IPUIPlugin
2025-07-19 11:33:26,016 [INFO] PluginManager:220 - loadIPPluginJar : add gpio
2025-07-19 11:33:26,136 [INFO] ThirdPartyUpdaterWithRetryManager:70 - Updater plugin not ready yet. [2/15]
2025-07-19 11:33:26,225 [INFO] IPUIPlugin:80 - create IPUIPlugin
2025-07-19 11:33:26,226 [INFO] PluginManager:220 - loadIPPluginJar : add gtzc
2025-07-19 11:33:26,263 [INFO] IPUIPlugin:80 - create IPUIPlugin
2025-07-19 11:33:26,264 [INFO] PluginManager:220 - loadIPPluginJar : add hash
2025-07-19 11:33:26,387 [INFO] IPUIPlugin:80 - create IPUIPlugin
2025-07-19 11:33:26,388 [INFO] PluginManager:220 - loadIPPluginJar : add i2c
2025-07-19 11:33:26,480 [INFO] IPUIPlugin:80 - create IPUIPlugin
2025-07-19 11:33:26,480 [INFO] PluginManager:220 - loadIPPluginJar : add i2s
2025-07-19 11:33:26,558 [INFO] IPUIPlugin:80 - create IPUIPlugin
2025-07-19 11:33:26,559 [INFO] PluginManager:220 - loadIPPluginJar : add i3c
2025-07-19 11:33:26,802 [INFO] IPUIPlugin:80 - create IPUIPlugin
2025-07-19 11:33:26,803 [INFO] PluginManager:220 - loadIPPluginJar : add ipddr
2025-07-19 11:33:27,127 [INFO] IPUIPlugin:80 - create IPUIPlugin
2025-07-19 11:33:27,128 [INFO] PluginManager:220 - loadIPPluginJar : add linkedlist
2025-07-19 11:33:27,238 [INFO] IPUIPlugin:80 - create IPUIPlugin
2025-07-19 11:33:27,238 [INFO] PluginManager:220 - loadIPPluginJar : add lorawan
2025-07-19 11:33:27,357 [INFO] IPUIPlugin:80 - create IPUIPlugin
2025-07-19 11:33:27,357 [INFO] PluginManager:220 - loadIPPluginJar : add ltdc
2025-07-19 11:33:27,401 [INFO] IPUIPlugin:80 - create IPUIPlugin
2025-07-19 11:33:27,401 [INFO] PluginManager:220 - loadIPPluginJar : add mdma
2025-07-19 11:33:27,424 [INFO] IPUIPlugin:80 - create IPUIPlugin
2025-07-19 11:33:27,424 [INFO] PluginManager:220 - loadIPPluginJar : add nvic
2025-07-19 11:33:27,532 [INFO] IPUIPlugin:80 - create IPUIPlugin
2025-07-19 11:33:27,532 [INFO] PluginManager:220 - loadIPPluginJar : add opamp
2025-07-19 11:33:27,724 [INFO] IPUIPlugin:80 - create IPUIPlugin
2025-07-19 11:33:27,724 [INFO] PluginManager:220 - loadIPPluginJar : add openamp
2025-07-19 11:33:27,846 [INFO] IPUIPlugin:80 - create IPUIPlugin
2025-07-19 11:33:27,846 [INFO] PluginManager:220 - loadIPPluginJar : add pdm2pcm
2025-07-19 11:33:27,891 [INFO] IPUIPlugin:80 - create IPUIPlugin
2025-07-19 11:33:27,898 [INFO] PluginManager:220 - loadIPPluginJar : add plateformsettings
2025-07-19 11:33:27,964 [INFO] IPUIPlugin:80 - create IPUIPlugin
2025-07-19 11:33:27,964 [INFO] PluginManager:220 - loadIPPluginJar : add quadspi
2025-07-19 11:33:28,030 [INFO] IPUIPlugin:80 - create IPUIPlugin
2025-07-19 11:33:28,032 [INFO] PluginManager:220 - loadIPPluginJar : add radio
2025-07-19 11:33:28,065 [INFO] IPUIPlugin:80 - create IPUIPlugin
2025-07-19 11:33:28,065 [INFO] PluginManager:220 - loadIPPluginJar : add resmgrutility
2025-07-19 11:33:28,179 [INFO] IPUIPlugin:80 - create IPUIPlugin
2025-07-19 11:33:28,179 [INFO] PluginManager:220 - loadIPPluginJar : add sai
2025-07-19 11:33:28,288 [INFO] IPUIPlugin:80 - create IPUIPlugin
2025-07-19 11:33:28,288 [INFO] PluginManager:220 - loadIPPluginJar : add spi
2025-07-19 11:33:28,499 [INFO] IPUIPlugin:80 - create IPUIPlugin
2025-07-19 11:33:28,499 [INFO] PluginManager:220 - loadIPPluginJar : add stm32_wpan
2025-07-19 11:33:28,578 [INFO] IPUIPlugin:80 - create IPUIPlugin
2025-07-19 11:33:28,578 [INFO] PluginManager:220 - loadIPPluginJar : add tim
2025-07-19 11:33:28,738 [INFO] IPUIPlugin:80 - create IPUIPlugin
2025-07-19 11:33:28,738 [INFO] PluginManager:220 - loadIPPluginJar : add touchsensing
2025-07-19 11:33:28,805 [INFO] IPUIPlugin:80 - create IPUIPlugin
2025-07-19 11:33:28,805 [INFO] PluginManager:220 - loadIPPluginJar : add tracer_emb
2025-07-19 11:33:28,888 [INFO] IPUIPlugin:80 - create IPUIPlugin
2025-07-19 11:33:28,888 [INFO] PluginManager:220 - loadIPPluginJar : add ts
2025-07-19 11:33:28,955 [INFO] IPUIPlugin:80 - create IPUIPlugin
2025-07-19 11:33:28,956 [INFO] PluginManager:220 - loadIPPluginJar : add tsc
2025-07-19 11:33:29,030 [INFO] IPUIPlugin:80 - create IPUIPlugin
2025-07-19 11:33:29,030 [INFO] PluginManager:220 - loadIPPluginJar : add ucpd
2025-07-19 11:33:29,154 [INFO] ThirdPartyUpdaterWithRetryManager:70 - Updater plugin not ready yet. [3/15]
2025-07-19 11:33:29,187 [INFO] IPUIPlugin:80 - create IPUIPlugin
2025-07-19 11:33:29,187 [INFO] PluginManager:220 - loadIPPluginJar : add usart
2025-07-19 11:33:29,324 [INFO] IPUIPlugin:80 - create IPUIPlugin
2025-07-19 11:33:29,325 [INFO] PluginManager:220 - loadIPPluginJar : add usbx
2025-07-19 11:33:29,564 [FATAL] Updater:351 - Updater called before beeing initialized
2025-07-19 11:33:29,635 [INFO] RulesReader:64 - Compatibility file has been processed (317 Rules)
2025-07-19 11:33:29,664 [INFO] RulesReader:64 - Compatibility file has been processed (317 Rules)
2025-07-19 11:33:29,700 [INFO] CADModel:165 - CPN selected for project level
2025-07-19 11:33:29,701 [INFO] CADModel:114 - Register for checkConnection events
2025-07-19 11:33:29,701 [FATAL] Updater:351 - Updater called before beeing initialized
2025-07-19 11:33:29,701 [ERROR] CADModel:125 - Updater not yet initialized, retry later 
2025-07-19 11:33:30,425 [FATAL] Updater:351 - Updater called before beeing initialized
2025-07-19 11:33:30,431 [INFO] CADModel:165 - CPN selected for project level
2025-07-19 11:33:30,431 [INFO] CADModel:114 - Register for checkConnection events
2025-07-19 11:33:30,431 [FATAL] Updater:351 - Updater called before beeing initialized
2025-07-19 11:33:30,432 [ERROR] CADModel:125 - Updater not yet initialized, retry later 
2025-07-19 11:33:30,440 [FATAL] Updater:351 - Updater called before beeing initialized
2025-07-19 11:33:30,979 [FATAL] Updater:351 - Updater called before beeing initialized
2025-07-19 11:33:31,004 [INFO] DbMcusAds:53 - JSON generation date=Tue Jul 08 13:44:23 IST 2025 (1751962463524)
2025-07-19 11:33:31,005 [FATAL] Updater:351 - Updater called before beeing initialized
2025-07-19 11:33:31,137 [WARN] DetailPanel:346 - Failed to get advertising image, set to default
2025-07-19 11:33:31,421 [FATAL] Updater:351 - Updater called before beeing initialized
2025-07-19 11:33:31,425 [FATAL] Updater:351 - Updater called before beeing initialized
2025-07-19 11:33:31,426 [FATAL] Updater:351 - Updater called before beeing initialized
2025-07-19 11:33:31,426 [WARN] DetailPanel:346 - Failed to get advertising image, set to default
2025-07-19 11:33:31,427 [FATAL] Updater:351 - Updater called before beeing initialized
2025-07-19 11:33:31,557 [ERROR] Updater:1198 - MainUpdater not yet initialized. External WinMGr cannot be set.
2025-07-19 11:33:31,577 [INFO] Updater:1134 - Updater Version found : 6.15.0
2025-07-19 11:33:31,612 [INFO] ApplicationProperties:184 - Using Application install path: C:\ST\STM32CubeIDE_1.16.0\STM32CubeIDE\plugins\com.st.stm32cube.common.mx_6.15.0.202507011659
2025-07-19 11:33:32,162 [INFO] ThirdPartyUpdaterWithRetryManager:70 - Updater plugin not ready yet. [4/15]
2025-07-19 11:33:33,280 [ERROR] LogOutputStream:75 - [STDERR_REDIRECT] Jul 19, 2025 11:33:33 AM java.util.prefs.WindowsPreferences <init>
2025-07-19 11:33:33,285 [ERROR] LogOutputStream:75 - [STDERR_REDIRECT] WARNING: Could not open/create prefs root node Software\JavaSoft\Prefs at root 0xffffffff80000002. Windows RegCreateKeyEx(...) returned error code 5.
2025-07-19 11:33:33,286 [ERROR] LogOutputStream:75 - [STDERR_REDIRECT] 
2025-07-19 11:33:35,082 [INFO] MainUpdater:2872 - connection check result : 10
2025-07-19 11:33:35,083 [INFO] MainUpdater:3604 - Updater definition file requires update
2025-07-19 11:33:35,085 [INFO] MainUpdater:289 - Updater Check For Update Now.
2025-07-19 11:33:35,085 [INFO] MicroXplorer:498 - Change Database Version : DB.6.0.150
2025-07-19 11:33:35,128 [INFO] McuFinderGlobals:63 - Set McuFinder mode to 2 (CubeIDE integrated)
2025-07-19 11:33:35,143 [INFO] UserAuth:487 - Internet connection configuration mode: 1
2025-07-19 11:33:35,174 [WARN] MainUpdater:1193 - Updater busy. Cannot search thirdparties
2025-07-19 11:33:35,174 [INFO] ThirdPartyUpdaterWithRetryManager:96 - Updater plugin is busy. [1/15]
2025-07-19 11:33:35,208 [INFO] JxBrowserEngine:152 - Initiate JxBrowser Engine with user profile folder
2025-07-19 11:33:35,640 [INFO] ServerAccessManage:452 - Complete download http(s) 200
2025-07-19 11:33:35,643 [INFO] ServerAccessManage:509 - Download File updaters.zip
2025-07-19 11:33:36,240 [INFO] FileExtend:248 - Unzip File : updaters.zip
2025-07-19 11:33:36,240 [INFO] FileExtend:263 - Standard Zip Deflate
2025-07-19 11:33:38,191 [WARN] MainUpdater:1193 - Updater busy. Cannot search thirdparties
2025-07-19 11:33:38,192 [INFO] ThirdPartyUpdaterWithRetryManager:96 - Updater plugin is busy. [2/15]
2025-07-19 11:33:40,090 [INFO] ServerAccessManage:452 - Complete download http(s) 200
2025-07-19 11:33:40,091 [INFO] ServerAccessManage:509 - Download File PacksControlFlags.xml
2025-07-19 11:33:40,356 [INFO] WebApp:169 - Instantiating new browser for Auth
2025-07-19 11:33:40,691 [INFO] ServerAccessManage:452 - Complete download http(s) 200
2025-07-19 11:33:40,691 [INFO] ServerAccessManage:509 - Download File cubemx.pidx
2025-07-19 11:33:41,319 [WARN] MainUpdater:1193 - Updater busy. Cannot search thirdparties
2025-07-19 11:33:41,320 [INFO] ThirdPartyUpdaterWithRetryManager:96 - Updater plugin is busy. [3/15]
2025-07-19 11:33:44,326 [WARN] MainUpdater:1193 - Updater busy. Cannot search thirdparties
2025-07-19 11:33:44,326 [INFO] ThirdPartyUpdaterWithRetryManager:96 - Updater plugin is busy. [4/15]
2025-07-19 11:33:44,791 [INFO] ServerAccessManage:452 - Complete download http(s) 200
2025-07-19 11:33:44,791 [INFO] ServerAccessManage:509 - Download File STMicroelectronics.X-CUBE-BLEMGR.pdsc
2025-07-19 11:33:44,908 [INFO] WebApp:463 - Apply proxy settings
2025-07-19 11:33:44,908 [INFO] WebApp:548 - Chromium requires no authentication
2025-07-19 11:33:45,031 [INFO] WebApp:491 - Direct internet connection detected
2025-07-19 11:33:45,160 [INFO] WebApp:900 - Register for checkConnection events
2025-07-19 11:33:45,160 [INFO] WebApp:463 - Apply proxy settings
2025-07-19 11:33:45,160 [INFO] WebApp:548 - Chromium requires no authentication
2025-07-19 11:33:45,162 [INFO] WebApp:491 - Direct internet connection detected
2025-07-19 11:33:45,764 [INFO] WebApp:191 - Connection restablished
2025-07-19 11:33:45,851 [INFO] WebApp:225 - Starting web application
2025-07-19 11:33:45,851 [INFO] WebApp:593 - Web application path used C:\ST\STM32CubeIDE_1.16.0\STM32CubeIDE\plugins\com.st.stm32cube.common.mx_6.15.0.202507011659\db\plugins\mcufinder\reactClient1\index.html
2025-07-19 11:33:46,314 [INFO] UserAuth:487 - Internet connection configuration mode: 1
2025-07-19 11:33:46,374 [ERROR] ServerAccessManage:1212 - Problem, file not found on Server
2025-07-19 11:33:47,327 [WARN] MainUpdater:1193 - Updater busy. Cannot search thirdparties
2025-07-19 11:33:47,328 [INFO] ThirdPartyUpdaterWithRetryManager:96 - Updater plugin is busy. [5/15]
2025-07-19 11:33:50,343 [WARN] MainUpdater:1193 - Updater busy. Cannot search thirdparties
2025-07-19 11:33:50,343 [INFO] ThirdPartyUpdaterWithRetryManager:96 - Updater plugin is busy. [6/15]
2025-07-19 11:33:53,362 [WARN] MainUpdater:1193 - Updater busy. Cannot search thirdparties
2025-07-19 11:33:53,363 [INFO] ThirdPartyUpdaterWithRetryManager:96 - Updater plugin is busy. [7/15]
2025-07-19 11:33:54,832 [WARN] PackLoader:240 - Cannot read IP mode file for STMicroelectronics.X-CUBE-BLEMGR.4.1.0
2025-07-19 11:33:54,855 [INFO] PopulateThirdPartyThread:66 - Ending populate Thread
2025-07-19 11:33:54,857 [INFO] ThirdParty:1030 - CMSIS Pack Vendor :STMicroelectronics X-CUBE-BLEMGR 4.1.0
2025-07-19 11:33:54,857 [INFO] LoadServerUpdatesThread:375 - End of LoadServerUpdate Thread
2025-07-19 11:33:54,980 [INFO] CheckServerUpdateThread:120 - End of CheckServer Thread
2025-07-19 11:33:57,039 [WARN] PackLoader:240 - Cannot read IP mode file for STMicroelectronics.FP-SNS-MOTENVWB1.1.4.0
2025-07-19 11:33:57,090 [WARN] PackLoader:240 - Cannot read IP mode file for STMicroelectronics.X-CUBE-SMBUS.2.1.0
2025-07-19 11:33:57,122 [WARN] PackLoader:240 - Cannot read IP mode file for STMicroelectronics.X-CUBE-WB05N.1.1.0
2025-07-19 11:33:57,158 [WARN] PackLoader:240 - Cannot read IP mode file for STMicroelectronics.X-CUBE-ST60.1.0.0
2025-07-19 11:33:57,239 [WARN] PackLoader:240 - Cannot read IP mode file for STMicroelectronics.X-CUBE-AZRTOS-F7.1.1.0
2025-07-19 11:33:57,379 [WARN] PackLoader:240 - Cannot read IP mode file for STMicroelectronics.X-CUBE-MEMS1.11.0.0
2025-07-19 11:33:58,085 [WARN] PackLoader:240 - Cannot read IP mode file for STMicroelectronics.FP-SNS-FLIGHT1.5.0.2
2025-07-19 11:33:58,204 [WARN] PackLoader:240 - Cannot read IP mode file for STMicroelectronics.X-CUBE-AZRTOS-H7.3.4.0
2025-07-19 11:33:58,275 [WARN] PackLoader:240 - Cannot read IP mode file for STMicroelectronics.X-CUBE-DISPLAY.3.0.0
2025-07-19 11:33:58,349 [WARN] PackLoader:240 - Cannot read IP mode file for STMicroelectronics.X-CUBE-BLE1.7.0.0
2025-07-19 11:33:58,391 [WARN] PackLoader:240 - Cannot read IP mode file for STMicroelectronics.X-CUBE-NFC10.1.0.0
2025-07-19 11:33:58,448 [WARN] PackLoader:240 - Cannot read IP mode file for STMicroelectronics.X-CUBE-BLEMGR.4.0.0
2025-07-19 11:33:58,505 [WARN] PackLoader:240 - Cannot read IP mode file for emotas.I-CUBE-CANOPEN.1.3.0
2025-07-19 11:33:58,604 [WARN] PackLoader:240 - Cannot read IP mode file for STMicroelectronics.X-CUBE-BLEMGR.3.1.0
2025-07-19 11:33:58,657 [WARN] PackLoader:240 - Cannot read IP mode file for STMicroelectronics.FP-SNS-SMARTAG2.1.2.0
2025-07-19 11:33:58,672 [WARN] PackLoader:240 - Cannot read IP mode file for STMicroelectronics.FP-SNS-FLIGHT1.5.1.0
2025-07-19 11:33:58,759 [INFO] LogOutputStream:77 - [STDOUT_REDIRECT] 1 : Invalid condition id : UX_CORESTACK_Condition cause : null
2025-07-19 11:33:58,763 [INFO] LogOutputStream:77 - [STDOUT_REDIRECT] 1 : Invalid condition id : UX_CORESTACK_Condition cause : null
2025-07-19 11:33:58,765 [INFO] LogOutputStream:77 - [STDOUT_REDIRECT] 1 : Invalid condition id : UX_CORESTACK_Condition cause : null
2025-07-19 11:33:58,766 [INFO] LogOutputStream:77 - [STDOUT_REDIRECT] 1 : Invalid condition id : UX_CORESTACK_Condition cause : null
2025-07-19 11:33:58,873 [INFO] LogOutputStream:77 - [STDOUT_REDIRECT] 1 : Invalid condition id : UX_CORESTACK_Condition cause : null
2025-07-19 11:33:58,885 [WARN] PackLoader:240 - Cannot read IP mode file for STMicroelectronics.X-CUBE-AZRTOS-WL.2.0.0
2025-07-19 11:33:59,083 [WARN] PackLoader:240 - Cannot read IP mode file for STMicroelectronics.FP-SNS-MOTENV1.5.0.0
2025-07-19 11:33:59,119 [WARN] PackLoader:240 - Cannot read IP mode file for wolfSSL.I-CUBE-wolfMQTT.1.19.0
2025-07-19 11:33:59,169 [WARN] PackLoader:240 - Cannot read IP mode file for WES.I-CUBE-Cesium.1.3.0
2025-07-19 11:33:59,214 [WARN] PackLoader:240 - Cannot read IP mode file for STMicroelectronics.X-CUBE-BLE2.3.3.0
2025-07-19 11:33:59,253 [WARN] PackLoader:240 - Cannot read IP mode file for STMicroelectronics.X-CUBE-NFC9.1.0.0
2025-07-19 11:33:59,313 [WARN] PackLoader:240 - Cannot read IP mode file for STMicroelectronics.X-CUBE-BLE1.7.1.0
2025-07-19 11:33:59,415 [WARN] PackLoader:240 - Cannot read IP mode file for STMicroelectronics.X-CUBE-TCPP.4.1.0
2025-07-19 11:33:59,516 [WARN] PackLoader:240 - Cannot read IP mode file for STMicroelectronics.X-CUBE-EEPRMA1.5.2.0
2025-07-19 11:33:59,575 [WARN] PackLoader:240 - Cannot read IP mode file for STMicroelectronics.X-CUBE-AI.10.1.0
2025-07-19 11:33:59,655 [WARN] PackLoader:240 - Cannot read IP mode file for STMicroelectronics.X-CUBE-AZRTOS-G0.1.1.0
2025-07-19 11:33:59,882 [WARN] PackLoader:240 - Cannot read IP mode file for STMicroelectronics.X-CUBE-SAFEA1.1.2.2
2025-07-19 11:33:59,924 [WARN] PackLoader:240 - Cannot read IP mode file for STMicroelectronics.X-CUBE-NFC4.3.0.0
2025-07-19 11:33:59,998 [WARN] PackLoader:240 - Cannot read IP mode file for EmbeddedOffice.I-CUBE-FS-RTOS.1.0.1
2025-07-19 11:34:00,041 [WARN] PackLoader:240 - Cannot read IP mode file for STMicroelectronics.X-CUBE-WB05N.2.0.0
2025-07-19 11:34:00,503 [WARN] PackLoader:240 - Cannot read IP mode file for STMicroelectronics.X-CUBE-TCPP.4.2.0
2025-07-19 11:34:00,590 [WARN] PackLoader:240 - Cannot read IP mode file for RealThread.X-CUBE-RT-Thread_Nano.4.1.1
2025-07-19 11:34:00,632 [WARN] PackLoader:240 - Cannot read IP mode file for wolfSSL.I-CUBE-wolfSSL.5.7.0
2025-07-19 11:34:00,648 [WARN] PackLoader:240 - Cannot read IP mode file for STMicroelectronics.FP-ATR-SIGFOX1.3.2.0
2025-07-19 11:34:00,667 [WARN] ConditionMgr:438 - getConditionDescription Invalid condition id : Cortex-A Device cause : null
2025-07-19 11:34:00,739 [WARN] ConditionMgr:1044 - genDependencies : Invalid condition id : Cortex-A Device cause : null
2025-07-19 11:34:00,740 [WARN] ConditionMgr:1044 - genDependencies : Invalid condition id : Cortex-A Device cause : null
2025-07-19 11:34:00,740 [WARN] ConditionMgr:1044 - genDependencies : Invalid condition id : Cortex-A Device cause : null
2025-07-19 11:34:00,784 [WARN] PackLoader:240 - Cannot read IP mode file for STMicroelectronics.X-CUBE-EEPRMA1.5.1.0
2025-07-19 11:34:00,866 [WARN] PackLoader:240 - Cannot read IP mode file for ITTIA_DB.I-CUBE-ITTIADB.8.9.0
2025-07-19 11:34:00,940 [WARN] PackLoader:240 - Cannot read IP mode file for STMicroelectronics.X-CUBE-ST67W61.1.0.0
2025-07-19 11:34:01,184 [WARN] PackLoader:240 - Cannot read IP mode file for SEGGER.I-CUBE-embOS.1.3.1
2025-07-19 11:34:01,301 [WARN] PackLoader:240 - Cannot read IP mode file for STMicroelectronics.X-CUBE-ALGOBUILD.1.4.0
2025-07-19 11:34:01,917 [WARN] PackLoader:240 - Cannot read IP mode file for STMicroelectronics.X-CUBE-MEMS1.11.3.0
2025-07-19 11:34:02,582 [WARN] PackLoader:240 - Cannot read IP mode file for STMicroelectronics.X-CUBE-AI.9.1.0
2025-07-19 11:34:02,619 [WARN] PackLoader:240 - Cannot read IP mode file for STMicroelectronics.X-CUBE-PM33A1.1.0.0
2025-07-19 11:34:02,670 [WARN] PackLoader:240 - Cannot read IP mode file for STMicroelectronics.X-CUBE-GNSS1.6.0.0
2025-07-19 11:34:02,755 [WARN] PackLoader:240 - Cannot read IP mode file for STMicroelectronics.X-CUBE-AZRTOS-F4.1.1.0
2025-07-19 11:34:02,786 [WARN] PackLoader:240 - Cannot read IP mode file for Avnet-IotConnect.X-CUBE-IoTC-DA16k-PMOD.1.0.0
2025-07-19 11:34:02,833 [WARN] PackLoader:240 - Cannot read IP mode file for STMicroelectronics.X-CUBE-ISPU.2.1.0
2025-07-19 11:34:02,883 [WARN] PackLoader:240 - Cannot read IP mode file for STMicroelectronics.X-CUBE-FREERTOS.1.2.0
2025-07-19 11:34:02,932 [WARN] PackLoader:240 - Cannot read IP mode file for STMicroelectronics.X-CUBE-NFC12.1.0.0
2025-07-19 11:34:03,051 [WARN] PackLoader:240 - Cannot read IP mode file for STMicroelectronics.X-CUBE-AZRTOS-L5.2.0.0
2025-07-19 11:34:03,109 [WARN] PackLoader:240 - Cannot read IP mode file for STMicroelectronics.X-CUBE-NFC6.3.1.0
2025-07-19 11:34:03,165 [WARN] PackLoader:240 - Cannot read IP mode file for STMicroelectronics.X-CUBE-DPower.1.2.0
2025-07-19 11:34:03,217 [WARN] PackLoader:240 - Cannot read IP mode file for STMicroelectronics.X-CUBE-AI.9.0.0
2025-07-19 11:34:03,267 [WARN] PackLoader:240 - Cannot read IP mode file for STMicroelectronics.X-CUBE-FREERTOS.1.3.1
2025-07-19 11:34:03,315 [WARN] PackLoader:240 - Cannot read IP mode file for STMicroelectronics.X-CUBE-NFC7.1.0.1
2025-07-19 11:34:03,334 [WARN] PackLoader:240 - Cannot read IP mode file for wolfSSL.I-CUBE-wolfTPM.3.2.0
2025-07-19 11:34:03,385 [WARN] PackLoader:240 - Cannot read IP mode file for STMicroelectronics.FP-SNS-STAIOTCFT.1.0.0
2025-07-19 11:34:03,440 [WARN] PackLoader:240 - Cannot read IP mode file for STMicroelectronics.X-CUBE-DPower.1.3.0
2025-07-19 11:34:03,559 [WARN] ConditionMgr:438 - getConditionDescription Invalid condition id : LAN8742 Phy interface Condition cause : null
2025-07-19 11:34:03,562 [WARN] PackLoader:240 - Cannot read IP mode file for STMicroelectronics.X-CUBE-AZRTOS-L4.2.0.0
2025-07-19 11:34:03,565 [WARN] ConditionMgr:1044 - genDependencies : Invalid condition id : LAN8742 Phy interface Condition cause : null
2025-07-19 11:34:03,565 [WARN] ConditionMgr:1044 - genDependencies : Invalid condition id : LAN8742 Phy interface Condition cause : null
2025-07-19 11:34:03,566 [WARN] ConditionMgr:1044 - genDependencies : Invalid condition id : LAN8742 Phy interface Condition cause : null
2025-07-19 11:34:03,608 [WARN] PackLoader:240 - Cannot read IP mode file for STMicroelectronics.X-CUBE-SFXS2LP1.4.0.0
2025-07-19 11:34:03,708 [WARN] PackLoader:240 - Cannot read IP mode file for STMicroelectronics.X-CUBE-AZRTOS-H7.3.3.0
2025-07-19 11:34:03,739 [WARN] PackLoader:240 - Cannot read IP mode file for STMicroelectronics.X-CUBE-BLEMGR.4.1.0
2025-07-19 11:34:03,998 [WARN] PackLoader:240 - Cannot read IP mode file for STMicroelectronics.X-CUBE-IPS.3.0.0
2025-07-19 11:34:04,084 [WARN] ConditionMgr:438 - getConditionDescription Invalid condition id : UX DEVICE CLASS RTOS Condition cause : null
2025-07-19 11:34:04,084 [WARN] ConditionMgr:438 - getConditionDescription Invalid condition id : UX DEVICE CLASS RTOS Condition cause : null
2025-07-19 11:34:04,088 [WARN] PackLoader:240 - Cannot read IP mode file for STMicroelectronics.X-CUBE-AZRTOS-WB.2.0.0
2025-07-19 11:34:04,089 [WARN] ConditionMgr:1044 - genDependencies : Invalid condition id : UX DEVICE CLASS RTOS Condition cause : null
2025-07-19 11:34:04,090 [WARN] ConditionMgr:1044 - genDependencies : Invalid condition id : UX DEVICE CLASS RTOS Condition cause : null
2025-07-19 11:34:04,091 [WARN] ConditionMgr:1044 - genDependencies : Invalid condition id : UX DEVICE CLASS RTOS Condition cause : null
2025-07-19 11:34:04,091 [WARN] ConditionMgr:1044 - genDependencies : Invalid condition id : UX DEVICE CLASS RTOS Condition cause : null
2025-07-19 11:34:04,091 [WARN] ConditionMgr:1044 - genDependencies : Invalid condition id : UX DEVICE CLASS RTOS Condition cause : null
2025-07-19 11:34:04,134 [WARN] PackLoader:240 - Cannot read IP mode file for STMicroelectronics.X-CUBE-GNSS1.7.0.0
2025-07-19 11:34:04,173 [WARN] PackLoader:240 - Cannot read IP mode file for STMicroelectronics.X-CUBE-GNSS1.7.0.1
2025-07-19 11:34:04,217 [WARN] PackLoader:240 - Cannot read IP mode file for STMicroelectronics.X-CUBE-TOUCHGFX.4.25.0
2025-07-19 11:34:04,273 [WARN] PackLoader:240 - Cannot read IP mode file for STMicroelectronics.FP-SNS-STBOX1.2.0.0
2025-07-19 11:34:04,349 [WARN] PackLoader:240 - Cannot read IP mode file for STMicroelectronics.X-CUBE-SUBG2.5.0.0
2025-07-19 11:34:04,458 [WARN] PackLoader:240 - Cannot read IP mode file for STMicroelectronics.X-CUBE-AZRTOS-H7RS.1.1.0
2025-07-19 11:34:04,482 [WARN] PackLoader:240 - Cannot read IP mode file for Cesanta.I-CUBE-Mongoose.7.13.0
2025-07-19 11:34:04,587 [WARN] PackLoader:240 - Cannot read IP mode file for STMicroelectronics.X-CUBE-AZRTOS-G4.2.0.0
2025-07-19 11:34:04,674 [WARN] PackLoader:240 - Cannot read IP mode file for STMicroelectronics.X-CUBE-NFC7.2.0.0
2025-07-19 11:34:04,715 [WARN] PackLoader:240 - Cannot read IP mode file for STMicroelectronics.X-CUBE-ISPU.2.0.0
2025-07-19 11:34:04,764 [WARN] PackLoader:240 - Cannot read IP mode file for STMicroelectronics.X-CUBE-IPS.3.1.0
2025-07-19 11:34:04,805 [WARN] PackLoader:240 - Cannot read IP mode file for STMicroelectronics.X-CUBE-ALS.1.0.2
2025-07-19 11:34:05,006 [WARN] PackLoader:240 - Cannot read IP mode file for STMicroelectronics.X-CUBE-MEMS1.10.0.0
2025-07-19 11:34:05,620 [WARN] PackLoader:240 - Cannot read IP mode file for STMicroelectronics.X-CUBE-TOUCHGFX.4.24.0
2025-07-19 11:34:05,666 [WARN] PackLoader:240 - Cannot read IP mode file for STMicroelectronics.X-CUBE-TOUCHGFX.4.24.1
2025-07-19 11:34:05,704 [WARN] PackLoader:240 - Cannot read IP mode file for portGmbH.I-Cube-SoM-uGOAL.1.1.0
2025-07-19 11:34:06,101 [WARN] PackLoader:240 - Cannot read IP mode file for STMicroelectronics.X-CUBE-AZRTOS-H7RS.1.0.0
2025-07-19 11:34:06,152 [WARN] PackLoader:240 - Cannot read IP mode file for STMicroelectronics.FP-ATR-ASTRA1.2.0.0
2025-07-19 11:34:06,214 [WARN] PackLoader:240 - Cannot read IP mode file for STMicroelectronics.X-CUBE-TOF1.3.4.2
2025-07-19 11:34:06,285 [WARN] PackLoader:240 - Cannot read IP mode file for STMicroelectronics.X-CUBE-TOF1.3.4.3
2025-07-19 11:34:06,369 [WARN] PackLoader:240 - Cannot read IP mode file for STMicroelectronics.X-CUBE-TOF1.3.4.1
2025-07-19 11:34:06,463 [WARN] PackLoader:240 - Cannot read IP mode file for STMicroelectronics.X-CUBE-AZRTOS-H7.3.2.0
2025-07-19 11:34:06,522 [WARN] PackLoader:240 - Cannot read IP mode file for Infineon.AIROC-Wi-Fi-Bluetooth-STM32.1.6.0
2025-07-19 11:34:06,546 [WARN] PackLoader:240 - Cannot read IP mode file for wolfSSL.I-CUBE-wolfSSH.1.4.17
2025-07-19 11:34:06,548 [INFO] ThirdParty:978 - Integrity check success = true
2025-07-19 11:34:06,548 [INFO] IntegrityCheckThread:100 - exiting critical section [integrity check]
2025-07-19 11:34:06,548 [INFO] IntegrityCheckThread:103 - End integrity checks thread
2025-07-19 12:57:41,898 [INFO] WebApp:194 - Connection lost
2025-07-19 12:57:42,231 [INFO] WebApp:191 - Connection restablished
2025-07-19 13:38:07,515 [INFO] WebApp:194 - Connection lost
2025-07-19 15:12:55,458 [INFO] WebApp:191 - Connection restablished
2025-07-19 15:12:57,513 [INFO] WebApp:194 - Connection lost
2025-07-19 15:12:57,872 [INFO] WebApp:191 - Connection restablished
2025-07-19 16:08:30,460 [INFO] WebApp:194 - Connection lost
