2025-07-31 14:33:51,245 [INFO] Activator:176 - 


2025-07-31 14:33:51,260 [INFO] Activator:177 - !SESSION log4j initialized
2025-07-31 14:34:28,694 [INFO] LogOutputStream:77 - [STDOUT_REDIRECT] 
2025-07-31 14:35:09,603 [INFO] ApplicationProperties:184 - Using Application install path: C:\ST\STM32CubeIDE_1.16.0\STM32CubeIDE\plugins\com.st.stm32cube.common.mx_6.15.0.202507011659
2025-07-31 14:35:09,743 [INFO] DbMcusXml:78 - Set database path to: C:\ST\STM32CubeIDE_1.16.0\STM32CubeIDE\plugins\com.st.stm32cube.common.mx_6.15.0.202507011659\\db\/mcu/
2025-07-31 14:35:09,745 [INFO] ApiDb:274 - Set plugin database path to: C:\ST\STM32CubeIDE_1.16.0\STM32CubeIDE\plugins\com.st.stm32cube.common.mx_6.15.0.202507011659\\db\/plugins/boardmanager/
2025-07-31 14:35:09,748 [WARN] ApiDb:259 - Overriding images path with different value:  => C:\ST\STM32CubeIDE_1.16.0\STM32CubeIDE\plugins\com.st.stm32cube.common.mx_6.15.0.202507011659\\db\/plugins/mcufinder/images/
2025-07-31 14:35:09,779 [INFO] ApiDb:250 - Set database path to: C:\Users\nisha\.stmcufinder\plugins\mcufinder//mcu/
2025-07-31 14:35:09,782 [INFO] DbMcusAds:125 - Set database path to: C:\Users\nisha\.stmcufinder\plugins\mcufinder//mcu/
2025-07-31 14:35:09,915 [INFO] CrossReferenceDbSqlite:203 - Set database path to: C:\Users\nisha\.stmcufinder\plugins\mcufinder//mcu/cs/
2025-07-31 14:35:11,296 [INFO] RulesReader:64 - Compatibility file has been processed (317 Rules)
2025-07-31 14:35:12,316 [INFO] DbMcusXml:78 - Set database path to: C:\ST\STM32CubeIDE_1.16.0\STM32CubeIDE\plugins\com.st.stm32cube.common.mx_6.15.0.202507011659\\db\/mcu/
2025-07-31 14:35:12,326 [INFO] ApiDb:274 - Set plugin database path to: C:\ST\STM32CubeIDE_1.16.0\STM32CubeIDE\plugins\com.st.stm32cube.common.mx_6.15.0.202507011659\\db\/plugins/boardmanager/
2025-07-31 14:35:12,342 [INFO] ApiDb:261 - Set plugin images path to: C:\ST\STM32CubeIDE_1.16.0\STM32CubeIDE\plugins\com.st.stm32cube.common.mx_6.15.0.202507011659\\db\/plugins/mcufinder/images/
2025-07-31 14:35:12,343 [WARN] DbFile:41 - Overriding database path with different value: C:\Users\nisha\.stmcufinder\plugins\mcufinder/ => C:\Users\nisha\.stmcufinder\plugins\mcufinder
2025-07-31 14:35:12,374 [INFO] ApiDb:250 - Set database path to: C:\Users\nisha\.stmcufinder\plugins\mcufinder//mcu/
2025-07-31 14:35:12,375 [WARN] DbFile:41 - Overriding database path with different value: C:\Users\nisha\.stmcufinder\plugins\mcufinder/ => C:\Users\nisha\.stmcufinder\plugins\mcufinder
2025-07-31 14:35:12,375 [INFO] DbMcusAds:125 - Set database path to: C:\Users\nisha\.stmcufinder\plugins\mcufinder//mcu/
2025-07-31 14:35:12,375 [WARN] DbFile:41 - Overriding database path with different value: C:\Users\nisha\.stmcufinder\plugins\mcufinder/ => C:\Users\nisha\.stmcufinder\plugins\mcufinder
2025-07-31 14:35:12,375 [WARN] DbFile:41 - Overriding database path with different value: C:\Users\nisha\.stmcufinder\plugins\mcufinder/ => C:\Users\nisha\.stmcufinder\plugins\mcufinder
2025-07-31 14:35:12,375 [INFO] CrossReferenceDbSqlite:203 - Set database path to: C:\Users\nisha\.stmcufinder\plugins\mcufinder//mcu/cs/
2025-07-31 14:35:13,088 [INFO] MainPanel:274 - HeapMemory: 274726912
2025-07-31 14:35:13,570 [INFO] DbMcusXml:78 - Set database path to: C:\ST\STM32CubeIDE_1.16.0\STM32CubeIDE\plugins\com.st.stm32cube.common.mx_6.15.0.202507011659\\db\/mcu/
2025-07-31 14:35:13,570 [INFO] ApiDb:274 - Set plugin database path to: C:\ST\STM32CubeIDE_1.16.0\STM32CubeIDE\plugins\com.st.stm32cube.common.mx_6.15.0.202507011659\\db\/plugins/boardmanager/
2025-07-31 14:35:13,570 [INFO] ApiDb:261 - Set plugin images path to: C:\ST\STM32CubeIDE_1.16.0\STM32CubeIDE\plugins\com.st.stm32cube.common.mx_6.15.0.202507011659\\db\/plugins/mcufinder/images/
2025-07-31 14:35:13,571 [WARN] DbFile:41 - Overriding database path with different value: C:\Users\nisha\.stmcufinder\plugins\mcufinder/ => C:\Users\nisha\.stmcufinder\plugins\mcufinder
2025-07-31 14:35:13,571 [INFO] ApiDb:250 - Set database path to: C:\Users\nisha\.stmcufinder\plugins\mcufinder//mcu/
2025-07-31 14:35:13,571 [WARN] DbFile:41 - Overriding database path with different value: C:\Users\nisha\.stmcufinder\plugins\mcufinder/ => C:\Users\nisha\.stmcufinder\plugins\mcufinder
2025-07-31 14:35:13,571 [INFO] DbMcusAds:125 - Set database path to: C:\Users\nisha\.stmcufinder\plugins\mcufinder//mcu/
2025-07-31 14:35:13,572 [WARN] DbFile:41 - Overriding database path with different value: C:\Users\nisha\.stmcufinder\plugins\mcufinder/ => C:\Users\nisha\.stmcufinder\plugins\mcufinder
2025-07-31 14:35:13,572 [WARN] DbFile:41 - Overriding database path with different value: C:\Users\nisha\.stmcufinder\plugins\mcufinder/ => C:\Users\nisha\.stmcufinder\plugins\mcufinder
2025-07-31 14:35:13,572 [INFO] CrossReferenceDbSqlite:203 - Set database path to: C:\Users\nisha\.stmcufinder\plugins\mcufinder//mcu/cs/
2025-07-31 14:35:13,616 [INFO] ApplicationProperties:184 - Using Application install path: C:\ST\STM32CubeIDE_1.16.0\STM32CubeIDE\plugins\com.st.stm32cube.common.mx_6.15.0.202507011659
2025-07-31 14:35:13,618 [INFO] PluginManage:196 - Search for loadable plugins [exclusion list=, ]
2025-07-31 14:35:13,621 [INFO] PluginManage:310 - Check plugin analytics
2025-07-31 14:35:14,347 [INFO] AnalyticsPlugin:253 - Accepted Software Licenses: 
2025-07-31 14:35:14,347 [INFO] AnalyticsPlugin:255 - Accepted CMSIS Pack Licenses: 
2025-07-31 14:35:14,347 [INFO] AnalyticsPlugin:257 - Accepted Firmware Licenses: FW.F4.1.28.0
2025-07-31 14:35:14,451 [INFO] PluginManage:359 - Loaded plugin analytics (category:tool,tabindex:-1)
2025-07-31 14:35:14,451 [INFO] PluginManage:310 - Check plugin cadmodel
2025-07-31 14:35:14,505 [INFO] CADModel:105 - Init CAD model plugin
2025-07-31 14:35:14,505 [INFO] PluginManage:359 - Loaded plugin cadmodel (category:power,tabindex:5)
2025-07-31 14:35:14,505 [INFO] PluginManage:310 - Check plugin clock
2025-07-31 14:35:14,553 [INFO] PluginManage:359 - Loaded plugin clock (category:base,tabindex:2)
2025-07-31 14:35:14,553 [INFO] PluginManage:310 - Check plugin ddr
2025-07-31 14:35:14,559 [INFO] PluginManage:359 - Loaded plugin ddr (category:tool,tabindex:6)
2025-07-31 14:35:14,559 [INFO] PluginManage:310 - Check plugin filemanager
2025-07-31 14:35:14,858 [INFO] PluginManage:359 - Loaded plugin filemanager (category:base,tabindex:10)
2025-07-31 14:35:14,859 [INFO] PluginManage:310 - Check plugin ipmanager
2025-07-31 14:35:14,874 [INFO] PluginManage:359 - Loaded plugin ipmanager (category:base,tabindex:5)
2025-07-31 14:35:14,874 [INFO] PluginManage:310 - Check plugin lpbam
2025-07-31 14:35:14,903 [INFO] PluginManage:359 - Loaded plugin lpbam (category:base,tabindex:0)
2025-07-31 14:35:14,904 [INFO] PluginManage:310 - Check plugin memorymap
2025-07-31 14:35:14,951 [INFO] PluginManage:359 - Loaded plugin memorymap (category:base,tabindex:4)
2025-07-31 14:35:14,951 [INFO] PluginManage:310 - Check plugin pinoutandconfiguration
2025-07-31 14:35:14,994 [INFO] PluginManage:359 - Loaded plugin pinoutandconfiguration (category:base,tabindex:1)
2025-07-31 14:35:14,994 [INFO] PluginManage:310 - Check plugin pinoutconfig
2025-07-31 14:35:15,205 [WARN] SupportedApi:132 - Cannot load RTOS API schema: s4s-elt-must-match.1: The content of 'definitions' must match (annotation?, (simpleType | complexType)?, (unique | key | keyref)*)). A problem was found starting at: attribute.
2025-07-31 14:35:15,470 [INFO] PluginManage:359 - Loaded plugin pinoutconfig (category:base,tabindex:0)
2025-07-31 14:35:15,471 [INFO] PluginManage:310 - Check plugin power
2025-07-31 14:35:15,505 [INFO] PluginManage:359 - Loaded plugin power (category:power,tabindex:4)
2025-07-31 14:35:15,505 [INFO] PluginManage:310 - Check plugin projectmanager
2025-07-31 14:35:15,541 [INFO] PluginManage:359 - Loaded plugin projectmanager (category:projectmanager,tabindex:4)
2025-07-31 14:35:15,542 [INFO] PluginManage:310 - Check plugin rif
2025-07-31 14:35:15,693 [INFO] PluginManage:359 - Loaded plugin rif (category:base,tabindex:3)
2025-07-31 14:35:15,694 [INFO] PluginManage:310 - Check plugin thirdparty
2025-07-31 14:35:16,408 [INFO] PluginManage:359 - Loaded plugin thirdparty (category:base,tabindex:-1)
2025-07-31 14:35:16,409 [INFO] PluginManage:310 - Check plugin tools
2025-07-31 14:35:16,408 [WARN] IntegrityCheckThread:84 - waiting for thirdparty lock release [integrity check]
2025-07-31 14:35:16,413 [INFO] IntegrityCheckThread:86 - entering critical section [integrity check]
2025-07-31 14:35:16,414 [INFO] ThirdPartyUpdaterWithRetryManager:70 - Updater plugin not ready yet. [1/15]
2025-07-31 14:35:16,492 [INFO] PluginManage:359 - Loaded plugin tools (category:base,tabindex:7)
2025-07-31 14:35:16,492 [INFO] PluginManage:310 - Check plugin tutovideos
2025-07-31 14:35:16,974 [INFO] PluginManage:359 - Loaded plugin tutovideos (category:base,tabindex:-1)
2025-07-31 14:35:16,974 [INFO] PluginManage:310 - Check plugin updater
2025-07-31 14:35:17,021 [INFO] PluginManage:359 - Loaded plugin updater (category:base,tabindex:12)
2025-07-31 14:35:17,021 [INFO] PluginManage:310 - Check plugin userauth
2025-07-31 14:35:17,030 [INFO] UserAuth:118 - Init User Auth plugin
2025-07-31 14:35:17,031 [INFO] PluginManage:359 - Loaded plugin userauth (category:base,tabindex:14)
2025-07-31 14:35:17,033 [INFO] PluginManage:283 - PluginManage : Loaded plugins [18]
2025-07-31 14:35:17,493 [INFO] PinOutPanel:1589 - setPackage(No Configuration,No Configuration)
2025-07-31 14:35:17,806 [INFO] CADModel:165 - CPN selected for project level
2025-07-31 14:35:17,807 [INFO] CADModel:114 - Register for checkConnection events
2025-07-31 14:35:17,888 [INFO] IPUIPlugin:80 - create IPUIPlugin
2025-07-31 14:35:17,889 [INFO] PluginManager:220 - loadIPPluginJar : add adc
2025-07-31 14:35:17,966 [INFO] IPUIPlugin:80 - create IPUIPlugin
2025-07-31 14:35:17,966 [INFO] PluginManager:220 - loadIPPluginJar : add aes
2025-07-31 14:35:18,039 [INFO] IPUIPlugin:80 - create IPUIPlugin
2025-07-31 14:35:18,040 [INFO] PluginManager:220 - loadIPPluginJar : add can
2025-07-31 14:35:18,072 [INFO] IPUIPlugin:80 - create IPUIPlugin
2025-07-31 14:35:18,072 [INFO] PluginManager:220 - loadIPPluginJar : add comp
2025-07-31 14:35:18,126 [INFO] IPUIPlugin:80 - create IPUIPlugin
2025-07-31 14:35:18,126 [INFO] PluginManager:220 - loadIPPluginJar : add cryp
2025-07-31 14:35:18,156 [INFO] IPUIPlugin:80 - create IPUIPlugin
2025-07-31 14:35:18,156 [INFO] PluginManager:220 - loadIPPluginJar : add ddr_ctrl_phy
2025-07-31 14:35:18,193 [INFO] IPUIPlugin:80 - create IPUIPlugin
2025-07-31 14:35:18,193 [INFO] PluginManager:220 - loadIPPluginJar : add dfsdm
2025-07-31 14:35:18,212 [INFO] IPUIPlugin:80 - create IPUIPlugin
2025-07-31 14:35:18,213 [INFO] PluginManager:220 - loadIPPluginJar : add dma
2025-07-31 14:35:18,295 [INFO] IPUIPlugin:80 - create IPUIPlugin
2025-07-31 14:35:18,295 [INFO] PluginManager:220 - loadIPPluginJar : add dma3
2025-07-31 14:35:18,402 [INFO] IPUIPlugin:80 - create IPUIPlugin
2025-07-31 14:35:18,402 [INFO] PluginManager:220 - loadIPPluginJar : add extmemmanager
2025-07-31 14:35:18,453 [INFO] IPUIPlugin:80 - create IPUIPlugin
2025-07-31 14:35:18,453 [INFO] PluginManager:220 - loadIPPluginJar : add fatfs
2025-07-31 14:35:18,560 [INFO] IPUIPlugin:80 - create IPUIPlugin
2025-07-31 14:35:18,560 [INFO] PluginManager:220 - loadIPPluginJar : add fmc
2025-07-31 14:35:18,591 [INFO] IPUIPlugin:80 - create IPUIPlugin
2025-07-31 14:35:18,592 [INFO] PluginManager:220 - loadIPPluginJar : add freertos
2025-07-31 14:35:18,645 [INFO] IPUIPlugin:80 - create IPUIPlugin
2025-07-31 14:35:18,646 [INFO] PluginManager:220 - loadIPPluginJar : add genericplugin
2025-07-31 14:35:18,893 [INFO] IPUIPlugin:80 - create IPUIPlugin
2025-07-31 14:35:18,894 [INFO] PluginManager:220 - loadIPPluginJar : add gfxmmu
2025-07-31 14:35:19,211 [INFO] IPUIPlugin:80 - create IPUIPlugin
2025-07-31 14:35:19,212 [INFO] PluginManager:220 - loadIPPluginJar : add gic
2025-07-31 14:35:19,241 [INFO] IPUIPlugin:80 - create IPUIPlugin
2025-07-31 14:35:19,242 [INFO] PluginManager:220 - loadIPPluginJar : add gpio
2025-07-31 14:35:19,424 [INFO] ThirdPartyUpdaterWithRetryManager:70 - Updater plugin not ready yet. [2/15]
2025-07-31 14:35:19,446 [INFO] IPUIPlugin:80 - create IPUIPlugin
2025-07-31 14:35:19,446 [INFO] PluginManager:220 - loadIPPluginJar : add gtzc
2025-07-31 14:35:19,525 [INFO] IPUIPlugin:80 - create IPUIPlugin
2025-07-31 14:35:19,526 [INFO] PluginManager:220 - loadIPPluginJar : add hash
2025-07-31 14:35:19,655 [INFO] IPUIPlugin:80 - create IPUIPlugin
2025-07-31 14:35:19,655 [INFO] PluginManager:220 - loadIPPluginJar : add i2c
2025-07-31 14:35:19,741 [INFO] IPUIPlugin:80 - create IPUIPlugin
2025-07-31 14:35:19,741 [INFO] PluginManager:220 - loadIPPluginJar : add i2s
2025-07-31 14:35:19,826 [INFO] IPUIPlugin:80 - create IPUIPlugin
2025-07-31 14:35:19,826 [INFO] PluginManager:220 - loadIPPluginJar : add i3c
2025-07-31 14:35:20,048 [INFO] IPUIPlugin:80 - create IPUIPlugin
2025-07-31 14:35:20,049 [INFO] PluginManager:220 - loadIPPluginJar : add ipddr
2025-07-31 14:35:20,212 [INFO] IPUIPlugin:80 - create IPUIPlugin
2025-07-31 14:35:20,213 [INFO] PluginManager:220 - loadIPPluginJar : add linkedlist
2025-07-31 14:35:20,290 [INFO] IPUIPlugin:80 - create IPUIPlugin
2025-07-31 14:35:20,290 [INFO] PluginManager:220 - loadIPPluginJar : add lorawan
2025-07-31 14:35:20,380 [INFO] IPUIPlugin:80 - create IPUIPlugin
2025-07-31 14:35:20,381 [INFO] PluginManager:220 - loadIPPluginJar : add ltdc
2025-07-31 14:35:20,414 [INFO] IPUIPlugin:80 - create IPUIPlugin
2025-07-31 14:35:20,415 [INFO] PluginManager:220 - loadIPPluginJar : add mdma
2025-07-31 14:35:20,436 [INFO] IPUIPlugin:80 - create IPUIPlugin
2025-07-31 14:35:20,437 [INFO] PluginManager:220 - loadIPPluginJar : add nvic
2025-07-31 14:35:20,532 [INFO] IPUIPlugin:80 - create IPUIPlugin
2025-07-31 14:35:20,532 [INFO] PluginManager:220 - loadIPPluginJar : add opamp
2025-07-31 14:35:20,689 [INFO] IPUIPlugin:80 - create IPUIPlugin
2025-07-31 14:35:20,690 [INFO] PluginManager:220 - loadIPPluginJar : add openamp
2025-07-31 14:35:20,792 [INFO] IPUIPlugin:80 - create IPUIPlugin
2025-07-31 14:35:20,792 [INFO] PluginManager:220 - loadIPPluginJar : add pdm2pcm
2025-07-31 14:35:20,825 [INFO] IPUIPlugin:80 - create IPUIPlugin
2025-07-31 14:35:20,831 [INFO] PluginManager:220 - loadIPPluginJar : add plateformsettings
2025-07-31 14:35:20,888 [INFO] IPUIPlugin:80 - create IPUIPlugin
2025-07-31 14:35:20,888 [INFO] PluginManager:220 - loadIPPluginJar : add quadspi
2025-07-31 14:35:20,956 [INFO] IPUIPlugin:80 - create IPUIPlugin
2025-07-31 14:35:20,957 [INFO] PluginManager:220 - loadIPPluginJar : add radio
2025-07-31 14:35:20,978 [INFO] IPUIPlugin:80 - create IPUIPlugin
2025-07-31 14:35:20,978 [INFO] PluginManager:220 - loadIPPluginJar : add resmgrutility
2025-07-31 14:35:21,092 [INFO] IPUIPlugin:80 - create IPUIPlugin
2025-07-31 14:35:21,092 [INFO] PluginManager:220 - loadIPPluginJar : add sai
2025-07-31 14:35:21,186 [INFO] IPUIPlugin:80 - create IPUIPlugin
2025-07-31 14:35:21,187 [INFO] PluginManager:220 - loadIPPluginJar : add spi
2025-07-31 14:35:21,357 [INFO] IPUIPlugin:80 - create IPUIPlugin
2025-07-31 14:35:21,357 [INFO] PluginManager:220 - loadIPPluginJar : add stm32_wpan
2025-07-31 14:35:21,423 [INFO] IPUIPlugin:80 - create IPUIPlugin
2025-07-31 14:35:21,423 [INFO] PluginManager:220 - loadIPPluginJar : add tim
2025-07-31 14:35:21,552 [INFO] IPUIPlugin:80 - create IPUIPlugin
2025-07-31 14:35:21,553 [INFO] PluginManager:220 - loadIPPluginJar : add touchsensing
2025-07-31 14:35:21,605 [INFO] IPUIPlugin:80 - create IPUIPlugin
2025-07-31 14:35:21,605 [INFO] PluginManager:220 - loadIPPluginJar : add tracer_emb
2025-07-31 14:35:21,665 [INFO] IPUIPlugin:80 - create IPUIPlugin
2025-07-31 14:35:21,666 [INFO] PluginManager:220 - loadIPPluginJar : add ts
2025-07-31 14:35:21,725 [INFO] IPUIPlugin:80 - create IPUIPlugin
2025-07-31 14:35:21,725 [INFO] PluginManager:220 - loadIPPluginJar : add tsc
2025-07-31 14:35:21,779 [INFO] IPUIPlugin:80 - create IPUIPlugin
2025-07-31 14:35:21,779 [INFO] PluginManager:220 - loadIPPluginJar : add ucpd
2025-07-31 14:35:21,880 [INFO] IPUIPlugin:80 - create IPUIPlugin
2025-07-31 14:35:21,880 [INFO] PluginManager:220 - loadIPPluginJar : add usart
2025-07-31 14:35:21,992 [INFO] IPUIPlugin:80 - create IPUIPlugin
2025-07-31 14:35:21,992 [INFO] PluginManager:220 - loadIPPluginJar : add usbx
2025-07-31 14:35:22,190 [FATAL] Updater:351 - Updater called before beeing initialized
2025-07-31 14:35:22,258 [INFO] RulesReader:64 - Compatibility file has been processed (317 Rules)
2025-07-31 14:35:22,283 [INFO] RulesReader:64 - Compatibility file has been processed (317 Rules)
2025-07-31 14:35:22,432 [INFO] ThirdPartyUpdaterWithRetryManager:70 - Updater plugin not ready yet. [3/15]
2025-07-31 14:35:22,441 [INFO] CADModel:165 - CPN selected for project level
2025-07-31 14:35:22,441 [INFO] CADModel:114 - Register for checkConnection events
2025-07-31 14:35:22,442 [FATAL] Updater:351 - Updater called before beeing initialized
2025-07-31 14:35:22,442 [ERROR] CADModel:125 - Updater not yet initialized, retry later 
2025-07-31 14:35:22,848 [FATAL] Updater:351 - Updater called before beeing initialized
2025-07-31 14:35:22,853 [INFO] CADModel:165 - CPN selected for project level
2025-07-31 14:35:22,854 [INFO] CADModel:114 - Register for checkConnection events
2025-07-31 14:35:22,854 [FATAL] Updater:351 - Updater called before beeing initialized
2025-07-31 14:35:22,854 [ERROR] CADModel:125 - Updater not yet initialized, retry later 
2025-07-31 14:35:22,863 [FATAL] Updater:351 - Updater called before beeing initialized
2025-07-31 14:35:23,195 [FATAL] Updater:351 - Updater called before beeing initialized
2025-07-31 14:35:23,217 [INFO] DbMcusAds:53 - JSON generation date=Tue Jul 08 13:44:23 IST 2025 (1751962463562)
2025-07-31 14:35:23,218 [FATAL] Updater:351 - Updater called before beeing initialized
2025-07-31 14:35:23,308 [WARN] DetailPanel:346 - Failed to get advertising image, set to default
2025-07-31 14:35:23,509 [FATAL] Updater:351 - Updater called before beeing initialized
2025-07-31 14:35:23,514 [FATAL] Updater:351 - Updater called before beeing initialized
2025-07-31 14:35:23,515 [FATAL] Updater:351 - Updater called before beeing initialized
2025-07-31 14:35:23,515 [WARN] DetailPanel:346 - Failed to get advertising image, set to default
2025-07-31 14:35:23,516 [FATAL] Updater:351 - Updater called before beeing initialized
2025-07-31 14:35:23,635 [ERROR] Updater:1198 - MainUpdater not yet initialized. External WinMGr cannot be set.
2025-07-31 14:35:23,657 [INFO] Updater:1134 - Updater Version found : 6.15.0
2025-07-31 14:35:23,692 [INFO] ApplicationProperties:184 - Using Application install path: C:\ST\STM32CubeIDE_1.16.0\STM32CubeIDE\plugins\com.st.stm32cube.common.mx_6.15.0.202507011659
2025-07-31 14:35:25,335 [ERROR] LogOutputStream:75 - [STDERR_REDIRECT] Jul 31, 2025 2:35:25 PM java.util.prefs.WindowsPreferences <init>
2025-07-31 14:35:25,337 [ERROR] LogOutputStream:75 - [STDERR_REDIRECT] WARNING: Could not open/create prefs root node Software\JavaSoft\Prefs at root 0xffffffff80000002. Windows RegCreateKeyEx(...) returned error code 5.
2025-07-31 14:35:25,337 [ERROR] LogOutputStream:75 - [STDERR_REDIRECT] 
2025-07-31 14:35:25,440 [FATAL] Updater:351 - Updater called before beeing initialized
2025-07-31 14:35:25,441 [ERROR] IntegrityCheckThread:130 - Cannot retrieve database content from updater: error 21
2025-07-31 14:35:25,441 [INFO] ThirdParty:978 - Integrity check success = false
2025-07-31 14:35:25,441 [INFO] IntegrityCheckThread:100 - exiting critical section [integrity check]
2025-07-31 14:35:25,442 [INFO] IntegrityCheckThread:103 - End integrity checks thread
2025-07-31 14:35:28,011 [INFO] MainUpdater:2872 - connection check result : 10
2025-07-31 14:35:28,012 [INFO] MainUpdater:3604 - Updater definition file requires update
2025-07-31 14:35:28,014 [INFO] MainUpdater:289 - Updater Check For Update Now.
2025-07-31 14:35:28,015 [INFO] MicroXplorer:498 - Change Database Version : DB.6.0.150
2025-07-31 14:35:28,063 [INFO] McuFinderGlobals:63 - Set McuFinder mode to 2 (CubeIDE integrated)
2025-07-31 14:35:28,077 [INFO] UserAuth:487 - Internet connection configuration mode: 1
2025-07-31 14:35:28,135 [INFO] JxBrowserEngine:152 - Initiate JxBrowser Engine with user profile folder
2025-07-31 14:35:28,503 [INFO] ServerAccessManage:452 - Complete download http(s) 200
2025-07-31 14:35:28,505 [INFO] ServerAccessManage:509 - Download File updaters.zip
2025-07-31 14:35:28,839 [INFO] FileExtend:248 - Unzip File : updaters.zip
2025-07-31 14:35:28,839 [INFO] FileExtend:263 - Standard Zip Deflate
2025-07-31 14:35:37,719 [INFO] WebApp:169 - Instantiating new browser for Auth
2025-07-31 14:35:37,784 [INFO] ServerAccessManage:452 - Complete download http(s) 200
2025-07-31 14:35:37,790 [INFO] ServerAccessManage:509 - Download File PacksControlFlags.xml
2025-07-31 14:35:38,256 [INFO] ServerAccessManage:452 - Complete download http(s) 200
2025-07-31 14:35:38,256 [INFO] ServerAccessManage:509 - Download File cubemx.pidx
2025-07-31 14:35:39,347 [INFO] LoadServerUpdatesThread:375 - End of LoadServerUpdate Thread
2025-07-31 14:35:40,930 [INFO] CheckServerUpdateThread:120 - End of CheckServer Thread
2025-07-31 14:35:42,830 [INFO] WebApp:463 - Apply proxy settings
2025-07-31 14:35:42,830 [INFO] WebApp:548 - Chromium requires no authentication
2025-07-31 14:35:42,948 [INFO] WebApp:491 - Direct internet connection detected
2025-07-31 14:35:43,105 [INFO] WebApp:900 - Register for checkConnection events
2025-07-31 14:35:43,106 [INFO] WebApp:463 - Apply proxy settings
2025-07-31 14:35:43,117 [INFO] WebApp:548 - Chromium requires no authentication
2025-07-31 14:35:43,118 [INFO] WebApp:491 - Direct internet connection detected
2025-07-31 14:35:43,831 [INFO] WebApp:191 - Connection restablished
2025-07-31 14:35:45,222 [INFO] WebApp:225 - Starting web application
2025-07-31 14:35:45,222 [INFO] WebApp:593 - Web application path used C:\ST\STM32CubeIDE_1.16.0\STM32CubeIDE\plugins\com.st.stm32cube.common.mx_6.15.0.202507011659\db\plugins\mcufinder\reactClient1\index.html
2025-07-31 14:35:46,553 [INFO] UserAuth:487 - Internet connection configuration mode: 1
2025-07-31 18:19:13,263 [INFO] WebApp:194 - Connection lost
2025-07-31 21:38:33,480 [INFO] WebApp:191 - Connection restablished
2025-07-31 21:38:40,184 [INFO] WebApp:194 - Connection lost
2025-07-31 21:38:40,571 [INFO] WebApp:191 - Connection restablished
2025-07-31 22:58:56,682 [ERROR] LogOutputStream:75 - [STDERR_REDIRECT] 
