2025-08-29 01:12:56,749 [INFO] Activator:176 - 


2025-08-29 01:12:56,765 [INFO] Activator:177 - !SESSION log4j initialized
2025-08-29 01:13:13,631 [INFO] LogOutputStream:77 - [STDOUT_REDIRECT] 
2025-08-29 01:13:28,837 [INFO] ApplicationProperties:184 - Using Application install path: C:\ST\STM32CubeIDE_1.16.0\STM32CubeIDE\plugins\com.st.stm32cube.common.mx_6.15.0.202507011659
2025-08-29 01:13:28,861 [INFO] DbMcusXml:78 - Set database path to: C:\ST\STM32CubeIDE_1.16.0\STM32CubeIDE\plugins\com.st.stm32cube.common.mx_6.15.0.202507011659\\db\/mcu/
2025-08-29 01:13:28,862 [INFO] ApiDb:274 - Set plugin database path to: C:\ST\STM32CubeIDE_1.16.0\STM32CubeIDE\plugins\com.st.stm32cube.common.mx_6.15.0.202507011659\\db\/plugins/boardmanager/
2025-08-29 01:13:28,862 [WARN] ApiDb:259 - Overriding images path with different value:  => C:\ST\STM32CubeIDE_1.16.0\STM32CubeIDE\plugins\com.st.stm32cube.common.mx_6.15.0.202507011659\\db\/plugins/mcufinder/images/
2025-08-29 01:13:28,875 [INFO] ApiDb:250 - Set database path to: C:\Users\nisha\.stmcufinder\plugins\mcufinder//mcu/
2025-08-29 01:13:28,876 [INFO] DbMcusAds:125 - Set database path to: C:\Users\nisha\.stmcufinder\plugins\mcufinder//mcu/
2025-08-29 01:13:29,047 [INFO] CrossReferenceDbSqlite:203 - Set database path to: C:\Users\nisha\.stmcufinder\plugins\mcufinder//mcu/cs/
2025-08-29 01:13:29,292 [INFO] RulesReader:64 - Compatibility file has been processed (317 Rules)
2025-08-29 01:13:29,441 [INFO] DbMcusXml:78 - Set database path to: C:\ST\STM32CubeIDE_1.16.0\STM32CubeIDE\plugins\com.st.stm32cube.common.mx_6.15.0.202507011659\\db\/mcu/
2025-08-29 01:13:29,441 [INFO] ApiDb:274 - Set plugin database path to: C:\ST\STM32CubeIDE_1.16.0\STM32CubeIDE\plugins\com.st.stm32cube.common.mx_6.15.0.202507011659\\db\/plugins/boardmanager/
2025-08-29 01:13:29,442 [INFO] ApiDb:261 - Set plugin images path to: C:\ST\STM32CubeIDE_1.16.0\STM32CubeIDE\plugins\com.st.stm32cube.common.mx_6.15.0.202507011659\\db\/plugins/mcufinder/images/
2025-08-29 01:13:29,442 [WARN] DbFile:41 - Overriding database path with different value: C:\Users\nisha\.stmcufinder\plugins\mcufinder/ => C:\Users\nisha\.stmcufinder\plugins\mcufinder
2025-08-29 01:13:29,443 [INFO] ApiDb:250 - Set database path to: C:\Users\nisha\.stmcufinder\plugins\mcufinder//mcu/
2025-08-29 01:13:29,443 [WARN] DbFile:41 - Overriding database path with different value: C:\Users\nisha\.stmcufinder\plugins\mcufinder/ => C:\Users\nisha\.stmcufinder\plugins\mcufinder
2025-08-29 01:13:29,443 [INFO] DbMcusAds:125 - Set database path to: C:\Users\nisha\.stmcufinder\plugins\mcufinder//mcu/
2025-08-29 01:13:29,443 [WARN] DbFile:41 - Overriding database path with different value: C:\Users\nisha\.stmcufinder\plugins\mcufinder/ => C:\Users\nisha\.stmcufinder\plugins\mcufinder
2025-08-29 01:13:29,443 [WARN] DbFile:41 - Overriding database path with different value: C:\Users\nisha\.stmcufinder\plugins\mcufinder/ => C:\Users\nisha\.stmcufinder\plugins\mcufinder
2025-08-29 01:13:29,443 [INFO] CrossReferenceDbSqlite:203 - Set database path to: C:\Users\nisha\.stmcufinder\plugins\mcufinder//mcu/cs/
2025-08-29 01:13:29,610 [INFO] MainPanel:274 - HeapMemory: 268435456
2025-08-29 01:13:29,867 [INFO] DbMcusXml:78 - Set database path to: C:\ST\STM32CubeIDE_1.16.0\STM32CubeIDE\plugins\com.st.stm32cube.common.mx_6.15.0.202507011659\\db\/mcu/
2025-08-29 01:13:29,867 [INFO] ApiDb:274 - Set plugin database path to: C:\ST\STM32CubeIDE_1.16.0\STM32CubeIDE\plugins\com.st.stm32cube.common.mx_6.15.0.202507011659\\db\/plugins/boardmanager/
2025-08-29 01:13:29,867 [INFO] ApiDb:261 - Set plugin images path to: C:\ST\STM32CubeIDE_1.16.0\STM32CubeIDE\plugins\com.st.stm32cube.common.mx_6.15.0.202507011659\\db\/plugins/mcufinder/images/
2025-08-29 01:13:29,867 [WARN] DbFile:41 - Overriding database path with different value: C:\Users\nisha\.stmcufinder\plugins\mcufinder/ => C:\Users\nisha\.stmcufinder\plugins\mcufinder
2025-08-29 01:13:29,867 [INFO] ApiDb:250 - Set database path to: C:\Users\nisha\.stmcufinder\plugins\mcufinder//mcu/
2025-08-29 01:13:29,867 [WARN] DbFile:41 - Overriding database path with different value: C:\Users\nisha\.stmcufinder\plugins\mcufinder/ => C:\Users\nisha\.stmcufinder\plugins\mcufinder
2025-08-29 01:13:29,868 [INFO] DbMcusAds:125 - Set database path to: C:\Users\nisha\.stmcufinder\plugins\mcufinder//mcu/
2025-08-29 01:13:29,868 [WARN] DbFile:41 - Overriding database path with different value: C:\Users\nisha\.stmcufinder\plugins\mcufinder/ => C:\Users\nisha\.stmcufinder\plugins\mcufinder
2025-08-29 01:13:29,868 [WARN] DbFile:41 - Overriding database path with different value: C:\Users\nisha\.stmcufinder\plugins\mcufinder/ => C:\Users\nisha\.stmcufinder\plugins\mcufinder
2025-08-29 01:13:29,868 [INFO] CrossReferenceDbSqlite:203 - Set database path to: C:\Users\nisha\.stmcufinder\plugins\mcufinder//mcu/cs/
2025-08-29 01:13:29,904 [INFO] ApplicationProperties:184 - Using Application install path: C:\ST\STM32CubeIDE_1.16.0\STM32CubeIDE\plugins\com.st.stm32cube.common.mx_6.15.0.202507011659
2025-08-29 01:13:29,906 [INFO] PluginManage:196 - Search for loadable plugins [exclusion list=, ]
2025-08-29 01:13:29,909 [INFO] PluginManage:310 - Check plugin analytics
2025-08-29 01:13:30,212 [INFO] AnalyticsPlugin:253 - Accepted Software Licenses: 
2025-08-29 01:13:30,212 [INFO] AnalyticsPlugin:255 - Accepted CMSIS Pack Licenses: 
2025-08-29 01:13:30,212 [INFO] AnalyticsPlugin:257 - Accepted Firmware Licenses: FW.F4.1.28.0
2025-08-29 01:13:30,216 [INFO] PluginManage:359 - Loaded plugin analytics (category:tool,tabindex:-1)
2025-08-29 01:13:30,217 [INFO] PluginManage:310 - Check plugin cadmodel
2025-08-29 01:13:30,240 [INFO] CADModel:105 - Init CAD model plugin
2025-08-29 01:13:30,241 [INFO] PluginManage:359 - Loaded plugin cadmodel (category:power,tabindex:5)
2025-08-29 01:13:30,241 [INFO] PluginManage:310 - Check plugin clock
2025-08-29 01:13:30,267 [INFO] PluginManage:359 - Loaded plugin clock (category:base,tabindex:2)
2025-08-29 01:13:30,267 [INFO] PluginManage:310 - Check plugin ddr
2025-08-29 01:13:30,270 [INFO] PluginManage:359 - Loaded plugin ddr (category:tool,tabindex:6)
2025-08-29 01:13:30,270 [INFO] PluginManage:310 - Check plugin filemanager
2025-08-29 01:13:30,467 [INFO] PluginManage:359 - Loaded plugin filemanager (category:base,tabindex:10)
2025-08-29 01:13:30,467 [INFO] PluginManage:310 - Check plugin ipmanager
2025-08-29 01:13:30,475 [INFO] PluginManage:359 - Loaded plugin ipmanager (category:base,tabindex:5)
2025-08-29 01:13:30,475 [INFO] PluginManage:310 - Check plugin lpbam
2025-08-29 01:13:30,501 [INFO] PluginManage:359 - Loaded plugin lpbam (category:base,tabindex:0)
2025-08-29 01:13:30,501 [INFO] PluginManage:310 - Check plugin memorymap
2025-08-29 01:13:30,543 [INFO] PluginManage:359 - Loaded plugin memorymap (category:base,tabindex:4)
2025-08-29 01:13:30,543 [INFO] PluginManage:310 - Check plugin pinoutandconfiguration
2025-08-29 01:13:30,569 [INFO] PluginManage:359 - Loaded plugin pinoutandconfiguration (category:base,tabindex:1)
2025-08-29 01:13:30,569 [INFO] PluginManage:310 - Check plugin pinoutconfig
2025-08-29 01:13:30,696 [WARN] SupportedApi:132 - Cannot load RTOS API schema: s4s-elt-must-match.1: The content of 'definitions' must match (annotation?, (simpleType | complexType)?, (unique | key | keyref)*)). A problem was found starting at: attribute.
2025-08-29 01:13:30,930 [INFO] PluginManage:359 - Loaded plugin pinoutconfig (category:base,tabindex:0)
2025-08-29 01:13:30,930 [INFO] PluginManage:310 - Check plugin power
2025-08-29 01:13:30,967 [INFO] PluginManage:359 - Loaded plugin power (category:power,tabindex:4)
2025-08-29 01:13:30,968 [INFO] PluginManage:310 - Check plugin projectmanager
2025-08-29 01:13:31,001 [INFO] PluginManage:359 - Loaded plugin projectmanager (category:projectmanager,tabindex:4)
2025-08-29 01:13:31,001 [INFO] PluginManage:310 - Check plugin rif
2025-08-29 01:13:31,040 [INFO] PluginManage:359 - Loaded plugin rif (category:base,tabindex:3)
2025-08-29 01:13:31,041 [INFO] PluginManage:310 - Check plugin thirdparty
2025-08-29 01:13:31,526 [INFO] PluginManage:359 - Loaded plugin thirdparty (category:base,tabindex:-1)
2025-08-29 01:13:31,526 [INFO] PluginManage:310 - Check plugin tools
2025-08-29 01:13:31,526 [WARN] IntegrityCheckThread:84 - waiting for thirdparty lock release [integrity check]
2025-08-29 01:13:31,526 [INFO] IntegrityCheckThread:86 - entering critical section [integrity check]
2025-08-29 01:13:31,527 [INFO] ThirdPartyUpdaterWithRetryManager:70 - Updater plugin not ready yet. [1/15]
2025-08-29 01:13:31,590 [INFO] PluginManage:359 - Loaded plugin tools (category:base,tabindex:7)
2025-08-29 01:13:31,591 [INFO] PluginManage:310 - Check plugin tutovideos
2025-08-29 01:13:31,887 [INFO] PluginManage:359 - Loaded plugin tutovideos (category:base,tabindex:-1)
2025-08-29 01:13:31,888 [INFO] PluginManage:310 - Check plugin updater
2025-08-29 01:13:31,920 [INFO] PluginManage:359 - Loaded plugin updater (category:base,tabindex:12)
2025-08-29 01:13:31,920 [INFO] PluginManage:310 - Check plugin userauth
2025-08-29 01:13:31,927 [INFO] UserAuth:118 - Init User Auth plugin
2025-08-29 01:13:31,928 [INFO] PluginManage:359 - Loaded plugin userauth (category:base,tabindex:14)
2025-08-29 01:13:31,929 [INFO] PluginManage:283 - PluginManage : Loaded plugins [18]
2025-08-29 01:13:32,241 [INFO] PinOutPanel:1589 - setPackage(No Configuration,No Configuration)
2025-08-29 01:13:32,401 [INFO] CADModel:165 - CPN selected for project level
2025-08-29 01:13:32,401 [INFO] CADModel:114 - Register for checkConnection events
2025-08-29 01:13:32,446 [INFO] IPUIPlugin:80 - create IPUIPlugin
2025-08-29 01:13:32,447 [INFO] PluginManager:220 - loadIPPluginJar : add adc
2025-08-29 01:13:32,510 [INFO] IPUIPlugin:80 - create IPUIPlugin
2025-08-29 01:13:32,510 [INFO] PluginManager:220 - loadIPPluginJar : add aes
2025-08-29 01:13:32,583 [INFO] IPUIPlugin:80 - create IPUIPlugin
2025-08-29 01:13:32,586 [INFO] PluginManager:220 - loadIPPluginJar : add can
2025-08-29 01:13:32,655 [INFO] IPUIPlugin:80 - create IPUIPlugin
2025-08-29 01:13:32,655 [INFO] PluginManager:220 - loadIPPluginJar : add comp
2025-08-29 01:13:32,731 [INFO] IPUIPlugin:80 - create IPUIPlugin
2025-08-29 01:13:32,731 [INFO] PluginManager:220 - loadIPPluginJar : add cryp
2025-08-29 01:13:32,762 [INFO] IPUIPlugin:80 - create IPUIPlugin
2025-08-29 01:13:32,762 [INFO] PluginManager:220 - loadIPPluginJar : add ddr_ctrl_phy
2025-08-29 01:13:32,850 [INFO] IPUIPlugin:80 - create IPUIPlugin
2025-08-29 01:13:32,851 [INFO] PluginManager:220 - loadIPPluginJar : add dfsdm
2025-08-29 01:13:32,877 [INFO] IPUIPlugin:80 - create IPUIPlugin
2025-08-29 01:13:32,878 [INFO] PluginManager:220 - loadIPPluginJar : add dma
2025-08-29 01:13:32,975 [INFO] IPUIPlugin:80 - create IPUIPlugin
2025-08-29 01:13:32,975 [INFO] PluginManager:220 - loadIPPluginJar : add dma3
2025-08-29 01:13:33,105 [INFO] IPUIPlugin:80 - create IPUIPlugin
2025-08-29 01:13:33,105 [INFO] PluginManager:220 - loadIPPluginJar : add extmemmanager
2025-08-29 01:13:33,165 [INFO] IPUIPlugin:80 - create IPUIPlugin
2025-08-29 01:13:33,166 [INFO] PluginManager:220 - loadIPPluginJar : add fatfs
2025-08-29 01:13:33,257 [INFO] IPUIPlugin:80 - create IPUIPlugin
2025-08-29 01:13:33,258 [INFO] PluginManager:220 - loadIPPluginJar : add fmc
2025-08-29 01:13:33,278 [INFO] IPUIPlugin:80 - create IPUIPlugin
2025-08-29 01:13:33,278 [INFO] PluginManager:220 - loadIPPluginJar : add freertos
2025-08-29 01:13:33,311 [INFO] IPUIPlugin:80 - create IPUIPlugin
2025-08-29 01:13:33,311 [INFO] PluginManager:220 - loadIPPluginJar : add genericplugin
2025-08-29 01:13:33,521 [INFO] IPUIPlugin:80 - create IPUIPlugin
2025-08-29 01:13:33,521 [INFO] PluginManager:220 - loadIPPluginJar : add gfxmmu
2025-08-29 01:13:33,850 [INFO] IPUIPlugin:80 - create IPUIPlugin
2025-08-29 01:13:33,850 [INFO] PluginManager:220 - loadIPPluginJar : add gic
2025-08-29 01:13:33,881 [INFO] IPUIPlugin:80 - create IPUIPlugin
2025-08-29 01:13:33,881 [INFO] PluginManager:220 - loadIPPluginJar : add gpio
2025-08-29 01:13:34,088 [INFO] IPUIPlugin:80 - create IPUIPlugin
2025-08-29 01:13:34,088 [INFO] PluginManager:220 - loadIPPluginJar : add gtzc
2025-08-29 01:13:34,165 [INFO] IPUIPlugin:80 - create IPUIPlugin
2025-08-29 01:13:34,165 [INFO] PluginManager:220 - loadIPPluginJar : add hash
2025-08-29 01:13:34,292 [INFO] IPUIPlugin:80 - create IPUIPlugin
2025-08-29 01:13:34,292 [INFO] PluginManager:220 - loadIPPluginJar : add i2c
2025-08-29 01:13:34,367 [INFO] IPUIPlugin:80 - create IPUIPlugin
2025-08-29 01:13:34,368 [INFO] PluginManager:220 - loadIPPluginJar : add i2s
2025-08-29 01:13:34,438 [INFO] IPUIPlugin:80 - create IPUIPlugin
2025-08-29 01:13:34,439 [INFO] PluginManager:220 - loadIPPluginJar : add i3c
2025-08-29 01:13:34,527 [INFO] ThirdPartyUpdaterWithRetryManager:70 - Updater plugin not ready yet. [2/15]
2025-08-29 01:13:34,672 [INFO] IPUIPlugin:80 - create IPUIPlugin
2025-08-29 01:13:34,672 [INFO] PluginManager:220 - loadIPPluginJar : add ipddr
2025-08-29 01:13:34,877 [INFO] IPUIPlugin:80 - create IPUIPlugin
2025-08-29 01:13:34,878 [INFO] PluginManager:220 - loadIPPluginJar : add linkedlist
2025-08-29 01:13:34,925 [INFO] IPUIPlugin:80 - create IPUIPlugin
2025-08-29 01:13:34,926 [INFO] PluginManager:220 - loadIPPluginJar : add lorawan
2025-08-29 01:13:34,973 [INFO] IPUIPlugin:80 - create IPUIPlugin
2025-08-29 01:13:34,973 [INFO] PluginManager:220 - loadIPPluginJar : add ltdc
2025-08-29 01:13:34,999 [INFO] IPUIPlugin:80 - create IPUIPlugin
2025-08-29 01:13:35,000 [INFO] PluginManager:220 - loadIPPluginJar : add mdma
2025-08-29 01:13:35,014 [INFO] IPUIPlugin:80 - create IPUIPlugin
2025-08-29 01:13:35,015 [INFO] PluginManager:220 - loadIPPluginJar : add nvic
2025-08-29 01:13:35,069 [INFO] IPUIPlugin:80 - create IPUIPlugin
2025-08-29 01:13:35,069 [INFO] PluginManager:220 - loadIPPluginJar : add opamp
2025-08-29 01:13:35,228 [INFO] IPUIPlugin:80 - create IPUIPlugin
2025-08-29 01:13:35,228 [INFO] PluginManager:220 - loadIPPluginJar : add openamp
2025-08-29 01:13:35,304 [INFO] IPUIPlugin:80 - create IPUIPlugin
2025-08-29 01:13:35,304 [INFO] PluginManager:220 - loadIPPluginJar : add pdm2pcm
2025-08-29 01:13:35,328 [INFO] IPUIPlugin:80 - create IPUIPlugin
2025-08-29 01:13:35,331 [INFO] PluginManager:220 - loadIPPluginJar : add plateformsettings
2025-08-29 01:13:35,373 [INFO] IPUIPlugin:80 - create IPUIPlugin
2025-08-29 01:13:35,373 [INFO] PluginManager:220 - loadIPPluginJar : add quadspi
2025-08-29 01:13:35,437 [INFO] IPUIPlugin:80 - create IPUIPlugin
2025-08-29 01:13:35,438 [INFO] PluginManager:220 - loadIPPluginJar : add radio
2025-08-29 01:13:35,460 [INFO] IPUIPlugin:80 - create IPUIPlugin
2025-08-29 01:13:35,461 [INFO] PluginManager:220 - loadIPPluginJar : add resmgrutility
2025-08-29 01:13:35,554 [INFO] IPUIPlugin:80 - create IPUIPlugin
2025-08-29 01:13:35,555 [INFO] PluginManager:220 - loadIPPluginJar : add sai
2025-08-29 01:13:35,643 [INFO] IPUIPlugin:80 - create IPUIPlugin
2025-08-29 01:13:35,643 [INFO] PluginManager:220 - loadIPPluginJar : add spi
2025-08-29 01:13:35,800 [INFO] IPUIPlugin:80 - create IPUIPlugin
2025-08-29 01:13:35,800 [INFO] PluginManager:220 - loadIPPluginJar : add stm32_wpan
2025-08-29 01:13:35,859 [INFO] IPUIPlugin:80 - create IPUIPlugin
2025-08-29 01:13:35,859 [INFO] PluginManager:220 - loadIPPluginJar : add tim
2025-08-29 01:13:35,981 [INFO] IPUIPlugin:80 - create IPUIPlugin
2025-08-29 01:13:35,988 [INFO] PluginManager:220 - loadIPPluginJar : add touchsensing
2025-08-29 01:13:36,029 [INFO] IPUIPlugin:80 - create IPUIPlugin
2025-08-29 01:13:36,029 [INFO] PluginManager:220 - loadIPPluginJar : add tracer_emb
2025-08-29 01:13:36,096 [INFO] IPUIPlugin:80 - create IPUIPlugin
2025-08-29 01:13:36,098 [INFO] PluginManager:220 - loadIPPluginJar : add ts
2025-08-29 01:13:36,155 [INFO] IPUIPlugin:80 - create IPUIPlugin
2025-08-29 01:13:36,155 [INFO] PluginManager:220 - loadIPPluginJar : add tsc
2025-08-29 01:13:36,209 [INFO] IPUIPlugin:80 - create IPUIPlugin
2025-08-29 01:13:36,209 [INFO] PluginManager:220 - loadIPPluginJar : add ucpd
2025-08-29 01:13:36,311 [INFO] IPUIPlugin:80 - create IPUIPlugin
2025-08-29 01:13:36,311 [INFO] PluginManager:220 - loadIPPluginJar : add usart
2025-08-29 01:13:36,423 [INFO] IPUIPlugin:80 - create IPUIPlugin
2025-08-29 01:13:36,423 [INFO] PluginManager:220 - loadIPPluginJar : add usbx
2025-08-29 01:13:36,625 [FATAL] Updater:351 - Updater called before beeing initialized
2025-08-29 01:13:36,706 [INFO] RulesReader:64 - Compatibility file has been processed (317 Rules)
2025-08-29 01:13:36,756 [INFO] RulesReader:64 - Compatibility file has been processed (317 Rules)
2025-08-29 01:13:36,799 [INFO] CADModel:165 - CPN selected for project level
2025-08-29 01:13:36,799 [INFO] CADModel:114 - Register for checkConnection events
2025-08-29 01:13:36,799 [FATAL] Updater:351 - Updater called before beeing initialized
2025-08-29 01:13:36,799 [ERROR] CADModel:125 - Updater not yet initialized, retry later 
2025-08-29 01:13:37,183 [FATAL] Updater:351 - Updater called before beeing initialized
2025-08-29 01:13:37,194 [INFO] CADModel:165 - CPN selected for project level
2025-08-29 01:13:37,194 [INFO] CADModel:114 - Register for checkConnection events
2025-08-29 01:13:37,194 [FATAL] Updater:351 - Updater called before beeing initialized
2025-08-29 01:13:37,194 [ERROR] CADModel:125 - Updater not yet initialized, retry later 
2025-08-29 01:13:37,194 [FATAL] Updater:351 - Updater called before beeing initialized
2025-08-29 01:13:37,486 [FATAL] Updater:351 - Updater called before beeing initialized
2025-08-29 01:13:37,510 [INFO] DbMcusAds:53 - JSON generation date=Tue Jul 08 13:44:23 IST 2025 (1751962463582)
2025-08-29 01:13:37,510 [FATAL] Updater:351 - Updater called before beeing initialized
2025-08-29 01:13:37,543 [INFO] ThirdPartyUpdaterWithRetryManager:70 - Updater plugin not ready yet. [3/15]
2025-08-29 01:13:37,783 [WARN] DetailPanel:346 - Failed to get advertising image, set to default
2025-08-29 01:13:38,001 [FATAL] Updater:351 - Updater called before beeing initialized
2025-08-29 01:13:38,001 [FATAL] Updater:351 - Updater called before beeing initialized
2025-08-29 01:13:38,001 [FATAL] Updater:351 - Updater called before beeing initialized
2025-08-29 01:13:38,001 [WARN] DetailPanel:346 - Failed to get advertising image, set to default
2025-08-29 01:13:38,001 [FATAL] Updater:351 - Updater called before beeing initialized
2025-08-29 01:13:38,127 [ERROR] Updater:1198 - MainUpdater not yet initialized. External WinMGr cannot be set.
2025-08-29 01:13:38,143 [INFO] Updater:1134 - Updater Version found : 6.15.0
2025-08-29 01:13:38,175 [INFO] ApplicationProperties:184 - Using Application install path: C:\ST\STM32CubeIDE_1.16.0\STM32CubeIDE\plugins\com.st.stm32cube.common.mx_6.15.0.202507011659
2025-08-29 01:13:39,882 [ERROR] LogOutputStream:75 - [STDERR_REDIRECT] Aug 29, 2025 1:13:39 AM java.util.prefs.WindowsPreferences <init>
2025-08-29 01:13:39,886 [ERROR] LogOutputStream:75 - [STDERR_REDIRECT] WARNING: Could not open/create prefs root node Software\JavaSoft\Prefs at root 0xffffffff80000002. Windows RegCreateKeyEx(...) returned error code 5.
2025-08-29 01:13:39,886 [ERROR] LogOutputStream:75 - [STDERR_REDIRECT] 
2025-08-29 01:13:40,549 [FATAL] Updater:351 - Updater called before beeing initialized
2025-08-29 01:13:40,549 [ERROR] IntegrityCheckThread:130 - Cannot retrieve database content from updater: error 21
2025-08-29 01:13:40,549 [INFO] ThirdParty:978 - Integrity check success = false
2025-08-29 01:13:40,549 [INFO] IntegrityCheckThread:100 - exiting critical section [integrity check]
2025-08-29 01:13:40,549 [INFO] IntegrityCheckThread:103 - End integrity checks thread
2025-08-29 01:13:41,812 [INFO] MainUpdater:2872 - connection check result : 10
2025-08-29 01:13:41,813 [INFO] MainUpdater:3604 - Updater definition file requires update
2025-08-29 01:13:41,817 [INFO] MainUpdater:289 - Updater Check For Update Now.
2025-08-29 01:13:41,817 [INFO] MicroXplorer:498 - Change Database Version : DB.6.0.150
2025-08-29 01:13:41,856 [INFO] McuFinderGlobals:63 - Set McuFinder mode to 2 (CubeIDE integrated)
2025-08-29 01:13:41,874 [INFO] UserAuth:487 - Internet connection configuration mode: 1
2025-08-29 01:13:41,944 [INFO] JxBrowserEngine:152 - Initiate JxBrowser Engine with user profile folder
2025-08-29 01:13:42,170 [INFO] ServerAccessManage:452 - Complete download http(s) 200
2025-08-29 01:13:42,173 [INFO] ServerAccessManage:509 - Download File updaters.zip
2025-08-29 01:13:42,475 [INFO] FileExtend:248 - Unzip File : updaters.zip
2025-08-29 01:13:42,476 [INFO] FileExtend:263 - Standard Zip Deflate
2025-08-29 01:13:47,122 [INFO] ServerAccessManage:452 - Complete download http(s) 200
2025-08-29 01:13:47,122 [INFO] ServerAccessManage:509 - Download File PacksControlFlags.xml
2025-08-29 01:13:48,032 [INFO] ServerAccessManage:452 - Complete download http(s) 200
2025-08-29 01:13:48,032 [INFO] ServerAccessManage:509 - Download File cubemx.pidx
2025-08-29 01:13:49,460 [INFO] LoadServerUpdatesThread:375 - End of LoadServerUpdate Thread
2025-08-29 01:13:50,600 [INFO] CheckServerUpdateThread:120 - End of CheckServer Thread
2025-08-29 01:13:51,538 [INFO] WebApp:169 - Instantiating new browser for Auth
2025-08-29 01:13:54,325 [INFO] WebApp:463 - Apply proxy settings
2025-08-29 01:13:54,325 [INFO] WebApp:548 - Chromium requires no authentication
2025-08-29 01:13:54,385 [INFO] WebApp:491 - Direct internet connection detected
2025-08-29 01:13:54,484 [INFO] WebApp:900 - Register for checkConnection events
2025-08-29 01:13:54,484 [INFO] WebApp:463 - Apply proxy settings
2025-08-29 01:13:54,484 [INFO] WebApp:548 - Chromium requires no authentication
2025-08-29 01:13:54,487 [INFO] WebApp:491 - Direct internet connection detected
2025-08-29 01:13:55,229 [INFO] WebApp:191 - Connection restablished
2025-08-29 01:13:57,427 [INFO] WebApp:225 - Starting web application
2025-08-29 01:13:57,427 [INFO] WebApp:593 - Web application path used C:\ST\STM32CubeIDE_1.16.0\STM32CubeIDE\plugins\com.st.stm32cube.common.mx_6.15.0.202507011659\db\plugins\mcufinder\reactClient1\index.html
2025-08-29 01:13:58,443 [INFO] UserAuth:487 - Internet connection configuration mode: 1
2025-08-29 06:43:07,346 [INFO] WebApp:194 - Connection lost
2025-08-29 06:43:48,902 [INFO] WebApp:191 - Connection restablished
2025-08-29 06:43:49,402 [INFO] WebApp:194 - Connection lost
2025-08-29 06:43:49,655 [INFO] WebApp:191 - Connection restablished
2025-08-29 06:43:52,717 [INFO] WebApp:194 - Connection lost
2025-08-29 06:43:53,002 [INFO] WebApp:191 - Connection restablished
2025-08-29 09:52:10,559 [INFO] WebApp:194 - Connection lost
2025-08-29 09:52:20,830 [INFO] WebApp:191 - Connection restablished
2025-08-29 09:52:30,103 [ERROR] LogOutputStream:75 - [STDERR_REDIRECT] 
