2025-09-05 09:55:58,648 [INFO] Activator:176 - 


2025-09-05 09:55:58,659 [INFO] Activator:177 - !SESSION log4j initialized
2025-09-05 09:56:08,402 [INFO] LogOutputStream:77 - [STDOUT_REDIRECT] 
2025-09-05 09:56:22,582 [INFO] ApplicationProperties:184 - Using Application install path: C:\ST\STM32CubeIDE_1.16.0\STM32CubeIDE\plugins\com.st.stm32cube.common.mx_6.15.0.202507011659
2025-09-05 09:56:22,603 [INFO] DbMcusXml:78 - Set database path to: C:\ST\STM32CubeIDE_1.16.0\STM32CubeIDE\plugins\com.st.stm32cube.common.mx_6.15.0.202507011659\\db\/mcu/
2025-09-05 09:56:22,603 [INFO] ApiDb:274 - Set plugin database path to: C:\ST\STM32CubeIDE_1.16.0\STM32CubeIDE\plugins\com.st.stm32cube.common.mx_6.15.0.202507011659\\db\/plugins/boardmanager/
2025-09-05 09:56:22,603 [WARN] ApiDb:259 - Overriding images path with different value:  => C:\ST\STM32CubeIDE_1.16.0\STM32CubeIDE\plugins\com.st.stm32cube.common.mx_6.15.0.202507011659\\db\/plugins/mcufinder/images/
2025-09-05 09:56:22,614 [INFO] ApiDb:250 - Set database path to: C:\Users\nisha\.stmcufinder\plugins\mcufinder//mcu/
2025-09-05 09:56:22,616 [INFO] DbMcusAds:125 - Set database path to: C:\Users\nisha\.stmcufinder\plugins\mcufinder//mcu/
2025-09-05 09:56:22,728 [INFO] CrossReferenceDbSqlite:203 - Set database path to: C:\Users\nisha\.stmcufinder\plugins\mcufinder//mcu/cs/
2025-09-05 09:56:22,903 [INFO] RulesReader:64 - Compatibility file has been processed (317 Rules)
2025-09-05 09:56:22,992 [INFO] DbMcusXml:78 - Set database path to: C:\ST\STM32CubeIDE_1.16.0\STM32CubeIDE\plugins\com.st.stm32cube.common.mx_6.15.0.202507011659\\db\/mcu/
2025-09-05 09:56:22,992 [INFO] ApiDb:274 - Set plugin database path to: C:\ST\STM32CubeIDE_1.16.0\STM32CubeIDE\plugins\com.st.stm32cube.common.mx_6.15.0.202507011659\\db\/plugins/boardmanager/
2025-09-05 09:56:22,992 [INFO] ApiDb:261 - Set plugin images path to: C:\ST\STM32CubeIDE_1.16.0\STM32CubeIDE\plugins\com.st.stm32cube.common.mx_6.15.0.202507011659\\db\/plugins/mcufinder/images/
2025-09-05 09:56:22,992 [WARN] DbFile:41 - Overriding database path with different value: C:\Users\nisha\.stmcufinder\plugins\mcufinder/ => C:\Users\nisha\.stmcufinder\plugins\mcufinder
2025-09-05 09:56:22,993 [INFO] ApiDb:250 - Set database path to: C:\Users\nisha\.stmcufinder\plugins\mcufinder//mcu/
2025-09-05 09:56:22,993 [WARN] DbFile:41 - Overriding database path with different value: C:\Users\nisha\.stmcufinder\plugins\mcufinder/ => C:\Users\nisha\.stmcufinder\plugins\mcufinder
2025-09-05 09:56:22,993 [INFO] DbMcusAds:125 - Set database path to: C:\Users\nisha\.stmcufinder\plugins\mcufinder//mcu/
2025-09-05 09:56:22,993 [WARN] DbFile:41 - Overriding database path with different value: C:\Users\nisha\.stmcufinder\plugins\mcufinder/ => C:\Users\nisha\.stmcufinder\plugins\mcufinder
2025-09-05 09:56:22,993 [WARN] DbFile:41 - Overriding database path with different value: C:\Users\nisha\.stmcufinder\plugins\mcufinder/ => C:\Users\nisha\.stmcufinder\plugins\mcufinder
2025-09-05 09:56:22,993 [INFO] CrossReferenceDbSqlite:203 - Set database path to: C:\Users\nisha\.stmcufinder\plugins\mcufinder//mcu/cs/
2025-09-05 09:56:23,078 [INFO] MainPanel:274 - HeapMemory: 268435456
2025-09-05 09:56:23,244 [INFO] DbMcusXml:78 - Set database path to: C:\ST\STM32CubeIDE_1.16.0\STM32CubeIDE\plugins\com.st.stm32cube.common.mx_6.15.0.202507011659\\db\/mcu/
2025-09-05 09:56:23,245 [INFO] ApiDb:274 - Set plugin database path to: C:\ST\STM32CubeIDE_1.16.0\STM32CubeIDE\plugins\com.st.stm32cube.common.mx_6.15.0.202507011659\\db\/plugins/boardmanager/
2025-09-05 09:56:23,245 [INFO] ApiDb:261 - Set plugin images path to: C:\ST\STM32CubeIDE_1.16.0\STM32CubeIDE\plugins\com.st.stm32cube.common.mx_6.15.0.202507011659\\db\/plugins/mcufinder/images/
2025-09-05 09:56:23,245 [WARN] DbFile:41 - Overriding database path with different value: C:\Users\nisha\.stmcufinder\plugins\mcufinder/ => C:\Users\nisha\.stmcufinder\plugins\mcufinder
2025-09-05 09:56:23,245 [INFO] ApiDb:250 - Set database path to: C:\Users\nisha\.stmcufinder\plugins\mcufinder//mcu/
2025-09-05 09:56:23,245 [WARN] DbFile:41 - Overriding database path with different value: C:\Users\nisha\.stmcufinder\plugins\mcufinder/ => C:\Users\nisha\.stmcufinder\plugins\mcufinder
2025-09-05 09:56:23,246 [INFO] DbMcusAds:125 - Set database path to: C:\Users\nisha\.stmcufinder\plugins\mcufinder//mcu/
2025-09-05 09:56:23,246 [WARN] DbFile:41 - Overriding database path with different value: C:\Users\nisha\.stmcufinder\plugins\mcufinder/ => C:\Users\nisha\.stmcufinder\plugins\mcufinder
2025-09-05 09:56:23,246 [WARN] DbFile:41 - Overriding database path with different value: C:\Users\nisha\.stmcufinder\plugins\mcufinder/ => C:\Users\nisha\.stmcufinder\plugins\mcufinder
2025-09-05 09:56:23,246 [INFO] CrossReferenceDbSqlite:203 - Set database path to: C:\Users\nisha\.stmcufinder\plugins\mcufinder//mcu/cs/
2025-09-05 09:56:23,277 [INFO] ApplicationProperties:184 - Using Application install path: C:\ST\STM32CubeIDE_1.16.0\STM32CubeIDE\plugins\com.st.stm32cube.common.mx_6.15.0.202507011659
2025-09-05 09:56:23,279 [INFO] PluginManage:196 - Search for loadable plugins [exclusion list=, ]
2025-09-05 09:56:23,281 [INFO] PluginManage:310 - Check plugin analytics
2025-09-05 09:56:23,542 [INFO] AnalyticsPlugin:253 - Accepted Software Licenses: 
2025-09-05 09:56:23,542 [INFO] AnalyticsPlugin:255 - Accepted CMSIS Pack Licenses: 
2025-09-05 09:56:23,542 [INFO] AnalyticsPlugin:257 - Accepted Firmware Licenses: FW.F4.1.28.0
2025-09-05 09:56:23,546 [INFO] PluginManage:359 - Loaded plugin analytics (category:tool,tabindex:-1)
2025-09-05 09:56:23,547 [INFO] PluginManage:310 - Check plugin cadmodel
2025-09-05 09:56:23,567 [INFO] CADModel:105 - Init CAD model plugin
2025-09-05 09:56:23,568 [INFO] PluginManage:359 - Loaded plugin cadmodel (category:power,tabindex:5)
2025-09-05 09:56:23,568 [INFO] PluginManage:310 - Check plugin clock
2025-09-05 09:56:23,590 [INFO] PluginManage:359 - Loaded plugin clock (category:base,tabindex:2)
2025-09-05 09:56:23,591 [INFO] PluginManage:310 - Check plugin ddr
2025-09-05 09:56:23,593 [INFO] PluginManage:359 - Loaded plugin ddr (category:tool,tabindex:6)
2025-09-05 09:56:23,593 [INFO] PluginManage:310 - Check plugin filemanager
2025-09-05 09:56:23,734 [INFO] PluginManage:359 - Loaded plugin filemanager (category:base,tabindex:10)
2025-09-05 09:56:23,734 [INFO] PluginManage:310 - Check plugin ipmanager
2025-09-05 09:56:23,742 [INFO] PluginManage:359 - Loaded plugin ipmanager (category:base,tabindex:5)
2025-09-05 09:56:23,742 [INFO] PluginManage:310 - Check plugin lpbam
2025-09-05 09:56:23,762 [INFO] PluginManage:359 - Loaded plugin lpbam (category:base,tabindex:0)
2025-09-05 09:56:23,762 [INFO] PluginManage:310 - Check plugin memorymap
2025-09-05 09:56:23,799 [INFO] PluginManage:359 - Loaded plugin memorymap (category:base,tabindex:4)
2025-09-05 09:56:23,799 [INFO] PluginManage:310 - Check plugin pinoutandconfiguration
2025-09-05 09:56:23,834 [INFO] PluginManage:359 - Loaded plugin pinoutandconfiguration (category:base,tabindex:1)
2025-09-05 09:56:23,834 [INFO] PluginManage:310 - Check plugin pinoutconfig
2025-09-05 09:56:23,957 [WARN] SupportedApi:132 - Cannot load RTOS API schema: s4s-elt-must-match.1: The content of 'definitions' must match (annotation?, (simpleType | complexType)?, (unique | key | keyref)*)). A problem was found starting at: attribute.
2025-09-05 09:56:24,088 [INFO] PluginManage:359 - Loaded plugin pinoutconfig (category:base,tabindex:0)
2025-09-05 09:56:24,088 [INFO] PluginManage:310 - Check plugin power
2025-09-05 09:56:24,108 [INFO] PluginManage:359 - Loaded plugin power (category:power,tabindex:4)
2025-09-05 09:56:24,108 [INFO] PluginManage:310 - Check plugin projectmanager
2025-09-05 09:56:24,127 [INFO] PluginManage:359 - Loaded plugin projectmanager (category:projectmanager,tabindex:4)
2025-09-05 09:56:24,128 [INFO] PluginManage:310 - Check plugin rif
2025-09-05 09:56:24,148 [INFO] PluginManage:359 - Loaded plugin rif (category:base,tabindex:3)
2025-09-05 09:56:24,148 [INFO] PluginManage:310 - Check plugin thirdparty
2025-09-05 09:56:24,485 [INFO] PluginManage:359 - Loaded plugin thirdparty (category:base,tabindex:-1)
2025-09-05 09:56:24,485 [INFO] PluginManage:310 - Check plugin tools
2025-09-05 09:56:24,485 [WARN] IntegrityCheckThread:84 - waiting for thirdparty lock release [integrity check]
2025-09-05 09:56:24,485 [INFO] IntegrityCheckThread:86 - entering critical section [integrity check]
2025-09-05 09:56:24,486 [INFO] ThirdPartyUpdaterWithRetryManager:70 - Updater plugin not ready yet. [1/15]
2025-09-05 09:56:24,532 [INFO] PluginManage:359 - Loaded plugin tools (category:base,tabindex:7)
2025-09-05 09:56:24,532 [INFO] PluginManage:310 - Check plugin tutovideos
2025-09-05 09:56:24,925 [INFO] PluginManage:359 - Loaded plugin tutovideos (category:base,tabindex:-1)
2025-09-05 09:56:24,925 [INFO] PluginManage:310 - Check plugin updater
2025-09-05 09:56:24,968 [INFO] PluginManage:359 - Loaded plugin updater (category:base,tabindex:12)
2025-09-05 09:56:24,968 [INFO] PluginManage:310 - Check plugin userauth
2025-09-05 09:56:24,974 [INFO] UserAuth:118 - Init User Auth plugin
2025-09-05 09:56:24,975 [INFO] PluginManage:359 - Loaded plugin userauth (category:base,tabindex:14)
2025-09-05 09:56:24,976 [INFO] PluginManage:283 - PluginManage : Loaded plugins [18]
2025-09-05 09:56:25,208 [INFO] PinOutPanel:1589 - setPackage(No Configuration,No Configuration)
2025-09-05 09:56:25,293 [INFO] CADModel:165 - CPN selected for project level
2025-09-05 09:56:25,293 [INFO] CADModel:114 - Register for checkConnection events
2025-09-05 09:56:25,325 [INFO] IPUIPlugin:80 - create IPUIPlugin
2025-09-05 09:56:25,325 [INFO] PluginManager:220 - loadIPPluginJar : add adc
2025-09-05 09:56:25,360 [INFO] IPUIPlugin:80 - create IPUIPlugin
2025-09-05 09:56:25,360 [INFO] PluginManager:220 - loadIPPluginJar : add aes
2025-09-05 09:56:25,398 [INFO] IPUIPlugin:80 - create IPUIPlugin
2025-09-05 09:56:25,399 [INFO] PluginManager:220 - loadIPPluginJar : add can
2025-09-05 09:56:25,424 [INFO] IPUIPlugin:80 - create IPUIPlugin
2025-09-05 09:56:25,424 [INFO] PluginManager:220 - loadIPPluginJar : add comp
2025-09-05 09:56:25,472 [INFO] IPUIPlugin:80 - create IPUIPlugin
2025-09-05 09:56:25,472 [INFO] PluginManager:220 - loadIPPluginJar : add cryp
2025-09-05 09:56:25,493 [INFO] IPUIPlugin:80 - create IPUIPlugin
2025-09-05 09:56:25,495 [INFO] PluginManager:220 - loadIPPluginJar : add ddr_ctrl_phy
2025-09-05 09:56:25,529 [INFO] IPUIPlugin:80 - create IPUIPlugin
2025-09-05 09:56:25,529 [INFO] PluginManager:220 - loadIPPluginJar : add dfsdm
2025-09-05 09:56:25,544 [INFO] IPUIPlugin:80 - create IPUIPlugin
2025-09-05 09:56:25,544 [INFO] PluginManager:220 - loadIPPluginJar : add dma
2025-09-05 09:56:25,580 [INFO] IPUIPlugin:80 - create IPUIPlugin
2025-09-05 09:56:25,581 [INFO] PluginManager:220 - loadIPPluginJar : add dma3
2025-09-05 09:56:25,628 [INFO] IPUIPlugin:80 - create IPUIPlugin
2025-09-05 09:56:25,628 [INFO] PluginManager:220 - loadIPPluginJar : add extmemmanager
2025-09-05 09:56:25,646 [INFO] IPUIPlugin:80 - create IPUIPlugin
2025-09-05 09:56:25,646 [INFO] PluginManager:220 - loadIPPluginJar : add fatfs
2025-09-05 09:56:25,691 [INFO] IPUIPlugin:80 - create IPUIPlugin
2025-09-05 09:56:25,691 [INFO] PluginManager:220 - loadIPPluginJar : add fmc
2025-09-05 09:56:25,713 [INFO] IPUIPlugin:80 - create IPUIPlugin
2025-09-05 09:56:25,714 [INFO] PluginManager:220 - loadIPPluginJar : add freertos
2025-09-05 09:56:25,734 [INFO] IPUIPlugin:80 - create IPUIPlugin
2025-09-05 09:56:25,734 [INFO] PluginManager:220 - loadIPPluginJar : add genericplugin
2025-09-05 09:56:25,817 [INFO] IPUIPlugin:80 - create IPUIPlugin
2025-09-05 09:56:25,817 [INFO] PluginManager:220 - loadIPPluginJar : add gfxmmu
2025-09-05 09:56:25,927 [INFO] IPUIPlugin:80 - create IPUIPlugin
2025-09-05 09:56:25,927 [INFO] PluginManager:220 - loadIPPluginJar : add gic
2025-09-05 09:56:25,939 [INFO] IPUIPlugin:80 - create IPUIPlugin
2025-09-05 09:56:25,939 [INFO] PluginManager:220 - loadIPPluginJar : add gpio
2025-09-05 09:56:26,012 [INFO] IPUIPlugin:80 - create IPUIPlugin
2025-09-05 09:56:26,012 [INFO] PluginManager:220 - loadIPPluginJar : add gtzc
2025-09-05 09:56:26,042 [INFO] IPUIPlugin:80 - create IPUIPlugin
2025-09-05 09:56:26,042 [INFO] PluginManager:220 - loadIPPluginJar : add hash
2025-09-05 09:56:26,083 [INFO] IPUIPlugin:80 - create IPUIPlugin
2025-09-05 09:56:26,083 [INFO] PluginManager:220 - loadIPPluginJar : add i2c
2025-09-05 09:56:26,126 [INFO] IPUIPlugin:80 - create IPUIPlugin
2025-09-05 09:56:26,126 [INFO] PluginManager:220 - loadIPPluginJar : add i2s
2025-09-05 09:56:26,184 [INFO] IPUIPlugin:80 - create IPUIPlugin
2025-09-05 09:56:26,184 [INFO] PluginManager:220 - loadIPPluginJar : add i3c
2025-09-05 09:56:26,270 [INFO] IPUIPlugin:80 - create IPUIPlugin
2025-09-05 09:56:26,271 [INFO] PluginManager:220 - loadIPPluginJar : add ipddr
2025-09-05 09:56:26,357 [INFO] IPUIPlugin:80 - create IPUIPlugin
2025-09-05 09:56:26,359 [INFO] PluginManager:220 - loadIPPluginJar : add linkedlist
2025-09-05 09:56:26,390 [INFO] IPUIPlugin:80 - create IPUIPlugin
2025-09-05 09:56:26,391 [INFO] PluginManager:220 - loadIPPluginJar : add lorawan
2025-09-05 09:56:26,424 [INFO] IPUIPlugin:80 - create IPUIPlugin
2025-09-05 09:56:26,424 [INFO] PluginManager:220 - loadIPPluginJar : add ltdc
2025-09-05 09:56:26,437 [INFO] IPUIPlugin:80 - create IPUIPlugin
2025-09-05 09:56:26,438 [INFO] PluginManager:220 - loadIPPluginJar : add mdma
2025-09-05 09:56:26,449 [INFO] IPUIPlugin:80 - create IPUIPlugin
2025-09-05 09:56:26,449 [INFO] PluginManager:220 - loadIPPluginJar : add nvic
2025-09-05 09:56:26,482 [INFO] IPUIPlugin:80 - create IPUIPlugin
2025-09-05 09:56:26,482 [INFO] PluginManager:220 - loadIPPluginJar : add opamp
2025-09-05 09:56:26,564 [INFO] IPUIPlugin:80 - create IPUIPlugin
2025-09-05 09:56:26,564 [INFO] PluginManager:220 - loadIPPluginJar : add openamp
2025-09-05 09:56:26,600 [INFO] IPUIPlugin:80 - create IPUIPlugin
2025-09-05 09:56:26,601 [INFO] PluginManager:220 - loadIPPluginJar : add pdm2pcm
2025-09-05 09:56:26,616 [INFO] IPUIPlugin:80 - create IPUIPlugin
2025-09-05 09:56:26,618 [INFO] PluginManager:220 - loadIPPluginJar : add plateformsettings
2025-09-05 09:56:26,638 [INFO] IPUIPlugin:80 - create IPUIPlugin
2025-09-05 09:56:26,638 [INFO] PluginManager:220 - loadIPPluginJar : add quadspi
2025-09-05 09:56:26,661 [INFO] IPUIPlugin:80 - create IPUIPlugin
2025-09-05 09:56:26,661 [INFO] PluginManager:220 - loadIPPluginJar : add radio
2025-09-05 09:56:26,674 [INFO] IPUIPlugin:80 - create IPUIPlugin
2025-09-05 09:56:26,674 [INFO] PluginManager:220 - loadIPPluginJar : add resmgrutility
2025-09-05 09:56:26,715 [INFO] IPUIPlugin:80 - create IPUIPlugin
2025-09-05 09:56:26,715 [INFO] PluginManager:220 - loadIPPluginJar : add sai
2025-09-05 09:56:26,756 [INFO] IPUIPlugin:80 - create IPUIPlugin
2025-09-05 09:56:26,756 [INFO] PluginManager:220 - loadIPPluginJar : add spi
2025-09-05 09:56:26,830 [INFO] IPUIPlugin:80 - create IPUIPlugin
2025-09-05 09:56:26,830 [INFO] PluginManager:220 - loadIPPluginJar : add stm32_wpan
2025-09-05 09:56:26,858 [INFO] IPUIPlugin:80 - create IPUIPlugin
2025-09-05 09:56:26,858 [INFO] PluginManager:220 - loadIPPluginJar : add tim
2025-09-05 09:56:26,912 [INFO] IPUIPlugin:80 - create IPUIPlugin
2025-09-05 09:56:26,912 [INFO] PluginManager:220 - loadIPPluginJar : add touchsensing
2025-09-05 09:56:26,932 [INFO] IPUIPlugin:80 - create IPUIPlugin
2025-09-05 09:56:26,932 [INFO] PluginManager:220 - loadIPPluginJar : add tracer_emb
2025-09-05 09:56:26,957 [INFO] IPUIPlugin:80 - create IPUIPlugin
2025-09-05 09:56:26,957 [INFO] PluginManager:220 - loadIPPluginJar : add ts
2025-09-05 09:56:26,985 [INFO] IPUIPlugin:80 - create IPUIPlugin
2025-09-05 09:56:26,985 [INFO] PluginManager:220 - loadIPPluginJar : add tsc
2025-09-05 09:56:27,007 [INFO] IPUIPlugin:80 - create IPUIPlugin
2025-09-05 09:56:27,008 [INFO] PluginManager:220 - loadIPPluginJar : add ucpd
2025-09-05 09:56:27,048 [INFO] IPUIPlugin:80 - create IPUIPlugin
2025-09-05 09:56:27,048 [INFO] PluginManager:220 - loadIPPluginJar : add usart
2025-09-05 09:56:27,092 [INFO] IPUIPlugin:80 - create IPUIPlugin
2025-09-05 09:56:27,092 [INFO] PluginManager:220 - loadIPPluginJar : add usbx
2025-09-05 09:56:27,218 [FATAL] Updater:351 - Updater called before beeing initialized
2025-09-05 09:56:27,287 [INFO] RulesReader:64 - Compatibility file has been processed (317 Rules)
2025-09-05 09:56:27,298 [INFO] RulesReader:64 - Compatibility file has been processed (317 Rules)
2025-09-05 09:56:27,332 [INFO] CADModel:165 - CPN selected for project level
2025-09-05 09:56:27,332 [INFO] CADModel:114 - Register for checkConnection events
2025-09-05 09:56:27,333 [FATAL] Updater:351 - Updater called before beeing initialized
2025-09-05 09:56:27,333 [ERROR] CADModel:125 - Updater not yet initialized, retry later 
2025-09-05 09:56:27,476 [FATAL] Updater:351 - Updater called before beeing initialized
2025-09-05 09:56:27,478 [INFO] CADModel:165 - CPN selected for project level
2025-09-05 09:56:27,478 [INFO] CADModel:114 - Register for checkConnection events
2025-09-05 09:56:27,478 [FATAL] Updater:351 - Updater called before beeing initialized
2025-09-05 09:56:27,478 [ERROR] CADModel:125 - Updater not yet initialized, retry later 
2025-09-05 09:56:27,481 [FATAL] Updater:351 - Updater called before beeing initialized
2025-09-05 09:56:27,488 [INFO] ThirdPartyUpdaterWithRetryManager:70 - Updater plugin not ready yet. [2/15]
2025-09-05 09:56:27,582 [FATAL] Updater:351 - Updater called before beeing initialized
2025-09-05 09:56:27,592 [INFO] DbMcusAds:53 - JSON generation date=Tue Jul 08 13:44:23 IST 2025 (1751962463582)
2025-09-05 09:56:27,592 [FATAL] Updater:351 - Updater called before beeing initialized
2025-09-05 09:56:27,627 [WARN] DetailPanel:346 - Failed to get advertising image, set to default
2025-09-05 09:56:27,698 [FATAL] Updater:351 - Updater called before beeing initialized
2025-09-05 09:56:27,702 [FATAL] Updater:351 - Updater called before beeing initialized
2025-09-05 09:56:27,702 [FATAL] Updater:351 - Updater called before beeing initialized
2025-09-05 09:56:27,702 [WARN] DetailPanel:346 - Failed to get advertising image, set to default
2025-09-05 09:56:27,703 [FATAL] Updater:351 - Updater called before beeing initialized
2025-09-05 09:56:27,761 [ERROR] Updater:1198 - MainUpdater not yet initialized. External WinMGr cannot be set.
2025-09-05 09:56:27,771 [INFO] Updater:1134 - Updater Version found : 6.15.0
2025-09-05 09:56:27,786 [INFO] ApplicationProperties:184 - Using Application install path: C:\ST\STM32CubeIDE_1.16.0\STM32CubeIDE\plugins\com.st.stm32cube.common.mx_6.15.0.202507011659
2025-09-05 09:56:29,377 [ERROR] LogOutputStream:75 - [STDERR_REDIRECT] Sep 05, 2025 9:56:29 AM java.util.prefs.WindowsPreferences <init>
2025-09-05 09:56:29,378 [ERROR] LogOutputStream:75 - [STDERR_REDIRECT] WARNING: Could not open/create prefs root node Software\JavaSoft\Prefs at root 0xffffffff80000002. Windows RegCreateKeyEx(...) returned error code 5.
2025-09-05 09:56:29,378 [ERROR] LogOutputStream:75 - [STDERR_REDIRECT] 
2025-09-05 09:56:30,488 [FATAL] Updater:351 - Updater called before beeing initialized
2025-09-05 09:56:30,488 [ERROR] IntegrityCheckThread:130 - Cannot retrieve database content from updater: error 21
2025-09-05 09:56:30,489 [INFO] ThirdParty:978 - Integrity check success = false
2025-09-05 09:56:30,489 [INFO] IntegrityCheckThread:100 - exiting critical section [integrity check]
2025-09-05 09:56:30,489 [INFO] IntegrityCheckThread:103 - End integrity checks thread
2025-09-05 09:56:30,567 [INFO] MainUpdater:2872 - connection check result : 10
2025-09-05 09:56:30,568 [INFO] MainUpdater:289 - Updater Check For Update Now.
2025-09-05 09:56:30,568 [INFO] MicroXplorer:498 - Change Database Version : DB.6.0.150
2025-09-05 09:56:30,595 [INFO] McuFinderGlobals:63 - Set McuFinder mode to 2 (CubeIDE integrated)
2025-09-05 09:56:30,603 [INFO] UserAuth:487 - Internet connection configuration mode: 1
2025-09-05 09:56:30,648 [INFO] JxBrowserEngine:152 - Initiate JxBrowser Engine with user profile folder
2025-09-05 09:56:30,787 [INFO] CheckServerUpdateThread:120 - End of CheckServer Thread
2025-09-05 09:56:32,631 [INFO] WebApp:169 - Instantiating new browser for Auth
2025-09-05 09:56:33,370 [INFO] WebApp:463 - Apply proxy settings
2025-09-05 09:56:33,371 [INFO] WebApp:548 - Chromium requires no authentication
2025-09-05 09:56:33,382 [INFO] WebApp:491 - Direct internet connection detected
2025-09-05 09:56:33,411 [INFO] WebApp:900 - Register for checkConnection events
2025-09-05 09:56:33,412 [INFO] WebApp:463 - Apply proxy settings
2025-09-05 09:56:33,412 [INFO] WebApp:548 - Chromium requires no authentication
2025-09-05 09:56:33,412 [INFO] WebApp:491 - Direct internet connection detected
2025-09-05 09:56:33,584 [INFO] WebApp:225 - Starting web application
2025-09-05 09:56:33,584 [INFO] WebApp:593 - Web application path used C:\ST\STM32CubeIDE_1.16.0\STM32CubeIDE\plugins\com.st.stm32cube.common.mx_6.15.0.202507011659\db\plugins\mcufinder\reactClient1\index.html
2025-09-05 09:56:33,718 [INFO] UserAuth:487 - Internet connection configuration mode: 1
2025-09-05 09:56:34,033 [INFO] WebApp:191 - Connection restablished
2025-09-05 09:57:53,523 [ERROR] LogOutputStream:75 - [STDERR_REDIRECT] 
2025-09-05 09:57:53,529 [ERROR] LogOutputStream:75 - [STDERR_REDIRECT] 
