2025-07-08 00:30:41,863 [INFO] WebApp:403 - JxBrowser engine has been closed 
2025-07-08 09:54:44,353 [INFO] Activator:176 - 


2025-07-08 09:54:44,355 [INFO] Activator:177 - !SESSION log4j initialized
2025-07-08 09:54:53,848 [INFO] LogOutputStream:77 - [STDOUT_REDIRECT] 
2025-07-08 09:55:05,330 [INFO] ApplicationProperties:184 - Using Application install path: C:\ST\STM32CubeIDE_1.16.0\STM32CubeIDE\plugins\com.st.stm32cube.common.mx_6.14.1.202504091515
2025-07-08 09:55:05,354 [INFO] DbMcusXml:78 - Set database path to: C:\ST\STM32CubeIDE_1.16.0\STM32CubeIDE\plugins\com.st.stm32cube.common.mx_6.14.1.202504091515\\db\/mcu/
2025-07-08 09:55:05,354 [INFO] ApiDb:274 - Set plugin database path to: C:\ST\STM32CubeIDE_1.16.0\STM32CubeIDE\plugins\com.st.stm32cube.common.mx_6.14.1.202504091515\\db\/plugins/boardmanager/
2025-07-08 09:55:05,354 [WARN] ApiDb:259 - Overriding images path with different value:  => C:\ST\STM32CubeIDE_1.16.0\STM32CubeIDE\plugins\com.st.stm32cube.common.mx_6.14.1.202504091515\\db\/plugins/mcufinder/images/
2025-07-08 09:55:05,373 [INFO] ApiDb:250 - Set database path to: C:\Users\nisha\.stmcufinder\plugins\mcufinder//mcu/
2025-07-08 09:55:05,374 [INFO] DbMcusAds:125 - Set database path to: C:\Users\nisha\.stmcufinder\plugins\mcufinder//mcu/
2025-07-08 09:55:05,385 [INFO] CrossReferenceDbSqlite:203 - Set database path to: C:\Users\nisha\.stmcufinder\plugins\mcufinder//mcu/cs/
2025-07-08 09:55:05,534 [INFO] RulesReader:64 - Compatibility file has been processed (302 Rules)
2025-07-08 09:55:05,646 [INFO] DbMcusXml:78 - Set database path to: C:\ST\STM32CubeIDE_1.16.0\STM32CubeIDE\plugins\com.st.stm32cube.common.mx_6.14.1.202504091515\\db\/mcu/
2025-07-08 09:55:05,646 [INFO] ApiDb:274 - Set plugin database path to: C:\ST\STM32CubeIDE_1.16.0\STM32CubeIDE\plugins\com.st.stm32cube.common.mx_6.14.1.202504091515\\db\/plugins/boardmanager/
2025-07-08 09:55:05,646 [INFO] ApiDb:261 - Set plugin images path to: C:\ST\STM32CubeIDE_1.16.0\STM32CubeIDE\plugins\com.st.stm32cube.common.mx_6.14.1.202504091515\\db\/plugins/mcufinder/images/
2025-07-08 09:55:05,646 [WARN] DbFile:41 - Overriding database path with different value: C:\Users\nisha\.stmcufinder\plugins\mcufinder/ => C:\Users\nisha\.stmcufinder\plugins\mcufinder
2025-07-08 09:55:05,647 [INFO] ApiDb:250 - Set database path to: C:\Users\nisha\.stmcufinder\plugins\mcufinder//mcu/
2025-07-08 09:55:05,647 [WARN] DbFile:41 - Overriding database path with different value: C:\Users\nisha\.stmcufinder\plugins\mcufinder/ => C:\Users\nisha\.stmcufinder\plugins\mcufinder
2025-07-08 09:55:05,647 [INFO] DbMcusAds:125 - Set database path to: C:\Users\nisha\.stmcufinder\plugins\mcufinder//mcu/
2025-07-08 09:55:05,647 [WARN] DbFile:41 - Overriding database path with different value: C:\Users\nisha\.stmcufinder\plugins\mcufinder/ => C:\Users\nisha\.stmcufinder\plugins\mcufinder
2025-07-08 09:55:05,647 [WARN] DbFile:41 - Overriding database path with different value: C:\Users\nisha\.stmcufinder\plugins\mcufinder/ => C:\Users\nisha\.stmcufinder\plugins\mcufinder
2025-07-08 09:55:05,647 [INFO] CrossReferenceDbSqlite:203 - Set database path to: C:\Users\nisha\.stmcufinder\plugins\mcufinder//mcu/cs/
2025-07-08 09:55:05,751 [INFO] MainPanel:272 - HeapMemory: 268435456
2025-07-08 09:55:05,912 [INFO] DbMcusXml:78 - Set database path to: C:\ST\STM32CubeIDE_1.16.0\STM32CubeIDE\plugins\com.st.stm32cube.common.mx_6.14.1.202504091515\\db\/mcu/
2025-07-08 09:55:05,912 [INFO] ApiDb:274 - Set plugin database path to: C:\ST\STM32CubeIDE_1.16.0\STM32CubeIDE\plugins\com.st.stm32cube.common.mx_6.14.1.202504091515\\db\/plugins/boardmanager/
2025-07-08 09:55:05,912 [INFO] ApiDb:261 - Set plugin images path to: C:\ST\STM32CubeIDE_1.16.0\STM32CubeIDE\plugins\com.st.stm32cube.common.mx_6.14.1.202504091515\\db\/plugins/mcufinder/images/
2025-07-08 09:55:05,913 [WARN] DbFile:41 - Overriding database path with different value: C:\Users\nisha\.stmcufinder\plugins\mcufinder/ => C:\Users\nisha\.stmcufinder\plugins\mcufinder
2025-07-08 09:55:05,913 [INFO] ApiDb:250 - Set database path to: C:\Users\nisha\.stmcufinder\plugins\mcufinder//mcu/
2025-07-08 09:55:05,913 [WARN] DbFile:41 - Overriding database path with different value: C:\Users\nisha\.stmcufinder\plugins\mcufinder/ => C:\Users\nisha\.stmcufinder\plugins\mcufinder
2025-07-08 09:55:05,913 [INFO] DbMcusAds:125 - Set database path to: C:\Users\nisha\.stmcufinder\plugins\mcufinder//mcu/
2025-07-08 09:55:05,913 [WARN] DbFile:41 - Overriding database path with different value: C:\Users\nisha\.stmcufinder\plugins\mcufinder/ => C:\Users\nisha\.stmcufinder\plugins\mcufinder
2025-07-08 09:55:05,913 [WARN] DbFile:41 - Overriding database path with different value: C:\Users\nisha\.stmcufinder\plugins\mcufinder/ => C:\Users\nisha\.stmcufinder\plugins\mcufinder
2025-07-08 09:55:05,913 [INFO] CrossReferenceDbSqlite:203 - Set database path to: C:\Users\nisha\.stmcufinder\plugins\mcufinder//mcu/cs/
2025-07-08 09:55:05,937 [INFO] ApplicationProperties:184 - Using Application install path: C:\ST\STM32CubeIDE_1.16.0\STM32CubeIDE\plugins\com.st.stm32cube.common.mx_6.14.1.202504091515
2025-07-08 09:55:05,939 [INFO] PluginManage:196 - Search for loadable plugins [exclusion list=, ]
2025-07-08 09:55:05,941 [INFO] PluginManage:310 - Check plugin analytics
2025-07-08 09:55:06,269 [INFO] AnalyticsPlugin:253 - Accepted Software Licenses: 
2025-07-08 09:55:06,270 [INFO] AnalyticsPlugin:255 - Accepted CMSIS Pack Licenses: 
2025-07-08 09:55:06,270 [INFO] AnalyticsPlugin:257 - Accepted Firmware Licenses: FW.F4.1.28.0
2025-07-08 09:55:06,278 [INFO] PluginManage:359 - Loaded plugin analytics (category:tool,tabindex:-1)
2025-07-08 09:55:06,280 [INFO] PluginManage:310 - Check plugin cadmodel
2025-07-08 09:55:06,302 [INFO] CADModel:105 - Init CAD model plugin
2025-07-08 09:55:06,302 [INFO] PluginManage:359 - Loaded plugin cadmodel (category:power,tabindex:5)
2025-07-08 09:55:06,303 [INFO] PluginManage:310 - Check plugin clock
2025-07-08 09:55:06,329 [INFO] PluginManage:359 - Loaded plugin clock (category:base,tabindex:2)
2025-07-08 09:55:06,329 [INFO] PluginManage:310 - Check plugin ddr
2025-07-08 09:55:06,332 [INFO] PluginManage:359 - Loaded plugin ddr (category:tool,tabindex:6)
2025-07-08 09:55:06,332 [INFO] PluginManage:310 - Check plugin filemanager
2025-07-08 09:55:06,514 [INFO] PluginManage:359 - Loaded plugin filemanager (category:base,tabindex:10)
2025-07-08 09:55:06,514 [INFO] PluginManage:310 - Check plugin ipmanager
2025-07-08 09:55:06,523 [INFO] PluginManage:359 - Loaded plugin ipmanager (category:base,tabindex:5)
2025-07-08 09:55:06,523 [INFO] PluginManage:310 - Check plugin lpbam
2025-07-08 09:55:06,544 [INFO] PluginManage:359 - Loaded plugin lpbam (category:base,tabindex:0)
2025-07-08 09:55:06,544 [INFO] PluginManage:310 - Check plugin memorymap
2025-07-08 09:55:06,570 [INFO] PluginManage:359 - Loaded plugin memorymap (category:base,tabindex:4)
2025-07-08 09:55:06,570 [INFO] PluginManage:310 - Check plugin pinoutandconfiguration
2025-07-08 09:55:06,592 [INFO] PluginManage:359 - Loaded plugin pinoutandconfiguration (category:base,tabindex:1)
2025-07-08 09:55:06,593 [INFO] PluginManage:310 - Check plugin pinoutconfig
2025-07-08 09:55:06,698 [WARN] SupportedApi:132 - Cannot load RTOS API schema: s4s-elt-must-match.1: The content of 'definitions' must match (annotation?, (simpleType | complexType)?, (unique | key | keyref)*)). A problem was found starting at: attribute.
2025-07-08 09:55:06,878 [INFO] PluginManage:359 - Loaded plugin pinoutconfig (category:base,tabindex:0)
2025-07-08 09:55:06,878 [INFO] PluginManage:310 - Check plugin power
2025-07-08 09:55:06,908 [INFO] PluginManage:359 - Loaded plugin power (category:power,tabindex:4)
2025-07-08 09:55:06,909 [INFO] PluginManage:310 - Check plugin projectmanager
2025-07-08 09:55:06,927 [INFO] PluginManage:359 - Loaded plugin projectmanager (category:projectmanager,tabindex:4)
2025-07-08 09:55:06,928 [INFO] PluginManage:310 - Check plugin rif
2025-07-08 09:55:06,948 [INFO] PluginManage:359 - Loaded plugin rif (category:base,tabindex:3)
2025-07-08 09:55:06,949 [INFO] PluginManage:310 - Check plugin thirdparty
2025-07-08 09:55:07,322 [INFO] PluginManage:359 - Loaded plugin thirdparty (category:base,tabindex:-1)
2025-07-08 09:55:07,322 [WARN] IntegrityCheckThread:84 - waiting for thirdparty lock release [integrity check]
2025-07-08 09:55:07,323 [INFO] PluginManage:310 - Check plugin tools
2025-07-08 09:55:07,323 [INFO] IntegrityCheckThread:86 - entering critical section [integrity check]
2025-07-08 09:55:07,323 [INFO] ThirdPartyUpdaterWithRetryManager:70 - Updater plugin not ready yet. [1/15]
2025-07-08 09:55:07,362 [INFO] PluginManage:359 - Loaded plugin tools (category:base,tabindex:7)
2025-07-08 09:55:07,362 [INFO] PluginManage:310 - Check plugin tutovideos
2025-07-08 09:55:07,661 [INFO] PluginManage:359 - Loaded plugin tutovideos (category:base,tabindex:-1)
2025-07-08 09:55:07,661 [INFO] PluginManage:310 - Check plugin updater
2025-07-08 09:55:07,688 [INFO] PluginManage:359 - Loaded plugin updater (category:base,tabindex:12)
2025-07-08 09:55:07,688 [INFO] PluginManage:310 - Check plugin userauth
2025-07-08 09:55:07,693 [INFO] UserAuth:118 - Init User Auth plugin
2025-07-08 09:55:07,694 [INFO] PluginManage:359 - Loaded plugin userauth (category:base,tabindex:14)
2025-07-08 09:55:07,694 [INFO] PluginManage:283 - PluginManage : Loaded plugins [18]
2025-07-08 09:55:07,958 [INFO] PinOutPanel:1589 - setPackage(No Configuration,No Configuration)
2025-07-08 09:55:08,073 [INFO] CADModel:165 - CPN selected for project level
2025-07-08 09:55:08,074 [INFO] CADModel:114 - Register for checkConnection events
2025-07-08 09:55:08,109 [INFO] IPUIPlugin:80 - create IPUIPlugin
2025-07-08 09:55:08,110 [INFO] PluginManager:220 - loadIPPluginJar : add adc
2025-07-08 09:55:08,160 [INFO] IPUIPlugin:80 - create IPUIPlugin
2025-07-08 09:55:08,161 [INFO] PluginManager:220 - loadIPPluginJar : add aes
2025-07-08 09:55:08,220 [INFO] IPUIPlugin:80 - create IPUIPlugin
2025-07-08 09:55:08,221 [INFO] PluginManager:220 - loadIPPluginJar : add can
2025-07-08 09:55:08,256 [INFO] IPUIPlugin:80 - create IPUIPlugin
2025-07-08 09:55:08,256 [INFO] PluginManager:220 - loadIPPluginJar : add comp
2025-07-08 09:55:08,295 [INFO] IPUIPlugin:80 - create IPUIPlugin
2025-07-08 09:55:08,295 [INFO] PluginManager:220 - loadIPPluginJar : add cryp
2025-07-08 09:55:08,309 [INFO] IPUIPlugin:80 - create IPUIPlugin
2025-07-08 09:55:08,309 [INFO] PluginManager:220 - loadIPPluginJar : add ddr_ctrl_phy
2025-07-08 09:55:08,341 [INFO] IPUIPlugin:80 - create IPUIPlugin
2025-07-08 09:55:08,342 [INFO] PluginManager:220 - loadIPPluginJar : add dfsdm
2025-07-08 09:55:08,354 [INFO] IPUIPlugin:80 - create IPUIPlugin
2025-07-08 09:55:08,355 [INFO] PluginManager:220 - loadIPPluginJar : add dma
2025-07-08 09:55:08,421 [INFO] IPUIPlugin:80 - create IPUIPlugin
2025-07-08 09:55:08,421 [INFO] PluginManager:220 - loadIPPluginJar : add dma3
2025-07-08 09:55:08,473 [INFO] IPUIPlugin:80 - create IPUIPlugin
2025-07-08 09:55:08,473 [INFO] PluginManager:220 - loadIPPluginJar : add extmemmanager
2025-07-08 09:55:08,493 [INFO] IPUIPlugin:80 - create IPUIPlugin
2025-07-08 09:55:08,494 [INFO] PluginManager:220 - loadIPPluginJar : add fatfs
2025-07-08 09:55:08,546 [INFO] IPUIPlugin:80 - create IPUIPlugin
2025-07-08 09:55:08,546 [INFO] PluginManager:220 - loadIPPluginJar : add fmc
2025-07-08 09:55:08,562 [INFO] IPUIPlugin:80 - create IPUIPlugin
2025-07-08 09:55:08,562 [INFO] PluginManager:220 - loadIPPluginJar : add freertos
2025-07-08 09:55:08,588 [INFO] IPUIPlugin:80 - create IPUIPlugin
2025-07-08 09:55:08,588 [INFO] PluginManager:220 - loadIPPluginJar : add genericplugin
2025-07-08 09:55:08,681 [INFO] IPUIPlugin:80 - create IPUIPlugin
2025-07-08 09:55:08,681 [INFO] PluginManager:220 - loadIPPluginJar : add gfxmmu
2025-07-08 09:55:08,812 [INFO] IPUIPlugin:80 - create IPUIPlugin
2025-07-08 09:55:08,813 [INFO] PluginManager:220 - loadIPPluginJar : add gic
2025-07-08 09:55:08,834 [INFO] IPUIPlugin:80 - create IPUIPlugin
2025-07-08 09:55:08,834 [INFO] PluginManager:220 - loadIPPluginJar : add gpio
2025-07-08 09:55:08,934 [INFO] IPUIPlugin:80 - create IPUIPlugin
2025-07-08 09:55:08,934 [INFO] PluginManager:220 - loadIPPluginJar : add gtzc
2025-07-08 09:55:08,973 [INFO] IPUIPlugin:80 - create IPUIPlugin
2025-07-08 09:55:08,973 [INFO] PluginManager:220 - loadIPPluginJar : add hash
2025-07-08 09:55:09,023 [INFO] IPUIPlugin:80 - create IPUIPlugin
2025-07-08 09:55:09,023 [INFO] PluginManager:220 - loadIPPluginJar : add i2c
2025-07-08 09:55:09,069 [INFO] IPUIPlugin:80 - create IPUIPlugin
2025-07-08 09:55:09,069 [INFO] PluginManager:220 - loadIPPluginJar : add i2s
2025-07-08 09:55:09,108 [INFO] IPUIPlugin:80 - create IPUIPlugin
2025-07-08 09:55:09,109 [INFO] PluginManager:220 - loadIPPluginJar : add i3c
2025-07-08 09:55:09,193 [INFO] IPUIPlugin:80 - create IPUIPlugin
2025-07-08 09:55:09,193 [INFO] PluginManager:220 - loadIPPluginJar : add ipddr
2025-07-08 09:55:09,271 [INFO] IPUIPlugin:80 - create IPUIPlugin
2025-07-08 09:55:09,272 [INFO] PluginManager:220 - loadIPPluginJar : add linkedlist
2025-07-08 09:55:09,304 [INFO] IPUIPlugin:80 - create IPUIPlugin
2025-07-08 09:55:09,304 [INFO] PluginManager:220 - loadIPPluginJar : add lorawan
2025-07-08 09:55:09,338 [INFO] IPUIPlugin:80 - create IPUIPlugin
2025-07-08 09:55:09,338 [INFO] PluginManager:220 - loadIPPluginJar : add ltdc
2025-07-08 09:55:09,358 [INFO] IPUIPlugin:80 - create IPUIPlugin
2025-07-08 09:55:09,359 [INFO] PluginManager:220 - loadIPPluginJar : add mdma
2025-07-08 09:55:09,375 [INFO] IPUIPlugin:80 - create IPUIPlugin
2025-07-08 09:55:09,375 [INFO] PluginManager:220 - loadIPPluginJar : add nvic
2025-07-08 09:55:09,410 [INFO] IPUIPlugin:80 - create IPUIPlugin
2025-07-08 09:55:09,411 [INFO] PluginManager:220 - loadIPPluginJar : add opamp
2025-07-08 09:55:09,470 [INFO] IPUIPlugin:80 - create IPUIPlugin
2025-07-08 09:55:09,470 [INFO] PluginManager:220 - loadIPPluginJar : add openamp
2025-07-08 09:55:09,518 [INFO] IPUIPlugin:80 - create IPUIPlugin
2025-07-08 09:55:09,519 [INFO] PluginManager:220 - loadIPPluginJar : add pdm2pcm
2025-07-08 09:55:09,537 [INFO] IPUIPlugin:80 - create IPUIPlugin
2025-07-08 09:55:09,539 [INFO] PluginManager:220 - loadIPPluginJar : add plateformsettings
2025-07-08 09:55:09,565 [INFO] IPUIPlugin:80 - create IPUIPlugin
2025-07-08 09:55:09,565 [INFO] PluginManager:220 - loadIPPluginJar : add quadspi
2025-07-08 09:55:09,591 [INFO] IPUIPlugin:80 - create IPUIPlugin
2025-07-08 09:55:09,592 [INFO] PluginManager:220 - loadIPPluginJar : add radio
2025-07-08 09:55:09,605 [INFO] IPUIPlugin:80 - create IPUIPlugin
2025-07-08 09:55:09,605 [INFO] PluginManager:220 - loadIPPluginJar : add resmgrutility
2025-07-08 09:55:09,657 [INFO] IPUIPlugin:80 - create IPUIPlugin
2025-07-08 09:55:09,657 [INFO] PluginManager:220 - loadIPPluginJar : add sai
2025-07-08 09:55:09,691 [INFO] IPUIPlugin:80 - create IPUIPlugin
2025-07-08 09:55:09,691 [INFO] PluginManager:220 - loadIPPluginJar : add spi
2025-07-08 09:55:09,756 [INFO] IPUIPlugin:80 - create IPUIPlugin
2025-07-08 09:55:09,756 [INFO] PluginManager:220 - loadIPPluginJar : add stm32_wpan
2025-07-08 09:55:09,779 [INFO] IPUIPlugin:80 - create IPUIPlugin
2025-07-08 09:55:09,779 [INFO] PluginManager:220 - loadIPPluginJar : add tim
2025-07-08 09:55:09,850 [INFO] IPUIPlugin:80 - create IPUIPlugin
2025-07-08 09:55:09,850 [INFO] PluginManager:220 - loadIPPluginJar : add touchsensing
2025-07-08 09:55:09,875 [INFO] IPUIPlugin:80 - create IPUIPlugin
2025-07-08 09:55:09,876 [INFO] PluginManager:220 - loadIPPluginJar : add tracer_emb
2025-07-08 09:55:09,903 [INFO] IPUIPlugin:80 - create IPUIPlugin
2025-07-08 09:55:09,903 [INFO] PluginManager:220 - loadIPPluginJar : add ts
2025-07-08 09:55:09,931 [INFO] IPUIPlugin:80 - create IPUIPlugin
2025-07-08 09:55:09,931 [INFO] PluginManager:220 - loadIPPluginJar : add tsc
2025-07-08 09:55:09,958 [INFO] IPUIPlugin:80 - create IPUIPlugin
2025-07-08 09:55:09,958 [INFO] PluginManager:220 - loadIPPluginJar : add ucpd
2025-07-08 09:55:10,016 [INFO] IPUIPlugin:80 - create IPUIPlugin
2025-07-08 09:55:10,016 [INFO] PluginManager:220 - loadIPPluginJar : add usart
2025-07-08 09:55:10,073 [INFO] IPUIPlugin:80 - create IPUIPlugin
2025-07-08 09:55:10,073 [INFO] PluginManager:220 - loadIPPluginJar : add usbx
2025-07-08 09:55:10,207 [FATAL] Updater:351 - Updater called before beeing initialized
2025-07-08 09:55:10,264 [INFO] RulesReader:64 - Compatibility file has been processed (302 Rules)
2025-07-08 09:55:10,291 [INFO] RulesReader:64 - Compatibility file has been processed (302 Rules)
2025-07-08 09:55:10,323 [INFO] CADModel:165 - CPN selected for project level
2025-07-08 09:55:10,323 [INFO] CADModel:114 - Register for checkConnection events
2025-07-08 09:55:10,324 [FATAL] Updater:351 - Updater called before beeing initialized
2025-07-08 09:55:10,324 [ERROR] CADModel:125 - Updater not yet initialized, retry later 
2025-07-08 09:55:10,327 [INFO] ThirdPartyUpdaterWithRetryManager:70 - Updater plugin not ready yet. [2/15]
2025-07-08 09:55:10,583 [FATAL] Updater:351 - Updater called before beeing initialized
2025-07-08 09:55:10,590 [INFO] CADModel:165 - CPN selected for project level
2025-07-08 09:55:10,590 [INFO] CADModel:114 - Register for checkConnection events
2025-07-08 09:55:10,590 [FATAL] Updater:351 - Updater called before beeing initialized
2025-07-08 09:55:10,590 [ERROR] CADModel:125 - Updater not yet initialized, retry later 
2025-07-08 09:55:10,596 [FATAL] Updater:351 - Updater called before beeing initialized
2025-07-08 09:55:10,764 [FATAL] Updater:351 - Updater called before beeing initialized
2025-07-08 09:55:10,778 [INFO] DbMcusAds:53 - JSON generation date=Thu Jun 19 14:02:37 IST 2025 (1750321957418)
2025-07-08 09:55:10,778 [FATAL] Updater:351 - Updater called before beeing initialized
2025-07-08 09:55:10,839 [WARN] DetailPanel:346 - Failed to get advertising image, set to default
2025-07-08 09:55:11,118 [FATAL] Updater:351 - Updater called before beeing initialized
2025-07-08 09:55:11,120 [FATAL] Updater:351 - Updater called before beeing initialized
2025-07-08 09:55:11,120 [FATAL] Updater:351 - Updater called before beeing initialized
2025-07-08 09:55:11,120 [WARN] DetailPanel:346 - Failed to get advertising image, set to default
2025-07-08 09:55:11,121 [FATAL] Updater:351 - Updater called before beeing initialized
2025-07-08 09:55:11,192 [ERROR] Updater:1198 - MainUpdater not yet initialized. External WinMGr cannot be set.
2025-07-08 09:55:11,209 [INFO] Updater:1134 - Updater Version found : 6.14.1
2025-07-08 09:55:11,246 [INFO] ApplicationProperties:184 - Using Application install path: C:\ST\STM32CubeIDE_1.16.0\STM32CubeIDE\plugins\com.st.stm32cube.common.mx_6.14.1.202504091515
2025-07-08 09:55:12,837 [ERROR] LogOutputStream:75 - [STDERR_REDIRECT] Jul 08, 2025 9:55:12 AM java.util.prefs.WindowsPreferences <init>
2025-07-08 09:55:12,838 [ERROR] LogOutputStream:75 - [STDERR_REDIRECT] WARNING: Could not open/create prefs root node Software\JavaSoft\Prefs at root 0xffffffff80000002. Windows RegCreateKeyEx(...) returned error code 5.
2025-07-08 09:55:12,838 [ERROR] LogOutputStream:75 - [STDERR_REDIRECT] 
2025-07-08 09:55:13,328 [FATAL] Updater:351 - Updater called before beeing initialized
2025-07-08 09:55:13,328 [ERROR] IntegrityCheckThread:130 - Cannot retrieve database content from updater: error 21
2025-07-08 09:55:13,329 [INFO] ThirdParty:978 - Integrity check success = false
2025-07-08 09:55:13,329 [INFO] IntegrityCheckThread:100 - exiting critical section [integrity check]
2025-07-08 09:55:13,329 [INFO] IntegrityCheckThread:103 - End integrity checks thread
2025-07-08 09:55:13,763 [INFO] MainUpdater:2872 - connection check result : 10
2025-07-08 09:55:13,764 [INFO] MainUpdater:289 - Updater Check For Update Now.
2025-07-08 09:55:13,764 [INFO] MicroXplorer:498 - Change Database Version : DB.6.0.141
2025-07-08 09:55:13,791 [INFO] McuFinderGlobals:63 - Set McuFinder mode to 2 (CubeIDE integrated)
2025-07-08 09:55:13,801 [INFO] UserAuth:484 - Internet connection configuration mode: 1
2025-07-08 09:55:13,868 [INFO] JxBrowserEngine:152 - Initiate JxBrowser Engine with user profile folder
2025-07-08 09:55:14,011 [INFO] CheckServerUpdateThread:120 - End of CheckServer Thread
2025-07-08 09:55:15,790 [INFO] WebApp:169 - Instantiating new browser for Auth
2025-07-08 09:55:16,844 [INFO] WebApp:463 - Apply proxy settings
2025-07-08 09:55:16,845 [INFO] WebApp:548 - Chromium requires no authentication
2025-07-08 09:55:16,859 [INFO] WebApp:491 - Direct internet connection detected
2025-07-08 09:55:16,904 [INFO] WebApp:894 - Register for checkConnection events
2025-07-08 09:55:16,905 [INFO] WebApp:463 - Apply proxy settings
2025-07-08 09:55:16,905 [INFO] WebApp:548 - Chromium requires no authentication
2025-07-08 09:55:16,906 [INFO] WebApp:491 - Direct internet connection detected
2025-07-08 09:55:17,261 [INFO] WebApp:225 - Starting web application
2025-07-08 09:55:17,261 [INFO] WebApp:593 - Web application path used C:\ST\STM32CubeIDE_1.16.0\STM32CubeIDE\plugins\com.st.stm32cube.common.mx_6.14.1.202504091515\db\plugins\mcufinder\reactClient1\index.html
2025-07-08 09:55:17,420 [INFO] UserAuth:484 - Internet connection configuration mode: 1
2025-07-08 09:55:17,704 [INFO] WebApp:191 - Connection restablished
2025-07-08 10:06:11,493 [INFO] WebApp:194 - Connection lost
2025-07-08 10:06:14,991 [INFO] WebApp:191 - Connection restablished
2025-07-08 10:06:17,808 [INFO] WebApp:194 - Connection lost
2025-07-08 10:06:18,091 [INFO] WebApp:191 - Connection restablished
2025-07-08 13:52:20,023 [INFO] WebApp:194 - Connection lost
2025-07-08 15:45:17,349 [INFO] WebApp:191 - Connection restablished
2025-07-08 17:15:55,437 [INFO] WebApp:403 - JxBrowser engine has been closed 
