2025-08-06 01:14:54,913 [ERROR] LogOutputStream:75 - [STDERR_REDIRECT] 
2025-08-06 16:08:58,863 [INFO] Activator:176 - 


2025-08-06 16:08:58,868 [INFO] Activator:177 - !SESSION log4j initialized
2025-08-06 16:09:08,497 [INFO] LogOutputStream:77 - [STDOUT_REDIRECT] 
2025-08-06 16:09:19,672 [INFO] ApplicationProperties:184 - Using Application install path: C:\ST\STM32CubeIDE_1.16.0\STM32CubeIDE\plugins\com.st.stm32cube.common.mx_6.15.0.202507011659
2025-08-06 16:09:19,687 [INFO] DbMcusXml:78 - Set database path to: C:\ST\STM32CubeIDE_1.16.0\STM32CubeIDE\plugins\com.st.stm32cube.common.mx_6.15.0.202507011659\\db\/mcu/
2025-08-06 16:09:19,687 [INFO] ApiDb:274 - Set plugin database path to: C:\ST\STM32CubeIDE_1.16.0\STM32CubeIDE\plugins\com.st.stm32cube.common.mx_6.15.0.202507011659\\db\/plugins/boardmanager/
2025-08-06 16:09:19,688 [WARN] ApiDb:259 - Overriding images path with different value:  => C:\ST\STM32CubeIDE_1.16.0\STM32CubeIDE\plugins\com.st.stm32cube.common.mx_6.15.0.202507011659\\db\/plugins/mcufinder/images/
2025-08-06 16:09:19,697 [INFO] ApiDb:250 - Set database path to: C:\Users\nisha\.stmcufinder\plugins\mcufinder//mcu/
2025-08-06 16:09:19,698 [INFO] DbMcusAds:125 - Set database path to: C:\Users\nisha\.stmcufinder\plugins\mcufinder//mcu/
2025-08-06 16:09:19,708 [INFO] CrossReferenceDbSqlite:203 - Set database path to: C:\Users\nisha\.stmcufinder\plugins\mcufinder//mcu/cs/
2025-08-06 16:09:19,824 [INFO] RulesReader:64 - Compatibility file has been processed (317 Rules)
2025-08-06 16:09:19,921 [INFO] DbMcusXml:78 - Set database path to: C:\ST\STM32CubeIDE_1.16.0\STM32CubeIDE\plugins\com.st.stm32cube.common.mx_6.15.0.202507011659\\db\/mcu/
2025-08-06 16:09:19,921 [INFO] ApiDb:274 - Set plugin database path to: C:\ST\STM32CubeIDE_1.16.0\STM32CubeIDE\plugins\com.st.stm32cube.common.mx_6.15.0.202507011659\\db\/plugins/boardmanager/
2025-08-06 16:09:19,921 [INFO] ApiDb:261 - Set plugin images path to: C:\ST\STM32CubeIDE_1.16.0\STM32CubeIDE\plugins\com.st.stm32cube.common.mx_6.15.0.202507011659\\db\/plugins/mcufinder/images/
2025-08-06 16:09:19,921 [WARN] DbFile:41 - Overriding database path with different value: C:\Users\nisha\.stmcufinder\plugins\mcufinder/ => C:\Users\nisha\.stmcufinder\plugins\mcufinder
2025-08-06 16:09:19,922 [INFO] ApiDb:250 - Set database path to: C:\Users\nisha\.stmcufinder\plugins\mcufinder//mcu/
2025-08-06 16:09:19,922 [WARN] DbFile:41 - Overriding database path with different value: C:\Users\nisha\.stmcufinder\plugins\mcufinder/ => C:\Users\nisha\.stmcufinder\plugins\mcufinder
2025-08-06 16:09:19,922 [INFO] DbMcusAds:125 - Set database path to: C:\Users\nisha\.stmcufinder\plugins\mcufinder//mcu/
2025-08-06 16:09:19,922 [WARN] DbFile:41 - Overriding database path with different value: C:\Users\nisha\.stmcufinder\plugins\mcufinder/ => C:\Users\nisha\.stmcufinder\plugins\mcufinder
2025-08-06 16:09:19,922 [WARN] DbFile:41 - Overriding database path with different value: C:\Users\nisha\.stmcufinder\plugins\mcufinder/ => C:\Users\nisha\.stmcufinder\plugins\mcufinder
2025-08-06 16:09:19,922 [INFO] CrossReferenceDbSqlite:203 - Set database path to: C:\Users\nisha\.stmcufinder\plugins\mcufinder//mcu/cs/
2025-08-06 16:09:20,036 [INFO] MainPanel:274 - HeapMemory: 275775488
2025-08-06 16:09:20,224 [INFO] DbMcusXml:78 - Set database path to: C:\ST\STM32CubeIDE_1.16.0\STM32CubeIDE\plugins\com.st.stm32cube.common.mx_6.15.0.202507011659\\db\/mcu/
2025-08-06 16:09:20,224 [INFO] ApiDb:274 - Set plugin database path to: C:\ST\STM32CubeIDE_1.16.0\STM32CubeIDE\plugins\com.st.stm32cube.common.mx_6.15.0.202507011659\\db\/plugins/boardmanager/
2025-08-06 16:09:20,224 [INFO] ApiDb:261 - Set plugin images path to: C:\ST\STM32CubeIDE_1.16.0\STM32CubeIDE\plugins\com.st.stm32cube.common.mx_6.15.0.202507011659\\db\/plugins/mcufinder/images/
2025-08-06 16:09:20,225 [WARN] DbFile:41 - Overriding database path with different value: C:\Users\nisha\.stmcufinder\plugins\mcufinder/ => C:\Users\nisha\.stmcufinder\plugins\mcufinder
2025-08-06 16:09:20,225 [INFO] ApiDb:250 - Set database path to: C:\Users\nisha\.stmcufinder\plugins\mcufinder//mcu/
2025-08-06 16:09:20,225 [WARN] DbFile:41 - Overriding database path with different value: C:\Users\nisha\.stmcufinder\plugins\mcufinder/ => C:\Users\nisha\.stmcufinder\plugins\mcufinder
2025-08-06 16:09:20,225 [INFO] DbMcusAds:125 - Set database path to: C:\Users\nisha\.stmcufinder\plugins\mcufinder//mcu/
2025-08-06 16:09:20,225 [WARN] DbFile:41 - Overriding database path with different value: C:\Users\nisha\.stmcufinder\plugins\mcufinder/ => C:\Users\nisha\.stmcufinder\plugins\mcufinder
2025-08-06 16:09:20,225 [WARN] DbFile:41 - Overriding database path with different value: C:\Users\nisha\.stmcufinder\plugins\mcufinder/ => C:\Users\nisha\.stmcufinder\plugins\mcufinder
2025-08-06 16:09:20,225 [INFO] CrossReferenceDbSqlite:203 - Set database path to: C:\Users\nisha\.stmcufinder\plugins\mcufinder//mcu/cs/
2025-08-06 16:09:20,257 [INFO] ApplicationProperties:184 - Using Application install path: C:\ST\STM32CubeIDE_1.16.0\STM32CubeIDE\plugins\com.st.stm32cube.common.mx_6.15.0.202507011659
2025-08-06 16:09:20,259 [INFO] PluginManage:196 - Search for loadable plugins [exclusion list=, ]
2025-08-06 16:09:20,262 [INFO] PluginManage:310 - Check plugin analytics
2025-08-06 16:09:20,511 [INFO] AnalyticsPlugin:253 - Accepted Software Licenses: 
2025-08-06 16:09:20,511 [INFO] AnalyticsPlugin:255 - Accepted CMSIS Pack Licenses: 
2025-08-06 16:09:20,511 [INFO] AnalyticsPlugin:257 - Accepted Firmware Licenses: FW.F4.1.28.0
2025-08-06 16:09:20,514 [INFO] PluginManage:359 - Loaded plugin analytics (category:tool,tabindex:-1)
2025-08-06 16:09:20,515 [INFO] PluginManage:310 - Check plugin cadmodel
2025-08-06 16:09:20,535 [INFO] CADModel:105 - Init CAD model plugin
2025-08-06 16:09:20,536 [INFO] PluginManage:359 - Loaded plugin cadmodel (category:power,tabindex:5)
2025-08-06 16:09:20,536 [INFO] PluginManage:310 - Check plugin clock
2025-08-06 16:09:20,558 [INFO] PluginManage:359 - Loaded plugin clock (category:base,tabindex:2)
2025-08-06 16:09:20,558 [INFO] PluginManage:310 - Check plugin ddr
2025-08-06 16:09:20,561 [INFO] PluginManage:359 - Loaded plugin ddr (category:tool,tabindex:6)
2025-08-06 16:09:20,561 [INFO] PluginManage:310 - Check plugin filemanager
2025-08-06 16:09:20,677 [INFO] PluginManage:359 - Loaded plugin filemanager (category:base,tabindex:10)
2025-08-06 16:09:20,677 [INFO] PluginManage:310 - Check plugin ipmanager
2025-08-06 16:09:20,684 [INFO] PluginManage:359 - Loaded plugin ipmanager (category:base,tabindex:5)
2025-08-06 16:09:20,685 [INFO] PluginManage:310 - Check plugin lpbam
2025-08-06 16:09:20,706 [INFO] PluginManage:359 - Loaded plugin lpbam (category:base,tabindex:0)
2025-08-06 16:09:20,706 [INFO] PluginManage:310 - Check plugin memorymap
2025-08-06 16:09:20,740 [INFO] PluginManage:359 - Loaded plugin memorymap (category:base,tabindex:4)
2025-08-06 16:09:20,741 [INFO] PluginManage:310 - Check plugin pinoutandconfiguration
2025-08-06 16:09:20,769 [INFO] PluginManage:359 - Loaded plugin pinoutandconfiguration (category:base,tabindex:1)
2025-08-06 16:09:20,770 [INFO] PluginManage:310 - Check plugin pinoutconfig
2025-08-06 16:09:20,903 [WARN] SupportedApi:132 - Cannot load RTOS API schema: s4s-elt-must-match.1: The content of 'definitions' must match (annotation?, (simpleType | complexType)?, (unique | key | keyref)*)). A problem was found starting at: attribute.
2025-08-06 16:09:21,038 [INFO] PluginManage:359 - Loaded plugin pinoutconfig (category:base,tabindex:0)
2025-08-06 16:09:21,038 [INFO] PluginManage:310 - Check plugin power
2025-08-06 16:09:21,070 [INFO] PluginManage:359 - Loaded plugin power (category:power,tabindex:4)
2025-08-06 16:09:21,071 [INFO] PluginManage:310 - Check plugin projectmanager
2025-08-06 16:09:21,094 [INFO] PluginManage:359 - Loaded plugin projectmanager (category:projectmanager,tabindex:4)
2025-08-06 16:09:21,094 [INFO] PluginManage:310 - Check plugin rif
2025-08-06 16:09:21,117 [INFO] PluginManage:359 - Loaded plugin rif (category:base,tabindex:3)
2025-08-06 16:09:21,118 [INFO] PluginManage:310 - Check plugin thirdparty
2025-08-06 16:09:21,468 [INFO] PluginManage:359 - Loaded plugin thirdparty (category:base,tabindex:-1)
2025-08-06 16:09:21,468 [WARN] IntegrityCheckThread:84 - waiting for thirdparty lock release [integrity check]
2025-08-06 16:09:21,469 [INFO] IntegrityCheckThread:86 - entering critical section [integrity check]
2025-08-06 16:09:21,469 [INFO] PluginManage:310 - Check plugin tools
2025-08-06 16:09:21,469 [INFO] ThirdPartyUpdaterWithRetryManager:70 - Updater plugin not ready yet. [1/15]
2025-08-06 16:09:21,512 [INFO] PluginManage:359 - Loaded plugin tools (category:base,tabindex:7)
2025-08-06 16:09:21,512 [INFO] PluginManage:310 - Check plugin tutovideos
2025-08-06 16:09:21,723 [INFO] PluginManage:359 - Loaded plugin tutovideos (category:base,tabindex:-1)
2025-08-06 16:09:21,724 [INFO] PluginManage:310 - Check plugin updater
2025-08-06 16:09:21,748 [INFO] PluginManage:359 - Loaded plugin updater (category:base,tabindex:12)
2025-08-06 16:09:21,748 [INFO] PluginManage:310 - Check plugin userauth
2025-08-06 16:09:21,752 [INFO] UserAuth:118 - Init User Auth plugin
2025-08-06 16:09:21,753 [INFO] PluginManage:359 - Loaded plugin userauth (category:base,tabindex:14)
2025-08-06 16:09:21,754 [INFO] PluginManage:283 - PluginManage : Loaded plugins [18]
2025-08-06 16:09:21,983 [INFO] PinOutPanel:1589 - setPackage(No Configuration,No Configuration)
2025-08-06 16:09:22,082 [INFO] CADModel:165 - CPN selected for project level
2025-08-06 16:09:22,082 [INFO] CADModel:114 - Register for checkConnection events
2025-08-06 16:09:22,117 [INFO] IPUIPlugin:80 - create IPUIPlugin
2025-08-06 16:09:22,118 [INFO] PluginManager:220 - loadIPPluginJar : add adc
2025-08-06 16:09:22,168 [INFO] IPUIPlugin:80 - create IPUIPlugin
2025-08-06 16:09:22,168 [INFO] PluginManager:220 - loadIPPluginJar : add aes
2025-08-06 16:09:22,226 [INFO] IPUIPlugin:80 - create IPUIPlugin
2025-08-06 16:09:22,226 [INFO] PluginManager:220 - loadIPPluginJar : add can
2025-08-06 16:09:22,260 [INFO] IPUIPlugin:80 - create IPUIPlugin
2025-08-06 16:09:22,260 [INFO] PluginManager:220 - loadIPPluginJar : add comp
2025-08-06 16:09:22,310 [INFO] IPUIPlugin:80 - create IPUIPlugin
2025-08-06 16:09:22,310 [INFO] PluginManager:220 - loadIPPluginJar : add cryp
2025-08-06 16:09:22,329 [INFO] IPUIPlugin:80 - create IPUIPlugin
2025-08-06 16:09:22,329 [INFO] PluginManager:220 - loadIPPluginJar : add ddr_ctrl_phy
2025-08-06 16:09:22,374 [INFO] IPUIPlugin:80 - create IPUIPlugin
2025-08-06 16:09:22,375 [INFO] PluginManager:220 - loadIPPluginJar : add dfsdm
2025-08-06 16:09:22,393 [INFO] IPUIPlugin:80 - create IPUIPlugin
2025-08-06 16:09:22,394 [INFO] PluginManager:220 - loadIPPluginJar : add dma
2025-08-06 16:09:22,449 [INFO] IPUIPlugin:80 - create IPUIPlugin
2025-08-06 16:09:22,450 [INFO] PluginManager:220 - loadIPPluginJar : add dma3
2025-08-06 16:09:22,508 [INFO] IPUIPlugin:80 - create IPUIPlugin
2025-08-06 16:09:22,508 [INFO] PluginManager:220 - loadIPPluginJar : add extmemmanager
2025-08-06 16:09:22,533 [INFO] IPUIPlugin:80 - create IPUIPlugin
2025-08-06 16:09:22,533 [INFO] PluginManager:220 - loadIPPluginJar : add fatfs
2025-08-06 16:09:22,582 [INFO] IPUIPlugin:80 - create IPUIPlugin
2025-08-06 16:09:22,582 [INFO] PluginManager:220 - loadIPPluginJar : add fmc
2025-08-06 16:09:22,605 [INFO] IPUIPlugin:80 - create IPUIPlugin
2025-08-06 16:09:22,605 [INFO] PluginManager:220 - loadIPPluginJar : add freertos
2025-08-06 16:09:22,632 [INFO] IPUIPlugin:80 - create IPUIPlugin
2025-08-06 16:09:22,632 [INFO] PluginManager:220 - loadIPPluginJar : add genericplugin
2025-08-06 16:09:22,721 [INFO] IPUIPlugin:80 - create IPUIPlugin
2025-08-06 16:09:22,721 [INFO] PluginManager:220 - loadIPPluginJar : add gfxmmu
2025-08-06 16:09:22,920 [INFO] IPUIPlugin:80 - create IPUIPlugin
2025-08-06 16:09:22,920 [INFO] PluginManager:220 - loadIPPluginJar : add gic
2025-08-06 16:09:22,945 [INFO] IPUIPlugin:80 - create IPUIPlugin
2025-08-06 16:09:22,946 [INFO] PluginManager:220 - loadIPPluginJar : add gpio
2025-08-06 16:09:23,041 [INFO] IPUIPlugin:80 - create IPUIPlugin
2025-08-06 16:09:23,041 [INFO] PluginManager:220 - loadIPPluginJar : add gtzc
2025-08-06 16:09:23,084 [INFO] IPUIPlugin:80 - create IPUIPlugin
2025-08-06 16:09:23,084 [INFO] PluginManager:220 - loadIPPluginJar : add hash
2025-08-06 16:09:23,140 [INFO] IPUIPlugin:80 - create IPUIPlugin
2025-08-06 16:09:23,140 [INFO] PluginManager:220 - loadIPPluginJar : add i2c
2025-08-06 16:09:23,175 [INFO] IPUIPlugin:80 - create IPUIPlugin
2025-08-06 16:09:23,176 [INFO] PluginManager:220 - loadIPPluginJar : add i2s
2025-08-06 16:09:23,238 [INFO] IPUIPlugin:80 - create IPUIPlugin
2025-08-06 16:09:23,238 [INFO] PluginManager:220 - loadIPPluginJar : add i3c
2025-08-06 16:09:23,405 [INFO] IPUIPlugin:80 - create IPUIPlugin
2025-08-06 16:09:23,406 [INFO] PluginManager:220 - loadIPPluginJar : add ipddr
2025-08-06 16:09:23,491 [INFO] IPUIPlugin:80 - create IPUIPlugin
2025-08-06 16:09:23,492 [INFO] PluginManager:220 - loadIPPluginJar : add linkedlist
2025-08-06 16:09:23,530 [INFO] IPUIPlugin:80 - create IPUIPlugin
2025-08-06 16:09:23,530 [INFO] PluginManager:220 - loadIPPluginJar : add lorawan
2025-08-06 16:09:23,574 [INFO] IPUIPlugin:80 - create IPUIPlugin
2025-08-06 16:09:23,574 [INFO] PluginManager:220 - loadIPPluginJar : add ltdc
2025-08-06 16:09:23,595 [INFO] IPUIPlugin:80 - create IPUIPlugin
2025-08-06 16:09:23,595 [INFO] PluginManager:220 - loadIPPluginJar : add mdma
2025-08-06 16:09:23,615 [INFO] IPUIPlugin:80 - create IPUIPlugin
2025-08-06 16:09:23,615 [INFO] PluginManager:220 - loadIPPluginJar : add nvic
2025-08-06 16:09:23,687 [INFO] IPUIPlugin:80 - create IPUIPlugin
2025-08-06 16:09:23,687 [INFO] PluginManager:220 - loadIPPluginJar : add opamp
2025-08-06 16:09:23,789 [INFO] IPUIPlugin:80 - create IPUIPlugin
2025-08-06 16:09:23,790 [INFO] PluginManager:220 - loadIPPluginJar : add openamp
2025-08-06 16:09:23,862 [INFO] IPUIPlugin:80 - create IPUIPlugin
2025-08-06 16:09:23,862 [INFO] PluginManager:220 - loadIPPluginJar : add pdm2pcm
2025-08-06 16:09:23,880 [INFO] IPUIPlugin:80 - create IPUIPlugin
2025-08-06 16:09:23,883 [INFO] PluginManager:220 - loadIPPluginJar : add plateformsettings
2025-08-06 16:09:23,923 [INFO] IPUIPlugin:80 - create IPUIPlugin
2025-08-06 16:09:23,924 [INFO] PluginManager:220 - loadIPPluginJar : add quadspi
2025-08-06 16:09:23,977 [INFO] IPUIPlugin:80 - create IPUIPlugin
2025-08-06 16:09:23,978 [INFO] PluginManager:220 - loadIPPluginJar : add radio
2025-08-06 16:09:24,003 [INFO] IPUIPlugin:80 - create IPUIPlugin
2025-08-06 16:09:24,004 [INFO] PluginManager:220 - loadIPPluginJar : add resmgrutility
2025-08-06 16:09:24,094 [INFO] IPUIPlugin:80 - create IPUIPlugin
2025-08-06 16:09:24,094 [INFO] PluginManager:220 - loadIPPluginJar : add sai
2025-08-06 16:09:24,168 [INFO] IPUIPlugin:80 - create IPUIPlugin
2025-08-06 16:09:24,169 [INFO] PluginManager:220 - loadIPPluginJar : add spi
2025-08-06 16:09:24,260 [INFO] IPUIPlugin:80 - create IPUIPlugin
2025-08-06 16:09:24,260 [INFO] PluginManager:220 - loadIPPluginJar : add stm32_wpan
2025-08-06 16:09:24,294 [INFO] IPUIPlugin:80 - create IPUIPlugin
2025-08-06 16:09:24,294 [INFO] PluginManager:220 - loadIPPluginJar : add tim
2025-08-06 16:09:24,366 [INFO] IPUIPlugin:80 - create IPUIPlugin
2025-08-06 16:09:24,366 [INFO] PluginManager:220 - loadIPPluginJar : add touchsensing
2025-08-06 16:09:24,389 [INFO] IPUIPlugin:80 - create IPUIPlugin
2025-08-06 16:09:24,389 [INFO] PluginManager:220 - loadIPPluginJar : add tracer_emb
2025-08-06 16:09:24,416 [INFO] IPUIPlugin:80 - create IPUIPlugin
2025-08-06 16:09:24,416 [INFO] PluginManager:220 - loadIPPluginJar : add ts
2025-08-06 16:09:24,446 [INFO] IPUIPlugin:80 - create IPUIPlugin
2025-08-06 16:09:24,447 [INFO] PluginManager:220 - loadIPPluginJar : add tsc
2025-08-06 16:09:24,468 [INFO] IPUIPlugin:80 - create IPUIPlugin
2025-08-06 16:09:24,468 [INFO] PluginManager:220 - loadIPPluginJar : add ucpd
2025-08-06 16:09:24,471 [INFO] ThirdPartyUpdaterWithRetryManager:70 - Updater plugin not ready yet. [2/15]
2025-08-06 16:09:24,524 [INFO] IPUIPlugin:80 - create IPUIPlugin
2025-08-06 16:09:24,524 [INFO] PluginManager:220 - loadIPPluginJar : add usart
2025-08-06 16:09:24,576 [INFO] IPUIPlugin:80 - create IPUIPlugin
2025-08-06 16:09:24,576 [INFO] PluginManager:220 - loadIPPluginJar : add usbx
2025-08-06 16:09:24,698 [FATAL] Updater:351 - Updater called before beeing initialized
2025-08-06 16:09:24,744 [INFO] RulesReader:64 - Compatibility file has been processed (317 Rules)
2025-08-06 16:09:24,757 [INFO] RulesReader:64 - Compatibility file has been processed (317 Rules)
2025-08-06 16:09:24,771 [INFO] CADModel:165 - CPN selected for project level
2025-08-06 16:09:24,771 [INFO] CADModel:114 - Register for checkConnection events
2025-08-06 16:09:24,771 [FATAL] Updater:351 - Updater called before beeing initialized
2025-08-06 16:09:24,771 [ERROR] CADModel:125 - Updater not yet initialized, retry later 
2025-08-06 16:09:24,917 [FATAL] Updater:351 - Updater called before beeing initialized
2025-08-06 16:09:24,918 [INFO] CADModel:165 - CPN selected for project level
2025-08-06 16:09:24,919 [INFO] CADModel:114 - Register for checkConnection events
2025-08-06 16:09:24,919 [FATAL] Updater:351 - Updater called before beeing initialized
2025-08-06 16:09:24,919 [ERROR] CADModel:125 - Updater not yet initialized, retry later 
2025-08-06 16:09:24,923 [FATAL] Updater:351 - Updater called before beeing initialized
2025-08-06 16:09:25,030 [FATAL] Updater:351 - Updater called before beeing initialized
2025-08-06 16:09:25,039 [INFO] DbMcusAds:53 - JSON generation date=Tue Jul 08 13:44:23 IST 2025 (1751962463562)
2025-08-06 16:09:25,040 [FATAL] Updater:351 - Updater called before beeing initialized
2025-08-06 16:09:25,077 [WARN] DetailPanel:346 - Failed to get advertising image, set to default
2025-08-06 16:09:25,173 [FATAL] Updater:351 - Updater called before beeing initialized
2025-08-06 16:09:25,175 [FATAL] Updater:351 - Updater called before beeing initialized
2025-08-06 16:09:25,176 [FATAL] Updater:351 - Updater called before beeing initialized
2025-08-06 16:09:25,176 [WARN] DetailPanel:346 - Failed to get advertising image, set to default
2025-08-06 16:09:25,177 [FATAL] Updater:351 - Updater called before beeing initialized
2025-08-06 16:09:25,261 [ERROR] Updater:1198 - MainUpdater not yet initialized. External WinMGr cannot be set.
2025-08-06 16:09:25,273 [INFO] Updater:1134 - Updater Version found : 6.15.0
2025-08-06 16:09:25,288 [INFO] ApplicationProperties:184 - Using Application install path: C:\ST\STM32CubeIDE_1.16.0\STM32CubeIDE\plugins\com.st.stm32cube.common.mx_6.15.0.202507011659
2025-08-06 16:09:26,882 [ERROR] LogOutputStream:75 - [STDERR_REDIRECT] Aug 06, 2025 4:09:26 PM java.util.prefs.WindowsPreferences <init>
2025-08-06 16:09:26,884 [ERROR] LogOutputStream:75 - [STDERR_REDIRECT] WARNING: Could not open/create prefs root node Software\JavaSoft\Prefs at root 0xffffffff80000002. Windows RegCreateKeyEx(...) returned error code 5.
2025-08-06 16:09:26,885 [ERROR] LogOutputStream:75 - [STDERR_REDIRECT] 
2025-08-06 16:09:27,472 [INFO] ThirdPartyUpdaterWithRetryManager:70 - Updater plugin not ready yet. [3/15]
2025-08-06 16:09:27,554 [INFO] MainUpdater:2872 - connection check result : 10
2025-08-06 16:09:27,555 [INFO] MainUpdater:3604 - Updater definition file requires update
2025-08-06 16:09:27,556 [INFO] MainUpdater:289 - Updater Check For Update Now.
2025-08-06 16:09:27,557 [INFO] MicroXplorer:498 - Change Database Version : DB.6.0.150
2025-08-06 16:09:27,578 [INFO] McuFinderGlobals:63 - Set McuFinder mode to 2 (CubeIDE integrated)
2025-08-06 16:09:27,586 [INFO] UserAuth:487 - Internet connection configuration mode: 1
2025-08-06 16:09:27,620 [INFO] JxBrowserEngine:152 - Initiate JxBrowser Engine with user profile folder
2025-08-06 16:09:27,862 [INFO] ServerAccessManage:452 - Complete download http(s) 200
2025-08-06 16:09:27,863 [INFO] ServerAccessManage:509 - Download File updaters.zip
2025-08-06 16:09:28,246 [INFO] FileExtend:248 - Unzip File : updaters.zip
2025-08-06 16:09:28,246 [INFO] FileExtend:263 - Standard Zip Deflate
2025-08-06 16:09:29,328 [INFO] ServerAccessManage:452 - Complete download http(s) 200
2025-08-06 16:09:29,328 [INFO] ServerAccessManage:509 - Download File PacksControlFlags.xml
2025-08-06 16:09:29,466 [INFO] WebApp:169 - Instantiating new browser for Auth
2025-08-06 16:09:29,503 [INFO] ServerAccessManage:452 - Complete download http(s) 200
2025-08-06 16:09:29,503 [INFO] ServerAccessManage:509 - Download File cubemx.pidx
2025-08-06 16:09:29,975 [INFO] ServerAccessManage:452 - Complete download http(s) 200
2025-08-06 16:09:29,975 [INFO] ServerAccessManage:509 - Download File STMicroelectronics.FP-SNS-STBOX1.pdsc
2025-08-06 16:09:30,467 [INFO] WebApp:463 - Apply proxy settings
2025-08-06 16:09:30,467 [INFO] WebApp:548 - Chromium requires no authentication
2025-08-06 16:09:30,474 [WARN] MainUpdater:1193 - Updater busy. Cannot search thirdparties
2025-08-06 16:09:30,474 [INFO] ThirdPartyUpdaterWithRetryManager:96 - Updater plugin is busy. [1/15]
2025-08-06 16:09:30,506 [INFO] WebApp:491 - Direct internet connection detected
2025-08-06 16:09:30,552 [INFO] WebApp:900 - Register for checkConnection events
2025-08-06 16:09:30,552 [INFO] WebApp:463 - Apply proxy settings
2025-08-06 16:09:30,553 [INFO] WebApp:548 - Chromium requires no authentication
2025-08-06 16:09:30,554 [INFO] WebApp:491 - Direct internet connection detected
2025-08-06 16:09:30,625 [INFO] ServerAccessManage:452 - Complete download http(s) 200
2025-08-06 16:09:30,626 [INFO] ServerAccessManage:509 - Download File STMicroelectronics.X-CUBE-AI.pdsc
2025-08-06 16:09:30,734 [INFO] WebApp:225 - Starting web application
2025-08-06 16:09:30,734 [INFO] WebApp:593 - Web application path used C:\ST\STM32CubeIDE_1.16.0\STM32CubeIDE\plugins\com.st.stm32cube.common.mx_6.15.0.202507011659\db\plugins\mcufinder\reactClient1\index.html
2025-08-06 16:09:30,865 [INFO] UserAuth:487 - Internet connection configuration mode: 1
2025-08-06 16:09:31,305 [INFO] WebApp:191 - Connection restablished
2025-08-06 16:09:33,476 [WARN] MainUpdater:1193 - Updater busy. Cannot search thirdparties
2025-08-06 16:09:33,476 [INFO] ThirdPartyUpdaterWithRetryManager:96 - Updater plugin is busy. [2/15]
2025-08-06 16:09:34,765 [WARN] PackLoader:240 - Cannot read IP mode file for STMicroelectronics.FP-SNS-STBOX1.2.1.0
2025-08-06 16:09:34,780 [WARN] PackLoader:240 - Cannot read IP mode file for STMicroelectronics.X-CUBE-AI.10.2.0
2025-08-06 16:09:34,781 [INFO] PopulateThirdPartyThread:66 - Ending populate Thread
2025-08-06 16:09:34,782 [INFO] ThirdParty:1030 - CMSIS Pack Vendor :STMicroelectronics FP-SNS-STBOX1 2.1.0
2025-08-06 16:09:34,782 [INFO] ThirdParty:1030 - CMSIS Pack Vendor :STMicroelectronics X-CUBE-AI 10.2.0
2025-08-06 16:09:34,782 [INFO] LoadServerUpdatesThread:375 - End of LoadServerUpdate Thread
2025-08-06 16:09:34,837 [INFO] CheckServerUpdateThread:120 - End of CheckServer Thread
2025-08-06 16:09:36,741 [WARN] PackLoader:240 - Cannot read IP mode file for STMicroelectronics.FP-SNS-MOTENVWB1.1.4.0
2025-08-06 16:09:36,757 [WARN] PackLoader:240 - Cannot read IP mode file for STMicroelectronics.X-CUBE-SMBUS.2.1.0
2025-08-06 16:09:36,774 [WARN] PackLoader:240 - Cannot read IP mode file for STMicroelectronics.X-CUBE-WB05N.1.1.0
2025-08-06 16:09:36,789 [WARN] PackLoader:240 - Cannot read IP mode file for STMicroelectronics.X-CUBE-ST60.1.0.0
2025-08-06 16:09:36,821 [WARN] PackLoader:240 - Cannot read IP mode file for STMicroelectronics.X-CUBE-AZRTOS-F7.1.1.0
2025-08-06 16:09:36,864 [WARN] PackLoader:240 - Cannot read IP mode file for STMicroelectronics.X-CUBE-MEMS1.11.0.0
2025-08-06 16:09:36,953 [WARN] PackLoader:240 - Cannot read IP mode file for STMicroelectronics.FP-SNS-FLIGHT1.5.0.2
2025-08-06 16:09:36,980 [WARN] PackLoader:240 - Cannot read IP mode file for STMicroelectronics.X-CUBE-AZRTOS-H7.3.4.0
2025-08-06 16:09:36,996 [WARN] PackLoader:240 - Cannot read IP mode file for STMicroelectronics.X-CUBE-DISPLAY.3.0.0
2025-08-06 16:09:37,010 [WARN] PackLoader:240 - Cannot read IP mode file for STMicroelectronics.X-CUBE-BLE1.7.0.0
2025-08-06 16:09:37,025 [WARN] PackLoader:240 - Cannot read IP mode file for STMicroelectronics.X-CUBE-NFC10.1.0.0
2025-08-06 16:09:37,042 [WARN] PackLoader:240 - Cannot read IP mode file for STMicroelectronics.X-CUBE-BLEMGR.4.0.0
2025-08-06 16:09:37,059 [WARN] PackLoader:240 - Cannot read IP mode file for emotas.I-CUBE-CANOPEN.1.3.0
2025-08-06 16:09:37,075 [WARN] PackLoader:240 - Cannot read IP mode file for STMicroelectronics.X-CUBE-BLEMGR.3.1.0
2025-08-06 16:09:37,081 [WARN] PackLoader:240 - Cannot read IP mode file for STMicroelectronics.FP-SNS-STBOX1.2.1.0
2025-08-06 16:09:37,096 [WARN] PackLoader:240 - Cannot read IP mode file for STMicroelectronics.FP-SNS-SMARTAG2.1.2.0
2025-08-06 16:09:37,100 [WARN] PackLoader:240 - Cannot read IP mode file for STMicroelectronics.FP-SNS-FLIGHT1.5.1.0
2025-08-06 16:09:37,119 [INFO] LogOutputStream:77 - [STDOUT_REDIRECT] 1 : Invalid condition id : UX_CORESTACK_Condition cause : null
2025-08-06 16:09:37,120 [INFO] LogOutputStream:77 - [STDOUT_REDIRECT] 1 : Invalid condition id : UX_CORESTACK_Condition cause : null
2025-08-06 16:09:37,122 [INFO] LogOutputStream:77 - [STDOUT_REDIRECT] 1 : Invalid condition id : UX_CORESTACK_Condition cause : null
2025-08-06 16:09:37,123 [INFO] LogOutputStream:77 - [STDOUT_REDIRECT] 1 : Invalid condition id : UX_CORESTACK_Condition cause : null
2025-08-06 16:09:37,124 [INFO] LogOutputStream:77 - [STDOUT_REDIRECT] 1 : Invalid condition id : UX_CORESTACK_Condition cause : null
2025-08-06 16:09:37,125 [WARN] PackLoader:240 - Cannot read IP mode file for STMicroelectronics.X-CUBE-AZRTOS-WL.2.0.0
2025-08-06 16:09:37,140 [WARN] PackLoader:240 - Cannot read IP mode file for STMicroelectronics.FP-SNS-MOTENV1.5.0.0
2025-08-06 16:09:37,146 [WARN] PackLoader:240 - Cannot read IP mode file for wolfSSL.I-CUBE-wolfMQTT.1.19.0
2025-08-06 16:09:37,161 [WARN] PackLoader:240 - Cannot read IP mode file for WES.I-CUBE-Cesium.1.3.0
2025-08-06 16:09:37,175 [WARN] PackLoader:240 - Cannot read IP mode file for STMicroelectronics.X-CUBE-BLE2.3.3.0
2025-08-06 16:09:37,198 [WARN] PackLoader:240 - Cannot read IP mode file for STMicroelectronics.X-CUBE-NFC9.1.0.0
2025-08-06 16:09:37,210 [WARN] PackLoader:240 - Cannot read IP mode file for STMicroelectronics.X-CUBE-BLE1.7.1.0
2025-08-06 16:09:37,221 [WARN] PackLoader:240 - Cannot read IP mode file for STMicroelectronics.X-CUBE-TCPP.4.1.0
2025-08-06 16:09:37,234 [WARN] PackLoader:240 - Cannot read IP mode file for STMicroelectronics.X-CUBE-EEPRMA1.5.2.0
2025-08-06 16:09:37,247 [WARN] PackLoader:240 - Cannot read IP mode file for STMicroelectronics.X-CUBE-AI.10.1.0
2025-08-06 16:09:37,266 [WARN] PackLoader:240 - Cannot read IP mode file for STMicroelectronics.X-CUBE-AZRTOS-G0.1.1.0
2025-08-06 16:09:37,282 [WARN] PackLoader:240 - Cannot read IP mode file for STMicroelectronics.X-CUBE-SAFEA1.1.2.2
2025-08-06 16:09:37,297 [WARN] PackLoader:240 - Cannot read IP mode file for STMicroelectronics.X-CUBE-NFC4.3.0.0
2025-08-06 16:09:37,314 [WARN] PackLoader:240 - Cannot read IP mode file for EmbeddedOffice.I-CUBE-FS-RTOS.1.0.1
2025-08-06 16:09:37,328 [WARN] PackLoader:240 - Cannot read IP mode file for STMicroelectronics.X-CUBE-WB05N.2.0.0
2025-08-06 16:09:37,342 [WARN] PackLoader:240 - Cannot read IP mode file for STMicroelectronics.X-CUBE-TCPP.4.2.0
2025-08-06 16:09:37,357 [WARN] PackLoader:240 - Cannot read IP mode file for RealThread.X-CUBE-RT-Thread_Nano.4.1.1
2025-08-06 16:09:37,371 [WARN] PackLoader:240 - Cannot read IP mode file for wolfSSL.I-CUBE-wolfSSL.5.7.0
2025-08-06 16:09:37,376 [WARN] PackLoader:240 - Cannot read IP mode file for STMicroelectronics.FP-ATR-SIGFOX1.3.2.0
2025-08-06 16:09:37,381 [WARN] ConditionMgr:438 - getConditionDescription Invalid condition id : Cortex-A Device cause : null
2025-08-06 16:09:37,402 [WARN] ConditionMgr:1044 - genDependencies : Invalid condition id : Cortex-A Device cause : null
2025-08-06 16:09:37,402 [WARN] ConditionMgr:1044 - genDependencies : Invalid condition id : Cortex-A Device cause : null
2025-08-06 16:09:37,402 [WARN] ConditionMgr:1044 - genDependencies : Invalid condition id : Cortex-A Device cause : null
2025-08-06 16:09:37,417 [WARN] PackLoader:240 - Cannot read IP mode file for STMicroelectronics.X-CUBE-EEPRMA1.5.1.0
2025-08-06 16:09:37,432 [WARN] PackLoader:240 - Cannot read IP mode file for ITTIA_DB.I-CUBE-ITTIADB.8.9.0
2025-08-06 16:09:37,448 [WARN] PackLoader:240 - Cannot read IP mode file for STMicroelectronics.X-CUBE-ST67W61.1.0.0
2025-08-06 16:09:37,450 [WARN] PackLoader:240 - Cannot read IP mode file for STMicroelectronics.X-CUBE-AI.10.2.0
2025-08-06 16:09:37,473 [WARN] PackLoader:240 - Cannot read IP mode file for SEGGER.I-CUBE-embOS.1.3.1
2025-08-06 16:09:37,505 [WARN] PackLoader:240 - Cannot read IP mode file for STMicroelectronics.X-CUBE-ALGOBUILD.1.4.0
2025-08-06 16:09:37,542 [WARN] PackLoader:240 - Cannot read IP mode file for STMicroelectronics.X-CUBE-MEMS1.11.3.0
2025-08-06 16:09:37,616 [WARN] PackLoader:240 - Cannot read IP mode file for STMicroelectronics.X-CUBE-AI.9.1.0
2025-08-06 16:09:37,632 [WARN] PackLoader:240 - Cannot read IP mode file for STMicroelectronics.X-CUBE-PM33A1.1.0.0
2025-08-06 16:09:37,648 [WARN] PackLoader:240 - Cannot read IP mode file for STMicroelectronics.X-CUBE-GNSS1.6.0.0
2025-08-06 16:09:37,674 [WARN] PackLoader:240 - Cannot read IP mode file for STMicroelectronics.X-CUBE-AZRTOS-F4.1.1.0
2025-08-06 16:09:37,679 [WARN] PackLoader:240 - Cannot read IP mode file for Avnet-IotConnect.X-CUBE-IoTC-DA16k-PMOD.1.0.0
2025-08-06 16:09:37,693 [WARN] PackLoader:240 - Cannot read IP mode file for STMicroelectronics.X-CUBE-ISPU.2.1.0
2025-08-06 16:09:37,708 [WARN] PackLoader:240 - Cannot read IP mode file for STMicroelectronics.X-CUBE-FREERTOS.1.2.0
2025-08-06 16:09:37,723 [WARN] PackLoader:240 - Cannot read IP mode file for STMicroelectronics.X-CUBE-NFC12.1.0.0
2025-08-06 16:09:37,747 [WARN] PackLoader:240 - Cannot read IP mode file for STMicroelectronics.X-CUBE-AZRTOS-L5.2.0.0
2025-08-06 16:09:37,764 [WARN] PackLoader:240 - Cannot read IP mode file for STMicroelectronics.X-CUBE-NFC6.3.1.0
2025-08-06 16:09:37,781 [WARN] PackLoader:240 - Cannot read IP mode file for STMicroelectronics.X-CUBE-DPower.1.2.0
2025-08-06 16:09:37,796 [WARN] PackLoader:240 - Cannot read IP mode file for STMicroelectronics.X-CUBE-AI.9.0.0
2025-08-06 16:09:37,810 [WARN] PackLoader:240 - Cannot read IP mode file for STMicroelectronics.X-CUBE-FREERTOS.1.3.1
2025-08-06 16:09:37,825 [WARN] PackLoader:240 - Cannot read IP mode file for STMicroelectronics.X-CUBE-NFC7.1.0.1
2025-08-06 16:09:37,830 [WARN] PackLoader:240 - Cannot read IP mode file for wolfSSL.I-CUBE-wolfTPM.3.2.0
2025-08-06 16:09:37,854 [WARN] PackLoader:240 - Cannot read IP mode file for STMicroelectronics.FP-SNS-STAIOTCFT.1.0.0
2025-08-06 16:09:37,872 [WARN] PackLoader:240 - Cannot read IP mode file for STMicroelectronics.X-CUBE-DPower.1.3.0
2025-08-06 16:09:37,913 [WARN] ConditionMgr:438 - getConditionDescription Invalid condition id : LAN8742 Phy interface Condition cause : null
2025-08-06 16:09:37,914 [WARN] PackLoader:240 - Cannot read IP mode file for STMicroelectronics.X-CUBE-AZRTOS-L4.2.0.0
2025-08-06 16:09:37,915 [WARN] ConditionMgr:1044 - genDependencies : Invalid condition id : LAN8742 Phy interface Condition cause : null
2025-08-06 16:09:37,916 [WARN] ConditionMgr:1044 - genDependencies : Invalid condition id : LAN8742 Phy interface Condition cause : null
2025-08-06 16:09:37,916 [WARN] ConditionMgr:1044 - genDependencies : Invalid condition id : LAN8742 Phy interface Condition cause : null
2025-08-06 16:09:37,934 [WARN] PackLoader:240 - Cannot read IP mode file for STMicroelectronics.X-CUBE-SFXS2LP1.4.0.0
2025-08-06 16:09:37,964 [WARN] PackLoader:240 - Cannot read IP mode file for STMicroelectronics.X-CUBE-AZRTOS-H7.3.3.0
2025-08-06 16:09:37,981 [WARN] PackLoader:240 - Cannot read IP mode file for STMicroelectronics.X-CUBE-BLEMGR.4.1.0
2025-08-06 16:09:37,998 [WARN] PackLoader:240 - Cannot read IP mode file for STMicroelectronics.X-CUBE-IPS.3.0.0
2025-08-06 16:09:38,019 [WARN] ConditionMgr:438 - getConditionDescription Invalid condition id : UX DEVICE CLASS RTOS Condition cause : null
2025-08-06 16:09:38,019 [WARN] ConditionMgr:438 - getConditionDescription Invalid condition id : UX DEVICE CLASS RTOS Condition cause : null
2025-08-06 16:09:38,020 [WARN] PackLoader:240 - Cannot read IP mode file for STMicroelectronics.X-CUBE-AZRTOS-WB.2.0.0
2025-08-06 16:09:38,020 [WARN] ConditionMgr:1044 - genDependencies : Invalid condition id : UX DEVICE CLASS RTOS Condition cause : null
2025-08-06 16:09:38,020 [WARN] ConditionMgr:1044 - genDependencies : Invalid condition id : UX DEVICE CLASS RTOS Condition cause : null
2025-08-06 16:09:38,020 [WARN] ConditionMgr:1044 - genDependencies : Invalid condition id : UX DEVICE CLASS RTOS Condition cause : null
2025-08-06 16:09:38,021 [WARN] ConditionMgr:1044 - genDependencies : Invalid condition id : UX DEVICE CLASS RTOS Condition cause : null
2025-08-06 16:09:38,021 [WARN] ConditionMgr:1044 - genDependencies : Invalid condition id : UX DEVICE CLASS RTOS Condition cause : null
2025-08-06 16:09:38,032 [WARN] PackLoader:240 - Cannot read IP mode file for STMicroelectronics.X-CUBE-GNSS1.7.0.0
2025-08-06 16:09:38,045 [WARN] PackLoader:240 - Cannot read IP mode file for STMicroelectronics.X-CUBE-GNSS1.7.0.1
2025-08-06 16:09:38,058 [WARN] PackLoader:240 - Cannot read IP mode file for STMicroelectronics.X-CUBE-TOUCHGFX.4.25.0
2025-08-06 16:09:38,072 [WARN] PackLoader:240 - Cannot read IP mode file for STMicroelectronics.FP-SNS-STBOX1.2.0.0
2025-08-06 16:09:38,090 [WARN] PackLoader:240 - Cannot read IP mode file for STMicroelectronics.X-CUBE-SUBG2.5.0.0
2025-08-06 16:09:38,122 [WARN] PackLoader:240 - Cannot read IP mode file for STMicroelectronics.X-CUBE-AZRTOS-H7RS.1.1.0
2025-08-06 16:09:38,129 [WARN] PackLoader:240 - Cannot read IP mode file for Cesanta.I-CUBE-Mongoose.7.13.0
2025-08-06 16:09:38,150 [WARN] PackLoader:240 - Cannot read IP mode file for STMicroelectronics.X-CUBE-AZRTOS-G4.2.0.0
2025-08-06 16:09:38,163 [WARN] PackLoader:240 - Cannot read IP mode file for STMicroelectronics.X-CUBE-NFC7.2.0.0
2025-08-06 16:09:38,175 [WARN] PackLoader:240 - Cannot read IP mode file for STMicroelectronics.X-CUBE-ISPU.2.0.0
2025-08-06 16:09:38,189 [WARN] PackLoader:240 - Cannot read IP mode file for STMicroelectronics.X-CUBE-IPS.3.1.0
2025-08-06 16:09:38,203 [WARN] PackLoader:240 - Cannot read IP mode file for STMicroelectronics.X-CUBE-ALS.1.0.2
2025-08-06 16:09:38,232 [WARN] PackLoader:240 - Cannot read IP mode file for STMicroelectronics.X-CUBE-MEMS1.10.0.0
2025-08-06 16:09:38,287 [WARN] PackLoader:240 - Cannot read IP mode file for STMicroelectronics.X-CUBE-TOUCHGFX.4.24.0
2025-08-06 16:09:38,300 [WARN] PackLoader:240 - Cannot read IP mode file for STMicroelectronics.X-CUBE-TOUCHGFX.4.24.1
2025-08-06 16:09:38,316 [WARN] PackLoader:240 - Cannot read IP mode file for portGmbH.I-Cube-SoM-uGOAL.1.1.0
2025-08-06 16:09:38,341 [WARN] PackLoader:240 - Cannot read IP mode file for STMicroelectronics.X-CUBE-AZRTOS-H7RS.1.0.0
2025-08-06 16:09:38,356 [WARN] PackLoader:240 - Cannot read IP mode file for STMicroelectronics.FP-ATR-ASTRA1.2.0.0
2025-08-06 16:09:38,374 [WARN] PackLoader:240 - Cannot read IP mode file for STMicroelectronics.X-CUBE-TOF1.3.4.2
2025-08-06 16:09:38,393 [WARN] PackLoader:240 - Cannot read IP mode file for STMicroelectronics.X-CUBE-TOF1.3.4.3
2025-08-06 16:09:38,415 [WARN] PackLoader:240 - Cannot read IP mode file for STMicroelectronics.X-CUBE-TOF1.3.4.1
2025-08-06 16:09:38,444 [WARN] PackLoader:240 - Cannot read IP mode file for STMicroelectronics.X-CUBE-AZRTOS-H7.3.2.0
2025-08-06 16:09:38,474 [WARN] PackLoader:240 - Cannot read IP mode file for Infineon.AIROC-Wi-Fi-Bluetooth-STM32.1.6.0
2025-08-06 16:09:38,481 [WARN] PackLoader:240 - Cannot read IP mode file for wolfSSL.I-CUBE-wolfSSH.1.4.17
2025-08-06 16:09:38,481 [INFO] ThirdParty:978 - Integrity check success = true
2025-08-06 16:09:38,481 [INFO] IntegrityCheckThread:100 - exiting critical section [integrity check]
2025-08-06 16:09:38,482 [INFO] IntegrityCheckThread:103 - End integrity checks thread
2025-08-06 16:10:40,597 [ERROR] LogOutputStream:75 - [STDERR_REDIRECT] 
2025-08-06 16:10:40,600 [ERROR] LogOutputStream:75 - [STDERR_REDIRECT] 
