2025-09-29 14:43:58,746 [INFO] Activator:176 - 


2025-09-29 14:43:58,752 [INFO] Activator:177 - !SESSION log4j initialized
2025-09-29 14:44:11,890 [INFO] LogOutputStream:77 - [STDOUT_REDIRECT] 
2025-09-29 14:44:31,951 [INFO] ApplicationProperties:184 - Using Application install path: C:\ST\STM32CubeIDE_1.16.0\STM32CubeIDE\plugins\com.st.stm32cube.common.mx_6.15.0.202507011659
2025-09-29 14:44:31,969 [INFO] DbMcusXml:78 - Set database path to: C:\ST\STM32CubeIDE_1.16.0\STM32CubeIDE\plugins\com.st.stm32cube.common.mx_6.15.0.202507011659\\db\/mcu/
2025-09-29 14:44:31,970 [INFO] ApiDb:274 - Set plugin database path to: C:\ST\STM32CubeIDE_1.16.0\STM32CubeIDE\plugins\com.st.stm32cube.common.mx_6.15.0.202507011659\\db\/plugins/boardmanager/
2025-09-29 14:44:31,977 [WARN] ApiDb:259 - Overriding images path with different value:  => C:\ST\STM32CubeIDE_1.16.0\STM32CubeIDE\plugins\com.st.stm32cube.common.mx_6.15.0.202507011659\\db\/plugins/mcufinder/images/
2025-09-29 14:44:31,982 [INFO] ApiDb:250 - Set database path to: C:\Users\nisha\.stmcufinder\plugins\mcufinder//mcu/
2025-09-29 14:44:31,983 [INFO] DbMcusAds:125 - Set database path to: C:\Users\nisha\.stmcufinder\plugins\mcufinder//mcu/
2025-09-29 14:44:32,016 [INFO] CrossReferenceDbSqlite:203 - Set database path to: C:\Users\nisha\.stmcufinder\plugins\mcufinder//mcu/cs/
2025-09-29 14:44:32,197 [INFO] RulesReader:64 - Compatibility file has been processed (317 Rules)
2025-09-29 14:44:32,297 [INFO] DbMcusXml:78 - Set database path to: C:\ST\STM32CubeIDE_1.16.0\STM32CubeIDE\plugins\com.st.stm32cube.common.mx_6.15.0.202507011659\\db\/mcu/
2025-09-29 14:44:32,298 [INFO] ApiDb:274 - Set plugin database path to: C:\ST\STM32CubeIDE_1.16.0\STM32CubeIDE\plugins\com.st.stm32cube.common.mx_6.15.0.202507011659\\db\/plugins/boardmanager/
2025-09-29 14:44:32,298 [INFO] ApiDb:261 - Set plugin images path to: C:\ST\STM32CubeIDE_1.16.0\STM32CubeIDE\plugins\com.st.stm32cube.common.mx_6.15.0.202507011659\\db\/plugins/mcufinder/images/
2025-09-29 14:44:32,298 [WARN] DbFile:41 - Overriding database path with different value: C:\Users\nisha\.stmcufinder\plugins\mcufinder/ => C:\Users\nisha\.stmcufinder\plugins\mcufinder
2025-09-29 14:44:32,298 [INFO] ApiDb:250 - Set database path to: C:\Users\nisha\.stmcufinder\plugins\mcufinder//mcu/
2025-09-29 14:44:32,298 [WARN] DbFile:41 - Overriding database path with different value: C:\Users\nisha\.stmcufinder\plugins\mcufinder/ => C:\Users\nisha\.stmcufinder\plugins\mcufinder
2025-09-29 14:44:32,299 [INFO] DbMcusAds:125 - Set database path to: C:\Users\nisha\.stmcufinder\plugins\mcufinder//mcu/
2025-09-29 14:44:32,299 [WARN] DbFile:41 - Overriding database path with different value: C:\Users\nisha\.stmcufinder\plugins\mcufinder/ => C:\Users\nisha\.stmcufinder\plugins\mcufinder
2025-09-29 14:44:32,299 [WARN] DbFile:41 - Overriding database path with different value: C:\Users\nisha\.stmcufinder\plugins\mcufinder/ => C:\Users\nisha\.stmcufinder\plugins\mcufinder
2025-09-29 14:44:32,299 [INFO] CrossReferenceDbSqlite:203 - Set database path to: C:\Users\nisha\.stmcufinder\plugins\mcufinder//mcu/cs/
2025-09-29 14:44:32,393 [INFO] MainPanel:274 - HeapMemory: 268435456
2025-09-29 14:44:32,499 [INFO] DbMcusXml:78 - Set database path to: C:\ST\STM32CubeIDE_1.16.0\STM32CubeIDE\plugins\com.st.stm32cube.common.mx_6.15.0.202507011659\\db\/mcu/
2025-09-29 14:44:32,499 [INFO] ApiDb:274 - Set plugin database path to: C:\ST\STM32CubeIDE_1.16.0\STM32CubeIDE\plugins\com.st.stm32cube.common.mx_6.15.0.202507011659\\db\/plugins/boardmanager/
2025-09-29 14:44:32,499 [INFO] ApiDb:261 - Set plugin images path to: C:\ST\STM32CubeIDE_1.16.0\STM32CubeIDE\plugins\com.st.stm32cube.common.mx_6.15.0.202507011659\\db\/plugins/mcufinder/images/
2025-09-29 14:44:32,500 [WARN] DbFile:41 - Overriding database path with different value: C:\Users\nisha\.stmcufinder\plugins\mcufinder/ => C:\Users\nisha\.stmcufinder\plugins\mcufinder
2025-09-29 14:44:32,500 [INFO] ApiDb:250 - Set database path to: C:\Users\nisha\.stmcufinder\plugins\mcufinder//mcu/
2025-09-29 14:44:32,500 [WARN] DbFile:41 - Overriding database path with different value: C:\Users\nisha\.stmcufinder\plugins\mcufinder/ => C:\Users\nisha\.stmcufinder\plugins\mcufinder
2025-09-29 14:44:32,500 [INFO] DbMcusAds:125 - Set database path to: C:\Users\nisha\.stmcufinder\plugins\mcufinder//mcu/
2025-09-29 14:44:32,500 [WARN] DbFile:41 - Overriding database path with different value: C:\Users\nisha\.stmcufinder\plugins\mcufinder/ => C:\Users\nisha\.stmcufinder\plugins\mcufinder
2025-09-29 14:44:32,500 [WARN] DbFile:41 - Overriding database path with different value: C:\Users\nisha\.stmcufinder\plugins\mcufinder/ => C:\Users\nisha\.stmcufinder\plugins\mcufinder
2025-09-29 14:44:32,501 [INFO] CrossReferenceDbSqlite:203 - Set database path to: C:\Users\nisha\.stmcufinder\plugins\mcufinder//mcu/cs/
2025-09-29 14:44:32,530 [INFO] ApplicationProperties:184 - Using Application install path: C:\ST\STM32CubeIDE_1.16.0\STM32CubeIDE\plugins\com.st.stm32cube.common.mx_6.15.0.202507011659
2025-09-29 14:44:32,532 [INFO] PluginManage:196 - Search for loadable plugins [exclusion list=, ]
2025-09-29 14:44:32,534 [INFO] PluginManage:310 - Check plugin analytics
2025-09-29 14:44:32,816 [INFO] AnalyticsPlugin:253 - Accepted Software Licenses: 
2025-09-29 14:44:32,816 [INFO] AnalyticsPlugin:255 - Accepted CMSIS Pack Licenses: 
2025-09-29 14:44:32,816 [INFO] AnalyticsPlugin:257 - Accepted Firmware Licenses: FW.F4.1.28.0
2025-09-29 14:44:32,825 [INFO] PluginManage:359 - Loaded plugin analytics (category:tool,tabindex:-1)
2025-09-29 14:44:32,826 [INFO] PluginManage:310 - Check plugin cadmodel
2025-09-29 14:44:32,851 [INFO] CADModel:105 - Init CAD model plugin
2025-09-29 14:44:32,851 [INFO] PluginManage:359 - Loaded plugin cadmodel (category:power,tabindex:5)
2025-09-29 14:44:32,852 [INFO] PluginManage:310 - Check plugin clock
2025-09-29 14:44:32,875 [INFO] PluginManage:359 - Loaded plugin clock (category:base,tabindex:2)
2025-09-29 14:44:32,876 [INFO] PluginManage:310 - Check plugin ddr
2025-09-29 14:44:32,878 [INFO] PluginManage:359 - Loaded plugin ddr (category:tool,tabindex:6)
2025-09-29 14:44:32,878 [INFO] PluginManage:310 - Check plugin filemanager
2025-09-29 14:44:33,022 [INFO] PluginManage:359 - Loaded plugin filemanager (category:base,tabindex:10)
2025-09-29 14:44:33,022 [INFO] PluginManage:310 - Check plugin ipmanager
2025-09-29 14:44:33,030 [INFO] PluginManage:359 - Loaded plugin ipmanager (category:base,tabindex:5)
2025-09-29 14:44:33,031 [INFO] PluginManage:310 - Check plugin lpbam
2025-09-29 14:44:33,052 [INFO] PluginManage:359 - Loaded plugin lpbam (category:base,tabindex:0)
2025-09-29 14:44:33,052 [INFO] PluginManage:310 - Check plugin memorymap
2025-09-29 14:44:33,083 [INFO] PluginManage:359 - Loaded plugin memorymap (category:base,tabindex:4)
2025-09-29 14:44:33,083 [INFO] PluginManage:310 - Check plugin pinoutandconfiguration
2025-09-29 14:44:33,114 [INFO] PluginManage:359 - Loaded plugin pinoutandconfiguration (category:base,tabindex:1)
2025-09-29 14:44:33,115 [INFO] PluginManage:310 - Check plugin pinoutconfig
2025-09-29 14:44:33,248 [WARN] SupportedApi:132 - Cannot load RTOS API schema: s4s-elt-must-match.1: The content of 'definitions' must match (annotation?, (simpleType | complexType)?, (unique | key | keyref)*)). A problem was found starting at: attribute.
2025-09-29 14:44:33,443 [INFO] PluginManage:359 - Loaded plugin pinoutconfig (category:base,tabindex:0)
2025-09-29 14:44:33,444 [INFO] PluginManage:310 - Check plugin power
2025-09-29 14:44:33,467 [INFO] PluginManage:359 - Loaded plugin power (category:power,tabindex:4)
2025-09-29 14:44:33,467 [INFO] PluginManage:310 - Check plugin projectmanager
2025-09-29 14:44:33,492 [INFO] PluginManage:359 - Loaded plugin projectmanager (category:projectmanager,tabindex:4)
2025-09-29 14:44:33,492 [INFO] PluginManage:310 - Check plugin rif
2025-09-29 14:44:33,513 [INFO] PluginManage:359 - Loaded plugin rif (category:base,tabindex:3)
2025-09-29 14:44:33,514 [INFO] PluginManage:310 - Check plugin thirdparty
2025-09-29 14:44:33,884 [WARN] IntegrityCheckThread:84 - waiting for thirdparty lock release [integrity check]
2025-09-29 14:44:33,884 [INFO] PluginManage:359 - Loaded plugin thirdparty (category:base,tabindex:-1)
2025-09-29 14:44:33,885 [INFO] IntegrityCheckThread:86 - entering critical section [integrity check]
2025-09-29 14:44:33,885 [INFO] PluginManage:310 - Check plugin tools
2025-09-29 14:44:33,885 [INFO] ThirdPartyUpdaterWithRetryManager:70 - Updater plugin not ready yet. [1/15]
2025-09-29 14:44:33,919 [INFO] PluginManage:359 - Loaded plugin tools (category:base,tabindex:7)
2025-09-29 14:44:33,919 [INFO] PluginManage:310 - Check plugin tutovideos
2025-09-29 14:44:34,072 [INFO] PluginManage:359 - Loaded plugin tutovideos (category:base,tabindex:-1)
2025-09-29 14:44:34,073 [INFO] PluginManage:310 - Check plugin updater
2025-09-29 14:44:34,093 [INFO] PluginManage:359 - Loaded plugin updater (category:base,tabindex:12)
2025-09-29 14:44:34,093 [INFO] PluginManage:310 - Check plugin userauth
2025-09-29 14:44:34,096 [INFO] UserAuth:118 - Init User Auth plugin
2025-09-29 14:44:34,097 [INFO] PluginManage:359 - Loaded plugin userauth (category:base,tabindex:14)
2025-09-29 14:44:34,097 [INFO] PluginManage:283 - PluginManage : Loaded plugins [18]
2025-09-29 14:44:34,333 [INFO] PinOutPanel:1589 - setPackage(No Configuration,No Configuration)
2025-09-29 14:44:34,487 [INFO] CADModel:165 - CPN selected for project level
2025-09-29 14:44:34,488 [INFO] CADModel:114 - Register for checkConnection events
2025-09-29 14:44:34,520 [INFO] IPUIPlugin:80 - create IPUIPlugin
2025-09-29 14:44:34,520 [INFO] PluginManager:220 - loadIPPluginJar : add adc
2025-09-29 14:44:34,574 [INFO] IPUIPlugin:80 - create IPUIPlugin
2025-09-29 14:44:34,574 [INFO] PluginManager:220 - loadIPPluginJar : add aes
2025-09-29 14:44:34,633 [INFO] IPUIPlugin:80 - create IPUIPlugin
2025-09-29 14:44:34,634 [INFO] PluginManager:220 - loadIPPluginJar : add can
2025-09-29 14:44:34,670 [INFO] IPUIPlugin:80 - create IPUIPlugin
2025-09-29 14:44:34,670 [INFO] PluginManager:220 - loadIPPluginJar : add comp
2025-09-29 14:44:34,708 [INFO] IPUIPlugin:80 - create IPUIPlugin
2025-09-29 14:44:34,708 [INFO] PluginManager:220 - loadIPPluginJar : add cryp
2025-09-29 14:44:34,719 [INFO] IPUIPlugin:80 - create IPUIPlugin
2025-09-29 14:44:34,720 [INFO] PluginManager:220 - loadIPPluginJar : add ddr_ctrl_phy
2025-09-29 14:44:34,748 [INFO] IPUIPlugin:80 - create IPUIPlugin
2025-09-29 14:44:34,748 [INFO] PluginManager:220 - loadIPPluginJar : add dfsdm
2025-09-29 14:44:34,759 [INFO] IPUIPlugin:80 - create IPUIPlugin
2025-09-29 14:44:34,760 [INFO] PluginManager:220 - loadIPPluginJar : add dma
2025-09-29 14:44:34,796 [INFO] IPUIPlugin:80 - create IPUIPlugin
2025-09-29 14:44:34,796 [INFO] PluginManager:220 - loadIPPluginJar : add dma3
2025-09-29 14:44:34,846 [INFO] IPUIPlugin:80 - create IPUIPlugin
2025-09-29 14:44:34,846 [INFO] PluginManager:220 - loadIPPluginJar : add extmemmanager
2025-09-29 14:44:34,867 [INFO] IPUIPlugin:80 - create IPUIPlugin
2025-09-29 14:44:34,867 [INFO] PluginManager:220 - loadIPPluginJar : add fatfs
2025-09-29 14:44:34,922 [INFO] IPUIPlugin:80 - create IPUIPlugin
2025-09-29 14:44:34,922 [INFO] PluginManager:220 - loadIPPluginJar : add fmc
2025-09-29 14:44:34,937 [INFO] IPUIPlugin:80 - create IPUIPlugin
2025-09-29 14:44:34,937 [INFO] PluginManager:220 - loadIPPluginJar : add freertos
2025-09-29 14:44:34,957 [INFO] IPUIPlugin:80 - create IPUIPlugin
2025-09-29 14:44:34,958 [INFO] PluginManager:220 - loadIPPluginJar : add genericplugin
2025-09-29 14:44:35,064 [INFO] IPUIPlugin:80 - create IPUIPlugin
2025-09-29 14:44:35,065 [INFO] PluginManager:220 - loadIPPluginJar : add gfxmmu
2025-09-29 14:44:35,212 [INFO] IPUIPlugin:80 - create IPUIPlugin
2025-09-29 14:44:35,212 [INFO] PluginManager:220 - loadIPPluginJar : add gic
2025-09-29 14:44:35,235 [INFO] IPUIPlugin:80 - create IPUIPlugin
2025-09-29 14:44:35,236 [INFO] PluginManager:220 - loadIPPluginJar : add gpio
2025-09-29 14:44:35,383 [INFO] IPUIPlugin:80 - create IPUIPlugin
2025-09-29 14:44:35,383 [INFO] PluginManager:220 - loadIPPluginJar : add gtzc
2025-09-29 14:44:35,415 [INFO] IPUIPlugin:80 - create IPUIPlugin
2025-09-29 14:44:35,415 [INFO] PluginManager:220 - loadIPPluginJar : add hash
2025-09-29 14:44:35,478 [INFO] IPUIPlugin:80 - create IPUIPlugin
2025-09-29 14:44:35,478 [INFO] PluginManager:220 - loadIPPluginJar : add i2c
2025-09-29 14:44:35,534 [INFO] IPUIPlugin:80 - create IPUIPlugin
2025-09-29 14:44:35,534 [INFO] PluginManager:220 - loadIPPluginJar : add i2s
2025-09-29 14:44:35,575 [INFO] IPUIPlugin:80 - create IPUIPlugin
2025-09-29 14:44:35,575 [INFO] PluginManager:220 - loadIPPluginJar : add i3c
2025-09-29 14:44:35,682 [INFO] IPUIPlugin:80 - create IPUIPlugin
2025-09-29 14:44:35,682 [INFO] PluginManager:220 - loadIPPluginJar : add ipddr
2025-09-29 14:44:35,793 [INFO] IPUIPlugin:80 - create IPUIPlugin
2025-09-29 14:44:35,795 [INFO] PluginManager:220 - loadIPPluginJar : add linkedlist
2025-09-29 14:44:35,842 [INFO] IPUIPlugin:80 - create IPUIPlugin
2025-09-29 14:44:35,842 [INFO] PluginManager:220 - loadIPPluginJar : add lorawan
2025-09-29 14:44:35,878 [INFO] IPUIPlugin:80 - create IPUIPlugin
2025-09-29 14:44:35,879 [INFO] PluginManager:220 - loadIPPluginJar : add ltdc
2025-09-29 14:44:35,892 [INFO] IPUIPlugin:80 - create IPUIPlugin
2025-09-29 14:44:35,892 [INFO] PluginManager:220 - loadIPPluginJar : add mdma
2025-09-29 14:44:35,906 [INFO] IPUIPlugin:80 - create IPUIPlugin
2025-09-29 14:44:35,906 [INFO] PluginManager:220 - loadIPPluginJar : add nvic
2025-09-29 14:44:35,942 [INFO] IPUIPlugin:80 - create IPUIPlugin
2025-09-29 14:44:35,942 [INFO] PluginManager:220 - loadIPPluginJar : add opamp
2025-09-29 14:44:36,000 [INFO] IPUIPlugin:80 - create IPUIPlugin
2025-09-29 14:44:36,000 [INFO] PluginManager:220 - loadIPPluginJar : add openamp
2025-09-29 14:44:36,041 [INFO] IPUIPlugin:80 - create IPUIPlugin
2025-09-29 14:44:36,042 [INFO] PluginManager:220 - loadIPPluginJar : add pdm2pcm
2025-09-29 14:44:36,055 [INFO] IPUIPlugin:80 - create IPUIPlugin
2025-09-29 14:44:36,058 [INFO] PluginManager:220 - loadIPPluginJar : add plateformsettings
2025-09-29 14:44:36,088 [INFO] IPUIPlugin:80 - create IPUIPlugin
2025-09-29 14:44:36,088 [INFO] PluginManager:220 - loadIPPluginJar : add quadspi
2025-09-29 14:44:36,112 [INFO] IPUIPlugin:80 - create IPUIPlugin
2025-09-29 14:44:36,113 [INFO] PluginManager:220 - loadIPPluginJar : add radio
2025-09-29 14:44:36,125 [INFO] IPUIPlugin:80 - create IPUIPlugin
2025-09-29 14:44:36,125 [INFO] PluginManager:220 - loadIPPluginJar : add resmgrutility
2025-09-29 14:44:36,179 [INFO] IPUIPlugin:80 - create IPUIPlugin
2025-09-29 14:44:36,179 [INFO] PluginManager:220 - loadIPPluginJar : add sai
2025-09-29 14:44:36,227 [INFO] IPUIPlugin:80 - create IPUIPlugin
2025-09-29 14:44:36,227 [INFO] PluginManager:220 - loadIPPluginJar : add spi
2025-09-29 14:44:36,308 [INFO] IPUIPlugin:80 - create IPUIPlugin
2025-09-29 14:44:36,308 [INFO] PluginManager:220 - loadIPPluginJar : add stm32_wpan
2025-09-29 14:44:36,338 [INFO] IPUIPlugin:80 - create IPUIPlugin
2025-09-29 14:44:36,338 [INFO] PluginManager:220 - loadIPPluginJar : add tim
2025-09-29 14:44:36,394 [INFO] IPUIPlugin:80 - create IPUIPlugin
2025-09-29 14:44:36,394 [INFO] PluginManager:220 - loadIPPluginJar : add touchsensing
2025-09-29 14:44:36,416 [INFO] IPUIPlugin:80 - create IPUIPlugin
2025-09-29 14:44:36,416 [INFO] PluginManager:220 - loadIPPluginJar : add tracer_emb
2025-09-29 14:44:36,439 [INFO] IPUIPlugin:80 - create IPUIPlugin
2025-09-29 14:44:36,439 [INFO] PluginManager:220 - loadIPPluginJar : add ts
2025-09-29 14:44:36,468 [INFO] IPUIPlugin:80 - create IPUIPlugin
2025-09-29 14:44:36,468 [INFO] PluginManager:220 - loadIPPluginJar : add tsc
2025-09-29 14:44:36,494 [INFO] IPUIPlugin:80 - create IPUIPlugin
2025-09-29 14:44:36,495 [INFO] PluginManager:220 - loadIPPluginJar : add ucpd
2025-09-29 14:44:36,548 [INFO] IPUIPlugin:80 - create IPUIPlugin
2025-09-29 14:44:36,549 [INFO] PluginManager:220 - loadIPPluginJar : add usart
2025-09-29 14:44:36,587 [INFO] IPUIPlugin:80 - create IPUIPlugin
2025-09-29 14:44:36,587 [INFO] PluginManager:220 - loadIPPluginJar : add usbx
2025-09-29 14:44:36,718 [FATAL] Updater:351 - Updater called before beeing initialized
2025-09-29 14:44:36,775 [INFO] RulesReader:64 - Compatibility file has been processed (317 Rules)
2025-09-29 14:44:36,819 [INFO] RulesReader:64 - Compatibility file has been processed (317 Rules)
2025-09-29 14:44:36,854 [INFO] CADModel:165 - CPN selected for project level
2025-09-29 14:44:36,857 [INFO] CADModel:114 - Register for checkConnection events
2025-09-29 14:44:36,857 [FATAL] Updater:351 - Updater called before beeing initialized
2025-09-29 14:44:36,858 [ERROR] CADModel:125 - Updater not yet initialized, retry later 
2025-09-29 14:44:36,887 [INFO] ThirdPartyUpdaterWithRetryManager:70 - Updater plugin not ready yet. [2/15]
2025-09-29 14:44:37,069 [FATAL] Updater:351 - Updater called before beeing initialized
2025-09-29 14:44:37,070 [INFO] CADModel:165 - CPN selected for project level
2025-09-29 14:44:37,070 [INFO] CADModel:114 - Register for checkConnection events
2025-09-29 14:44:37,070 [FATAL] Updater:351 - Updater called before beeing initialized
2025-09-29 14:44:37,070 [ERROR] CADModel:125 - Updater not yet initialized, retry later 
2025-09-29 14:44:37,074 [FATAL] Updater:351 - Updater called before beeing initialized
2025-09-29 14:44:37,305 [FATAL] Updater:351 - Updater called before beeing initialized
2025-09-29 14:44:37,318 [INFO] DbMcusAds:53 - JSON generation date=Tue Jul 08 13:44:27 IST 2025 (1751962467633)
2025-09-29 14:44:37,318 [FATAL] Updater:351 - Updater called before beeing initialized
2025-09-29 14:44:37,350 [WARN] DetailPanel:346 - Failed to get advertising image, set to default
2025-09-29 14:44:37,481 [FATAL] Updater:351 - Updater called before beeing initialized
2025-09-29 14:44:37,482 [FATAL] Updater:351 - Updater called before beeing initialized
2025-09-29 14:44:37,483 [FATAL] Updater:351 - Updater called before beeing initialized
2025-09-29 14:44:37,483 [WARN] DetailPanel:346 - Failed to get advertising image, set to default
2025-09-29 14:44:37,484 [FATAL] Updater:351 - Updater called before beeing initialized
2025-09-29 14:44:37,581 [ERROR] Updater:1198 - MainUpdater not yet initialized. External WinMGr cannot be set.
2025-09-29 14:44:37,593 [INFO] Updater:1134 - Updater Version found : 6.15.0
2025-09-29 14:44:37,614 [INFO] ApplicationProperties:184 - Using Application install path: C:\ST\STM32CubeIDE_1.16.0\STM32CubeIDE\plugins\com.st.stm32cube.common.mx_6.15.0.202507011659
2025-09-29 14:44:39,230 [ERROR] LogOutputStream:75 - [STDERR_REDIRECT] Sep 29, 2025 2:44:39 PM java.util.prefs.WindowsPreferences <init>
2025-09-29 14:44:39,231 [ERROR] LogOutputStream:75 - [STDERR_REDIRECT] WARNING: Could not open/create prefs root node Software\JavaSoft\Prefs at root 0xffffffff80000002. Windows RegCreateKeyEx(...) returned error code 5.
2025-09-29 14:44:39,231 [ERROR] LogOutputStream:75 - [STDERR_REDIRECT] 
2025-09-29 14:44:39,889 [FATAL] Updater:351 - Updater called before beeing initialized
2025-09-29 14:44:39,889 [ERROR] IntegrityCheckThread:130 - Cannot retrieve database content from updater: error 21
2025-09-29 14:44:39,889 [INFO] ThirdParty:978 - Integrity check success = false
2025-09-29 14:44:39,889 [INFO] IntegrityCheckThread:100 - exiting critical section [integrity check]
2025-09-29 14:44:39,890 [INFO] IntegrityCheckThread:103 - End integrity checks thread
2025-09-29 14:44:40,570 [INFO] MainUpdater:2872 - connection check result : 10
2025-09-29 14:44:40,572 [INFO] MainUpdater:289 - Updater Check For Update Now.
2025-09-29 14:44:40,572 [INFO] MicroXplorer:498 - Change Database Version : DB.6.0.150
2025-09-29 14:44:40,621 [INFO] McuFinderGlobals:63 - Set McuFinder mode to 2 (CubeIDE integrated)
2025-09-29 14:44:40,632 [INFO] UserAuth:487 - Internet connection configuration mode: 1
2025-09-29 14:44:40,667 [INFO] JxBrowserEngine:152 - Initiate JxBrowser Engine with user profile folder
2025-09-29 14:44:40,842 [INFO] CheckServerUpdateThread:120 - End of CheckServer Thread
2025-09-29 14:44:41,529 [INFO] WebApp:169 - Instantiating new browser for Auth
2025-09-29 14:44:42,404 [INFO] WebApp:463 - Apply proxy settings
2025-09-29 14:44:42,405 [INFO] WebApp:548 - Chromium requires no authentication
2025-09-29 14:44:42,416 [INFO] WebApp:491 - Direct internet connection detected
2025-09-29 14:44:42,443 [INFO] WebApp:900 - Register for checkConnection events
2025-09-29 14:44:42,444 [INFO] WebApp:463 - Apply proxy settings
2025-09-29 14:44:42,444 [INFO] WebApp:548 - Chromium requires no authentication
2025-09-29 14:44:42,446 [INFO] WebApp:491 - Direct internet connection detected
2025-09-29 14:44:42,656 [INFO] WebApp:225 - Starting web application
2025-09-29 14:44:42,656 [INFO] WebApp:593 - Web application path used C:\ST\STM32CubeIDE_1.16.0\STM32CubeIDE\plugins\com.st.stm32cube.common.mx_6.15.0.202507011659\db\plugins\mcufinder\reactClient1\index.html
2025-09-29 14:44:42,965 [INFO] UserAuth:487 - Internet connection configuration mode: 1
2025-09-29 14:44:43,617 [INFO] WebApp:191 - Connection restablished
2025-09-29 14:46:30,040 [ERROR] LogOutputStream:75 - [STDERR_REDIRECT] 
2025-09-29 14:46:30,045 [ERROR] LogOutputStream:75 - [STDERR_REDIRECT] 
