2025-07-01 11:29:03,308 [INFO] Activator:176 - 


2025-07-01 11:29:03,314 [INFO] Activator:177 - !SESSION log4j initialized
2025-07-01 11:29:11,488 [INFO] LogOutputStream:77 - [STDOUT_REDIRECT] 
2025-07-01 11:29:18,935 [INFO] ApplicationProperties:184 - Using Application install path: C:\ST\STM32CubeIDE_1.16.0\STM32CubeIDE\plugins\com.st.stm32cube.common.mx_6.14.1.202504091515
2025-07-01 11:29:18,958 [INFO] DbMcusXml:78 - Set database path to: C:\ST\STM32CubeIDE_1.16.0\STM32CubeIDE\plugins\com.st.stm32cube.common.mx_6.14.1.202504091515\\db\/mcu/
2025-07-01 11:29:18,958 [INFO] ApiDb:274 - Set plugin database path to: C:\ST\STM32CubeIDE_1.16.0\STM32CubeIDE\plugins\com.st.stm32cube.common.mx_6.14.1.202504091515\\db\/plugins/boardmanager/
2025-07-01 11:29:18,959 [WARN] ApiDb:259 - Overriding images path with different value:  => C:\ST\STM32CubeIDE_1.16.0\STM32CubeIDE\plugins\com.st.stm32cube.common.mx_6.14.1.202504091515\\db\/plugins/mcufinder/images/
2025-07-01 11:29:18,972 [INFO] ApiDb:250 - Set database path to: C:\Users\nisha\.stmcufinder\plugins\mcufinder//mcu/
2025-07-01 11:29:18,974 [INFO] DbMcusAds:125 - Set database path to: C:\Users\nisha\.stmcufinder\plugins\mcufinder//mcu/
2025-07-01 11:29:18,976 [INFO] CrossReferenceDbSqlite:203 - Set database path to: C:\Users\nisha\.stmcufinder\plugins\mcufinder//mcu/cs/
2025-07-01 11:29:19,118 [INFO] RulesReader:64 - Compatibility file has been processed (302 Rules)
2025-07-01 11:29:19,217 [INFO] DbMcusXml:78 - Set database path to: C:\ST\STM32CubeIDE_1.16.0\STM32CubeIDE\plugins\com.st.stm32cube.common.mx_6.14.1.202504091515\\db\/mcu/
2025-07-01 11:29:19,217 [INFO] ApiDb:274 - Set plugin database path to: C:\ST\STM32CubeIDE_1.16.0\STM32CubeIDE\plugins\com.st.stm32cube.common.mx_6.14.1.202504091515\\db\/plugins/boardmanager/
2025-07-01 11:29:19,218 [INFO] ApiDb:261 - Set plugin images path to: C:\ST\STM32CubeIDE_1.16.0\STM32CubeIDE\plugins\com.st.stm32cube.common.mx_6.14.1.202504091515\\db\/plugins/mcufinder/images/
2025-07-01 11:29:19,218 [WARN] DbFile:41 - Overriding database path with different value: C:\Users\nisha\.stmcufinder\plugins\mcufinder/ => C:\Users\nisha\.stmcufinder\plugins\mcufinder
2025-07-01 11:29:19,218 [INFO] ApiDb:250 - Set database path to: C:\Users\nisha\.stmcufinder\plugins\mcufinder//mcu/
2025-07-01 11:29:19,218 [WARN] DbFile:41 - Overriding database path with different value: C:\Users\nisha\.stmcufinder\plugins\mcufinder/ => C:\Users\nisha\.stmcufinder\plugins\mcufinder
2025-07-01 11:29:19,218 [INFO] DbMcusAds:125 - Set database path to: C:\Users\nisha\.stmcufinder\plugins\mcufinder//mcu/
2025-07-01 11:29:19,218 [WARN] DbFile:41 - Overriding database path with different value: C:\Users\nisha\.stmcufinder\plugins\mcufinder/ => C:\Users\nisha\.stmcufinder\plugins\mcufinder
2025-07-01 11:29:19,218 [WARN] DbFile:41 - Overriding database path with different value: C:\Users\nisha\.stmcufinder\plugins\mcufinder/ => C:\Users\nisha\.stmcufinder\plugins\mcufinder
2025-07-01 11:29:19,218 [INFO] CrossReferenceDbSqlite:203 - Set database path to: C:\Users\nisha\.stmcufinder\plugins\mcufinder//mcu/cs/
2025-07-01 11:29:19,314 [INFO] MainPanel:272 - HeapMemory: 268435456
2025-07-01 11:29:19,460 [INFO] DbMcusXml:78 - Set database path to: C:\ST\STM32CubeIDE_1.16.0\STM32CubeIDE\plugins\com.st.stm32cube.common.mx_6.14.1.202504091515\\db\/mcu/
2025-07-01 11:29:19,460 [INFO] ApiDb:274 - Set plugin database path to: C:\ST\STM32CubeIDE_1.16.0\STM32CubeIDE\plugins\com.st.stm32cube.common.mx_6.14.1.202504091515\\db\/plugins/boardmanager/
2025-07-01 11:29:19,460 [INFO] ApiDb:261 - Set plugin images path to: C:\ST\STM32CubeIDE_1.16.0\STM32CubeIDE\plugins\com.st.stm32cube.common.mx_6.14.1.202504091515\\db\/plugins/mcufinder/images/
2025-07-01 11:29:19,460 [WARN] DbFile:41 - Overriding database path with different value: C:\Users\nisha\.stmcufinder\plugins\mcufinder/ => C:\Users\nisha\.stmcufinder\plugins\mcufinder
2025-07-01 11:29:19,461 [INFO] ApiDb:250 - Set database path to: C:\Users\nisha\.stmcufinder\plugins\mcufinder//mcu/
2025-07-01 11:29:19,461 [WARN] DbFile:41 - Overriding database path with different value: C:\Users\nisha\.stmcufinder\plugins\mcufinder/ => C:\Users\nisha\.stmcufinder\plugins\mcufinder
2025-07-01 11:29:19,461 [INFO] DbMcusAds:125 - Set database path to: C:\Users\nisha\.stmcufinder\plugins\mcufinder//mcu/
2025-07-01 11:29:19,461 [WARN] DbFile:41 - Overriding database path with different value: C:\Users\nisha\.stmcufinder\plugins\mcufinder/ => C:\Users\nisha\.stmcufinder\plugins\mcufinder
2025-07-01 11:29:19,461 [WARN] DbFile:41 - Overriding database path with different value: C:\Users\nisha\.stmcufinder\plugins\mcufinder/ => C:\Users\nisha\.stmcufinder\plugins\mcufinder
2025-07-01 11:29:19,461 [INFO] CrossReferenceDbSqlite:203 - Set database path to: C:\Users\nisha\.stmcufinder\plugins\mcufinder//mcu/cs/
2025-07-01 11:29:19,491 [INFO] ApplicationProperties:184 - Using Application install path: C:\ST\STM32CubeIDE_1.16.0\STM32CubeIDE\plugins\com.st.stm32cube.common.mx_6.14.1.202504091515
2025-07-01 11:29:19,493 [INFO] PluginManage:196 - Search for loadable plugins [exclusion list=, ]
2025-07-01 11:29:19,496 [INFO] PluginManage:310 - Check plugin analytics
2025-07-01 11:29:19,725 [INFO] AnalyticsPlugin:253 - Accepted Software Licenses: 
2025-07-01 11:29:19,725 [INFO] AnalyticsPlugin:255 - Accepted CMSIS Pack Licenses: 
2025-07-01 11:29:19,725 [INFO] AnalyticsPlugin:257 - Accepted Firmware Licenses: FW.F4.1.28.0
2025-07-01 11:29:19,731 [INFO] PluginManage:359 - Loaded plugin analytics (category:tool,tabindex:-1)
2025-07-01 11:29:19,731 [INFO] PluginManage:310 - Check plugin cadmodel
2025-07-01 11:29:19,751 [INFO] CADModel:105 - Init CAD model plugin
2025-07-01 11:29:19,751 [INFO] PluginManage:359 - Loaded plugin cadmodel (category:power,tabindex:5)
2025-07-01 11:29:19,752 [INFO] PluginManage:310 - Check plugin clock
2025-07-01 11:29:19,780 [INFO] PluginManage:359 - Loaded plugin clock (category:base,tabindex:2)
2025-07-01 11:29:19,780 [INFO] PluginManage:310 - Check plugin ddr
2025-07-01 11:29:19,783 [INFO] PluginManage:359 - Loaded plugin ddr (category:tool,tabindex:6)
2025-07-01 11:29:19,783 [INFO] PluginManage:310 - Check plugin filemanager
2025-07-01 11:29:19,965 [INFO] PluginManage:359 - Loaded plugin filemanager (category:base,tabindex:10)
2025-07-01 11:29:19,965 [INFO] PluginManage:310 - Check plugin ipmanager
2025-07-01 11:29:19,973 [INFO] PluginManage:359 - Loaded plugin ipmanager (category:base,tabindex:5)
2025-07-01 11:29:19,974 [INFO] PluginManage:310 - Check plugin lpbam
2025-07-01 11:29:19,994 [INFO] PluginManage:359 - Loaded plugin lpbam (category:base,tabindex:0)
2025-07-01 11:29:19,994 [INFO] PluginManage:310 - Check plugin memorymap
2025-07-01 11:29:20,022 [INFO] PluginManage:359 - Loaded plugin memorymap (category:base,tabindex:4)
2025-07-01 11:29:20,022 [INFO] PluginManage:310 - Check plugin pinoutandconfiguration
2025-07-01 11:29:20,044 [INFO] PluginManage:359 - Loaded plugin pinoutandconfiguration (category:base,tabindex:1)
2025-07-01 11:29:20,045 [INFO] PluginManage:310 - Check plugin pinoutconfig
2025-07-01 11:29:20,141 [WARN] SupportedApi:132 - Cannot load RTOS API schema: s4s-elt-must-match.1: The content of 'definitions' must match (annotation?, (simpleType | complexType)?, (unique | key | keyref)*)). A problem was found starting at: attribute.
2025-07-01 11:29:20,299 [INFO] PluginManage:359 - Loaded plugin pinoutconfig (category:base,tabindex:0)
2025-07-01 11:29:20,299 [INFO] PluginManage:310 - Check plugin power
2025-07-01 11:29:20,324 [INFO] PluginManage:359 - Loaded plugin power (category:power,tabindex:4)
2025-07-01 11:29:20,325 [INFO] PluginManage:310 - Check plugin projectmanager
2025-07-01 11:29:20,340 [INFO] PluginManage:359 - Loaded plugin projectmanager (category:projectmanager,tabindex:4)
2025-07-01 11:29:20,341 [INFO] PluginManage:310 - Check plugin rif
2025-07-01 11:29:20,359 [INFO] PluginManage:359 - Loaded plugin rif (category:base,tabindex:3)
2025-07-01 11:29:20,359 [INFO] PluginManage:310 - Check plugin thirdparty
2025-07-01 11:29:20,707 [WARN] IntegrityCheckThread:84 - waiting for thirdparty lock release [integrity check]
2025-07-01 11:29:20,708 [INFO] IntegrityCheckThread:86 - entering critical section [integrity check]
2025-07-01 11:29:20,708 [INFO] PluginManage:359 - Loaded plugin thirdparty (category:base,tabindex:-1)
2025-07-01 11:29:20,708 [INFO] PluginManage:310 - Check plugin tools
2025-07-01 11:29:20,708 [INFO] ThirdPartyUpdaterWithRetryManager:70 - Updater plugin not ready yet. [1/15]
2025-07-01 11:29:20,764 [INFO] PluginManage:359 - Loaded plugin tools (category:base,tabindex:7)
2025-07-01 11:29:20,765 [INFO] PluginManage:310 - Check plugin tutovideos
2025-07-01 11:29:20,993 [INFO] PluginManage:359 - Loaded plugin tutovideos (category:base,tabindex:-1)
2025-07-01 11:29:20,993 [INFO] PluginManage:310 - Check plugin updater
2025-07-01 11:29:21,015 [INFO] PluginManage:359 - Loaded plugin updater (category:base,tabindex:12)
2025-07-01 11:29:21,016 [INFO] PluginManage:310 - Check plugin userauth
2025-07-01 11:29:21,020 [INFO] UserAuth:118 - Init User Auth plugin
2025-07-01 11:29:21,021 [INFO] PluginManage:359 - Loaded plugin userauth (category:base,tabindex:14)
2025-07-01 11:29:21,022 [INFO] PluginManage:283 - PluginManage : Loaded plugins [18]
2025-07-01 11:29:21,262 [INFO] PinOutPanel:1589 - setPackage(No Configuration,No Configuration)
2025-07-01 11:29:21,362 [INFO] CADModel:165 - CPN selected for project level
2025-07-01 11:29:21,362 [INFO] CADModel:114 - Register for checkConnection events
2025-07-01 11:29:21,407 [INFO] IPUIPlugin:80 - create IPUIPlugin
2025-07-01 11:29:21,408 [INFO] PluginManager:220 - loadIPPluginJar : add adc
2025-07-01 11:29:21,459 [INFO] IPUIPlugin:80 - create IPUIPlugin
2025-07-01 11:29:21,459 [INFO] PluginManager:220 - loadIPPluginJar : add aes
2025-07-01 11:29:21,511 [INFO] IPUIPlugin:80 - create IPUIPlugin
2025-07-01 11:29:21,511 [INFO] PluginManager:220 - loadIPPluginJar : add can
2025-07-01 11:29:21,547 [INFO] IPUIPlugin:80 - create IPUIPlugin
2025-07-01 11:29:21,547 [INFO] PluginManager:220 - loadIPPluginJar : add comp
2025-07-01 11:29:21,592 [INFO] IPUIPlugin:80 - create IPUIPlugin
2025-07-01 11:29:21,592 [INFO] PluginManager:220 - loadIPPluginJar : add cryp
2025-07-01 11:29:21,608 [INFO] IPUIPlugin:80 - create IPUIPlugin
2025-07-01 11:29:21,608 [INFO] PluginManager:220 - loadIPPluginJar : add ddr_ctrl_phy
2025-07-01 11:29:21,644 [INFO] IPUIPlugin:80 - create IPUIPlugin
2025-07-01 11:29:21,644 [INFO] PluginManager:220 - loadIPPluginJar : add dfsdm
2025-07-01 11:29:21,661 [INFO] IPUIPlugin:80 - create IPUIPlugin
2025-07-01 11:29:21,662 [INFO] PluginManager:220 - loadIPPluginJar : add dma
2025-07-01 11:29:21,707 [INFO] IPUIPlugin:80 - create IPUIPlugin
2025-07-01 11:29:21,707 [INFO] PluginManager:220 - loadIPPluginJar : add dma3
2025-07-01 11:29:21,756 [INFO] IPUIPlugin:80 - create IPUIPlugin
2025-07-01 11:29:21,757 [INFO] PluginManager:220 - loadIPPluginJar : add extmemmanager
2025-07-01 11:29:21,782 [INFO] IPUIPlugin:80 - create IPUIPlugin
2025-07-01 11:29:21,782 [INFO] PluginManager:220 - loadIPPluginJar : add fatfs
2025-07-01 11:29:21,835 [INFO] IPUIPlugin:80 - create IPUIPlugin
2025-07-01 11:29:21,835 [INFO] PluginManager:220 - loadIPPluginJar : add fmc
2025-07-01 11:29:21,854 [INFO] IPUIPlugin:80 - create IPUIPlugin
2025-07-01 11:29:21,854 [INFO] PluginManager:220 - loadIPPluginJar : add freertos
2025-07-01 11:29:21,881 [INFO] IPUIPlugin:80 - create IPUIPlugin
2025-07-01 11:29:21,881 [INFO] PluginManager:220 - loadIPPluginJar : add genericplugin
2025-07-01 11:29:22,009 [INFO] IPUIPlugin:80 - create IPUIPlugin
2025-07-01 11:29:22,009 [INFO] PluginManager:220 - loadIPPluginJar : add gfxmmu
2025-07-01 11:29:22,162 [INFO] IPUIPlugin:80 - create IPUIPlugin
2025-07-01 11:29:22,162 [INFO] PluginManager:220 - loadIPPluginJar : add gic
2025-07-01 11:29:22,179 [INFO] IPUIPlugin:80 - create IPUIPlugin
2025-07-01 11:29:22,179 [INFO] PluginManager:220 - loadIPPluginJar : add gpio
2025-07-01 11:29:22,290 [INFO] IPUIPlugin:80 - create IPUIPlugin
2025-07-01 11:29:22,290 [INFO] PluginManager:220 - loadIPPluginJar : add gtzc
2025-07-01 11:29:22,335 [INFO] IPUIPlugin:80 - create IPUIPlugin
2025-07-01 11:29:22,336 [INFO] PluginManager:220 - loadIPPluginJar : add hash
2025-07-01 11:29:22,395 [INFO] IPUIPlugin:80 - create IPUIPlugin
2025-07-01 11:29:22,395 [INFO] PluginManager:220 - loadIPPluginJar : add i2c
2025-07-01 11:29:22,439 [INFO] IPUIPlugin:80 - create IPUIPlugin
2025-07-01 11:29:22,440 [INFO] PluginManager:220 - loadIPPluginJar : add i2s
2025-07-01 11:29:22,490 [INFO] IPUIPlugin:80 - create IPUIPlugin
2025-07-01 11:29:22,491 [INFO] PluginManager:220 - loadIPPluginJar : add i3c
2025-07-01 11:29:22,599 [INFO] IPUIPlugin:80 - create IPUIPlugin
2025-07-01 11:29:22,599 [INFO] PluginManager:220 - loadIPPluginJar : add ipddr
2025-07-01 11:29:22,721 [INFO] IPUIPlugin:80 - create IPUIPlugin
2025-07-01 11:29:22,722 [INFO] PluginManager:220 - loadIPPluginJar : add linkedlist
2025-07-01 11:29:22,764 [INFO] IPUIPlugin:80 - create IPUIPlugin
2025-07-01 11:29:22,764 [INFO] PluginManager:220 - loadIPPluginJar : add lorawan
2025-07-01 11:29:22,804 [INFO] IPUIPlugin:80 - create IPUIPlugin
2025-07-01 11:29:22,805 [INFO] PluginManager:220 - loadIPPluginJar : add ltdc
2025-07-01 11:29:22,821 [INFO] IPUIPlugin:80 - create IPUIPlugin
2025-07-01 11:29:22,821 [INFO] PluginManager:220 - loadIPPluginJar : add mdma
2025-07-01 11:29:22,836 [INFO] IPUIPlugin:80 - create IPUIPlugin
2025-07-01 11:29:22,836 [INFO] PluginManager:220 - loadIPPluginJar : add nvic
2025-07-01 11:29:22,878 [INFO] IPUIPlugin:80 - create IPUIPlugin
2025-07-01 11:29:22,878 [INFO] PluginManager:220 - loadIPPluginJar : add opamp
2025-07-01 11:29:22,949 [INFO] IPUIPlugin:80 - create IPUIPlugin
2025-07-01 11:29:22,949 [INFO] PluginManager:220 - loadIPPluginJar : add openamp
2025-07-01 11:29:23,009 [INFO] IPUIPlugin:80 - create IPUIPlugin
2025-07-01 11:29:23,009 [INFO] PluginManager:220 - loadIPPluginJar : add pdm2pcm
2025-07-01 11:29:23,029 [INFO] IPUIPlugin:80 - create IPUIPlugin
2025-07-01 11:29:23,031 [INFO] PluginManager:220 - loadIPPluginJar : add plateformsettings
2025-07-01 11:29:23,061 [INFO] IPUIPlugin:80 - create IPUIPlugin
2025-07-01 11:29:23,061 [INFO] PluginManager:220 - loadIPPluginJar : add quadspi
2025-07-01 11:29:23,093 [INFO] IPUIPlugin:80 - create IPUIPlugin
2025-07-01 11:29:23,094 [INFO] PluginManager:220 - loadIPPluginJar : add radio
2025-07-01 11:29:23,108 [INFO] IPUIPlugin:80 - create IPUIPlugin
2025-07-01 11:29:23,108 [INFO] PluginManager:220 - loadIPPluginJar : add resmgrutility
2025-07-01 11:29:23,159 [INFO] IPUIPlugin:80 - create IPUIPlugin
2025-07-01 11:29:23,159 [INFO] PluginManager:220 - loadIPPluginJar : add sai
2025-07-01 11:29:23,199 [INFO] IPUIPlugin:80 - create IPUIPlugin
2025-07-01 11:29:23,199 [INFO] PluginManager:220 - loadIPPluginJar : add spi
2025-07-01 11:29:23,289 [INFO] IPUIPlugin:80 - create IPUIPlugin
2025-07-01 11:29:23,289 [INFO] PluginManager:220 - loadIPPluginJar : add stm32_wpan
2025-07-01 11:29:23,333 [INFO] IPUIPlugin:80 - create IPUIPlugin
2025-07-01 11:29:23,333 [INFO] PluginManager:220 - loadIPPluginJar : add tim
2025-07-01 11:29:23,397 [INFO] IPUIPlugin:80 - create IPUIPlugin
2025-07-01 11:29:23,397 [INFO] PluginManager:220 - loadIPPluginJar : add touchsensing
2025-07-01 11:29:23,420 [INFO] IPUIPlugin:80 - create IPUIPlugin
2025-07-01 11:29:23,420 [INFO] PluginManager:220 - loadIPPluginJar : add tracer_emb
2025-07-01 11:29:23,444 [INFO] IPUIPlugin:80 - create IPUIPlugin
2025-07-01 11:29:23,444 [INFO] PluginManager:220 - loadIPPluginJar : add ts
2025-07-01 11:29:23,467 [INFO] IPUIPlugin:80 - create IPUIPlugin
2025-07-01 11:29:23,467 [INFO] PluginManager:220 - loadIPPluginJar : add tsc
2025-07-01 11:29:23,489 [INFO] IPUIPlugin:80 - create IPUIPlugin
2025-07-01 11:29:23,489 [INFO] PluginManager:220 - loadIPPluginJar : add ucpd
2025-07-01 11:29:23,538 [INFO] IPUIPlugin:80 - create IPUIPlugin
2025-07-01 11:29:23,538 [INFO] PluginManager:220 - loadIPPluginJar : add usart
2025-07-01 11:29:23,594 [INFO] IPUIPlugin:80 - create IPUIPlugin
2025-07-01 11:29:23,594 [INFO] PluginManager:220 - loadIPPluginJar : add usbx
2025-07-01 11:29:23,710 [INFO] ThirdPartyUpdaterWithRetryManager:70 - Updater plugin not ready yet. [2/15]
2025-07-01 11:29:23,749 [FATAL] Updater:351 - Updater called before beeing initialized
2025-07-01 11:29:23,799 [INFO] RulesReader:64 - Compatibility file has been processed (302 Rules)
2025-07-01 11:29:23,810 [INFO] RulesReader:64 - Compatibility file has been processed (302 Rules)
2025-07-01 11:29:23,823 [INFO] CADModel:165 - CPN selected for project level
2025-07-01 11:29:23,823 [INFO] CADModel:114 - Register for checkConnection events
2025-07-01 11:29:23,824 [FATAL] Updater:351 - Updater called before beeing initialized
2025-07-01 11:29:23,824 [ERROR] CADModel:125 - Updater not yet initialized, retry later 
2025-07-01 11:29:23,984 [FATAL] Updater:351 - Updater called before beeing initialized
2025-07-01 11:29:23,986 [INFO] CADModel:165 - CPN selected for project level
2025-07-01 11:29:23,986 [INFO] CADModel:114 - Register for checkConnection events
2025-07-01 11:29:23,986 [FATAL] Updater:351 - Updater called before beeing initialized
2025-07-01 11:29:23,986 [ERROR] CADModel:125 - Updater not yet initialized, retry later 
2025-07-01 11:29:23,989 [FATAL] Updater:351 - Updater called before beeing initialized
2025-07-01 11:29:24,094 [FATAL] Updater:351 - Updater called before beeing initialized
2025-07-01 11:29:24,107 [INFO] DbMcusAds:53 - JSON generation date=Thu Jun 19 14:02:37 IST 2025 (1750321957418)
2025-07-01 11:29:24,107 [FATAL] Updater:351 - Updater called before beeing initialized
2025-07-01 11:29:24,148 [WARN] DetailPanel:346 - Failed to get advertising image, set to default
2025-07-01 11:29:24,343 [FATAL] Updater:351 - Updater called before beeing initialized
2025-07-01 11:29:24,348 [FATAL] Updater:351 - Updater called before beeing initialized
2025-07-01 11:29:24,348 [FATAL] Updater:351 - Updater called before beeing initialized
2025-07-01 11:29:24,348 [WARN] DetailPanel:346 - Failed to get advertising image, set to default
2025-07-01 11:29:24,349 [FATAL] Updater:351 - Updater called before beeing initialized
2025-07-01 11:29:24,423 [ERROR] Updater:1198 - MainUpdater not yet initialized. External WinMGr cannot be set.
2025-07-01 11:29:24,436 [INFO] Updater:1134 - Updater Version found : 6.14.1
2025-07-01 11:29:24,465 [INFO] ApplicationProperties:184 - Using Application install path: C:\ST\STM32CubeIDE_1.16.0\STM32CubeIDE\plugins\com.st.stm32cube.common.mx_6.14.1.202504091515
2025-07-01 11:29:26,067 [ERROR] LogOutputStream:75 - [STDERR_REDIRECT] Jul 01, 2025 11:29:26 AM java.util.prefs.WindowsPreferences <init>
2025-07-01 11:29:26,069 [ERROR] LogOutputStream:75 - [STDERR_REDIRECT] WARNING: Could not open/create prefs root node Software\JavaSoft\Prefs at root 0xffffffff80000002. Windows RegCreateKeyEx(...) returned error code 5.
2025-07-01 11:29:26,069 [ERROR] LogOutputStream:75 - [STDERR_REDIRECT] 
2025-07-01 11:29:26,711 [FATAL] Updater:351 - Updater called before beeing initialized
2025-07-01 11:29:26,711 [ERROR] IntegrityCheckThread:130 - Cannot retrieve database content from updater: error 21
2025-07-01 11:29:26,712 [INFO] ThirdParty:978 - Integrity check success = false
2025-07-01 11:29:26,712 [INFO] IntegrityCheckThread:100 - exiting critical section [integrity check]
2025-07-01 11:29:26,712 [INFO] IntegrityCheckThread:103 - End integrity checks thread
2025-07-01 11:29:26,750 [INFO] MainUpdater:2872 - connection check result : 10
2025-07-01 11:29:26,751 [INFO] MainUpdater:289 - Updater Check For Update Now.
2025-07-01 11:29:26,751 [INFO] MicroXplorer:498 - Change Database Version : DB.6.0.141
2025-07-01 11:29:26,781 [INFO] McuFinderGlobals:63 - Set McuFinder mode to 2 (CubeIDE integrated)
2025-07-01 11:29:26,790 [INFO] UserAuth:484 - Internet connection configuration mode: 1
2025-07-01 11:29:26,851 [INFO] JxBrowserEngine:152 - Initiate JxBrowser Engine with user profile folder
2025-07-01 11:29:26,961 [INFO] CheckServerUpdateThread:120 - End of CheckServer Thread
2025-07-01 11:29:28,531 [INFO] WebApp:169 - Instantiating new browser for Auth
2025-07-01 11:29:29,352 [INFO] WebApp:463 - Apply proxy settings
2025-07-01 11:29:29,352 [INFO] WebApp:548 - Chromium requires no authentication
2025-07-01 11:29:29,399 [INFO] WebApp:491 - Direct internet connection detected
2025-07-01 11:29:29,501 [INFO] WebApp:894 - Register for checkConnection events
2025-07-01 11:29:29,501 [INFO] WebApp:463 - Apply proxy settings
2025-07-01 11:29:29,501 [INFO] WebApp:548 - Chromium requires no authentication
2025-07-01 11:29:29,502 [INFO] WebApp:491 - Direct internet connection detected
2025-07-01 11:29:29,827 [INFO] WebApp:225 - Starting web application
2025-07-01 11:29:29,828 [INFO] WebApp:593 - Web application path used C:\ST\STM32CubeIDE_1.16.0\STM32CubeIDE\plugins\com.st.stm32cube.common.mx_6.14.1.202504091515\db\plugins\mcufinder\reactClient1\index.html
2025-07-01 11:29:30,040 [INFO] UserAuth:484 - Internet connection configuration mode: 1
2025-07-01 11:29:30,335 [INFO] WebApp:191 - Connection restablished
2025-07-01 13:20:00,699 [INFO] WebApp:194 - Connection lost
2025-07-01 16:58:44,552 [ERROR] LogOutputStream:75 - [STDERR_REDIRECT] 
2025-07-01 16:58:44,557 [ERROR] LogOutputStream:75 - [STDERR_REDIRECT] 
