2025-08-15 09:30:42,477 [INFO] Activator:176 - 


2025-08-15 09:30:42,491 [INFO] Activator:177 - !SESSION log4j initialized
2025-08-15 09:31:09,933 [INFO] LogOutputStream:77 - [STDOUT_REDIRECT] 
2025-08-15 09:31:35,166 [INFO] ApplicationProperties:184 - Using Application install path: C:\ST\STM32CubeIDE_1.16.0\STM32CubeIDE\plugins\com.st.stm32cube.common.mx_6.15.0.202507011659
2025-08-15 09:31:35,205 [INFO] DbMcusXml:78 - Set database path to: C:\ST\STM32CubeIDE_1.16.0\STM32CubeIDE\plugins\com.st.stm32cube.common.mx_6.15.0.202507011659\\db\/mcu/
2025-08-15 09:31:35,205 [INFO] ApiDb:274 - Set plugin database path to: C:\ST\STM32CubeIDE_1.16.0\STM32CubeIDE\plugins\com.st.stm32cube.common.mx_6.15.0.202507011659\\db\/plugins/boardmanager/
2025-08-15 09:31:35,207 [WARN] ApiDb:259 - Overriding images path with different value:  => C:\ST\STM32CubeIDE_1.16.0\STM32CubeIDE\plugins\com.st.stm32cube.common.mx_6.15.0.202507011659\\db\/plugins/mcufinder/images/
2025-08-15 09:31:35,228 [INFO] ApiDb:250 - Set database path to: C:\Users\nisha\.stmcufinder\plugins\mcufinder//mcu/
2025-08-15 09:31:35,231 [INFO] DbMcusAds:125 - Set database path to: C:\Users\nisha\.stmcufinder\plugins\mcufinder//mcu/
2025-08-15 09:31:35,251 [INFO] CrossReferenceDbSqlite:203 - Set database path to: C:\Users\nisha\.stmcufinder\plugins\mcufinder//mcu/cs/
2025-08-15 09:31:35,634 [INFO] RulesReader:64 - Compatibility file has been processed (317 Rules)
2025-08-15 09:31:35,854 [INFO] DbMcusXml:78 - Set database path to: C:\ST\STM32CubeIDE_1.16.0\STM32CubeIDE\plugins\com.st.stm32cube.common.mx_6.15.0.202507011659\\db\/mcu/
2025-08-15 09:31:35,855 [INFO] ApiDb:274 - Set plugin database path to: C:\ST\STM32CubeIDE_1.16.0\STM32CubeIDE\plugins\com.st.stm32cube.common.mx_6.15.0.202507011659\\db\/plugins/boardmanager/
2025-08-15 09:31:35,855 [INFO] ApiDb:261 - Set plugin images path to: C:\ST\STM32CubeIDE_1.16.0\STM32CubeIDE\plugins\com.st.stm32cube.common.mx_6.15.0.202507011659\\db\/plugins/mcufinder/images/
2025-08-15 09:31:35,856 [WARN] DbFile:41 - Overriding database path with different value: C:\Users\nisha\.stmcufinder\plugins\mcufinder/ => C:\Users\nisha\.stmcufinder\plugins\mcufinder
2025-08-15 09:31:35,856 [INFO] ApiDb:250 - Set database path to: C:\Users\nisha\.stmcufinder\plugins\mcufinder//mcu/
2025-08-15 09:31:35,856 [WARN] DbFile:41 - Overriding database path with different value: C:\Users\nisha\.stmcufinder\plugins\mcufinder/ => C:\Users\nisha\.stmcufinder\plugins\mcufinder
2025-08-15 09:31:35,856 [INFO] DbMcusAds:125 - Set database path to: C:\Users\nisha\.stmcufinder\plugins\mcufinder//mcu/
2025-08-15 09:31:35,856 [WARN] DbFile:41 - Overriding database path with different value: C:\Users\nisha\.stmcufinder\plugins\mcufinder/ => C:\Users\nisha\.stmcufinder\plugins\mcufinder
2025-08-15 09:31:35,857 [WARN] DbFile:41 - Overriding database path with different value: C:\Users\nisha\.stmcufinder\plugins\mcufinder/ => C:\Users\nisha\.stmcufinder\plugins\mcufinder
2025-08-15 09:31:35,857 [INFO] CrossReferenceDbSqlite:203 - Set database path to: C:\Users\nisha\.stmcufinder\plugins\mcufinder//mcu/cs/
2025-08-15 09:31:36,057 [INFO] MainPanel:274 - HeapMemory: 278921216
2025-08-15 09:31:36,492 [INFO] DbMcusXml:78 - Set database path to: C:\ST\STM32CubeIDE_1.16.0\STM32CubeIDE\plugins\com.st.stm32cube.common.mx_6.15.0.202507011659\\db\/mcu/
2025-08-15 09:31:36,493 [INFO] ApiDb:274 - Set plugin database path to: C:\ST\STM32CubeIDE_1.16.0\STM32CubeIDE\plugins\com.st.stm32cube.common.mx_6.15.0.202507011659\\db\/plugins/boardmanager/
2025-08-15 09:31:36,493 [INFO] ApiDb:261 - Set plugin images path to: C:\ST\STM32CubeIDE_1.16.0\STM32CubeIDE\plugins\com.st.stm32cube.common.mx_6.15.0.202507011659\\db\/plugins/mcufinder/images/
2025-08-15 09:31:36,493 [WARN] DbFile:41 - Overriding database path with different value: C:\Users\nisha\.stmcufinder\plugins\mcufinder/ => C:\Users\nisha\.stmcufinder\plugins\mcufinder
2025-08-15 09:31:36,494 [INFO] ApiDb:250 - Set database path to: C:\Users\nisha\.stmcufinder\plugins\mcufinder//mcu/
2025-08-15 09:31:36,494 [WARN] DbFile:41 - Overriding database path with different value: C:\Users\nisha\.stmcufinder\plugins\mcufinder/ => C:\Users\nisha\.stmcufinder\plugins\mcufinder
2025-08-15 09:31:36,494 [INFO] DbMcusAds:125 - Set database path to: C:\Users\nisha\.stmcufinder\plugins\mcufinder//mcu/
2025-08-15 09:31:36,494 [WARN] DbFile:41 - Overriding database path with different value: C:\Users\nisha\.stmcufinder\plugins\mcufinder/ => C:\Users\nisha\.stmcufinder\plugins\mcufinder
2025-08-15 09:31:36,495 [WARN] DbFile:41 - Overriding database path with different value: C:\Users\nisha\.stmcufinder\plugins\mcufinder/ => C:\Users\nisha\.stmcufinder\plugins\mcufinder
2025-08-15 09:31:36,495 [INFO] CrossReferenceDbSqlite:203 - Set database path to: C:\Users\nisha\.stmcufinder\plugins\mcufinder//mcu/cs/
2025-08-15 09:31:36,540 [INFO] ApplicationProperties:184 - Using Application install path: C:\ST\STM32CubeIDE_1.16.0\STM32CubeIDE\plugins\com.st.stm32cube.common.mx_6.15.0.202507011659
2025-08-15 09:31:36,542 [INFO] PluginManage:196 - Search for loadable plugins [exclusion list=, ]
2025-08-15 09:31:36,545 [INFO] PluginManage:310 - Check plugin analytics
2025-08-15 09:31:37,157 [INFO] AnalyticsPlugin:253 - Accepted Software Licenses: 
2025-08-15 09:31:37,158 [INFO] AnalyticsPlugin:255 - Accepted CMSIS Pack Licenses: 
2025-08-15 09:31:37,159 [INFO] AnalyticsPlugin:257 - Accepted Firmware Licenses: FW.F4.1.28.0
2025-08-15 09:31:37,167 [INFO] PluginManage:359 - Loaded plugin analytics (category:tool,tabindex:-1)
2025-08-15 09:31:37,168 [INFO] PluginManage:310 - Check plugin cadmodel
2025-08-15 09:31:37,221 [INFO] CADModel:105 - Init CAD model plugin
2025-08-15 09:31:37,222 [INFO] PluginManage:359 - Loaded plugin cadmodel (category:power,tabindex:5)
2025-08-15 09:31:37,222 [INFO] PluginManage:310 - Check plugin clock
2025-08-15 09:31:37,277 [INFO] PluginManage:359 - Loaded plugin clock (category:base,tabindex:2)
2025-08-15 09:31:37,278 [INFO] PluginManage:310 - Check plugin ddr
2025-08-15 09:31:37,284 [INFO] PluginManage:359 - Loaded plugin ddr (category:tool,tabindex:6)
2025-08-15 09:31:37,285 [INFO] PluginManage:310 - Check plugin filemanager
2025-08-15 09:31:37,629 [INFO] PluginManage:359 - Loaded plugin filemanager (category:base,tabindex:10)
2025-08-15 09:31:37,629 [INFO] PluginManage:310 - Check plugin ipmanager
2025-08-15 09:31:37,644 [INFO] PluginManage:359 - Loaded plugin ipmanager (category:base,tabindex:5)
2025-08-15 09:31:37,644 [INFO] PluginManage:310 - Check plugin lpbam
2025-08-15 09:31:37,687 [INFO] PluginManage:359 - Loaded plugin lpbam (category:base,tabindex:0)
2025-08-15 09:31:37,688 [INFO] PluginManage:310 - Check plugin memorymap
2025-08-15 09:31:37,737 [INFO] PluginManage:359 - Loaded plugin memorymap (category:base,tabindex:4)
2025-08-15 09:31:37,737 [INFO] PluginManage:310 - Check plugin pinoutandconfiguration
2025-08-15 09:31:37,778 [INFO] PluginManage:359 - Loaded plugin pinoutandconfiguration (category:base,tabindex:1)
2025-08-15 09:31:37,778 [INFO] PluginManage:310 - Check plugin pinoutconfig
2025-08-15 09:31:37,974 [WARN] SupportedApi:132 - Cannot load RTOS API schema: s4s-elt-must-match.1: The content of 'definitions' must match (annotation?, (simpleType | complexType)?, (unique | key | keyref)*)). A problem was found starting at: attribute.
2025-08-15 09:31:38,241 [INFO] PluginManage:359 - Loaded plugin pinoutconfig (category:base,tabindex:0)
2025-08-15 09:31:38,242 [INFO] PluginManage:310 - Check plugin power
2025-08-15 09:31:38,284 [INFO] PluginManage:359 - Loaded plugin power (category:power,tabindex:4)
2025-08-15 09:31:38,284 [INFO] PluginManage:310 - Check plugin projectmanager
2025-08-15 09:31:38,314 [INFO] PluginManage:359 - Loaded plugin projectmanager (category:projectmanager,tabindex:4)
2025-08-15 09:31:38,316 [INFO] PluginManage:310 - Check plugin rif
2025-08-15 09:31:38,345 [INFO] PluginManage:359 - Loaded plugin rif (category:base,tabindex:3)
2025-08-15 09:31:38,345 [INFO] PluginManage:310 - Check plugin thirdparty
2025-08-15 09:31:39,031 [WARN] IntegrityCheckThread:84 - waiting for thirdparty lock release [integrity check]
2025-08-15 09:31:39,032 [INFO] IntegrityCheckThread:86 - entering critical section [integrity check]
2025-08-15 09:31:39,031 [INFO] PluginManage:359 - Loaded plugin thirdparty (category:base,tabindex:-1)
2025-08-15 09:31:39,032 [INFO] PluginManage:310 - Check plugin tools
2025-08-15 09:31:39,034 [INFO] ThirdPartyUpdaterWithRetryManager:70 - Updater plugin not ready yet. [1/15]
2025-08-15 09:31:39,111 [INFO] PluginManage:359 - Loaded plugin tools (category:base,tabindex:7)
2025-08-15 09:31:39,111 [INFO] PluginManage:310 - Check plugin tutovideos
2025-08-15 09:31:39,573 [INFO] PluginManage:359 - Loaded plugin tutovideos (category:base,tabindex:-1)
2025-08-15 09:31:39,573 [INFO] PluginManage:310 - Check plugin updater
2025-08-15 09:31:39,622 [INFO] PluginManage:359 - Loaded plugin updater (category:base,tabindex:12)
2025-08-15 09:31:39,622 [INFO] PluginManage:310 - Check plugin userauth
2025-08-15 09:31:39,632 [INFO] UserAuth:118 - Init User Auth plugin
2025-08-15 09:31:39,634 [INFO] PluginManage:359 - Loaded plugin userauth (category:base,tabindex:14)
2025-08-15 09:31:39,635 [INFO] PluginManage:283 - PluginManage : Loaded plugins [18]
2025-08-15 09:31:40,257 [INFO] PinOutPanel:1589 - setPackage(No Configuration,No Configuration)
2025-08-15 09:31:40,990 [INFO] CADModel:165 - CPN selected for project level
2025-08-15 09:31:40,990 [INFO] CADModel:114 - Register for checkConnection events
2025-08-15 09:31:41,059 [INFO] IPUIPlugin:80 - create IPUIPlugin
2025-08-15 09:31:41,059 [INFO] PluginManager:220 - loadIPPluginJar : add adc
2025-08-15 09:31:41,126 [INFO] IPUIPlugin:80 - create IPUIPlugin
2025-08-15 09:31:41,128 [INFO] PluginManager:220 - loadIPPluginJar : add aes
2025-08-15 09:31:41,207 [INFO] IPUIPlugin:80 - create IPUIPlugin
2025-08-15 09:31:41,207 [INFO] PluginManager:220 - loadIPPluginJar : add can
2025-08-15 09:31:41,235 [INFO] IPUIPlugin:80 - create IPUIPlugin
2025-08-15 09:31:41,236 [INFO] PluginManager:220 - loadIPPluginJar : add comp
2025-08-15 09:31:41,279 [INFO] IPUIPlugin:80 - create IPUIPlugin
2025-08-15 09:31:41,280 [INFO] PluginManager:220 - loadIPPluginJar : add cryp
2025-08-15 09:31:41,308 [INFO] IPUIPlugin:80 - create IPUIPlugin
2025-08-15 09:31:41,308 [INFO] PluginManager:220 - loadIPPluginJar : add ddr_ctrl_phy
2025-08-15 09:31:41,383 [INFO] IPUIPlugin:80 - create IPUIPlugin
2025-08-15 09:31:41,383 [INFO] PluginManager:220 - loadIPPluginJar : add dfsdm
2025-08-15 09:31:41,415 [INFO] IPUIPlugin:80 - create IPUIPlugin
2025-08-15 09:31:41,416 [INFO] PluginManager:220 - loadIPPluginJar : add dma
2025-08-15 09:31:41,519 [INFO] IPUIPlugin:80 - create IPUIPlugin
2025-08-15 09:31:41,519 [INFO] PluginManager:220 - loadIPPluginJar : add dma3
2025-08-15 09:31:41,627 [INFO] IPUIPlugin:80 - create IPUIPlugin
2025-08-15 09:31:41,628 [INFO] PluginManager:220 - loadIPPluginJar : add extmemmanager
2025-08-15 09:31:41,681 [INFO] IPUIPlugin:80 - create IPUIPlugin
2025-08-15 09:31:41,681 [INFO] PluginManager:220 - loadIPPluginJar : add fatfs
2025-08-15 09:31:41,827 [INFO] IPUIPlugin:80 - create IPUIPlugin
2025-08-15 09:31:41,827 [INFO] PluginManager:220 - loadIPPluginJar : add fmc
2025-08-15 09:31:41,851 [INFO] IPUIPlugin:80 - create IPUIPlugin
2025-08-15 09:31:41,852 [INFO] PluginManager:220 - loadIPPluginJar : add freertos
2025-08-15 09:31:41,886 [INFO] IPUIPlugin:80 - create IPUIPlugin
2025-08-15 09:31:41,886 [INFO] PluginManager:220 - loadIPPluginJar : add genericplugin
2025-08-15 09:31:42,023 [INFO] IPUIPlugin:80 - create IPUIPlugin
2025-08-15 09:31:42,023 [INFO] PluginManager:220 - loadIPPluginJar : add gfxmmu
2025-08-15 09:31:42,045 [INFO] ThirdPartyUpdaterWithRetryManager:70 - Updater plugin not ready yet. [2/15]
2025-08-15 09:31:42,194 [INFO] IPUIPlugin:80 - create IPUIPlugin
2025-08-15 09:31:42,194 [INFO] PluginManager:220 - loadIPPluginJar : add gic
2025-08-15 09:31:42,215 [INFO] IPUIPlugin:80 - create IPUIPlugin
2025-08-15 09:31:42,216 [INFO] PluginManager:220 - loadIPPluginJar : add gpio
2025-08-15 09:31:42,319 [INFO] IPUIPlugin:80 - create IPUIPlugin
2025-08-15 09:31:42,319 [INFO] PluginManager:220 - loadIPPluginJar : add gtzc
2025-08-15 09:31:42,358 [INFO] IPUIPlugin:80 - create IPUIPlugin
2025-08-15 09:31:42,358 [INFO] PluginManager:220 - loadIPPluginJar : add hash
2025-08-15 09:31:42,406 [INFO] IPUIPlugin:80 - create IPUIPlugin
2025-08-15 09:31:42,406 [INFO] PluginManager:220 - loadIPPluginJar : add i2c
2025-08-15 09:31:42,449 [INFO] IPUIPlugin:80 - create IPUIPlugin
2025-08-15 09:31:42,449 [INFO] PluginManager:220 - loadIPPluginJar : add i2s
2025-08-15 09:31:42,507 [INFO] IPUIPlugin:80 - create IPUIPlugin
2025-08-15 09:31:42,507 [INFO] PluginManager:220 - loadIPPluginJar : add i3c
2025-08-15 09:31:42,599 [INFO] IPUIPlugin:80 - create IPUIPlugin
2025-08-15 09:31:42,600 [INFO] PluginManager:220 - loadIPPluginJar : add ipddr
2025-08-15 09:31:42,692 [INFO] IPUIPlugin:80 - create IPUIPlugin
2025-08-15 09:31:42,693 [INFO] PluginManager:220 - loadIPPluginJar : add linkedlist
2025-08-15 09:31:42,736 [INFO] IPUIPlugin:80 - create IPUIPlugin
2025-08-15 09:31:42,736 [INFO] PluginManager:220 - loadIPPluginJar : add lorawan
2025-08-15 09:31:42,768 [INFO] IPUIPlugin:80 - create IPUIPlugin
2025-08-15 09:31:42,768 [INFO] PluginManager:220 - loadIPPluginJar : add ltdc
2025-08-15 09:31:42,784 [INFO] IPUIPlugin:80 - create IPUIPlugin
2025-08-15 09:31:42,784 [INFO] PluginManager:220 - loadIPPluginJar : add mdma
2025-08-15 09:31:42,796 [INFO] IPUIPlugin:80 - create IPUIPlugin
2025-08-15 09:31:42,797 [INFO] PluginManager:220 - loadIPPluginJar : add nvic
2025-08-15 09:31:42,832 [INFO] IPUIPlugin:80 - create IPUIPlugin
2025-08-15 09:31:42,832 [INFO] PluginManager:220 - loadIPPluginJar : add opamp
2025-08-15 09:31:42,890 [INFO] IPUIPlugin:80 - create IPUIPlugin
2025-08-15 09:31:42,891 [INFO] PluginManager:220 - loadIPPluginJar : add openamp
2025-08-15 09:31:42,929 [INFO] IPUIPlugin:80 - create IPUIPlugin
2025-08-15 09:31:42,929 [INFO] PluginManager:220 - loadIPPluginJar : add pdm2pcm
2025-08-15 09:31:42,943 [INFO] IPUIPlugin:80 - create IPUIPlugin
2025-08-15 09:31:42,944 [INFO] PluginManager:220 - loadIPPluginJar : add plateformsettings
2025-08-15 09:31:42,975 [INFO] IPUIPlugin:80 - create IPUIPlugin
2025-08-15 09:31:42,975 [INFO] PluginManager:220 - loadIPPluginJar : add quadspi
2025-08-15 09:31:43,016 [INFO] IPUIPlugin:80 - create IPUIPlugin
2025-08-15 09:31:43,017 [INFO] PluginManager:220 - loadIPPluginJar : add radio
2025-08-15 09:31:43,035 [INFO] IPUIPlugin:80 - create IPUIPlugin
2025-08-15 09:31:43,035 [INFO] PluginManager:220 - loadIPPluginJar : add resmgrutility
2025-08-15 09:31:43,087 [INFO] IPUIPlugin:80 - create IPUIPlugin
2025-08-15 09:31:43,087 [INFO] PluginManager:220 - loadIPPluginJar : add sai
2025-08-15 09:31:43,203 [INFO] IPUIPlugin:80 - create IPUIPlugin
2025-08-15 09:31:43,203 [INFO] PluginManager:220 - loadIPPluginJar : add spi
2025-08-15 09:31:43,341 [INFO] IPUIPlugin:80 - create IPUIPlugin
2025-08-15 09:31:43,341 [INFO] PluginManager:220 - loadIPPluginJar : add stm32_wpan
2025-08-15 09:31:43,377 [INFO] IPUIPlugin:80 - create IPUIPlugin
2025-08-15 09:31:43,377 [INFO] PluginManager:220 - loadIPPluginJar : add tim
2025-08-15 09:31:43,468 [INFO] IPUIPlugin:80 - create IPUIPlugin
2025-08-15 09:31:43,468 [INFO] PluginManager:220 - loadIPPluginJar : add touchsensing
2025-08-15 09:31:43,500 [INFO] IPUIPlugin:80 - create IPUIPlugin
2025-08-15 09:31:43,500 [INFO] PluginManager:220 - loadIPPluginJar : add tracer_emb
2025-08-15 09:31:43,522 [INFO] IPUIPlugin:80 - create IPUIPlugin
2025-08-15 09:31:43,522 [INFO] PluginManager:220 - loadIPPluginJar : add ts
2025-08-15 09:31:43,543 [INFO] IPUIPlugin:80 - create IPUIPlugin
2025-08-15 09:31:43,543 [INFO] PluginManager:220 - loadIPPluginJar : add tsc
2025-08-15 09:31:43,564 [INFO] IPUIPlugin:80 - create IPUIPlugin
2025-08-15 09:31:43,564 [INFO] PluginManager:220 - loadIPPluginJar : add ucpd
2025-08-15 09:31:43,610 [INFO] IPUIPlugin:80 - create IPUIPlugin
2025-08-15 09:31:43,610 [INFO] PluginManager:220 - loadIPPluginJar : add usart
2025-08-15 09:31:43,661 [INFO] IPUIPlugin:80 - create IPUIPlugin
2025-08-15 09:31:43,662 [INFO] PluginManager:220 - loadIPPluginJar : add usbx
2025-08-15 09:31:43,802 [FATAL] Updater:351 - Updater called before beeing initialized
2025-08-15 09:31:43,880 [INFO] RulesReader:64 - Compatibility file has been processed (317 Rules)
2025-08-15 09:31:43,893 [INFO] RulesReader:64 - Compatibility file has been processed (317 Rules)
2025-08-15 09:31:43,935 [INFO] CADModel:165 - CPN selected for project level
2025-08-15 09:31:43,936 [INFO] CADModel:114 - Register for checkConnection events
2025-08-15 09:31:43,936 [FATAL] Updater:351 - Updater called before beeing initialized
2025-08-15 09:31:43,936 [ERROR] CADModel:125 - Updater not yet initialized, retry later 
2025-08-15 09:31:44,136 [FATAL] Updater:351 - Updater called before beeing initialized
2025-08-15 09:31:44,138 [INFO] CADModel:165 - CPN selected for project level
2025-08-15 09:31:44,138 [INFO] CADModel:114 - Register for checkConnection events
2025-08-15 09:31:44,138 [FATAL] Updater:351 - Updater called before beeing initialized
2025-08-15 09:31:44,138 [ERROR] CADModel:125 - Updater not yet initialized, retry later 
2025-08-15 09:31:44,142 [FATAL] Updater:351 - Updater called before beeing initialized
2025-08-15 09:31:44,276 [FATAL] Updater:351 - Updater called before beeing initialized
2025-08-15 09:31:44,290 [INFO] DbMcusAds:53 - JSON generation date=Tue Jul 08 13:44:23 IST 2025 (1751962463562)
2025-08-15 09:31:44,290 [FATAL] Updater:351 - Updater called before beeing initialized
2025-08-15 09:31:44,331 [WARN] DetailPanel:346 - Failed to get advertising image, set to default
2025-08-15 09:31:44,429 [FATAL] Updater:351 - Updater called before beeing initialized
2025-08-15 09:31:44,431 [FATAL] Updater:351 - Updater called before beeing initialized
2025-08-15 09:31:44,431 [FATAL] Updater:351 - Updater called before beeing initialized
2025-08-15 09:31:44,431 [WARN] DetailPanel:346 - Failed to get advertising image, set to default
2025-08-15 09:31:44,432 [FATAL] Updater:351 - Updater called before beeing initialized
2025-08-15 09:31:44,502 [ERROR] Updater:1198 - MainUpdater not yet initialized. External WinMGr cannot be set.
2025-08-15 09:31:44,515 [INFO] Updater:1134 - Updater Version found : 6.15.0
2025-08-15 09:31:44,533 [INFO] ApplicationProperties:184 - Using Application install path: C:\ST\STM32CubeIDE_1.16.0\STM32CubeIDE\plugins\com.st.stm32cube.common.mx_6.15.0.202507011659
2025-08-15 09:31:45,049 [INFO] ThirdPartyUpdaterWithRetryManager:70 - Updater plugin not ready yet. [3/15]
2025-08-15 09:31:46,189 [ERROR] LogOutputStream:75 - [STDERR_REDIRECT] Aug 15, 2025 9:31:46 AM java.util.prefs.WindowsPreferences <init>
2025-08-15 09:31:46,191 [ERROR] LogOutputStream:75 - [STDERR_REDIRECT] WARNING: Could not open/create prefs root node Software\JavaSoft\Prefs at root 0xffffffff80000002. Windows RegCreateKeyEx(...) returned error code 5.
2025-08-15 09:31:46,191 [ERROR] LogOutputStream:75 - [STDERR_REDIRECT] 
2025-08-15 09:31:47,124 [INFO] MainUpdater:2872 - connection check result : 10
2025-08-15 09:31:47,124 [INFO] MainUpdater:3604 - Updater definition file requires update
2025-08-15 09:31:47,126 [INFO] MainUpdater:289 - Updater Check For Update Now.
2025-08-15 09:31:47,126 [INFO] MicroXplorer:498 - Change Database Version : DB.6.0.150
2025-08-15 09:31:47,156 [INFO] McuFinderGlobals:63 - Set McuFinder mode to 2 (CubeIDE integrated)
2025-08-15 09:31:47,164 [INFO] UserAuth:487 - Internet connection configuration mode: 1
2025-08-15 09:31:47,203 [INFO] JxBrowserEngine:152 - Initiate JxBrowser Engine with user profile folder
2025-08-15 09:31:47,488 [INFO] ServerAccessManage:452 - Complete download http(s) 200
2025-08-15 09:31:47,489 [INFO] ServerAccessManage:509 - Download File updaters.zip
2025-08-15 09:31:47,728 [INFO] FileExtend:248 - Unzip File : updaters.zip
2025-08-15 09:31:47,729 [INFO] FileExtend:263 - Standard Zip Deflate
2025-08-15 09:31:48,068 [WARN] MainUpdater:1193 - Updater busy. Cannot search thirdparties
2025-08-15 09:31:48,068 [INFO] ThirdPartyUpdaterWithRetryManager:96 - Updater plugin is busy. [1/15]
2025-08-15 09:31:49,052 [INFO] ServerAccessManage:452 - Complete download http(s) 200
2025-08-15 09:31:49,053 [INFO] ServerAccessManage:509 - Download File PacksControlFlags.xml
2025-08-15 09:31:49,203 [INFO] ServerAccessManage:452 - Complete download http(s) 200
2025-08-15 09:31:49,203 [INFO] ServerAccessManage:509 - Download File cubemx.pidx
2025-08-15 09:31:49,381 [INFO] LoadServerUpdatesThread:375 - End of LoadServerUpdate Thread
2025-08-15 09:31:49,601 [INFO] CheckServerUpdateThread:120 - End of CheckServer Thread
2025-08-15 09:31:49,851 [INFO] WebApp:169 - Instantiating new browser for Auth
2025-08-15 09:31:50,860 [INFO] WebApp:463 - Apply proxy settings
2025-08-15 09:31:50,861 [INFO] WebApp:548 - Chromium requires no authentication
2025-08-15 09:31:50,874 [INFO] WebApp:491 - Direct internet connection detected
2025-08-15 09:31:50,912 [INFO] WebApp:900 - Register for checkConnection events
2025-08-15 09:31:50,913 [INFO] WebApp:463 - Apply proxy settings
2025-08-15 09:31:50,913 [INFO] WebApp:548 - Chromium requires no authentication
2025-08-15 09:31:50,914 [INFO] WebApp:491 - Direct internet connection detected
2025-08-15 09:31:51,468 [INFO] WebApp:225 - Starting web application
2025-08-15 09:31:51,468 [INFO] WebApp:593 - Web application path used C:\ST\STM32CubeIDE_1.16.0\STM32CubeIDE\plugins\com.st.stm32cube.common.mx_6.15.0.202507011659\db\plugins\mcufinder\reactClient1\index.html
2025-08-15 09:31:51,861 [INFO] WebApp:191 - Connection restablished
2025-08-15 09:31:52,055 [INFO] UserAuth:487 - Internet connection configuration mode: 1
2025-08-15 09:31:52,143 [WARN] PackLoader:240 - Cannot read IP mode file for STMicroelectronics.FP-SNS-MOTENVWB1.1.4.0
2025-08-15 09:31:52,248 [WARN] PackLoader:240 - Cannot read IP mode file for STMicroelectronics.X-CUBE-SMBUS.2.1.0
2025-08-15 09:31:52,310 [WARN] PackLoader:240 - Cannot read IP mode file for STMicroelectronics.X-CUBE-WB05N.1.1.0
2025-08-15 09:31:52,355 [WARN] PackLoader:240 - Cannot read IP mode file for STMicroelectronics.X-CUBE-ST60.1.0.0
2025-08-15 09:31:52,465 [WARN] PackLoader:240 - Cannot read IP mode file for STMicroelectronics.X-CUBE-AZRTOS-F7.1.1.0
2025-08-15 09:31:52,622 [WARN] PackLoader:240 - Cannot read IP mode file for STMicroelectronics.X-CUBE-MEMS1.11.0.0
2025-08-15 09:31:52,909 [WARN] PackLoader:240 - Cannot read IP mode file for STMicroelectronics.FP-SNS-FLIGHT1.5.0.2
2025-08-15 09:31:52,961 [WARN] PackLoader:240 - Cannot read IP mode file for STMicroelectronics.X-CUBE-AZRTOS-H7.3.4.0
2025-08-15 09:31:52,994 [WARN] PackLoader:240 - Cannot read IP mode file for STMicroelectronics.X-CUBE-DISPLAY.3.0.0
2025-08-15 09:31:53,026 [WARN] PackLoader:240 - Cannot read IP mode file for STMicroelectronics.X-CUBE-BLE1.7.0.0
2025-08-15 09:31:53,054 [WARN] PackLoader:240 - Cannot read IP mode file for STMicroelectronics.X-CUBE-NFC10.1.0.0
2025-08-15 09:31:53,089 [WARN] PackLoader:240 - Cannot read IP mode file for STMicroelectronics.X-CUBE-BLEMGR.4.0.0
2025-08-15 09:31:53,116 [WARN] PackLoader:240 - Cannot read IP mode file for emotas.I-CUBE-CANOPEN.1.3.0
2025-08-15 09:31:53,144 [WARN] PackLoader:240 - Cannot read IP mode file for STMicroelectronics.X-CUBE-BLEMGR.3.1.0
2025-08-15 09:31:53,173 [WARN] PackLoader:240 - Cannot read IP mode file for STMicroelectronics.FP-SNS-STBOX1.2.1.0
2025-08-15 09:31:53,195 [WARN] PackLoader:240 - Cannot read IP mode file for STMicroelectronics.FP-SNS-SMARTAG2.1.2.0
2025-08-15 09:31:53,219 [WARN] PackLoader:240 - Cannot read IP mode file for STMicroelectronics.FP-SNS-FLIGHT1.5.1.0
2025-08-15 09:31:53,254 [INFO] LogOutputStream:77 - [STDOUT_REDIRECT] 1 : Invalid condition id : UX_CORESTACK_Condition cause : null
2025-08-15 09:31:53,256 [INFO] LogOutputStream:77 - [STDOUT_REDIRECT] 1 : Invalid condition id : UX_CORESTACK_Condition cause : null
2025-08-15 09:31:53,259 [INFO] LogOutputStream:77 - [STDOUT_REDIRECT] 1 : Invalid condition id : UX_CORESTACK_Condition cause : null
2025-08-15 09:31:53,263 [INFO] LogOutputStream:77 - [STDOUT_REDIRECT] 1 : Invalid condition id : UX_CORESTACK_Condition cause : null
2025-08-15 09:31:53,264 [INFO] LogOutputStream:77 - [STDOUT_REDIRECT] 1 : Invalid condition id : UX_CORESTACK_Condition cause : null
2025-08-15 09:31:53,268 [WARN] PackLoader:240 - Cannot read IP mode file for STMicroelectronics.X-CUBE-AZRTOS-WL.2.0.0
2025-08-15 09:31:53,292 [WARN] PackLoader:240 - Cannot read IP mode file for STMicroelectronics.FP-SNS-MOTENV1.5.0.0
2025-08-15 09:31:53,320 [WARN] PackLoader:240 - Cannot read IP mode file for wolfSSL.I-CUBE-wolfMQTT.1.19.0
2025-08-15 09:31:53,359 [WARN] PackLoader:240 - Cannot read IP mode file for WES.I-CUBE-Cesium.1.3.0
2025-08-15 09:31:53,380 [WARN] PackLoader:240 - Cannot read IP mode file for STMicroelectronics.X-CUBE-BLE2.3.3.0
2025-08-15 09:31:53,409 [WARN] PackLoader:240 - Cannot read IP mode file for STMicroelectronics.X-CUBE-NFC9.1.0.0
2025-08-15 09:31:53,444 [WARN] PackLoader:240 - Cannot read IP mode file for STMicroelectronics.X-CUBE-BLE1.7.1.0
2025-08-15 09:31:53,474 [WARN] PackLoader:240 - Cannot read IP mode file for STMicroelectronics.X-CUBE-TCPP.4.1.0
2025-08-15 09:31:53,504 [WARN] PackLoader:240 - Cannot read IP mode file for STMicroelectronics.X-CUBE-EEPRMA1.5.2.0
2025-08-15 09:31:53,527 [WARN] PackLoader:240 - Cannot read IP mode file for STMicroelectronics.X-CUBE-AI.10.1.0
2025-08-15 09:31:53,572 [WARN] PackLoader:240 - Cannot read IP mode file for STMicroelectronics.X-CUBE-AZRTOS-G0.1.1.0
2025-08-15 09:31:53,595 [WARN] PackLoader:240 - Cannot read IP mode file for STMicroelectronics.X-CUBE-SAFEA1.1.2.2
2025-08-15 09:31:53,622 [WARN] PackLoader:240 - Cannot read IP mode file for STMicroelectronics.X-CUBE-NFC4.3.0.0
2025-08-15 09:31:53,668 [WARN] PackLoader:240 - Cannot read IP mode file for EmbeddedOffice.I-CUBE-FS-RTOS.1.0.1
2025-08-15 09:31:53,706 [WARN] PackLoader:240 - Cannot read IP mode file for STMicroelectronics.X-CUBE-WB05N.2.0.0
2025-08-15 09:31:53,729 [WARN] PackLoader:240 - Cannot read IP mode file for STMicroelectronics.X-CUBE-TCPP.4.2.0
2025-08-15 09:31:53,756 [WARN] PackLoader:240 - Cannot read IP mode file for RealThread.X-CUBE-RT-Thread_Nano.4.1.1
2025-08-15 09:31:53,780 [WARN] PackLoader:240 - Cannot read IP mode file for wolfSSL.I-CUBE-wolfSSL.5.7.0
2025-08-15 09:31:53,804 [WARN] PackLoader:240 - Cannot read IP mode file for STMicroelectronics.FP-ATR-SIGFOX1.3.2.0
2025-08-15 09:31:53,826 [WARN] ConditionMgr:438 - getConditionDescription Invalid condition id : Cortex-A Device cause : null
2025-08-15 09:31:53,875 [WARN] ConditionMgr:1044 - genDependencies : Invalid condition id : Cortex-A Device cause : null
2025-08-15 09:31:53,875 [WARN] ConditionMgr:1044 - genDependencies : Invalid condition id : Cortex-A Device cause : null
2025-08-15 09:31:53,875 [WARN] ConditionMgr:1044 - genDependencies : Invalid condition id : Cortex-A Device cause : null
2025-08-15 09:31:53,895 [WARN] PackLoader:240 - Cannot read IP mode file for STMicroelectronics.X-CUBE-EEPRMA1.5.1.0
2025-08-15 09:31:53,924 [WARN] PackLoader:240 - Cannot read IP mode file for ITTIA_DB.I-CUBE-ITTIADB.8.9.0
2025-08-15 09:31:53,960 [WARN] PackLoader:240 - Cannot read IP mode file for STMicroelectronics.X-CUBE-ST67W61.1.0.0
2025-08-15 09:31:53,986 [WARN] PackLoader:240 - Cannot read IP mode file for STMicroelectronics.X-CUBE-AI.10.2.0
2025-08-15 09:31:54,057 [WARN] PackLoader:240 - Cannot read IP mode file for SEGGER.I-CUBE-embOS.1.3.1
2025-08-15 09:31:54,138 [WARN] PackLoader:240 - Cannot read IP mode file for STMicroelectronics.X-CUBE-ALGOBUILD.1.4.0
2025-08-15 09:31:54,214 [WARN] PackLoader:240 - Cannot read IP mode file for STMicroelectronics.X-CUBE-MEMS1.11.3.0
2025-08-15 09:31:54,425 [WARN] PackLoader:240 - Cannot read IP mode file for STMicroelectronics.X-CUBE-AI.9.1.0
2025-08-15 09:31:54,453 [WARN] PackLoader:240 - Cannot read IP mode file for STMicroelectronics.X-CUBE-PM33A1.1.0.0
2025-08-15 09:31:54,517 [WARN] PackLoader:240 - Cannot read IP mode file for STMicroelectronics.X-CUBE-GNSS1.6.0.0
2025-08-15 09:31:54,658 [WARN] PackLoader:240 - Cannot read IP mode file for STMicroelectronics.X-CUBE-AZRTOS-F4.1.1.0
2025-08-15 09:31:54,698 [WARN] PackLoader:240 - Cannot read IP mode file for Avnet-IotConnect.X-CUBE-IoTC-DA16k-PMOD.1.0.0
2025-08-15 09:31:54,732 [WARN] PackLoader:240 - Cannot read IP mode file for STMicroelectronics.X-CUBE-ISPU.2.1.0
2025-08-15 09:31:54,756 [WARN] PackLoader:240 - Cannot read IP mode file for STMicroelectronics.X-CUBE-FREERTOS.1.2.0
2025-08-15 09:31:54,783 [WARN] PackLoader:240 - Cannot read IP mode file for STMicroelectronics.X-CUBE-NFC12.1.0.0
2025-08-15 09:31:54,830 [WARN] PackLoader:240 - Cannot read IP mode file for STMicroelectronics.X-CUBE-AZRTOS-L5.2.0.0
2025-08-15 09:31:54,856 [WARN] PackLoader:240 - Cannot read IP mode file for STMicroelectronics.X-CUBE-NFC6.3.1.0
2025-08-15 09:31:54,880 [WARN] PackLoader:240 - Cannot read IP mode file for STMicroelectronics.X-CUBE-DPower.1.2.0
2025-08-15 09:31:54,901 [WARN] PackLoader:240 - Cannot read IP mode file for STMicroelectronics.X-CUBE-AI.9.0.0
2025-08-15 09:31:54,924 [WARN] PackLoader:240 - Cannot read IP mode file for STMicroelectronics.X-CUBE-FREERTOS.1.3.1
2025-08-15 09:31:54,947 [WARN] PackLoader:240 - Cannot read IP mode file for STMicroelectronics.X-CUBE-NFC7.1.0.1
2025-08-15 09:31:54,972 [WARN] PackLoader:240 - Cannot read IP mode file for wolfSSL.I-CUBE-wolfTPM.3.2.0
2025-08-15 09:31:54,996 [WARN] PackLoader:240 - Cannot read IP mode file for STMicroelectronics.FP-SNS-STAIOTCFT.1.0.0
2025-08-15 09:31:55,023 [WARN] PackLoader:240 - Cannot read IP mode file for STMicroelectronics.X-CUBE-DPower.1.3.0
2025-08-15 09:31:55,073 [WARN] ConditionMgr:438 - getConditionDescription Invalid condition id : LAN8742 Phy interface Condition cause : null
2025-08-15 09:31:55,073 [WARN] PackLoader:240 - Cannot read IP mode file for STMicroelectronics.X-CUBE-AZRTOS-L4.2.0.0
2025-08-15 09:31:55,074 [WARN] ConditionMgr:1044 - genDependencies : Invalid condition id : LAN8742 Phy interface Condition cause : null
2025-08-15 09:31:55,075 [WARN] ConditionMgr:1044 - genDependencies : Invalid condition id : LAN8742 Phy interface Condition cause : null
2025-08-15 09:31:55,075 [WARN] ConditionMgr:1044 - genDependencies : Invalid condition id : LAN8742 Phy interface Condition cause : null
2025-08-15 09:31:55,105 [WARN] PackLoader:240 - Cannot read IP mode file for STMicroelectronics.X-CUBE-SFXS2LP1.4.0.0
2025-08-15 09:31:55,163 [WARN] PackLoader:240 - Cannot read IP mode file for STMicroelectronics.X-CUBE-AZRTOS-H7.3.3.0
2025-08-15 09:31:55,198 [WARN] PackLoader:240 - Cannot read IP mode file for STMicroelectronics.X-CUBE-BLEMGR.4.1.0
2025-08-15 09:31:55,243 [WARN] PackLoader:240 - Cannot read IP mode file for STMicroelectronics.X-CUBE-IPS.3.0.0
2025-08-15 09:31:55,284 [WARN] ConditionMgr:438 - getConditionDescription Invalid condition id : UX DEVICE CLASS RTOS Condition cause : null
2025-08-15 09:31:55,285 [WARN] ConditionMgr:438 - getConditionDescription Invalid condition id : UX DEVICE CLASS RTOS Condition cause : null
2025-08-15 09:31:55,287 [WARN] PackLoader:240 - Cannot read IP mode file for STMicroelectronics.X-CUBE-AZRTOS-WB.2.0.0
2025-08-15 09:31:55,288 [WARN] ConditionMgr:1044 - genDependencies : Invalid condition id : UX DEVICE CLASS RTOS Condition cause : null
2025-08-15 09:31:55,288 [WARN] ConditionMgr:1044 - genDependencies : Invalid condition id : UX DEVICE CLASS RTOS Condition cause : null
2025-08-15 09:31:55,288 [WARN] ConditionMgr:1044 - genDependencies : Invalid condition id : UX DEVICE CLASS RTOS Condition cause : null
2025-08-15 09:31:55,288 [WARN] ConditionMgr:1044 - genDependencies : Invalid condition id : UX DEVICE CLASS RTOS Condition cause : null
2025-08-15 09:31:55,288 [WARN] ConditionMgr:1044 - genDependencies : Invalid condition id : UX DEVICE CLASS RTOS Condition cause : null
2025-08-15 09:31:55,312 [WARN] PackLoader:240 - Cannot read IP mode file for STMicroelectronics.X-CUBE-GNSS1.7.0.0
2025-08-15 09:31:55,336 [WARN] PackLoader:240 - Cannot read IP mode file for STMicroelectronics.X-CUBE-GNSS1.7.0.1
2025-08-15 09:31:55,371 [WARN] PackLoader:240 - Cannot read IP mode file for STMicroelectronics.X-CUBE-TOUCHGFX.4.25.0
2025-08-15 09:31:55,398 [WARN] PackLoader:240 - Cannot read IP mode file for STMicroelectronics.FP-SNS-STBOX1.2.0.0
2025-08-15 09:31:55,435 [WARN] PackLoader:240 - Cannot read IP mode file for STMicroelectronics.X-CUBE-SUBG2.5.0.0
2025-08-15 09:31:55,499 [WARN] PackLoader:240 - Cannot read IP mode file for STMicroelectronics.X-CUBE-AZRTOS-H7RS.1.1.0
2025-08-15 09:31:55,528 [WARN] PackLoader:240 - Cannot read IP mode file for Cesanta.I-CUBE-Mongoose.7.13.0
2025-08-15 09:31:55,571 [WARN] PackLoader:240 - Cannot read IP mode file for STMicroelectronics.X-CUBE-AZRTOS-G4.2.0.0
2025-08-15 09:31:55,603 [WARN] PackLoader:240 - Cannot read IP mode file for STMicroelectronics.X-CUBE-NFC7.2.0.0
2025-08-15 09:31:55,629 [WARN] PackLoader:240 - Cannot read IP mode file for STMicroelectronics.X-CUBE-ISPU.2.0.0
2025-08-15 09:31:55,664 [WARN] PackLoader:240 - Cannot read IP mode file for STMicroelectronics.X-CUBE-IPS.3.1.0
2025-08-15 09:31:55,715 [WARN] PackLoader:240 - Cannot read IP mode file for STMicroelectronics.X-CUBE-ALS.1.0.2
2025-08-15 09:31:55,787 [WARN] PackLoader:240 - Cannot read IP mode file for STMicroelectronics.X-CUBE-MEMS1.10.0.0
2025-08-15 09:31:55,939 [WARN] PackLoader:240 - Cannot read IP mode file for STMicroelectronics.X-CUBE-TOUCHGFX.4.24.0
2025-08-15 09:31:55,963 [WARN] PackLoader:240 - Cannot read IP mode file for STMicroelectronics.X-CUBE-TOUCHGFX.4.24.1
2025-08-15 09:31:55,988 [WARN] PackLoader:240 - Cannot read IP mode file for portGmbH.I-Cube-SoM-uGOAL.1.1.0
2025-08-15 09:31:56,042 [WARN] PackLoader:240 - Cannot read IP mode file for STMicroelectronics.X-CUBE-AZRTOS-H7RS.1.0.0
2025-08-15 09:31:56,074 [WARN] PackLoader:240 - Cannot read IP mode file for STMicroelectronics.FP-ATR-ASTRA1.2.0.0
2025-08-15 09:31:56,109 [WARN] PackLoader:240 - Cannot read IP mode file for STMicroelectronics.X-CUBE-TOF1.3.4.2
2025-08-15 09:31:56,152 [WARN] PackLoader:240 - Cannot read IP mode file for STMicroelectronics.X-CUBE-TOF1.3.4.3
2025-08-15 09:31:56,191 [WARN] PackLoader:240 - Cannot read IP mode file for STMicroelectronics.X-CUBE-TOF1.3.4.1
2025-08-15 09:31:56,242 [WARN] PackLoader:240 - Cannot read IP mode file for STMicroelectronics.X-CUBE-AZRTOS-H7.3.2.0
2025-08-15 09:31:56,283 [WARN] PackLoader:240 - Cannot read IP mode file for Infineon.AIROC-Wi-Fi-Bluetooth-STM32.1.6.0
2025-08-15 09:31:56,307 [WARN] PackLoader:240 - Cannot read IP mode file for wolfSSL.I-CUBE-wolfSSH.1.4.17
2025-08-15 09:31:56,307 [INFO] ThirdParty:978 - Integrity check success = true
2025-08-15 09:31:56,307 [INFO] IntegrityCheckThread:100 - exiting critical section [integrity check]
2025-08-15 09:31:56,307 [INFO] IntegrityCheckThread:103 - End integrity checks thread
2025-08-15 11:38:39,922 [INFO] WebApp:194 - Connection lost
2025-08-15 11:38:40,439 [INFO] WebApp:191 - Connection restablished
2025-08-15 13:08:12,171 [INFO] WebApp:194 - Connection lost
2025-08-15 13:10:11,243 [INFO] WebApp:191 - Connection restablished
2025-08-15 15:26:38,332 [INFO] WebApp:194 - Connection lost
2025-08-15 15:26:58,313 [INFO] WebApp:191 - Connection restablished
2025-08-15 17:44:10,280 [INFO] WebApp:194 - Connection lost
2025-08-15 17:44:32,417 [INFO] WebApp:191 - Connection restablished
2025-08-15 17:44:35,293 [INFO] WebApp:194 - Connection lost
2025-08-15 17:44:35,609 [INFO] WebApp:191 - Connection restablished
2025-08-15 18:43:20,454 [INFO] WebApp:194 - Connection lost
2025-08-15 21:24:33,037 [INFO] WebApp:191 - Connection restablished
2025-08-15 21:24:35,808 [INFO] WebApp:194 - Connection lost
2025-08-15 21:24:36,123 [INFO] WebApp:191 - Connection restablished
2025-08-15 22:34:07,097 [ERROR] LogOutputStream:75 - [STDERR_REDIRECT] 
