2025-06-13 22:35:31,446 [INFO] Activator:176 - 


2025-06-13 22:35:31,460 [INFO] Activator:177 - !SESSION log4j initialized
2025-06-13 22:35:41,893 [INFO] LogOutputStream:77 - [STDOUT_REDIRECT] 
2025-06-13 22:35:48,784 [INFO] ApplicationProperties:184 - Using Application install path: C:\ST\STM32CubeIDE_1.16.0\STM32CubeIDE\plugins\com.st.stm32cube.common.mx_6.12.0.202406281431
2025-06-13 22:35:48,803 [INFO] DbMcusXml:78 - Set database path to: C:\ST\STM32CubeIDE_1.16.0\STM32CubeIDE\plugins\com.st.stm32cube.common.mx_6.12.0.202406281431\\db\/mcu/
2025-06-13 22:35:48,803 [INFO] ApiDb:274 - Set plugin database path to: C:\ST\STM32CubeIDE_1.16.0\STM32CubeIDE\plugins\com.st.stm32cube.common.mx_6.12.0.202406281431\\db\/plugins/boardmanager/
2025-06-13 22:35:48,805 [WARN] ApiDb:259 - Overriding images path with different value:  => C:\ST\STM32CubeIDE_1.16.0\STM32CubeIDE\plugins\com.st.stm32cube.common.mx_6.12.0.202406281431\\db\/plugins/mcufinder/images/
2025-06-13 22:35:48,818 [INFO] ApiDb:250 - Set database path to: C:\Users\nisha\.stmcufinder\plugins\mcufinder//mcu/
2025-06-13 22:35:48,819 [INFO] DbMcusAds:125 - Set database path to: C:\Users\nisha\.stmcufinder\plugins\mcufinder//mcu/
2025-06-13 22:35:48,823 [INFO] CrossReferenceDbSqlite:203 - Set database path to: C:\Users\nisha\.stmcufinder\plugins\mcufinder//mcu/cs/
2025-06-13 22:35:48,943 [INFO] RulesReader:64 - Compatibility file has been processed (297 Rules)
2025-06-13 22:35:49,056 [INFO] DbMcusXml:78 - Set database path to: C:\ST\STM32CubeIDE_1.16.0\STM32CubeIDE\plugins\com.st.stm32cube.common.mx_6.12.0.202406281431\\db\/mcu/
2025-06-13 22:35:49,057 [INFO] ApiDb:274 - Set plugin database path to: C:\ST\STM32CubeIDE_1.16.0\STM32CubeIDE\plugins\com.st.stm32cube.common.mx_6.12.0.202406281431\\db\/plugins/boardmanager/
2025-06-13 22:35:49,057 [INFO] ApiDb:261 - Set plugin images path to: C:\ST\STM32CubeIDE_1.16.0\STM32CubeIDE\plugins\com.st.stm32cube.common.mx_6.12.0.202406281431\\db\/plugins/mcufinder/images/
2025-06-13 22:35:49,057 [WARN] DbFile:41 - Overriding database path with different value: C:\Users\nisha\.stmcufinder\plugins\mcufinder/ => C:\Users\nisha\.stmcufinder\plugins\mcufinder
2025-06-13 22:35:49,057 [INFO] ApiDb:250 - Set database path to: C:\Users\nisha\.stmcufinder\plugins\mcufinder//mcu/
2025-06-13 22:35:49,057 [WARN] DbFile:41 - Overriding database path with different value: C:\Users\nisha\.stmcufinder\plugins\mcufinder/ => C:\Users\nisha\.stmcufinder\plugins\mcufinder
2025-06-13 22:35:49,057 [INFO] DbMcusAds:125 - Set database path to: C:\Users\nisha\.stmcufinder\plugins\mcufinder//mcu/
2025-06-13 22:35:49,057 [WARN] DbFile:41 - Overriding database path with different value: C:\Users\nisha\.stmcufinder\plugins\mcufinder/ => C:\Users\nisha\.stmcufinder\plugins\mcufinder
2025-06-13 22:35:49,057 [WARN] DbFile:41 - Overriding database path with different value: C:\Users\nisha\.stmcufinder\plugins\mcufinder/ => C:\Users\nisha\.stmcufinder\plugins\mcufinder
2025-06-13 22:35:49,058 [INFO] CrossReferenceDbSqlite:203 - Set database path to: C:\Users\nisha\.stmcufinder\plugins\mcufinder//mcu/cs/
2025-06-13 22:35:49,151 [INFO] MainPanel:268 - HeapMemory: 268435456
2025-06-13 22:35:49,250 [INFO] DbMcusXml:78 - Set database path to: C:\ST\STM32CubeIDE_1.16.0\STM32CubeIDE\plugins\com.st.stm32cube.common.mx_6.12.0.202406281431\\db\/mcu/
2025-06-13 22:35:49,250 [INFO] ApiDb:274 - Set plugin database path to: C:\ST\STM32CubeIDE_1.16.0\STM32CubeIDE\plugins\com.st.stm32cube.common.mx_6.12.0.202406281431\\db\/plugins/boardmanager/
2025-06-13 22:35:49,250 [INFO] ApiDb:261 - Set plugin images path to: C:\ST\STM32CubeIDE_1.16.0\STM32CubeIDE\plugins\com.st.stm32cube.common.mx_6.12.0.202406281431\\db\/plugins/mcufinder/images/
2025-06-13 22:35:49,251 [WARN] DbFile:41 - Overriding database path with different value: C:\Users\nisha\.stmcufinder\plugins\mcufinder/ => C:\Users\nisha\.stmcufinder\plugins\mcufinder
2025-06-13 22:35:49,251 [INFO] ApiDb:250 - Set database path to: C:\Users\nisha\.stmcufinder\plugins\mcufinder//mcu/
2025-06-13 22:35:49,251 [WARN] DbFile:41 - Overriding database path with different value: C:\Users\nisha\.stmcufinder\plugins\mcufinder/ => C:\Users\nisha\.stmcufinder\plugins\mcufinder
2025-06-13 22:35:49,251 [INFO] DbMcusAds:125 - Set database path to: C:\Users\nisha\.stmcufinder\plugins\mcufinder//mcu/
2025-06-13 22:35:49,251 [WARN] DbFile:41 - Overriding database path with different value: C:\Users\nisha\.stmcufinder\plugins\mcufinder/ => C:\Users\nisha\.stmcufinder\plugins\mcufinder
2025-06-13 22:35:49,251 [WARN] DbFile:41 - Overriding database path with different value: C:\Users\nisha\.stmcufinder\plugins\mcufinder/ => C:\Users\nisha\.stmcufinder\plugins\mcufinder
2025-06-13 22:35:49,251 [INFO] CrossReferenceDbSqlite:203 - Set database path to: C:\Users\nisha\.stmcufinder\plugins\mcufinder//mcu/cs/
2025-06-13 22:35:49,270 [INFO] ApplicationProperties:184 - Using Application install path: C:\ST\STM32CubeIDE_1.16.0\STM32CubeIDE\plugins\com.st.stm32cube.common.mx_6.12.0.202406281431
2025-06-13 22:35:49,272 [INFO] PluginManage:196 - Search for loadable plugins [exclusion list=, ]
2025-06-13 22:35:49,273 [INFO] PluginManage:310 - Check plugin analytics
2025-06-13 22:35:54,517 [INFO] AnalyticsPlugin:253 - Accepted Software Licenses: 
2025-06-13 22:35:54,517 [INFO] AnalyticsPlugin:255 - Accepted CMSIS Pack Licenses: 
2025-06-13 22:35:54,518 [INFO] AnalyticsPlugin:257 - Accepted Firmware Licenses: FW.F4.1.28.0
2025-06-13 22:35:54,521 [INFO] PluginManage:359 - Loaded plugin analytics (category:tool,tabindex:-1)
2025-06-13 22:35:54,522 [INFO] PluginManage:310 - Check plugin cadmodel
2025-06-13 22:35:54,546 [INFO] CADModel:105 - Init CAD model plugin
2025-06-13 22:35:54,546 [INFO] PluginManage:359 - Loaded plugin cadmodel (category:power,tabindex:5)
2025-06-13 22:35:54,547 [INFO] PluginManage:310 - Check plugin clock
2025-06-13 22:35:54,583 [INFO] PluginManage:359 - Loaded plugin clock (category:base,tabindex:2)
2025-06-13 22:35:54,584 [INFO] PluginManage:310 - Check plugin ddr
2025-06-13 22:35:54,590 [INFO] PluginManage:359 - Loaded plugin ddr (category:tool,tabindex:6)
2025-06-13 22:35:54,591 [INFO] PluginManage:310 - Check plugin filemanager
2025-06-13 22:35:54,818 [INFO] PluginManage:359 - Loaded plugin filemanager (category:base,tabindex:10)
2025-06-13 22:35:54,818 [INFO] PluginManage:310 - Check plugin ipmanager
2025-06-13 22:35:54,830 [INFO] PluginManage:359 - Loaded plugin ipmanager (category:base,tabindex:5)
2025-06-13 22:35:54,830 [INFO] PluginManage:310 - Check plugin lpbam
2025-06-13 22:35:54,856 [INFO] PluginManage:359 - Loaded plugin lpbam (category:base,tabindex:0)
2025-06-13 22:35:54,856 [INFO] PluginManage:310 - Check plugin memorymap
2025-06-13 22:35:54,894 [INFO] PluginManage:359 - Loaded plugin memorymap (category:base,tabindex:4)
2025-06-13 22:35:54,895 [INFO] PluginManage:310 - Check plugin pinoutandconfiguration
2025-06-13 22:35:54,922 [INFO] PluginManage:359 - Loaded plugin pinoutandconfiguration (category:base,tabindex:1)
2025-06-13 22:35:54,923 [INFO] PluginManage:310 - Check plugin pinoutconfig
2025-06-13 22:35:55,057 [WARN] SupportedApi:132 - Cannot load RTOS API schema: s4s-elt-must-match.1: The content of 'definitions' must match (annotation?, (simpleType | complexType)?, (unique | key | keyref)*)). A problem was found starting at: attribute.
2025-06-13 22:35:55,181 [INFO] PluginManage:359 - Loaded plugin pinoutconfig (category:base,tabindex:0)
2025-06-13 22:35:55,181 [INFO] PluginManage:310 - Check plugin power
2025-06-13 22:35:55,201 [INFO] PluginManage:359 - Loaded plugin power (category:power,tabindex:4)
2025-06-13 22:35:55,201 [INFO] PluginManage:310 - Check plugin projectmanager
2025-06-13 22:35:55,217 [INFO] PluginManage:359 - Loaded plugin projectmanager (category:projectmanager,tabindex:4)
2025-06-13 22:35:55,217 [INFO] PluginManage:310 - Check plugin rif
2025-06-13 22:35:55,233 [INFO] PluginManage:359 - Loaded plugin rif (category:base,tabindex:3)
2025-06-13 22:35:55,233 [INFO] PluginManage:310 - Check plugin thirdparty
2025-06-13 22:35:55,531 [INFO] PluginManage:359 - Loaded plugin thirdparty (category:base,tabindex:-1)
2025-06-13 22:35:55,531 [WARN] IntegrityCheckThread:84 - waiting for thirdparty lock release [integrity check]
2025-06-13 22:35:55,531 [INFO] IntegrityCheckThread:86 - entering critical section [integrity check]
2025-06-13 22:35:55,531 [INFO] PluginManage:310 - Check plugin tools
2025-06-13 22:35:55,531 [INFO] ThirdPartyUpdaterWithRetryManager:70 - Updater plugin not ready yet. [1/15]
2025-06-13 22:35:55,565 [INFO] PluginManage:359 - Loaded plugin tools (category:base,tabindex:7)
2025-06-13 22:35:55,565 [INFO] PluginManage:310 - Check plugin tutovideos
2025-06-13 22:35:55,768 [INFO] PluginManage:359 - Loaded plugin tutovideos (category:base,tabindex:-1)
2025-06-13 22:35:55,768 [INFO] PluginManage:310 - Check plugin updater
2025-06-13 22:35:55,784 [INFO] PluginManage:359 - Loaded plugin updater (category:base,tabindex:12)
2025-06-13 22:35:55,784 [INFO] PluginManage:310 - Check plugin userauth
2025-06-13 22:35:55,789 [INFO] UserAuth:113 - Init User Auth plugin
2025-06-13 22:35:55,789 [INFO] PluginManage:359 - Loaded plugin userauth (category:base,tabindex:14)
2025-06-13 22:35:55,790 [INFO] PluginManage:283 - PluginManage : Loaded plugins [18]
2025-06-13 22:35:56,003 [INFO] PinOutPanel:1561 - setPackage(No Configuration,No Configuration)
2025-06-13 22:35:56,094 [INFO] CADModel:165 - CPN selected for project level
2025-06-13 22:35:56,094 [INFO] CADModel:114 - Register for checkConnection events
2025-06-13 22:35:56,121 [INFO] IPUIPlugin:80 - create IPUIPlugin
2025-06-13 22:35:56,122 [INFO] PluginManager:220 - loadIPPluginJar : add adc
2025-06-13 22:35:56,159 [INFO] IPUIPlugin:80 - create IPUIPlugin
2025-06-13 22:35:56,159 [INFO] PluginManager:220 - loadIPPluginJar : add aes
2025-06-13 22:35:56,201 [INFO] IPUIPlugin:80 - create IPUIPlugin
2025-06-13 22:35:56,201 [INFO] PluginManager:220 - loadIPPluginJar : add can
2025-06-13 22:35:56,241 [INFO] IPUIPlugin:80 - create IPUIPlugin
2025-06-13 22:35:56,241 [INFO] PluginManager:220 - loadIPPluginJar : add comp
2025-06-13 22:35:56,284 [INFO] IPUIPlugin:80 - create IPUIPlugin
2025-06-13 22:35:56,284 [INFO] PluginManager:220 - loadIPPluginJar : add cryp
2025-06-13 22:35:56,299 [INFO] IPUIPlugin:80 - create IPUIPlugin
2025-06-13 22:35:56,299 [INFO] PluginManager:220 - loadIPPluginJar : add ddr_ctrl_phy
2025-06-13 22:35:56,335 [INFO] IPUIPlugin:80 - create IPUIPlugin
2025-06-13 22:35:56,335 [INFO] PluginManager:220 - loadIPPluginJar : add dfsdm
2025-06-13 22:35:56,350 [INFO] IPUIPlugin:80 - create IPUIPlugin
2025-06-13 22:35:56,350 [INFO] PluginManager:220 - loadIPPluginJar : add dma
2025-06-13 22:35:56,402 [INFO] IPUIPlugin:80 - create IPUIPlugin
2025-06-13 22:35:56,402 [INFO] PluginManager:220 - loadIPPluginJar : add dma3
2025-06-13 22:35:56,467 [INFO] IPUIPlugin:80 - create IPUIPlugin
2025-06-13 22:35:56,468 [INFO] PluginManager:220 - loadIPPluginJar : add extmemmanager
2025-06-13 22:35:56,494 [INFO] IPUIPlugin:80 - create IPUIPlugin
2025-06-13 22:35:56,494 [INFO] PluginManager:220 - loadIPPluginJar : add fatfs
2025-06-13 22:35:56,544 [INFO] IPUIPlugin:80 - create IPUIPlugin
2025-06-13 22:35:56,545 [INFO] PluginManager:220 - loadIPPluginJar : add fmc
2025-06-13 22:35:56,559 [INFO] IPUIPlugin:80 - create IPUIPlugin
2025-06-13 22:35:56,559 [INFO] PluginManager:220 - loadIPPluginJar : add freertos
2025-06-13 22:35:56,584 [INFO] IPUIPlugin:80 - create IPUIPlugin
2025-06-13 22:35:56,584 [INFO] PluginManager:220 - loadIPPluginJar : add genericplugin
2025-06-13 22:35:56,687 [INFO] IPUIPlugin:80 - create IPUIPlugin
2025-06-13 22:35:56,687 [INFO] PluginManager:220 - loadIPPluginJar : add gfxmmu
2025-06-13 22:35:56,844 [INFO] IPUIPlugin:80 - create IPUIPlugin
2025-06-13 22:35:56,844 [INFO] PluginManager:220 - loadIPPluginJar : add gic
2025-06-13 22:35:56,858 [INFO] IPUIPlugin:80 - create IPUIPlugin
2025-06-13 22:35:56,858 [INFO] PluginManager:220 - loadIPPluginJar : add gpio
2025-06-13 22:35:56,964 [INFO] IPUIPlugin:80 - create IPUIPlugin
2025-06-13 22:35:56,965 [INFO] PluginManager:220 - loadIPPluginJar : add gtzc
2025-06-13 22:35:56,998 [INFO] IPUIPlugin:80 - create IPUIPlugin
2025-06-13 22:35:56,999 [INFO] PluginManager:220 - loadIPPluginJar : add hash
2025-06-13 22:35:57,050 [INFO] IPUIPlugin:80 - create IPUIPlugin
2025-06-13 22:35:57,050 [INFO] PluginManager:220 - loadIPPluginJar : add i2c
2025-06-13 22:35:57,087 [INFO] IPUIPlugin:80 - create IPUIPlugin
2025-06-13 22:35:57,087 [INFO] PluginManager:220 - loadIPPluginJar : add i2s
2025-06-13 22:35:57,130 [INFO] IPUIPlugin:80 - create IPUIPlugin
2025-06-13 22:35:57,130 [INFO] PluginManager:220 - loadIPPluginJar : add i3c
2025-06-13 22:35:57,224 [INFO] IPUIPlugin:80 - create IPUIPlugin
2025-06-13 22:35:57,224 [INFO] PluginManager:220 - loadIPPluginJar : add ipddr
2025-06-13 22:35:57,322 [INFO] IPUIPlugin:80 - create IPUIPlugin
2025-06-13 22:35:57,323 [INFO] PluginManager:220 - loadIPPluginJar : add linkedlist
2025-06-13 22:35:57,361 [INFO] IPUIPlugin:80 - create IPUIPlugin
2025-06-13 22:35:57,361 [INFO] PluginManager:220 - loadIPPluginJar : add lorawan
2025-06-13 22:35:57,395 [INFO] IPUIPlugin:80 - create IPUIPlugin
2025-06-13 22:35:57,395 [INFO] PluginManager:220 - loadIPPluginJar : add ltdc
2025-06-13 22:35:57,408 [INFO] IPUIPlugin:80 - create IPUIPlugin
2025-06-13 22:35:57,409 [INFO] PluginManager:220 - loadIPPluginJar : add mdma
2025-06-13 22:35:57,422 [INFO] IPUIPlugin:80 - create IPUIPlugin
2025-06-13 22:35:57,422 [INFO] PluginManager:220 - loadIPPluginJar : add nvic
2025-06-13 22:35:57,466 [INFO] IPUIPlugin:80 - create IPUIPlugin
2025-06-13 22:35:57,466 [INFO] PluginManager:220 - loadIPPluginJar : add opamp
2025-06-13 22:35:57,555 [INFO] IPUIPlugin:80 - create IPUIPlugin
2025-06-13 22:35:57,555 [INFO] PluginManager:220 - loadIPPluginJar : add openamp
2025-06-13 22:35:57,615 [INFO] IPUIPlugin:80 - create IPUIPlugin
2025-06-13 22:35:57,615 [INFO] PluginManager:220 - loadIPPluginJar : add pdm2pcm
2025-06-13 22:35:57,632 [INFO] IPUIPlugin:80 - create IPUIPlugin
2025-06-13 22:35:57,633 [INFO] PluginManager:220 - loadIPPluginJar : add plateformsettings
2025-06-13 22:35:57,661 [INFO] IPUIPlugin:80 - create IPUIPlugin
2025-06-13 22:35:57,661 [INFO] PluginManager:220 - loadIPPluginJar : add quadspi
2025-06-13 22:35:57,689 [INFO] IPUIPlugin:80 - create IPUIPlugin
2025-06-13 22:35:57,690 [INFO] PluginManager:220 - loadIPPluginJar : add radio
2025-06-13 22:35:57,705 [INFO] IPUIPlugin:80 - create IPUIPlugin
2025-06-13 22:35:57,705 [INFO] PluginManager:220 - loadIPPluginJar : add resmgrutility
2025-06-13 22:35:57,756 [INFO] IPUIPlugin:80 - create IPUIPlugin
2025-06-13 22:35:57,756 [INFO] PluginManager:220 - loadIPPluginJar : add sai
2025-06-13 22:35:57,805 [INFO] IPUIPlugin:80 - create IPUIPlugin
2025-06-13 22:35:57,805 [INFO] PluginManager:220 - loadIPPluginJar : add spi
2025-06-13 22:35:57,891 [INFO] IPUIPlugin:80 - create IPUIPlugin
2025-06-13 22:35:57,891 [INFO] PluginManager:220 - loadIPPluginJar : add stm32_wpan
2025-06-13 22:35:57,929 [INFO] IPUIPlugin:80 - create IPUIPlugin
2025-06-13 22:35:57,930 [INFO] PluginManager:220 - loadIPPluginJar : add tim
2025-06-13 22:35:57,999 [INFO] IPUIPlugin:80 - create IPUIPlugin
2025-06-13 22:35:58,000 [INFO] PluginManager:220 - loadIPPluginJar : add touchsensing
2025-06-13 22:35:58,036 [INFO] IPUIPlugin:80 - create IPUIPlugin
2025-06-13 22:35:58,037 [INFO] PluginManager:220 - loadIPPluginJar : add tracer_emb
2025-06-13 22:35:58,066 [INFO] IPUIPlugin:80 - create IPUIPlugin
2025-06-13 22:35:58,066 [INFO] PluginManager:220 - loadIPPluginJar : add ts
2025-06-13 22:35:58,100 [INFO] IPUIPlugin:80 - create IPUIPlugin
2025-06-13 22:35:58,100 [INFO] PluginManager:220 - loadIPPluginJar : add tsc
2025-06-13 22:35:58,132 [INFO] IPUIPlugin:80 - create IPUIPlugin
2025-06-13 22:35:58,132 [INFO] PluginManager:220 - loadIPPluginJar : add ucpd
2025-06-13 22:35:58,196 [INFO] IPUIPlugin:80 - create IPUIPlugin
2025-06-13 22:35:58,197 [INFO] PluginManager:220 - loadIPPluginJar : add usart
2025-06-13 22:35:58,261 [INFO] IPUIPlugin:80 - create IPUIPlugin
2025-06-13 22:35:58,261 [INFO] PluginManager:220 - loadIPPluginJar : add usbx
2025-06-13 22:35:58,407 [INFO] CADModel:165 - CPN selected for project level
2025-06-13 22:35:58,408 [INFO] CADModel:114 - Register for checkConnection events
2025-06-13 22:35:58,408 [FATAL] Updater:334 - Updater called before beeing initialized
2025-06-13 22:35:58,408 [ERROR] CADModel:125 - Updater not yet initialized, retry later 
2025-06-13 22:35:58,534 [INFO] ThirdPartyUpdaterWithRetryManager:70 - Updater plugin not ready yet. [2/15]
2025-06-13 22:35:58,558 [INFO] CADModel:165 - CPN selected for project level
2025-06-13 22:35:58,558 [INFO] CADModel:114 - Register for checkConnection events
2025-06-13 22:35:58,558 [FATAL] Updater:334 - Updater called before beeing initialized
2025-06-13 22:35:58,558 [ERROR] CADModel:125 - Updater not yet initialized, retry later 
2025-06-13 22:35:58,561 [FATAL] Updater:334 - Updater called before beeing initialized
2025-06-13 22:35:58,662 [FATAL] Updater:334 - Updater called before beeing initialized
2025-06-13 22:35:58,672 [INFO] DbMcusAds:53 - JSON generation date=Wed May 07 14:37:55 IST 2025 (1746608875484)
2025-06-13 22:35:58,673 [FATAL] Updater:334 - Updater called before beeing initialized
2025-06-13 22:35:58,747 [WARN] DetailPanel:346 - Failed to get advertising image, set to default
2025-06-13 22:35:58,861 [FATAL] Updater:334 - Updater called before beeing initialized
2025-06-13 22:35:58,863 [FATAL] Updater:334 - Updater called before beeing initialized
2025-06-13 22:35:58,863 [FATAL] Updater:334 - Updater called before beeing initialized
2025-06-13 22:35:58,863 [WARN] DetailPanel:346 - Failed to get advertising image, set to default
2025-06-13 22:35:58,864 [FATAL] Updater:334 - Updater called before beeing initialized
2025-06-13 22:35:58,919 [ERROR] Updater:1164 - MainUpdater not yet initialized. External WinMGr cannot be set.
2025-06-13 22:35:58,930 [INFO] Updater:1100 - Updater Version found : 6.12.0
2025-06-13 22:35:58,946 [INFO] ApplicationProperties:184 - Using Application install path: C:\ST\STM32CubeIDE_1.16.0\STM32CubeIDE\plugins\com.st.stm32cube.common.mx_6.12.0.202406281431
2025-06-13 22:36:00,531 [ERROR] LogOutputStream:75 - [STDERR_REDIRECT] Jun 13, 2025 10:36:00 PM java.util.prefs.WindowsPreferences <init>
2025-06-13 22:36:00,533 [ERROR] LogOutputStream:75 - [STDERR_REDIRECT] WARNING: Could not open/create prefs root node Software\JavaSoft\Prefs at root 0xffffffff80000002. Windows RegCreateKeyEx(...) returned error code 5.
2025-06-13 22:36:00,533 [ERROR] LogOutputStream:75 - [STDERR_REDIRECT] 
2025-06-13 22:36:01,534 [FATAL] Updater:334 - Updater called before beeing initialized
2025-06-13 22:36:01,534 [ERROR] IntegrityCheckThread:130 - Cannot retrieve database content from updater: error 21
2025-06-13 22:36:01,534 [INFO] ThirdParty:978 - Integrity check success = false
2025-06-13 22:36:01,534 [INFO] IntegrityCheckThread:100 - exiting critical section [integrity check]
2025-06-13 22:36:01,536 [INFO] IntegrityCheckThread:103 - End integrity checks thread
2025-06-13 22:36:01,793 [INFO] MainUpdater:2873 - connection check result : 10
2025-06-13 22:36:01,794 [INFO] MainUpdater:290 - Updater Check For Update Now.
2025-06-13 22:36:01,794 [INFO] MicroXplorer:498 - Change Database Version : DB.6.0.120
2025-06-13 22:36:01,824 [INFO] McuFinderGlobals:63 - Set McuFinder mode to 2 (CubeIDE integrated)
2025-06-13 22:36:01,833 [INFO] UserAuth:417 - Internet connection configuration mode: 1
2025-06-13 22:36:01,881 [INFO] JxBrowserEngine:152 - Initiate JxBrowser Engine with user profile folder
2025-06-13 22:36:02,010 [INFO] CheckServerUpdateThread:120 - End of CheckServer Thread
2025-06-13 22:36:07,781 [INFO] WebApp:167 - Instantiating new browser for Auth
2025-06-13 22:36:08,882 [INFO] WebApp:448 - Apply proxy settings
2025-06-13 22:36:08,882 [INFO] WebApp:533 - Chromium requires no authentication
2025-06-13 22:36:08,893 [INFO] WebApp:476 - Direct internet connection detected
2025-06-13 22:36:08,918 [INFO] WebApp:869 - Register for checkConnection events
2025-06-13 22:36:08,918 [INFO] WebApp:448 - Apply proxy settings
2025-06-13 22:36:08,918 [INFO] WebApp:533 - Chromium requires no authentication
2025-06-13 22:36:08,919 [INFO] WebApp:476 - Direct internet connection detected
2025-06-13 22:36:09,089 [INFO] WebApp:220 - Starting web application
2025-06-13 22:36:09,089 [INFO] WebApp:578 - Web application path used C:\ST\STM32CubeIDE_1.16.0\STM32CubeIDE\plugins\com.st.stm32cube.common.mx_6.12.0.202406281431\db\plugins\mcufinder\reactClient1\index.html
2025-06-13 22:36:09,227 [INFO] UserAuth:417 - Internet connection configuration mode: 1
2025-06-13 22:36:09,290 [INFO] WebApp:186 - Connection restablished
2025-06-13 22:42:52,338 [INFO] WebApp:189 - Connection lost
2025-06-13 22:42:52,776 [INFO] WebApp:186 - Connection restablished
2025-06-13 22:42:54,447 [INFO] WebApp:189 - Connection lost
2025-06-13 22:42:54,717 [INFO] WebApp:186 - Connection restablished
2025-06-13 22:42:57,805 [INFO] WebApp:189 - Connection lost
2025-06-13 22:42:58,254 [INFO] WebApp:186 - Connection restablished
2025-06-13 22:45:08,616 [ERROR] LogOutputStream:75 - [STDERR_REDIRECT] 
