2025-07-04 10:42:13,265 [INFO] WebApp:191 - Connection restablished
2025-07-04 10:42:14,340 [INFO] WebApp:194 - Connection lost
2025-07-04 10:42:14,566 [INFO] WebApp:191 - Connection restablished
2025-07-04 10:55:55,549 [INFO] MainUpdater:2872 - connection check result : 10
2025-07-04 10:55:55,550 [INFO] MainUpdater:2872 - connection check result : 10
2025-07-04 10:55:55,595 [INFO] MicroXplorer:468 - Change Database Path : 
2025-07-04 10:55:55,599 [INFO] MicroXplorer:498 - Change Database Version : DB.6.0.141
2025-07-04 10:55:55,774 [ERROR] ProjectManagerView:395 - 
java.lang.NullPointerException: Cannot invoke "javax.swing.JTextField.getText()" because the return value of "java.util.List.get(int)" is null
	at com.st.microxplorer.plugins.projectmanager.gui.ProjectChoiceTab$9.caretUpdate(ProjectChoiceTab.java:2678) ~[filemanager.jar:?]
	at javax.swing.text.JTextComponent.fireCaretUpdate(JTextComponent.java:408) ~[?:?]
	at javax.swing.text.JTextComponent$MutableCaretEvent.fire(JTextComponent.java:4484) ~[?:?]
	at javax.swing.text.JTextComponent$MutableCaretEvent.stateChanged(JTextComponent.java:4506) ~[?:?]
	at javax.swing.text.DefaultCaret.fireStateChanged(DefaultCaret.java:857) ~[?:?]
	at javax.swing.text.DefaultCaret.changeCaretPosition(DefaultCaret.java:1343) ~[?:?]
	at javax.swing.text.DefaultCaret.handleSetDot(DefaultCaret.java:1242) ~[?:?]
	at javax.swing.text.DefaultCaret.setDot(DefaultCaret.java:1223) ~[?:?]
	at javax.swing.text.DefaultCaret$Handler.insertUpdate(DefaultCaret.java:1819) ~[?:?]
	at javax.swing.text.AbstractDocument.fireInsertUpdate(AbstractDocument.java:227) ~[?:?]
	at javax.swing.text.AbstractDocument.handleInsertString(AbstractDocument.java:781) ~[?:?]
	at javax.swing.text.AbstractDocument.insertString(AbstractDocument.java:740) ~[?:?]
	at javax.swing.text.PlainDocument.insertString(PlainDocument.java:131) ~[?:?]
	at javax.swing.text.AbstractDocument.replace(AbstractDocument.java:699) ~[?:?]
	at javax.swing.text.JTextComponent.setText(JTextComponent.java:1725) ~[?:?]
	at com.st.microxplorer.plugins.projectmanager.gui.ProjectChoiceTab.createHeapStackFields(ProjectChoiceTab.java:979) ~[filemanager.jar:?]
	at com.st.microxplorer.plugins.projectmanager.gui.ProjectChoiceTab.buildLinkSettingsPanel(ProjectChoiceTab.java:3766) ~[filemanager.jar:?]
	at com.st.microxplorer.plugins.projectmanager.gui.ProjectChoiceTab.defineWindowsFields(ProjectChoiceTab.java:1962) ~[filemanager.jar:?]
	at com.st.microxplorer.plugins.projectmanager.gui.ProjectChoiceTab.updateSettings(ProjectChoiceTab.java:555) ~[filemanager.jar:?]
	at com.st.microxplorer.plugins.projectmanager.gui.ProjectSettingsPanel.UpdateDialog(ProjectSettingsPanel.java:245) ~[filemanager.jar:?]
	at com.st.microxplorer.plugins.projectmanager.ProjectManagerView.propertyChange(ProjectManagerView.java:392) ~[filemanager.jar:?]
	at java.beans.PropertyChangeSupport.fire(PropertyChangeSupport.java:343) ~[?:?]
	at java.beans.PropertyChangeSupport.firePropertyChange(PropertyChangeSupport.java:335) ~[?:?]
	at java.beans.PropertyChangeSupport.firePropertyChange(PropertyChangeSupport.java:268) ~[?:?]
	at com.st.microxplorer.util.MXPropertyChangeSupport.firePropertyChange(MXPropertyChangeSupport.java:54) ~[STM32CubeMX.jar:?]
	at com.st.microxplorer.mxsystem.MxSystem.closeConfig(MxSystem.java:899) ~[STM32CubeMX.jar:?]
	at com.st.microxplorer.maingui.MainPanel.closeConfig(MainPanel.java:789) ~[STM32CubeMX.jar:?]
	at com.st.microxplorer.plugins.filemanager.engine.OpenFileManager.loadConfigurationFile(OpenFileManager.java:287) ~[filemanager.jar:?]
	at com.st.microxplorer.plugins.filemanager.engine.MainFileManager.userLoadConfig(MainFileManager.java:341) ~[filemanager.jar:?]
	at com.st.microxplorer.plugins.filemanager.engine.MainFileManager.userLoadConfig(MainFileManager.java:319) ~[filemanager.jar:?]
	at com.st.microxplorer.plugins.filemanager.FileManagerView.getSpecificTask(FileManagerView.java:246) ~[filemanager.jar:?]
	at com.st.stm32cube.common.mx.editor.CubeMxEditor.getMxTabbedPaneInstance(CubeMxEditor.java:1198) ~[com.st.stm32cube.common.mx_6.14.1.202504091515/:?]
	at com.st.stm32cube.common.mx.editor.CubeMxEditor$12$1.createSwingComponent(CubeMxEditor.java:1068) ~[com.st.stm32cube.common.mx_6.14.1.202504091515/:?]
	at com.st.stm32cube.common.mx.oss.core.awtswtbridge.EmbeddedSwingComposite.doComponentCreation(EmbeddedSwingComposite.java:492) ~[com.st.stm32cube.common.mx.oss_6.14.1.202504091515/:?]
	at com.st.stm32cube.common.mx.oss.core.awtswtbridge.EmbeddedSwingComposite$4.run(EmbeddedSwingComposite.java:291) ~[com.st.stm32cube.common.mx.oss_6.14.1.202504091515/:?]
	at com.st.stm32cube.common.mx.oss.core.awtswtbridge.AwtEnvironment$2.run(AwtEnvironment.java:166) ~[com.st.stm32cube.common.mx.oss_6.14.1.202504091515/:?]
	at java.awt.event.InvocationEvent.dispatch(InvocationEvent.java:318) ~[?:?]
	at java.awt.EventQueue.dispatchEventImpl(EventQueue.java:773) ~[?:?]
	at java.awt.EventQueue$4.run(EventQueue.java:720) ~[?:?]
	at java.awt.EventQueue$4.run(EventQueue.java:714) ~[?:?]
	at java.security.AccessController.doPrivileged(AccessController.java:400) ~[?:?]
	at java.security.ProtectionDomain$JavaSecurityAccessImpl.doIntersectionPrivilege(ProtectionDomain.java:87) ~[?:?]
	at java.awt.EventQueue.dispatchEvent(EventQueue.java:742) ~[?:?]
	at java.awt.EventDispatchThread.pumpOneEventForFilters(EventDispatchThread.java:203) ~[?:?]
	at java.awt.EventDispatchThread.pumpEventsForFilter(EventDispatchThread.java:124) ~[?:?]
	at java.awt.EventDispatchThread.pumpEventsForHierarchy(EventDispatchThread.java:113) ~[?:?]
	at java.awt.EventDispatchThread.pumpEvents(EventDispatchThread.java:109) ~[?:?]
	at java.awt.EventDispatchThread.pumpEvents(EventDispatchThread.java:101) ~[?:?]
	at java.awt.EventDispatchThread.run(EventDispatchThread.java:90) ~[?:?]
2025-07-04 10:55:55,832 [WARN] ThirdParty:871 - waiting for thirdparty lock release [close project]
2025-07-04 10:55:55,833 [INFO] ThirdParty:873 - entering critical section [close project]
2025-07-04 10:55:55,834 [INFO] ThirdParty:883 - exiting critical section [close project]
2025-07-04 10:55:55,842 [INFO] PinOutPanel:1589 - setPackage(No Configuration,No Configuration)
2025-07-04 10:55:55,989 [WARN] IpParametersView:155 - Warning: This peripheral hasn't parameters
2025-07-04 10:55:56,117 [WARN] MainPanel:289 - <html><b><center>Warning: This peripheral has no parameters to be configured<br></b></html>
2025-07-04 10:55:56,151 [INFO] UtilMem:75 - Begin LoadConfig() Used Memory: 645555640 Bytes (1073741824)
2025-07-04 10:55:56,151 [INFO] MicroXplorer:468 - Change Database Path : 
2025-07-04 10:55:56,151 [INFO] MicroXplorer:498 - Change Database Version : DB.6.0.141
2025-07-04 10:55:56,151 [INFO] OpenFileManager:354 - Change cursor
2025-07-04 10:55:56,255 [INFO] RulesReader:64 - Compatibility file has been processed (302 Rules)
2025-07-04 10:55:56,279 [INFO] Mcu:2011 - Initializing MCU STM32F407V(E-G)Tx STM32F407VGTx STM32F407VGT6
2025-07-04 10:56:00,072 [INFO] Context:756 - Trying to add GPIOservice into a context  which must be forbidden
2025-07-04 10:56:00,908 [INFO] ImportTextPane:218 - (OptionalMessage_ERROR) Pin34 (VP_RIF_VS_RIF1) cannot be retrieved for this MCU
2025-07-04 10:56:01,238 [INFO] RtosManager:558 - Registered RTOS mode: class=CMSIS, group=RTOS, mode=CMSIS_V1, owner=FREERTOS
2025-07-04 10:56:01,238 [INFO] RtosManager:558 - Registered RTOS mode: class=CMSIS, group=RTOS2, mode=CMSIS_V2, owner=FREERTOS
2025-07-04 10:56:01,238 [INFO] RtosManager:558 - Registered RTOS mode: class=RTOS, group=Core, mode=CMSIS_V1, owner=FREERTOS
2025-07-04 10:56:01,238 [INFO] RtosManager:558 - Registered RTOS mode: class=RTOS, group=Core, mode=CMSIS_V2, owner=FREERTOS
2025-07-04 10:56:01,238 [WARN] ModelIntegratedComponent:184 - Missing modes for component STMicroelectronics:FreeRTOS:0.0.1:STMicroelectronics:RTOS:FreeRTOS:Core:::10.2.0:
2025-07-04 10:56:01,242 [WARN] ModelIntegratedComponent:63 - No mode defined for component null
2025-07-04 10:56:01,242 [WARN] ModelIntegratedComponent:63 - No mode defined for component null
2025-07-04 10:56:01,242 [WARN] ModelIntegratedComponent:63 - No mode defined for component null
2025-07-04 10:56:01,242 [WARN] ModelIntegratedComponent:63 - No mode defined for component null
2025-07-04 10:56:01,242 [WARN] ModelIntegratedComponent:63 - No mode defined for component null
2025-07-04 10:56:01,242 [WARN] ModelIntegratedComponent:63 - No mode defined for component null
2025-07-04 10:56:01,242 [WARN] ModelIntegratedComponent:63 - No mode defined for component null
2025-07-04 10:56:01,242 [WARN] ModelIntegratedComponent:63 - No mode defined for component null
2025-07-04 10:56:01,242 [WARN] ModelIntegratedComponent:63 - No mode defined for component null
2025-07-04 10:56:01,242 [WARN] ModelIntegratedComponent:63 - No mode defined for component null
2025-07-04 10:56:01,243 [WARN] ModelIntegratedComponent:63 - No mode defined for component null
2025-07-04 10:56:01,243 [WARN] ModelIntegratedComponent:63 - No mode defined for component null
2025-07-04 10:56:01,243 [WARN] ModelIntegratedComponent:63 - No mode defined for component null
2025-07-04 10:56:01,243 [WARN] ModelIntegratedComponent:63 - No mode defined for component null
2025-07-04 10:56:01,243 [WARN] ModelIntegratedComponent:63 - No mode defined for component null
2025-07-04 10:56:01,243 [WARN] ModelIntegratedComponent:63 - No mode defined for component null
2025-07-04 10:56:01,243 [WARN] ModelIntegratedComponent:63 - No mode defined for component null
2025-07-04 10:56:01,243 [WARN] ModelIntegratedComponent:63 - No mode defined for component null
2025-07-04 10:56:01,243 [WARN] ModelIntegratedComponent:63 - No mode defined for component null
2025-07-04 10:56:01,243 [WARN] ModelIntegratedComponent:63 - No mode defined for component null
2025-07-04 10:56:01,243 [WARN] ModelIntegratedComponent:63 - No mode defined for component null
2025-07-04 10:56:01,244 [WARN] ModelIntegratedComponent:63 - No mode defined for component null
2025-07-04 10:56:01,244 [WARN] ModelIntegratedComponent:63 - No mode defined for component null
2025-07-04 10:56:01,244 [WARN] ModelIntegratedComponent:63 - No mode defined for component null
2025-07-04 10:56:01,244 [WARN] ModelIntegratedComponent:63 - No mode defined for component null
2025-07-04 10:56:01,244 [WARN] ModelIntegratedComponent:63 - No mode defined for component null
2025-07-04 10:56:01,244 [WARN] ModelIntegratedComponent:63 - No mode defined for component null
2025-07-04 10:56:01,244 [WARN] ModelIntegratedComponent:63 - No mode defined for component null
2025-07-04 10:56:01,245 [WARN] ModelIntegratedComponent:63 - No mode defined for component null
2025-07-04 10:56:01,245 [WARN] ModelIntegratedComponent:63 - No mode defined for component null
2025-07-04 10:56:01,245 [WARN] ModelIntegratedComponent:63 - No mode defined for component null
2025-07-04 10:56:01,245 [WARN] ModelIntegratedComponent:63 - No mode defined for component null
2025-07-04 10:56:01,245 [WARN] ModelIntegratedComponent:63 - No mode defined for component null
2025-07-04 10:56:01,245 [WARN] ModelIntegratedComponent:63 - No mode defined for component null
2025-07-04 10:56:01,245 [WARN] ModelIntegratedComponent:63 - No mode defined for component null
2025-07-04 10:56:01,245 [WARN] ModelPack:524 - Component already loaded: STMicroelectronics:HAL Drivers:0.0.0:STMicroelectronics:Device:STMicro_Driver:XSPI:HAL::0.0.1:HAL_XSPI
2025-07-04 10:56:01,528 [INFO] ThirdPartyModel:298 - Start build external matchings
2025-07-04 10:56:03,242 [INFO] ThirdPartyModel:316 - End build external matchings
2025-07-04 10:56:03,942 [INFO] UtilMem:75 - End LoadConfig() Used Memory: 997425880 Bytes (1073741824)
2025-07-04 10:56:04,064 [WARN] ThirdParty:833 - waiting for thirdparty lock release [change project]
2025-07-04 10:56:04,066 [INFO] ThirdParty:835 - entering critical section [change project]
2025-07-04 10:56:04,066 [INFO] ThirdParty:1030 - CMSIS Pack Vendor :STMicroelectronics X-CUBE-PM33A1 1.0.0
2025-07-04 10:56:04,066 [INFO] ThirdParty:1030 - CMSIS Pack Vendor :STMicroelectronics USBPD 4.1
2025-07-04 10:56:04,066 [INFO] ThirdParty:1030 - CMSIS Pack Vendor :STMicroelectronics X-CUBE-GNSS1 6.0.0
2025-07-04 10:56:04,066 [INFO] ThirdParty:1030 - CMSIS Pack Vendor :STMicroelectronics USB_HOST 2.0.0
2025-07-04 10:56:04,066 [INFO] ThirdParty:1030 - CMSIS Pack Vendor :STMicroelectronics FP-SNS-MOTENVWB1 1.4.0
2025-07-04 10:56:04,066 [INFO] ThirdParty:1030 - CMSIS Pack Vendor :STMicroelectronics X-CUBE-AZRTOS-F4 1.1.0
2025-07-04 10:56:04,066 [INFO] ThirdParty:1030 - CMSIS Pack Vendor :STMicroelectronics LIBJPEG 8.0.0
2025-07-04 10:56:04,066 [INFO] ThirdParty:1030 - CMSIS Pack Vendor :Avnet-IotConnect X-CUBE-IoTC-DA16k-PMOD 1.0.0
2025-07-04 10:56:04,067 [INFO] ThirdParty:1030 - CMSIS Pack Vendor :STMicroelectronics X-CUBE-SMBUS 2.1.0
2025-07-04 10:56:04,067 [INFO] ThirdParty:1030 - CMSIS Pack Vendor :STMicroelectronics X-CUBE-WB05N 1.1.0
2025-07-04 10:56:04,067 [INFO] ThirdParty:1030 - CMSIS Pack Vendor :STMicroelectronics X-CUBE-ISPU 2.1.0
2025-07-04 10:56:04,067 [INFO] ThirdParty:1030 - CMSIS Pack Vendor :STMicroelectronics X-CUBE-FREERTOS 1.2.0
2025-07-04 10:56:04,067 [INFO] ThirdParty:1030 - CMSIS Pack Vendor :STMicroelectronics X-CUBE-ST60 1.0.0
2025-07-04 10:56:04,067 [INFO] ThirdParty:1030 - CMSIS Pack Vendor :STMicroelectronics X-CUBE-AZRTOS-F7 1.1.0
2025-07-04 10:56:04,067 [INFO] ThirdParty:1030 - CMSIS Pack Vendor :STMicroelectronics X-CUBE-AZRTOS-L5 2.0.0
2025-07-04 10:56:04,067 [INFO] ThirdParty:1030 - CMSIS Pack Vendor :STMicroelectronics USB_DEVICE 2.0.0
2025-07-04 10:56:04,067 [INFO] ThirdParty:1030 - CMSIS Pack Vendor :STMicroelectronics X-CUBE-NFC6 3.1.0
2025-07-04 10:56:04,067 [INFO] ThirdParty:1030 - CMSIS Pack Vendor :STMicroelectronics X-CUBE-MEMS1 11.0.0
2025-07-04 10:56:04,067 [INFO] ThirdParty:1030 - CMSIS Pack Vendor :STMicroelectronics FreeRTOS 0.0.1
2025-07-04 10:56:04,067 [INFO] ThirdParty:1030 - CMSIS Pack Vendor :STMicroelectronics X-CUBE-DPower 1.2.0
2025-07-04 10:56:04,067 [INFO] ThirdParty:1030 - CMSIS Pack Vendor :STMicroelectronics FP-SNS-FLIGHT1 5.0.2
2025-07-04 10:56:04,067 [INFO] ThirdParty:1030 - CMSIS Pack Vendor :STMicroelectronics X-CUBE-AI 9.0.0
2025-07-04 10:56:04,067 [INFO] ThirdParty:1030 - CMSIS Pack Vendor :STMicroelectronics PDM2PCM 3.3.0
2025-07-04 10:56:04,067 [INFO] ThirdParty:1030 - CMSIS Pack Vendor :STMicroelectronics X-CUBE-DISPLAY 3.0.0
2025-07-04 10:56:04,067 [INFO] ThirdParty:1030 - CMSIS Pack Vendor :STMicroelectronics X-CUBE-BLE1 7.0.0
2025-07-04 10:56:04,067 [INFO] ThirdParty:1030 - CMSIS Pack Vendor :STMicroelectronics X-CUBE-NFC10 1.0.0
2025-07-04 10:56:04,068 [INFO] ThirdParty:1030 - CMSIS Pack Vendor :STMicroelectronics X-CUBE-FREERTOS 1.3.1
2025-07-04 10:56:04,068 [INFO] ThirdParty:1030 - CMSIS Pack Vendor :STMicroelectronics HAL Drivers 0.0.0
2025-07-04 10:56:04,068 [INFO] ThirdParty:1030 - CMSIS Pack Vendor :emotas I-CUBE-CANOPEN 1.3.0
2025-07-04 10:56:04,068 [INFO] ThirdParty:1030 - CMSIS Pack Vendor :STMicroelectronics X-CUBE-NFC7 1.0.1
2025-07-04 10:56:04,068 [INFO] ThirdParty:1030 - CMSIS Pack Vendor :STMicroelectronics MBEDTLS 2.14.1
2025-07-04 10:56:04,068 [INFO] ThirdParty:1030 - CMSIS Pack Vendor :wolfSSL I-CUBE-wolfTPM 3.2.0
2025-07-04 10:56:04,068 [INFO] ThirdParty:1030 - CMSIS Pack Vendor :STMicroelectronics X-CUBE-BLEMGR 3.1.0
2025-07-04 10:56:04,068 [INFO] ThirdParty:1030 - CMSIS Pack Vendor :STMicroelectronics FP-SNS-STAIOTCFT 1.0.0
2025-07-04 10:56:04,068 [INFO] ThirdParty:1030 - CMSIS Pack Vendor :STMicroelectronics FP-SNS-SMARTAG2 1.2.0
2025-07-04 10:56:04,068 [INFO] ThirdParty:1030 - CMSIS Pack Vendor :STMicroelectronics FP-SNS-FLIGHT1 5.1.0
2025-07-04 10:56:04,068 [INFO] ThirdParty:1030 - CMSIS Pack Vendor :STMicroelectronics X-CUBE-AZRTOS-WL 2.0.0
2025-07-04 10:56:04,068 [INFO] ThirdParty:1030 - CMSIS Pack Vendor :STMicroelectronics X-CUBE-DPower 1.3.0
2025-07-04 10:56:04,068 [INFO] ThirdParty:1030 - CMSIS Pack Vendor :STMicroelectronics FP-SNS-MOTENV1 5.0.0
2025-07-04 10:56:04,068 [INFO] ThirdParty:1030 - CMSIS Pack Vendor :STMicroelectronics USB_DEVICE 1.0.0
2025-07-04 10:56:04,068 [INFO] ThirdParty:1030 - CMSIS Pack Vendor :wolfSSL I-CUBE-wolfMQTT 1.19.0
2025-07-04 10:56:04,068 [INFO] ThirdParty:1030 - CMSIS Pack Vendor :STMicroelectronics X-CUBE-AZRTOS-L4 2.0.0
2025-07-04 10:56:04,068 [INFO] ThirdParty:1030 - CMSIS Pack Vendor :STMicroelectronics ThreadX 0.0.2
2025-07-04 10:56:04,068 [INFO] ThirdParty:1030 - CMSIS Pack Vendor :WES I-CUBE-Cesium 1.3.0
2025-07-04 10:56:04,068 [INFO] ThirdParty:1030 - CMSIS Pack Vendor :STMicroelectronics lwIP 2.1.2
2025-07-04 10:56:04,069 [INFO] ThirdParty:1030 - CMSIS Pack Vendor :STMicroelectronics X-CUBE-SFXS2LP1 4.0.0
2025-07-04 10:56:04,069 [INFO] ThirdParty:1030 - CMSIS Pack Vendor :STMicroelectronics X-CUBE-BLE2 3.3.0
2025-07-04 10:56:04,069 [INFO] ThirdParty:1030 - CMSIS Pack Vendor :STMicroelectronics PDM2PCM 3.2.0
2025-07-04 10:56:04,069 [INFO] ThirdParty:1030 - CMSIS Pack Vendor :STMicroelectronics X-CUBE-AZRTOS-H7 3.3.0
2025-07-04 10:56:04,069 [INFO] ThirdParty:1030 - CMSIS Pack Vendor :STMicroelectronics X-CUBE-NFC9 1.0.0
2025-07-04 10:56:04,069 [INFO] ThirdParty:1030 - CMSIS Pack Vendor :STMicroelectronics X-CUBE-BLE1 7.1.0
2025-07-04 10:56:04,069 [INFO] ThirdParty:1030 - CMSIS Pack Vendor :STMicroelectronics USB_DEVICE 3.0.0
2025-07-04 10:56:04,069 [INFO] ThirdParty:1030 - CMSIS Pack Vendor :STMicroelectronics X-CUBE-TCPP 4.1.0
2025-07-04 10:56:04,069 [INFO] ThirdParty:1030 - CMSIS Pack Vendor :STMicroelectronics X-CUBE-IPS 3.0.0
2025-07-04 10:56:04,069 [INFO] ThirdParty:1030 - CMSIS Pack Vendor :STMicroelectronics X-CUBE-AZRTOS-WB 2.0.0
2025-07-04 10:56:04,069 [INFO] ThirdParty:1030 - CMSIS Pack Vendor :STMicroelectronics X-CUBE-GNSS1 7.0.0
2025-07-04 10:56:04,069 [INFO] ThirdParty:1030 - CMSIS Pack Vendor :STMicroelectronics X-CUBE-GNSS1 7.0.1
2025-07-04 10:56:04,069 [INFO] ThirdParty:1030 - CMSIS Pack Vendor :STMicroelectronics X-CUBE-TOUCHGFX 4.25.0
2025-07-04 10:56:04,070 [INFO] ThirdParty:1030 - CMSIS Pack Vendor :STMicroelectronics X-CUBE-AI 10.1.0
2025-07-04 10:56:04,070 [INFO] ThirdParty:1030 - CMSIS Pack Vendor :STMicroelectronics FP-SNS-STBOX1 2.0.0
2025-07-04 10:56:04,070 [INFO] ThirdParty:1030 - CMSIS Pack Vendor :STMicroelectronics X-CUBE-AZRTOS-G0 1.1.0
2025-07-04 10:56:04,070 [INFO] ThirdParty:1030 - CMSIS Pack Vendor :STMicroelectronics X-CUBE-SAFEA1 1.2.2
2025-07-04 10:56:04,070 [INFO] ThirdParty:1030 - CMSIS Pack Vendor :STMicroelectronics X-CUBE-NFC4 3.0.0
2025-07-04 10:56:04,070 [INFO] ThirdParty:1030 - CMSIS Pack Vendor :STMicroelectronics X-CUBE-SUBG2 5.0.0
2025-07-04 10:56:04,070 [INFO] ThirdParty:1030 - CMSIS Pack Vendor :STMicroelectronics X-CUBE-AZRTOS-H7RS 1.1.0
2025-07-04 10:56:04,070 [INFO] ThirdParty:1030 - CMSIS Pack Vendor :STMicroelectronics STM32_WPAN 1.0.0
2025-07-04 10:56:04,070 [INFO] ThirdParty:1030 - CMSIS Pack Vendor :EmbeddedOffice I-CUBE-FS-RTOS 1.0.1
2025-07-04 10:56:04,070 [INFO] ThirdParty:1030 - CMSIS Pack Vendor :STMicroelectronics lwIP 2.0.3
2025-07-04 10:56:04,070 [INFO] ThirdParty:1030 - CMSIS Pack Vendor :Cesanta I-CUBE-Mongoose 7.13.0
2025-07-04 10:56:04,070 [INFO] ThirdParty:1030 - CMSIS Pack Vendor :STMicroelectronics USB_HOST 1.0.0
2025-07-04 10:56:04,070 [INFO] ThirdParty:1030 - CMSIS Pack Vendor :STMicroelectronics X-CUBE-AZRTOS-G4 2.0.0
2025-07-04 10:56:04,070 [INFO] ThirdParty:1030 - CMSIS Pack Vendor :STMicroelectronics X-CUBE-WB05N 2.0.0
2025-07-04 10:56:04,070 [INFO] ThirdParty:1030 - CMSIS Pack Vendor :STMicroelectronics PDM2PCM 3.1.0
2025-07-04 10:56:04,070 [INFO] ThirdParty:1030 - CMSIS Pack Vendor :STMicroelectronics X-CUBE-NFC7 2.0.0
2025-07-04 10:56:04,071 [INFO] ThirdParty:1030 - CMSIS Pack Vendor :STMicroelectronics X-CUBE-TCPP 4.2.0
2025-07-04 10:56:04,071 [INFO] ThirdParty:1030 - CMSIS Pack Vendor :RealThread X-CUBE-RT-Thread_Nano 4.1.1
2025-07-04 10:56:04,071 [INFO] ThirdParty:1030 - CMSIS Pack Vendor :wolfSSL I-CUBE-wolfSSL 5.7.0
2025-07-04 10:56:04,071 [INFO] ThirdParty:1030 - CMSIS Pack Vendor :STMicroelectronics FP-ATR-SIGFOX1 3.2.0
2025-07-04 10:56:04,071 [INFO] ThirdParty:1030 - CMSIS Pack Vendor :quantropi X-CUBE-qispace-sdk-base 1.9.3
2025-07-04 10:56:04,071 [INFO] ThirdParty:1030 - CMSIS Pack Vendor :STMicroelectronics X-CUBE-ISPU 2.0.0
2025-07-04 10:56:04,071 [INFO] ThirdParty:1030 - CMSIS Pack Vendor :STMicroelectronics X-CUBE-EEPRMA1 5.1.0
2025-07-04 10:56:04,071 [INFO] ThirdParty:1030 - CMSIS Pack Vendor :STMicroelectronics MBEDTLS 2.16.2
2025-07-04 10:56:04,071 [INFO] ThirdParty:1030 - CMSIS Pack Vendor :STMicroelectronics X-CUBE-IPS 3.1.0
2025-07-04 10:56:04,071 [INFO] ThirdParty:1030 - CMSIS Pack Vendor :STMicroelectronics X-CUBE-ALS 1.0.2
2025-07-04 10:56:04,071 [INFO] ThirdParty:1030 - CMSIS Pack Vendor :STMicroelectronics X-CUBE-MEMS1 10.0.0
2025-07-04 10:56:04,071 [INFO] ThirdParty:1030 - CMSIS Pack Vendor :STMicroelectronics X-CUBE-TOUCHGFX 4.24.0
2025-07-04 10:56:04,071 [INFO] ThirdParty:1030 - CMSIS Pack Vendor :ITTIA_DB I-CUBE-ITTIADB 8.9.0
2025-07-04 10:56:04,071 [INFO] ThirdParty:1030 - CMSIS Pack Vendor :STMicroelectronics X-CUBE-TOUCHGFX 4.24.1
2025-07-04 10:56:04,071 [INFO] ThirdParty:1030 - CMSIS Pack Vendor :portGmbH I-Cube-SoM-uGOAL 1.1.0
2025-07-04 10:56:04,071 [INFO] ThirdParty:1030 - CMSIS Pack Vendor :STMicroelectronics X-CUBE-ST67W61 1.0.0
2025-07-04 10:56:04,071 [INFO] ThirdParty:1030 - CMSIS Pack Vendor :STMicroelectronics ThreadX 1.0.0
2025-07-04 10:56:04,071 [INFO] ThirdParty:1030 - CMSIS Pack Vendor :SEGGER I-CUBE-embOS 1.3.1
2025-07-04 10:56:04,072 [INFO] ThirdParty:1030 - CMSIS Pack Vendor :STMicroelectronics X-CUBE-ALGOBUILD 1.4.0
2025-07-04 10:56:04,072 [INFO] ThirdParty:1030 - CMSIS Pack Vendor :STMicroelectronics X-CUBE-MEMS1 11.3.0
2025-07-04 10:56:04,072 [INFO] ThirdParty:1030 - CMSIS Pack Vendor :STMicroelectronics X-CUBE-AZRTOS-H7RS 1.0.0
2025-07-04 10:56:04,072 [INFO] ThirdParty:1030 - CMSIS Pack Vendor :STMicroelectronics FP-ATR-ASTRA1 2.0.0
2025-07-04 10:56:04,072 [INFO] ThirdParty:1030 - CMSIS Pack Vendor :STMicroelectronics X-CUBE-TOF1 3.4.2
2025-07-04 10:56:04,072 [INFO] ThirdParty:1030 - CMSIS Pack Vendor :STMicroelectronics X-CUBE-TOF1 3.4.3
2025-07-04 10:56:04,072 [INFO] ThirdParty:1030 - CMSIS Pack Vendor :STMicroelectronics X-CUBE-AI 9.1.0
2025-07-04 10:56:04,072 [INFO] ThirdParty:1030 - CMSIS Pack Vendor :STMicroelectronics X-CUBE-TOF1 3.4.1
2025-07-04 10:56:04,072 [INFO] ThirdParty:1030 - CMSIS Pack Vendor :STMicroelectronics X-CUBE-AZRTOS-H7 3.2.0
2025-07-04 10:56:04,072 [INFO] ThirdParty:1030 - CMSIS Pack Vendor :Infineon AIROC-Wi-Fi-Bluetooth-STM32 1.6.0
2025-07-04 10:56:04,072 [INFO] ThirdParty:1030 - CMSIS Pack Vendor :wolfSSL I-CUBE-wolfSSH 1.4.17
2025-07-04 10:56:04,072 [INFO] ThirdParty:841 - exiting critical section [change project]
2025-07-04 10:56:04,511 [INFO] PinOutPanel:1589 - setPackage(No Configuration,No Configuration)
2025-07-04 10:56:04,512 [INFO] PinOutPanel:1589 - setPackage(STM32F407VGTx,LQFP100)
2025-07-04 10:56:04,900 [INFO] UtilMem:75 - Before build in PCC Used Memory: 547749632 Bytes (1073741824)
2025-07-04 10:56:05,536 [INFO] UtilMem:75 - After build in PCC Used Memory: 597555112 Bytes (1073741824)
2025-07-04 10:56:05,589 [INFO] IPUIPlugin:80 - create IPUIPlugin
2025-07-04 10:56:05,589 [INFO] IPUIPlugin:80 - create IPUIPlugin
2025-07-04 10:56:05,589 [INFO] IPUIPlugin:80 - create IPUIPlugin
2025-07-04 10:56:05,589 [INFO] IPUIPlugin:80 - create IPUIPlugin
2025-07-04 10:56:05,589 [INFO] IPUIPlugin:80 - create IPUIPlugin
2025-07-04 10:56:05,589 [INFO] IPUIPlugin:80 - create IPUIPlugin
2025-07-04 10:56:05,590 [INFO] IPUIPlugin:80 - create IPUIPlugin
2025-07-04 10:56:05,590 [INFO] IPUIPlugin:80 - create IPUIPlugin
2025-07-04 10:56:05,590 [INFO] IPUIPlugin:80 - create IPUIPlugin
2025-07-04 10:56:05,590 [INFO] IPUIPlugin:80 - create IPUIPlugin
2025-07-04 10:56:05,590 [INFO] IPUIPlugin:80 - create IPUIPlugin
2025-07-04 10:56:05,590 [INFO] IPUIPlugin:80 - create IPUIPlugin
2025-07-04 10:56:05,590 [INFO] IPUIPlugin:80 - create IPUIPlugin
2025-07-04 10:56:05,590 [INFO] IPUIPlugin:80 - create IPUIPlugin
2025-07-04 10:56:05,591 [INFO] IPUIPlugin:80 - create IPUIPlugin
2025-07-04 10:56:05,591 [INFO] IPUIPlugin:80 - create IPUIPlugin
2025-07-04 10:56:05,591 [INFO] IPUIPlugin:80 - create IPUIPlugin
2025-07-04 10:56:05,591 [INFO] IPUIPlugin:80 - create IPUIPlugin
2025-07-04 10:56:05,591 [INFO] IPUIPlugin:80 - create IPUIPlugin
2025-07-04 10:56:05,592 [INFO] IPUIPlugin:80 - create IPUIPlugin
2025-07-04 10:56:05,592 [INFO] IPUIPlugin:80 - create IPUIPlugin
2025-07-04 10:56:05,592 [INFO] IPUIPlugin:80 - create IPUIPlugin
2025-07-04 10:56:05,592 [INFO] IPUIPlugin:80 - create IPUIPlugin
2025-07-04 10:56:05,592 [INFO] IPUIPlugin:80 - create IPUIPlugin
2025-07-04 10:56:05,592 [INFO] IPUIPlugin:80 - create IPUIPlugin
2025-07-04 10:56:05,593 [INFO] IPUIPlugin:80 - create IPUIPlugin
2025-07-04 10:56:05,593 [INFO] IPUIPlugin:80 - create IPUIPlugin
2025-07-04 10:56:05,593 [INFO] IPUIPlugin:80 - create IPUIPlugin
2025-07-04 10:56:05,593 [INFO] IPUIPlugin:80 - create IPUIPlugin
2025-07-04 10:56:05,594 [INFO] IPUIPlugin:80 - create IPUIPlugin
2025-07-04 10:56:05,594 [INFO] IPUIPlugin:80 - create IPUIPlugin
2025-07-04 10:56:05,594 [INFO] IPUIPlugin:80 - create IPUIPlugin
2025-07-04 10:56:05,594 [INFO] IPUIPlugin:80 - create IPUIPlugin
2025-07-04 10:56:05,594 [INFO] IPUIPlugin:80 - create IPUIPlugin
2025-07-04 10:56:05,595 [INFO] IPUIPlugin:80 - create IPUIPlugin
2025-07-04 10:56:05,595 [INFO] IPUIPlugin:80 - create IPUIPlugin
2025-07-04 10:56:05,595 [INFO] IPUIPlugin:80 - create IPUIPlugin
2025-07-04 10:56:05,595 [INFO] IPUIPlugin:80 - create IPUIPlugin
2025-07-04 10:56:05,596 [INFO] IPUIPlugin:80 - create IPUIPlugin
2025-07-04 10:56:05,596 [INFO] IPUIPlugin:80 - create IPUIPlugin
2025-07-04 10:56:05,597 [INFO] IPUIPlugin:80 - create IPUIPlugin
2025-07-04 10:56:05,597 [INFO] IPUIPlugin:80 - create IPUIPlugin
2025-07-04 10:56:05,598 [INFO] IPUIPlugin:80 - create IPUIPlugin
2025-07-04 10:56:05,599 [INFO] IPUIPlugin:80 - create IPUIPlugin
2025-07-04 10:56:05,599 [INFO] IPUIPlugin:80 - create IPUIPlugin
2025-07-04 10:56:05,599 [INFO] IPUIPlugin:80 - create IPUIPlugin
2025-07-04 10:56:05,600 [INFO] IPUIPlugin:80 - create IPUIPlugin
2025-07-04 10:56:05,600 [INFO] IPUIPlugin:80 - create IPUIPlugin
2025-07-04 10:56:05,600 [INFO] IPUIPlugin:80 - create IPUIPlugin
2025-07-04 10:56:05,601 [INFO] IPUIPlugin:80 - create IPUIPlugin
2025-07-04 10:56:05,601 [INFO] IPUIPlugin:80 - create IPUIPlugin
2025-07-04 10:56:05,602 [INFO] IPUIPlugin:80 - create IPUIPlugin
2025-07-04 10:56:05,602 [INFO] IPUIPlugin:80 - create IPUIPlugin
2025-07-04 10:56:05,602 [INFO] IPUIPlugin:80 - create IPUIPlugin
2025-07-04 10:56:05,602 [INFO] IPUIPlugin:80 - create IPUIPlugin
2025-07-04 10:56:05,603 [INFO] IPUIPlugin:80 - create IPUIPlugin
2025-07-04 10:56:05,603 [INFO] IPUIPlugin:80 - create IPUIPlugin
2025-07-04 10:56:05,604 [INFO] IPUIPlugin:80 - create IPUIPlugin
2025-07-04 10:56:05,636 [INFO] ApiDbMcu:508 - Load IP Config File for PDM2PCM
2025-07-04 10:56:05,701 [INFO] CADModel:165 - CPN selected for project levelSTM32F407VGT6
2025-07-04 10:56:05,701 [INFO] CADModel:114 - Register for checkConnection events
2025-07-04 10:56:05,826 [INFO] OpenFileManager:385 - Restore cursor
2025-07-04 10:56:05,858 [INFO] ApiDb:581 - Connected to CubeFinder SQLite database (C:\Users\nisha\.stmcufinder\plugins\mcufinder\mcu\cube-finder-db.db)
2025-07-04 10:56:17,214 [INFO] Gpio:277 - dependency for GPIO []
2025-07-04 10:56:45,425 [INFO] Gpio:277 - dependency for GPIO []
2025-07-04 10:59:11,165 [INFO] Gpio:277 - dependency for GPIO [USART2]
2025-07-04 10:59:28,708 [INFO] NvicIntPanel:101 - NVIC parent = com.st.microxplorer.plugins.ip.nvic.MultiNvicIntPanel[,0,0,618x342,layout=javax.swing.BoxLayout,alignmentX=0.0,alignmentY=0.0,border=,flags=9,maximumSize=,minimumSize=,preferredSize=]
2025-07-04 10:59:30,981 [INFO] NvicIntPanel:101 - NVIC parent = com.st.microxplorer.plugins.ip.nvic.MultiNvicIntPanel[,0,0,0x0,invalid,layout=javax.swing.BoxLayout,alignmentX=0.0,alignmentY=0.0,border=,flags=9,maximumSize=,minimumSize=,preferredSize=]
2025-07-04 11:03:16,150 [INFO] UtilMem:75 - End SaveConfig() Used Memory: 666491208 Bytes (1073741824)
2025-07-04 11:03:18,307 [INFO] UtilMem:75 - End SaveConfig() Used Memory: 689559880 Bytes (1073741824)
2025-07-04 11:03:19,130 [INFO] UtilMem:75 - End SaveConfig() Used Memory: 791271752 Bytes (1073741824)
2025-07-04 11:03:19,334 [INFO] BlockDiagram:2775 - set Specific Code input for plugin: SYS
2025-07-04 11:03:19,334 [INFO] BlockDiagram:2775 - set Specific Code input for plugin: RCC
2025-07-04 11:03:19,334 [INFO] BlockDiagram:2775 - set Specific Code input for plugin: RTC
2025-07-04 11:03:19,334 [INFO] BlockDiagram:2775 - set Specific Code input for plugin: NVIC
2025-07-04 11:03:19,334 [INFO] BlockDiagram:2775 - set Specific Code input for plugin: USART
2025-07-04 11:03:19,336 [INFO] BlockDiagram:2775 - set Specific Code input for plugin: GPIO
2025-07-04 11:03:19,337 [INFO] CodeGenerator:882 - code generatio: config db path: C:\ST\STM32CubeIDE_1.16.0\STM32CubeIDE\plugins\com.st.stm32cube.common.mx_6.14.1.202504091515\\db\
2025-07-04 11:03:19,488 [INFO] CodeEngine:263 - oldGeneratedFile, C:\Users\nisha\OneDrive\Desktop\stm32f407\freertos\008_\MXTmpFiles\license.tmp_save
2025-07-04 11:03:19,969 [INFO] CodeEngine:287 - Generated code: C:\Users\nisha\OneDrive\Desktop\stm32f407\freertos\008_\MXTmpFiles\license.tmp
2025-07-04 11:03:20,077 [INFO] CodeEngine:263 - oldGeneratedFile, C:\Users\nisha\OneDrive\Desktop\stm32f407\freertos\008_\MXTmpFiles\gpio.tmp_save
2025-07-04 11:03:20,496 [INFO] CodeEngine:287 - Generated code: C:\Users\nisha\OneDrive\Desktop\stm32f407\freertos\008_\MXTmpFiles\gpio.tmp
2025-07-04 11:03:20,788 [INFO] CodeEngine:263 - oldGeneratedFile, C:\Users\nisha\OneDrive\Desktop\stm32f407\freertos\008_\Core\Src\stm32f4xx_it.c_save
2025-07-04 11:03:21,320 [INFO] CodeEngine:287 - Generated code: C:\Users\nisha\OneDrive\Desktop\stm32f407\freertos\008_\Core\Src\stm32f4xx_it.c
2025-07-04 11:03:21,353 [INFO] CodeEngine:263 - oldGeneratedFile, C:\Users\nisha\OneDrive\Desktop\stm32f407\freertos\008_\Core\Inc\stm32f4xx_it.h_save
2025-07-04 11:03:21,540 [INFO] CodeEngine:287 - Generated code: C:\Users\nisha\OneDrive\Desktop\stm32f407\freertos\008_\Core\Inc\stm32f4xx_it.h
2025-07-04 11:03:21,596 [INFO] CodeEngine:263 - oldGeneratedFile, C:\Users\nisha\OneDrive\Desktop\stm32f407\freertos\008_\Core\Src\stm32f4xx_hal_msp.c_save
2025-07-04 11:03:21,941 [INFO] CodeEngine:287 - Generated code: C:\Users\nisha\OneDrive\Desktop\stm32f407\freertos\008_\Core\Src\stm32f4xx_hal_msp.c
2025-07-04 11:03:21,953 [INFO] CodeEngine:263 - oldGeneratedFile, C:\Users\nisha\OneDrive\Desktop\stm32f407\freertos\008_\MXTmpFiles\system.tmp_save
2025-07-04 11:03:22,088 [INFO] CodeEngine:287 - Generated code: C:\Users\nisha\OneDrive\Desktop\stm32f407\freertos\008_\MXTmpFiles\system.tmp
2025-07-04 11:03:22,116 [INFO] CodeEngine:263 - oldGeneratedFile, C:\Users\nisha\OneDrive\Desktop\stm32f407\freertos\008_\Core\Src\stm32f4xx_hal_timebase_tim.c_save
2025-07-04 11:03:22,226 [INFO] CodeEngine:287 - Generated code: C:\Users\nisha\OneDrive\Desktop\stm32f407\freertos\008_\Core\Src\stm32f4xx_hal_timebase_tim.c
2025-07-04 11:03:22,279 [INFO] CodeEngine:319 - oldGeneratedFile, C:\Users\nisha\OneDrive\Desktop\stm32f407\freertos\008_\Core\Inc\stm32f4xx_hal_conf.h_save
2025-07-04 11:03:22,454 [INFO] CodeEngine:343 - Generated code: C:\Users\nisha\OneDrive\Desktop\stm32f407\freertos\008_\Core\Inc\stm32f4xx_hal_conf.h
2025-07-04 11:03:22,520 [INFO] ApiDbMcu:508 - Load IP Config File for RTC
2025-07-04 11:03:22,527 [INFO] ApiDbMcu:508 - Load IP Config File for USART2
2025-07-04 11:03:22,533 [INFO] ApiDbMcu:508 - Load IP Config File for RCC
2025-07-04 11:03:22,567 [INFO] CodeEngine:263 - oldGeneratedFile, C:\Users\nisha\OneDrive\Desktop\stm32f407\freertos\008_\Core\Inc\main.h_save
2025-07-04 11:03:22,725 [INFO] CodeEngine:287 - Generated code: C:\Users\nisha\OneDrive\Desktop\stm32f407\freertos\008_\Core\Inc\main.h
2025-07-04 11:03:22,761 [INFO] CodeEngine:263 - oldGeneratedFile, C:\Users\nisha\OneDrive\Desktop\stm32f407\freertos\008_\Core\Src\main.c_save
2025-07-04 11:03:23,010 [INFO] CodeEngine:287 - Generated code: C:\Users\nisha\OneDrive\Desktop\stm32f407\freertos\008_\Core\Src\main.c
2025-07-04 11:03:23,807 [INFO] ProjectBuilder:3324 - Time for Copy HAL[1] : 434mS.
2025-07-04 11:03:23,813 [INFO] ProjectBuilder:4912 - Project Generator version: 4.6.0.1-B1
2025-07-04 11:03:23,908 [INFO] ConfigFileManager:1590 - The Die is : DIE413
2025-07-04 11:03:23,913 [INFO] ApiDbMcu:508 - Load IP Config File for FATFS
2025-07-04 11:03:23,920 [INFO] ApiDbMcu:508 - Load IP Config File for FREERTOS
2025-07-04 11:03:23,926 [INFO] ApiDbMcu:508 - Load IP Config File for LIBJPEG
2025-07-04 11:03:23,934 [INFO] ApiDbMcu:508 - Load IP Config File for LWIP
2025-07-04 11:03:23,944 [INFO] ApiDbMcu:508 - Load IP Config File for MBEDTLS
2025-07-04 11:03:23,953 [INFO] ApiDbMcu:508 - Load IP Config File for USB_DEVICE
2025-07-04 11:03:23,960 [INFO] ApiDbMcu:508 - Load IP Config File for USB_HOST
2025-07-04 11:03:25,503 [INFO] ProjectBuilder:5191 - Time for Generating toolchain IDE Files: 1690mS.
2025-07-04 11:03:25,506 [INFO] ProjectBuilder:3181 - Time for Copy CMSIS : 1mS.
2025-07-04 11:03:25,514 [INFO] ProjectBuilder:3181 - Time for Copy CMSIS : 0mS.
2025-07-04 12:20:10,556 [INFO] WebApp:194 - Connection lost
2025-07-04 12:21:32,739 [INFO] WebApp:191 - Connection restablished
2025-07-04 12:21:35,962 [INFO] WebApp:194 - Connection lost
2025-07-04 12:21:36,343 [INFO] WebApp:191 - Connection restablished
2025-07-04 12:21:36,525 [INFO] WebApp:194 - Connection lost
2025-07-04 12:21:37,037 [INFO] WebApp:191 - Connection restablished
2025-07-04 13:52:49,385 [INFO] WebApp:194 - Connection lost
2025-07-04 15:29:02,977 [INFO] WebApp:191 - Connection restablished
2025-07-04 15:29:03,487 [INFO] WebApp:194 - Connection lost
2025-07-04 15:29:03,794 [INFO] WebApp:191 - Connection restablished
2025-07-04 15:29:06,795 [INFO] WebApp:194 - Connection lost
2025-07-04 15:29:07,166 [INFO] WebApp:191 - Connection restablished
2025-07-04 19:01:59,430 [INFO] WebApp:194 - Connection lost
2025-07-04 19:02:12,040 [INFO] WebApp:191 - Connection restablished
2025-07-04 19:02:13,632 [INFO] WebApp:194 - Connection lost
2025-07-04 23:04:37,193 [INFO] WebApp:191 - Connection restablished
2025-07-04 23:07:13,419 [INFO] WebApp:194 - Connection lost
2025-07-04 23:07:18,779 [INFO] WebApp:191 - Connection restablished
2025-07-04 23:07:23,405 [INFO] WebApp:194 - Connection lost
2025-07-04 23:07:23,679 [INFO] WebApp:191 - Connection restablished
2025-07-04 23:12:40,419 [INFO] WebApp:194 - Connection lost
2025-07-04 23:12:40,870 [INFO] WebApp:191 - Connection restablished
