2025-06-20 00:22:14,458 [INFO] Activator:176 - 


2025-06-20 00:22:14,465 [INFO] Activator:177 - !SESSION log4j initialized
2025-06-20 00:22:23,185 [INFO] LogOutputStream:77 - [STDOUT_REDIRECT] 
2025-06-20 00:22:28,034 [INFO] ApplicationProperties:184 - Using Application install path: C:\ST\STM32CubeIDE_1.16.0\STM32CubeIDE\plugins\com.st.stm32cube.common.mx_6.12.0.202406281431
2025-06-20 00:22:28,063 [INFO] DbMcusXml:78 - Set database path to: C:\ST\STM32CubeIDE_1.16.0\STM32CubeIDE\plugins\com.st.stm32cube.common.mx_6.12.0.202406281431\\db\/mcu/
2025-06-20 00:22:28,063 [INFO] ApiDb:274 - Set plugin database path to: C:\ST\STM32CubeIDE_1.16.0\STM32CubeIDE\plugins\com.st.stm32cube.common.mx_6.12.0.202406281431\\db\/plugins/boardmanager/
2025-06-20 00:22:28,064 [WARN] ApiDb:259 - Overriding images path with different value:  => C:\ST\STM32CubeIDE_1.16.0\STM32CubeIDE\plugins\com.st.stm32cube.common.mx_6.12.0.202406281431\\db\/plugins/mcufinder/images/
2025-06-20 00:22:28,076 [INFO] ApiDb:250 - Set database path to: C:\Users\nisha\.stmcufinder\plugins\mcufinder//mcu/
2025-06-20 00:22:28,077 [INFO] DbMcusAds:125 - Set database path to: C:\Users\nisha\.stmcufinder\plugins\mcufinder//mcu/
2025-06-20 00:22:28,081 [INFO] CrossReferenceDbSqlite:203 - Set database path to: C:\Users\nisha\.stmcufinder\plugins\mcufinder//mcu/cs/
2025-06-20 00:22:28,352 [INFO] RulesReader:64 - Compatibility file has been processed (297 Rules)
2025-06-20 00:22:28,470 [INFO] DbMcusXml:78 - Set database path to: C:\ST\STM32CubeIDE_1.16.0\STM32CubeIDE\plugins\com.st.stm32cube.common.mx_6.12.0.202406281431\\db\/mcu/
2025-06-20 00:22:28,470 [INFO] ApiDb:274 - Set plugin database path to: C:\ST\STM32CubeIDE_1.16.0\STM32CubeIDE\plugins\com.st.stm32cube.common.mx_6.12.0.202406281431\\db\/plugins/boardmanager/
2025-06-20 00:22:28,471 [INFO] ApiDb:261 - Set plugin images path to: C:\ST\STM32CubeIDE_1.16.0\STM32CubeIDE\plugins\com.st.stm32cube.common.mx_6.12.0.202406281431\\db\/plugins/mcufinder/images/
2025-06-20 00:22:28,471 [WARN] DbFile:41 - Overriding database path with different value: C:\Users\nisha\.stmcufinder\plugins\mcufinder/ => C:\Users\nisha\.stmcufinder\plugins\mcufinder
2025-06-20 00:22:28,471 [INFO] ApiDb:250 - Set database path to: C:\Users\nisha\.stmcufinder\plugins\mcufinder//mcu/
2025-06-20 00:22:28,472 [WARN] DbFile:41 - Overriding database path with different value: C:\Users\nisha\.stmcufinder\plugins\mcufinder/ => C:\Users\nisha\.stmcufinder\plugins\mcufinder
2025-06-20 00:22:28,472 [INFO] DbMcusAds:125 - Set database path to: C:\Users\nisha\.stmcufinder\plugins\mcufinder//mcu/
2025-06-20 00:22:28,472 [WARN] DbFile:41 - Overriding database path with different value: C:\Users\nisha\.stmcufinder\plugins\mcufinder/ => C:\Users\nisha\.stmcufinder\plugins\mcufinder
2025-06-20 00:22:28,472 [WARN] DbFile:41 - Overriding database path with different value: C:\Users\nisha\.stmcufinder\plugins\mcufinder/ => C:\Users\nisha\.stmcufinder\plugins\mcufinder
2025-06-20 00:22:28,472 [INFO] CrossReferenceDbSqlite:203 - Set database path to: C:\Users\nisha\.stmcufinder\plugins\mcufinder//mcu/cs/
2025-06-20 00:22:28,619 [INFO] MainPanel:268 - HeapMemory: 268435456
2025-06-20 00:22:28,819 [INFO] DbMcusXml:78 - Set database path to: C:\ST\STM32CubeIDE_1.16.0\STM32CubeIDE\plugins\com.st.stm32cube.common.mx_6.12.0.202406281431\\db\/mcu/
2025-06-20 00:22:28,820 [INFO] ApiDb:274 - Set plugin database path to: C:\ST\STM32CubeIDE_1.16.0\STM32CubeIDE\plugins\com.st.stm32cube.common.mx_6.12.0.202406281431\\db\/plugins/boardmanager/
2025-06-20 00:22:28,820 [INFO] ApiDb:261 - Set plugin images path to: C:\ST\STM32CubeIDE_1.16.0\STM32CubeIDE\plugins\com.st.stm32cube.common.mx_6.12.0.202406281431\\db\/plugins/mcufinder/images/
2025-06-20 00:22:28,821 [WARN] DbFile:41 - Overriding database path with different value: C:\Users\nisha\.stmcufinder\plugins\mcufinder/ => C:\Users\nisha\.stmcufinder\plugins\mcufinder
2025-06-20 00:22:28,821 [INFO] ApiDb:250 - Set database path to: C:\Users\nisha\.stmcufinder\plugins\mcufinder//mcu/
2025-06-20 00:22:28,821 [WARN] DbFile:41 - Overriding database path with different value: C:\Users\nisha\.stmcufinder\plugins\mcufinder/ => C:\Users\nisha\.stmcufinder\plugins\mcufinder
2025-06-20 00:22:28,821 [INFO] DbMcusAds:125 - Set database path to: C:\Users\nisha\.stmcufinder\plugins\mcufinder//mcu/
2025-06-20 00:22:28,821 [WARN] DbFile:41 - Overriding database path with different value: C:\Users\nisha\.stmcufinder\plugins\mcufinder/ => C:\Users\nisha\.stmcufinder\plugins\mcufinder
2025-06-20 00:22:28,822 [WARN] DbFile:41 - Overriding database path with different value: C:\Users\nisha\.stmcufinder\plugins\mcufinder/ => C:\Users\nisha\.stmcufinder\plugins\mcufinder
2025-06-20 00:22:28,822 [INFO] CrossReferenceDbSqlite:203 - Set database path to: C:\Users\nisha\.stmcufinder\plugins\mcufinder//mcu/cs/
2025-06-20 00:22:28,857 [INFO] ApplicationProperties:184 - Using Application install path: C:\ST\STM32CubeIDE_1.16.0\STM32CubeIDE\plugins\com.st.stm32cube.common.mx_6.12.0.202406281431
2025-06-20 00:22:28,859 [INFO] PluginManage:196 - Search for loadable plugins [exclusion list=, ]
2025-06-20 00:22:28,861 [INFO] PluginManage:310 - Check plugin analytics
2025-06-20 00:22:29,345 [INFO] AnalyticsPlugin:253 - Accepted Software Licenses: 
2025-06-20 00:22:29,346 [INFO] AnalyticsPlugin:255 - Accepted CMSIS Pack Licenses: 
2025-06-20 00:22:29,346 [INFO] AnalyticsPlugin:257 - Accepted Firmware Licenses: FW.F4.1.28.0
2025-06-20 00:22:29,355 [INFO] PluginManage:359 - Loaded plugin analytics (category:tool,tabindex:-1)
2025-06-20 00:22:29,356 [INFO] PluginManage:310 - Check plugin cadmodel
2025-06-20 00:22:29,389 [INFO] CADModel:105 - Init CAD model plugin
2025-06-20 00:22:29,390 [INFO] PluginManage:359 - Loaded plugin cadmodel (category:power,tabindex:5)
2025-06-20 00:22:29,390 [INFO] PluginManage:310 - Check plugin clock
2025-06-20 00:22:29,424 [INFO] PluginManage:359 - Loaded plugin clock (category:base,tabindex:2)
2025-06-20 00:22:29,424 [INFO] PluginManage:310 - Check plugin ddr
2025-06-20 00:22:29,429 [INFO] PluginManage:359 - Loaded plugin ddr (category:tool,tabindex:6)
2025-06-20 00:22:29,430 [INFO] PluginManage:310 - Check plugin filemanager
2025-06-20 00:22:29,649 [INFO] PluginManage:359 - Loaded plugin filemanager (category:base,tabindex:10)
2025-06-20 00:22:29,649 [INFO] PluginManage:310 - Check plugin ipmanager
2025-06-20 00:22:29,662 [INFO] PluginManage:359 - Loaded plugin ipmanager (category:base,tabindex:5)
2025-06-20 00:22:29,663 [INFO] PluginManage:310 - Check plugin lpbam
2025-06-20 00:22:29,694 [INFO] PluginManage:359 - Loaded plugin lpbam (category:base,tabindex:0)
2025-06-20 00:22:29,695 [INFO] PluginManage:310 - Check plugin memorymap
2025-06-20 00:22:29,736 [INFO] PluginManage:359 - Loaded plugin memorymap (category:base,tabindex:4)
2025-06-20 00:22:29,736 [INFO] PluginManage:310 - Check plugin pinoutandconfiguration
2025-06-20 00:22:29,759 [INFO] PluginManage:359 - Loaded plugin pinoutandconfiguration (category:base,tabindex:1)
2025-06-20 00:22:29,759 [INFO] PluginManage:310 - Check plugin pinoutconfig
2025-06-20 00:22:29,897 [WARN] SupportedApi:132 - Cannot load RTOS API schema: s4s-elt-must-match.1: The content of 'definitions' must match (annotation?, (simpleType | complexType)?, (unique | key | keyref)*)). A problem was found starting at: attribute.
2025-06-20 00:22:30,067 [INFO] PluginManage:359 - Loaded plugin pinoutconfig (category:base,tabindex:0)
2025-06-20 00:22:30,067 [INFO] PluginManage:310 - Check plugin power
2025-06-20 00:22:30,095 [INFO] PluginManage:359 - Loaded plugin power (category:power,tabindex:4)
2025-06-20 00:22:30,095 [INFO] PluginManage:310 - Check plugin projectmanager
2025-06-20 00:22:30,118 [INFO] PluginManage:359 - Loaded plugin projectmanager (category:projectmanager,tabindex:4)
2025-06-20 00:22:30,119 [INFO] PluginManage:310 - Check plugin rif
2025-06-20 00:22:30,138 [INFO] PluginManage:359 - Loaded plugin rif (category:base,tabindex:3)
2025-06-20 00:22:30,138 [INFO] PluginManage:310 - Check plugin thirdparty
2025-06-20 00:22:30,706 [INFO] PluginManage:359 - Loaded plugin thirdparty (category:base,tabindex:-1)
2025-06-20 00:22:30,706 [WARN] IntegrityCheckThread:84 - waiting for thirdparty lock release [integrity check]
2025-06-20 00:22:30,707 [INFO] PluginManage:310 - Check plugin tools
2025-06-20 00:22:30,707 [INFO] IntegrityCheckThread:86 - entering critical section [integrity check]
2025-06-20 00:22:30,707 [INFO] ThirdPartyUpdaterWithRetryManager:70 - Updater plugin not ready yet. [1/15]
2025-06-20 00:22:30,769 [INFO] PluginManage:359 - Loaded plugin tools (category:base,tabindex:7)
2025-06-20 00:22:30,769 [INFO] PluginManage:310 - Check plugin tutovideos
2025-06-20 00:22:31,046 [INFO] PluginManage:359 - Loaded plugin tutovideos (category:base,tabindex:-1)
2025-06-20 00:22:31,046 [INFO] PluginManage:310 - Check plugin updater
2025-06-20 00:22:31,085 [INFO] PluginManage:359 - Loaded plugin updater (category:base,tabindex:12)
2025-06-20 00:22:31,085 [INFO] PluginManage:310 - Check plugin userauth
2025-06-20 00:22:31,095 [INFO] UserAuth:113 - Init User Auth plugin
2025-06-20 00:22:31,096 [INFO] PluginManage:359 - Loaded plugin userauth (category:base,tabindex:14)
2025-06-20 00:22:31,097 [INFO] PluginManage:283 - PluginManage : Loaded plugins [18]
2025-06-20 00:22:31,429 [INFO] PinOutPanel:1561 - setPackage(No Configuration,No Configuration)
2025-06-20 00:22:31,551 [INFO] CADModel:165 - CPN selected for project level
2025-06-20 00:22:31,551 [INFO] CADModel:114 - Register for checkConnection events
2025-06-20 00:22:31,583 [INFO] IPUIPlugin:80 - create IPUIPlugin
2025-06-20 00:22:31,584 [INFO] PluginManager:220 - loadIPPluginJar : add adc
2025-06-20 00:22:31,651 [INFO] IPUIPlugin:80 - create IPUIPlugin
2025-06-20 00:22:31,651 [INFO] PluginManager:220 - loadIPPluginJar : add aes
2025-06-20 00:22:31,761 [INFO] IPUIPlugin:80 - create IPUIPlugin
2025-06-20 00:22:31,762 [INFO] PluginManager:220 - loadIPPluginJar : add can
2025-06-20 00:22:31,798 [INFO] IPUIPlugin:80 - create IPUIPlugin
2025-06-20 00:22:31,798 [INFO] PluginManager:220 - loadIPPluginJar : add comp
2025-06-20 00:22:31,916 [INFO] IPUIPlugin:80 - create IPUIPlugin
2025-06-20 00:22:31,916 [INFO] PluginManager:220 - loadIPPluginJar : add cryp
2025-06-20 00:22:31,937 [INFO] IPUIPlugin:80 - create IPUIPlugin
2025-06-20 00:22:31,937 [INFO] PluginManager:220 - loadIPPluginJar : add ddr_ctrl_phy
2025-06-20 00:22:31,985 [INFO] IPUIPlugin:80 - create IPUIPlugin
2025-06-20 00:22:31,985 [INFO] PluginManager:220 - loadIPPluginJar : add dfsdm
2025-06-20 00:22:32,007 [INFO] IPUIPlugin:80 - create IPUIPlugin
2025-06-20 00:22:32,007 [INFO] PluginManager:220 - loadIPPluginJar : add dma
2025-06-20 00:22:32,122 [INFO] IPUIPlugin:80 - create IPUIPlugin
2025-06-20 00:22:32,123 [INFO] PluginManager:220 - loadIPPluginJar : add dma3
2025-06-20 00:22:32,223 [INFO] IPUIPlugin:80 - create IPUIPlugin
2025-06-20 00:22:32,223 [INFO] PluginManager:220 - loadIPPluginJar : add extmemmanager
2025-06-20 00:22:32,275 [INFO] IPUIPlugin:80 - create IPUIPlugin
2025-06-20 00:22:32,275 [INFO] PluginManager:220 - loadIPPluginJar : add fatfs
2025-06-20 00:22:32,380 [INFO] IPUIPlugin:80 - create IPUIPlugin
2025-06-20 00:22:32,380 [INFO] PluginManager:220 - loadIPPluginJar : add fmc
2025-06-20 00:22:32,409 [INFO] IPUIPlugin:80 - create IPUIPlugin
2025-06-20 00:22:32,409 [INFO] PluginManager:220 - loadIPPluginJar : add freertos
2025-06-20 00:22:32,443 [INFO] IPUIPlugin:80 - create IPUIPlugin
2025-06-20 00:22:32,443 [INFO] PluginManager:220 - loadIPPluginJar : add genericplugin
2025-06-20 00:22:32,717 [INFO] IPUIPlugin:80 - create IPUIPlugin
2025-06-20 00:22:32,718 [INFO] PluginManager:220 - loadIPPluginJar : add gfxmmu
2025-06-20 00:22:33,220 [INFO] IPUIPlugin:80 - create IPUIPlugin
2025-06-20 00:22:33,220 [INFO] PluginManager:220 - loadIPPluginJar : add gic
2025-06-20 00:22:33,254 [INFO] IPUIPlugin:80 - create IPUIPlugin
2025-06-20 00:22:33,255 [INFO] PluginManager:220 - loadIPPluginJar : add gpio
2025-06-20 00:22:33,440 [INFO] IPUIPlugin:80 - create IPUIPlugin
2025-06-20 00:22:33,440 [INFO] PluginManager:220 - loadIPPluginJar : add gtzc
2025-06-20 00:22:33,533 [INFO] IPUIPlugin:80 - create IPUIPlugin
2025-06-20 00:22:33,534 [INFO] PluginManager:220 - loadIPPluginJar : add hash
2025-06-20 00:22:33,710 [INFO] ThirdPartyUpdaterWithRetryManager:70 - Updater plugin not ready yet. [2/15]
2025-06-20 00:22:33,797 [INFO] IPUIPlugin:80 - create IPUIPlugin
2025-06-20 00:22:33,798 [INFO] PluginManager:220 - loadIPPluginJar : add i2c
2025-06-20 00:22:33,899 [INFO] IPUIPlugin:80 - create IPUIPlugin
2025-06-20 00:22:33,900 [INFO] PluginManager:220 - loadIPPluginJar : add i2s
2025-06-20 00:22:33,967 [INFO] IPUIPlugin:80 - create IPUIPlugin
2025-06-20 00:22:33,968 [INFO] PluginManager:220 - loadIPPluginJar : add i3c
2025-06-20 00:22:34,086 [INFO] IPUIPlugin:80 - create IPUIPlugin
2025-06-20 00:22:34,087 [INFO] PluginManager:220 - loadIPPluginJar : add ipddr
2025-06-20 00:22:34,207 [INFO] IPUIPlugin:80 - create IPUIPlugin
2025-06-20 00:22:34,208 [INFO] PluginManager:220 - loadIPPluginJar : add linkedlist
2025-06-20 00:22:34,251 [INFO] IPUIPlugin:80 - create IPUIPlugin
2025-06-20 00:22:34,252 [INFO] PluginManager:220 - loadIPPluginJar : add lorawan
2025-06-20 00:22:34,307 [INFO] IPUIPlugin:80 - create IPUIPlugin
2025-06-20 00:22:34,307 [INFO] PluginManager:220 - loadIPPluginJar : add ltdc
2025-06-20 00:22:34,324 [INFO] IPUIPlugin:80 - create IPUIPlugin
2025-06-20 00:22:34,324 [INFO] PluginManager:220 - loadIPPluginJar : add mdma
2025-06-20 00:22:34,346 [INFO] IPUIPlugin:80 - create IPUIPlugin
2025-06-20 00:22:34,347 [INFO] PluginManager:220 - loadIPPluginJar : add nvic
2025-06-20 00:22:34,403 [INFO] IPUIPlugin:80 - create IPUIPlugin
2025-06-20 00:22:34,403 [INFO] PluginManager:220 - loadIPPluginJar : add opamp
2025-06-20 00:22:34,481 [INFO] IPUIPlugin:80 - create IPUIPlugin
2025-06-20 00:22:34,481 [INFO] PluginManager:220 - loadIPPluginJar : add openamp
2025-06-20 00:22:34,538 [INFO] IPUIPlugin:80 - create IPUIPlugin
2025-06-20 00:22:34,538 [INFO] PluginManager:220 - loadIPPluginJar : add pdm2pcm
2025-06-20 00:22:34,555 [INFO] IPUIPlugin:80 - create IPUIPlugin
2025-06-20 00:22:34,557 [INFO] PluginManager:220 - loadIPPluginJar : add plateformsettings
2025-06-20 00:22:34,583 [INFO] IPUIPlugin:80 - create IPUIPlugin
2025-06-20 00:22:34,583 [INFO] PluginManager:220 - loadIPPluginJar : add quadspi
2025-06-20 00:22:34,617 [INFO] IPUIPlugin:80 - create IPUIPlugin
2025-06-20 00:22:34,618 [INFO] PluginManager:220 - loadIPPluginJar : add radio
2025-06-20 00:22:34,635 [INFO] IPUIPlugin:80 - create IPUIPlugin
2025-06-20 00:22:34,635 [INFO] PluginManager:220 - loadIPPluginJar : add resmgrutility
2025-06-20 00:22:34,691 [INFO] IPUIPlugin:80 - create IPUIPlugin
2025-06-20 00:22:34,691 [INFO] PluginManager:220 - loadIPPluginJar : add sai
2025-06-20 00:22:34,748 [INFO] IPUIPlugin:80 - create IPUIPlugin
2025-06-20 00:22:34,749 [INFO] PluginManager:220 - loadIPPluginJar : add spi
2025-06-20 00:22:34,850 [INFO] IPUIPlugin:80 - create IPUIPlugin
2025-06-20 00:22:34,850 [INFO] PluginManager:220 - loadIPPluginJar : add stm32_wpan
2025-06-20 00:22:34,892 [INFO] IPUIPlugin:80 - create IPUIPlugin
2025-06-20 00:22:34,892 [INFO] PluginManager:220 - loadIPPluginJar : add tim
2025-06-20 00:22:34,966 [INFO] IPUIPlugin:80 - create IPUIPlugin
2025-06-20 00:22:34,966 [INFO] PluginManager:220 - loadIPPluginJar : add touchsensing
2025-06-20 00:22:34,995 [INFO] IPUIPlugin:80 - create IPUIPlugin
2025-06-20 00:22:34,995 [INFO] PluginManager:220 - loadIPPluginJar : add tracer_emb
2025-06-20 00:22:35,026 [INFO] IPUIPlugin:80 - create IPUIPlugin
2025-06-20 00:22:35,026 [INFO] PluginManager:220 - loadIPPluginJar : add ts
2025-06-20 00:22:35,049 [INFO] IPUIPlugin:80 - create IPUIPlugin
2025-06-20 00:22:35,049 [INFO] PluginManager:220 - loadIPPluginJar : add tsc
2025-06-20 00:22:35,079 [INFO] IPUIPlugin:80 - create IPUIPlugin
2025-06-20 00:22:35,080 [INFO] PluginManager:220 - loadIPPluginJar : add ucpd
2025-06-20 00:22:35,131 [INFO] IPUIPlugin:80 - create IPUIPlugin
2025-06-20 00:22:35,132 [INFO] PluginManager:220 - loadIPPluginJar : add usart
2025-06-20 00:22:35,200 [INFO] IPUIPlugin:80 - create IPUIPlugin
2025-06-20 00:22:35,200 [INFO] PluginManager:220 - loadIPPluginJar : add usbx
2025-06-20 00:22:35,373 [INFO] CADModel:165 - CPN selected for project level
2025-06-20 00:22:35,374 [INFO] CADModel:114 - Register for checkConnection events
2025-06-20 00:22:35,374 [FATAL] Updater:334 - Updater called before beeing initialized
2025-06-20 00:22:35,374 [ERROR] CADModel:125 - Updater not yet initialized, retry later 
2025-06-20 00:22:35,681 [INFO] CADModel:165 - CPN selected for project level
2025-06-20 00:22:35,681 [INFO] CADModel:114 - Register for checkConnection events
2025-06-20 00:22:35,682 [FATAL] Updater:334 - Updater called before beeing initialized
2025-06-20 00:22:35,683 [ERROR] CADModel:125 - Updater not yet initialized, retry later 
2025-06-20 00:22:35,687 [FATAL] Updater:334 - Updater called before beeing initialized
2025-06-20 00:22:35,874 [FATAL] Updater:334 - Updater called before beeing initialized
2025-06-20 00:22:35,887 [INFO] DbMcusAds:53 - JSON generation date=Wed May 07 14:37:55 IST 2025 (1746608875484)
2025-06-20 00:22:35,887 [FATAL] Updater:334 - Updater called before beeing initialized
2025-06-20 00:22:35,938 [WARN] DetailPanel:346 - Failed to get advertising image, set to default
2025-06-20 00:22:36,043 [FATAL] Updater:334 - Updater called before beeing initialized
2025-06-20 00:22:36,046 [FATAL] Updater:334 - Updater called before beeing initialized
2025-06-20 00:22:36,046 [FATAL] Updater:334 - Updater called before beeing initialized
2025-06-20 00:22:36,046 [WARN] DetailPanel:346 - Failed to get advertising image, set to default
2025-06-20 00:22:36,048 [FATAL] Updater:334 - Updater called before beeing initialized
2025-06-20 00:22:36,142 [ERROR] Updater:1164 - MainUpdater not yet initialized. External WinMGr cannot be set.
2025-06-20 00:22:36,161 [INFO] Updater:1100 - Updater Version found : 6.12.0
2025-06-20 00:22:36,190 [INFO] ApplicationProperties:184 - Using Application install path: C:\ST\STM32CubeIDE_1.16.0\STM32CubeIDE\plugins\com.st.stm32cube.common.mx_6.12.0.202406281431
2025-06-20 00:22:36,711 [INFO] ThirdPartyUpdaterWithRetryManager:70 - Updater plugin not ready yet. [3/15]
2025-06-20 00:22:37,808 [ERROR] LogOutputStream:75 - [STDERR_REDIRECT] Jun 20, 2025 12:22:37 AM java.util.prefs.WindowsPreferences <init>
2025-06-20 00:22:37,810 [ERROR] LogOutputStream:75 - [STDERR_REDIRECT] WARNING: Could not open/create prefs root node Software\JavaSoft\Prefs at root 0xffffffff80000002. Windows RegCreateKeyEx(...) returned error code 5.
2025-06-20 00:22:37,811 [ERROR] LogOutputStream:75 - [STDERR_REDIRECT] 
2025-06-20 00:22:39,712 [FATAL] Updater:334 - Updater called before beeing initialized
2025-06-20 00:22:39,712 [ERROR] IntegrityCheckThread:130 - Cannot retrieve database content from updater: error 21
2025-06-20 00:22:39,713 [INFO] ThirdParty:978 - Integrity check success = false
2025-06-20 00:22:39,713 [INFO] IntegrityCheckThread:100 - exiting critical section [integrity check]
2025-06-20 00:22:39,713 [INFO] IntegrityCheckThread:103 - End integrity checks thread
2025-06-20 00:22:39,911 [INFO] MainUpdater:2873 - connection check result : 10
2025-06-20 00:22:39,912 [INFO] MainUpdater:3567 - Updater definition file requires update
2025-06-20 00:22:39,913 [INFO] MainUpdater:290 - Updater Check For Update Now.
2025-06-20 00:22:39,914 [INFO] MicroXplorer:498 - Change Database Version : DB.6.0.120
2025-06-20 00:22:39,959 [INFO] McuFinderGlobals:63 - Set McuFinder mode to 2 (CubeIDE integrated)
2025-06-20 00:22:39,970 [INFO] UserAuth:417 - Internet connection configuration mode: 1
2025-06-20 00:22:40,022 [INFO] JxBrowserEngine:152 - Initiate JxBrowser Engine with user profile folder
2025-06-20 00:22:40,242 [INFO] ServerAccessManage:473 - Download File updaters.zip
2025-06-20 00:22:40,581 [INFO] FileExtend:240 - Unzip File : updaters.zip
2025-06-20 00:22:40,581 [INFO] FileExtend:255 - Standard Zip Deflate
2025-06-20 00:22:43,455 [INFO] ServerAccessManage:473 - Download File PacksControlFlags.xml
2025-06-20 00:22:43,720 [INFO] ServerAccessManage:473 - Download File cubemx.pidx
2025-06-20 00:22:45,748 [INFO] WebApp:167 - Instantiating new browser for Auth
2025-06-20 00:22:46,212 [INFO] ServerAccessManage:473 - Download File STMicroelectronics.FP-SNS-FLIGHT1.pdsc
2025-06-20 00:22:47,078 [INFO] WebApp:448 - Apply proxy settings
2025-06-20 00:22:47,079 [INFO] WebApp:533 - Chromium requires no authentication
2025-06-20 00:22:47,095 [INFO] WebApp:476 - Direct internet connection detected
2025-06-20 00:22:47,131 [INFO] WebApp:869 - Register for checkConnection events
2025-06-20 00:22:47,131 [INFO] WebApp:448 - Apply proxy settings
2025-06-20 00:22:47,131 [INFO] WebApp:533 - Chromium requires no authentication
2025-06-20 00:22:47,132 [INFO] WebApp:476 - Direct internet connection detected
2025-06-20 00:22:47,317 [INFO] WebApp:220 - Starting web application
2025-06-20 00:22:47,317 [INFO] WebApp:578 - Web application path used C:\ST\STM32CubeIDE_1.16.0\STM32CubeIDE\plugins\com.st.stm32cube.common.mx_6.12.0.202406281431\db\plugins\mcufinder\reactClient1\index.html
2025-06-20 00:22:47,470 [INFO] UserAuth:417 - Internet connection configuration mode: 1
2025-06-20 00:22:48,112 [INFO] WebApp:186 - Connection restablished
2025-06-20 00:22:50,723 [INFO] ServerAccessManage:473 - Download File STMicroelectronics.X-CUBE-AI.pdsc
2025-06-20 00:23:10,926 [INFO] ServerAccessManage:473 - Download File STMicroelectronics.X-CUBE-BLE1.pdsc
2025-06-20 00:23:25,361 [ERROR] ServerAccessManage:1089 - Problem, file not found on Server
2025-06-20 00:23:26,281 [INFO] ServerAccessManage:473 - Download File STMicroelectronics.X-CUBE-DPOWER.pdsc
2025-06-20 00:23:29,151 [ERROR] ServerAccessManage:1089 - Problem, file not found on Server
2025-06-20 00:23:30,088 [ERROR] ServerAccessManage:1089 - Problem, file not found on Server
2025-06-20 00:23:30,882 [ERROR] ServerAccessManage:1089 - Problem, file not found on Server
2025-06-20 00:23:31,566 [ERROR] ServerAccessManage:1089 - Problem, file not found on Server
2025-06-20 00:23:32,732 [ERROR] ServerAccessManage:1089 - Problem, file not found on Server
2025-06-20 00:23:33,089 [ERROR] ServerAccessManage:1089 - Problem, file not found on Server
2025-06-20 00:23:33,855 [ERROR] ServerAccessManage:1089 - Problem, file not found on Server
2025-06-20 00:23:34,535 [ERROR] ServerAccessManage:1089 - Problem, file not found on Server
2025-06-20 00:23:35,586 [ERROR] ServerAccessManage:1089 - Problem, file not found on Server
2025-06-20 00:23:36,449 [ERROR] ServerAccessManage:1089 - Problem, file not found on Server
2025-06-20 00:23:37,134 [ERROR] ServerAccessManage:1089 - Problem, file not found on Server
2025-06-20 00:23:37,757 [INFO] ServerAccessManage:473 - Download File STMicroelectronics.X-CUBE-FREERTOS.pdsc
2025-06-20 00:23:44,503 [INFO] ServerAccessManage:473 - Download File STMicroelectronics.X-CUBE-GNSS1.pdsc
2025-06-20 00:23:51,929 [ERROR] ServerAccessManage:1089 - Problem, file not found on Server
2025-06-20 00:23:52,291 [ERROR] ServerAccessManage:1089 - Problem, file not found on Server
2025-06-20 00:23:53,195 [ERROR] ServerAccessManage:1089 - Problem, file not found on Server
2025-06-20 00:23:54,238 [ERROR] ServerAccessManage:1089 - Problem, file not found on Server
2025-06-20 00:23:54,938 [ERROR] ServerAccessManage:1089 - Problem, file not found on Server
2025-06-20 00:23:56,083 [ERROR] ServerAccessManage:1089 - Problem, file not found on Server
2025-06-20 00:23:57,234 [INFO] ServerAccessManage:473 - Download File STMicroelectronics.X-CUBE-IPS.pdsc
2025-06-20 00:24:00,071 [INFO] ServerAccessManage:473 - Download File STMicroelectronics.X-CUBE-MEMS1.pdsc
2025-06-20 00:24:45,399 [INFO] ServerAccessManage:473 - Download File STMicroelectronics.X-CUBE-NFC7.pdsc
2025-06-20 00:24:48,984 [INFO] ServerAccessManage:473 - Download File STMicroelectronics.X-CUBE-ST60.pdsc
2025-06-20 00:24:50,868 [INFO] ServerAccessManage:473 - Download File STMicroelectronics.X-CUBE-ST67W61.pdsc
2025-06-20 00:24:52,507 [INFO] ServerAccessManage:473 - Download File STMicroelectronics.X-CUBE-PM33A1.pdsc
2025-06-20 00:24:53,724 [INFO] ServerAccessManage:473 - Download File STMicroelectronics.X-CUBE-TCPP.pdsc
2025-06-20 00:25:41,020 [WARN] ServerAccessManage:1168 - Warning during Server Connection :  timeout Read timed out
2025-06-20 00:25:42,276 [INFO] ServerAccessManage:473 - Download File STMicroelectronics.X-CUBE-TOF1.pdsc
2025-06-20 00:25:48,630 [ERROR] ServerAccessManage:1089 - Problem, file not found on Server
2025-06-20 00:25:49,043 [INFO] ServerAccessManage:473 - Download File STMicroelectronics.X-CUBE-TOUCHGFX.pdsc
2025-06-20 00:25:58,148 [INFO] ServerAccessManage:473 - Download File STMicroelectronics.X-CUBE-AZRTOS-H7RS.pdsc
2025-06-20 00:25:59,253 [INFO] ServerAccessManage:473 - Download File STMicroelectronics.X-CUBE-WB05N.pdsc
2025-06-20 00:26:01,136 [INFO] ServerAccessManage:473 - Download File Avnet-IotConnect.X-CUBE-IoTC-DA16k-PMOD.pdsc
2025-06-20 00:26:01,392 [WARN] PopulateThirdPartyThread:106 - Error when creating pack: C:/Users/nisha/.stm32cubemx/thirdparties/pdsc/STMicroelectronics.FP-SNS-FLIGHT1.pdsc
2025-06-20 00:26:01,529 [WARN] PackLoader:240 - Cannot read IP mode file for STMicroelectronics.X-CUBE-AI.10.1.0
2025-06-20 00:26:01,541 [WARN] PackLoader:240 - Cannot read IP mode file for STMicroelectronics.X-CUBE-BLE1.7.1.0
2025-06-20 00:26:01,557 [WARN] PackLoader:240 - Cannot read IP mode file for STMicroelectronics.X-CUBE-DPower.1.3.0
2025-06-20 00:26:01,571 [WARN] PackLoader:240 - Cannot read IP mode file for STMicroelectronics.X-CUBE-FREERTOS.1.3.1
2025-06-20 00:26:01,580 [WARN] PackLoader:240 - Cannot read IP mode file for STMicroelectronics.X-CUBE-GNSS1.7.0.1
2025-06-20 00:26:01,588 [WARN] PopulateThirdPartyThread:106 - Error when creating pack: C:/Users/nisha/.stm32cubemx/thirdparties/pdsc/STMicroelectronics.X-CUBE-IPS.pdsc
2025-06-20 00:26:01,621 [INFO] CheckServerUpdateThread:120 - End of CheckServer Thread
2025-06-20 00:26:01,658 [WARN] PackLoader:240 - Cannot read IP mode file for STMicroelectronics.X-CUBE-MEMS1.11.3.0
2025-06-20 00:26:01,816 [WARN] PackLoader:240 - Cannot read IP mode file for STMicroelectronics.X-CUBE-NFC7.2.0.0
2025-06-20 00:26:01,821 [WARN] PopulateThirdPartyThread:106 - Error when creating pack: C:/Users/nisha/.stm32cubemx/thirdparties/pdsc/STMicroelectronics.X-CUBE-ST60.pdsc
2025-06-20 00:26:01,825 [WARN] PopulateThirdPartyThread:106 - Error when creating pack: C:/Users/nisha/.stm32cubemx/thirdparties/pdsc/STMicroelectronics.X-CUBE-ST67W61.pdsc
2025-06-20 00:26:01,834 [WARN] PackLoader:240 - Cannot read IP mode file for STMicroelectronics.X-CUBE-PM33A1.1.0.0
2025-06-20 00:26:01,853 [WARN] PopulateThirdPartyThread:106 - Error when creating pack: C:/Users/nisha/.stm32cubemx/thirdparties/pdsc/STMicroelectronics.X-CUBE-TCPP.pdsc
2025-06-20 00:26:01,859 [WARN] PopulateThirdPartyThread:106 - Error when creating pack: C:/Users/nisha/.stm32cubemx/thirdparties/pdsc/STMicroelectronics.X-CUBE-TOF1.pdsc
2025-06-20 00:26:01,869 [WARN] PackLoader:240 - Cannot read IP mode file for STMicroelectronics.X-CUBE-TOUCHGFX.4.25.0
2025-06-20 00:26:01,891 [WARN] PackLoader:240 - Cannot read IP mode file for STMicroelectronics.X-CUBE-AZRTOS-H7RS.1.1.0
2025-06-20 00:26:01,903 [WARN] PackLoader:240 - Cannot read IP mode file for STMicroelectronics.X-CUBE-WB05N.2.0.0
2025-06-20 00:26:01,907 [WARN] PopulateThirdPartyThread:106 - Error when creating pack: C:/Users/nisha/.stm32cubemx/thirdparties/pdsc/Avnet-IotConnect.X-CUBE-IoTC-DA16k-PMOD.pdsc
2025-06-20 00:26:01,907 [INFO] PopulateThirdPartyThread:66 - Ending populate Thread
2025-06-20 00:26:01,915 [INFO] ThirdParty:1030 - CMSIS Pack Vendor :STMicroelectronics X-CUBE-AI 10.1.0
2025-06-20 00:26:01,915 [INFO] ThirdParty:1030 - CMSIS Pack Vendor :STMicroelectronics X-CUBE-FREERTOS 1.3.1
2025-06-20 00:26:01,915 [INFO] ThirdParty:1030 - CMSIS Pack Vendor :STMicroelectronics X-CUBE-PM33A1 1.0.0
2025-06-20 00:26:01,915 [INFO] ThirdParty:1030 - CMSIS Pack Vendor :STMicroelectronics X-CUBE-GNSS1 7.0.1
2025-06-20 00:26:01,915 [INFO] ThirdParty:1030 - CMSIS Pack Vendor :STMicroelectronics X-CUBE-NFC7 2.0.0
2025-06-20 00:26:01,915 [INFO] ThirdParty:1030 - CMSIS Pack Vendor :STMicroelectronics X-CUBE-DPower 1.3.0
2025-06-20 00:26:01,916 [INFO] ThirdParty:1030 - CMSIS Pack Vendor :STMicroelectronics X-CUBE-MEMS1 11.3.0
2025-06-20 00:26:01,916 [INFO] ThirdParty:1030 - CMSIS Pack Vendor :STMicroelectronics X-CUBE-BLE1 7.1.0
2025-06-20 00:26:01,916 [INFO] ThirdParty:1030 - CMSIS Pack Vendor :STMicroelectronics X-CUBE-TOUCHGFX 4.25.0
2025-06-20 00:26:01,916 [INFO] ThirdParty:1030 - CMSIS Pack Vendor :STMicroelectronics X-CUBE-WB05N 2.0.0
2025-06-20 00:26:01,916 [INFO] ThirdParty:1030 - CMSIS Pack Vendor :STMicroelectronics X-CUBE-AZRTOS-H7RS 1.1.0
2025-06-20 00:26:01,916 [INFO] LoadServerUpdatesThread:375 - End of LoadServerUpdate Thread
2025-06-20 00:31:58,150 [ERROR] LogOutputStream:75 - [STDERR_REDIRECT] 
2025-06-20 22:43:01,727 [INFO] Activator:176 - 


2025-06-20 22:43:01,732 [INFO] Activator:177 - !SESSION log4j initialized
2025-06-20 22:43:19,545 [INFO] LogOutputStream:77 - [STDOUT_REDIRECT] 
2025-06-20 22:43:24,247 [INFO] ApplicationProperties:184 - Using Application install path: C:\ST\STM32CubeIDE_1.16.0\STM32CubeIDE\plugins\com.st.stm32cube.common.mx_6.12.0.202406281431
2025-06-20 22:43:24,279 [INFO] DbMcusXml:78 - Set database path to: C:\ST\STM32CubeIDE_1.16.0\STM32CubeIDE\plugins\com.st.stm32cube.common.mx_6.12.0.202406281431\\db\/mcu/
2025-06-20 22:43:24,279 [INFO] ApiDb:274 - Set plugin database path to: C:\ST\STM32CubeIDE_1.16.0\STM32CubeIDE\plugins\com.st.stm32cube.common.mx_6.12.0.202406281431\\db\/plugins/boardmanager/
2025-06-20 22:43:24,279 [WARN] ApiDb:259 - Overriding images path with different value:  => C:\ST\STM32CubeIDE_1.16.0\STM32CubeIDE\plugins\com.st.stm32cube.common.mx_6.12.0.202406281431\\db\/plugins/mcufinder/images/
2025-06-20 22:43:24,309 [INFO] ApiDb:250 - Set database path to: C:\Users\nisha\.stmcufinder\plugins\mcufinder//mcu/
2025-06-20 22:43:24,312 [INFO] DbMcusAds:125 - Set database path to: C:\Users\nisha\.stmcufinder\plugins\mcufinder//mcu/
2025-06-20 22:43:24,314 [INFO] CrossReferenceDbSqlite:203 - Set database path to: C:\Users\nisha\.stmcufinder\plugins\mcufinder//mcu/cs/
2025-06-20 22:43:24,708 [INFO] RulesReader:64 - Compatibility file has been processed (297 Rules)
2025-06-20 22:43:24,912 [INFO] DbMcusXml:78 - Set database path to: C:\ST\STM32CubeIDE_1.16.0\STM32CubeIDE\plugins\com.st.stm32cube.common.mx_6.12.0.202406281431\\db\/mcu/
2025-06-20 22:43:24,912 [INFO] ApiDb:274 - Set plugin database path to: C:\ST\STM32CubeIDE_1.16.0\STM32CubeIDE\plugins\com.st.stm32cube.common.mx_6.12.0.202406281431\\db\/plugins/boardmanager/
2025-06-20 22:43:24,913 [INFO] ApiDb:261 - Set plugin images path to: C:\ST\STM32CubeIDE_1.16.0\STM32CubeIDE\plugins\com.st.stm32cube.common.mx_6.12.0.202406281431\\db\/plugins/mcufinder/images/
2025-06-20 22:43:24,914 [WARN] DbFile:41 - Overriding database path with different value: C:\Users\nisha\.stmcufinder\plugins\mcufinder/ => C:\Users\nisha\.stmcufinder\plugins\mcufinder
2025-06-20 22:43:24,945 [INFO] ApiDb:250 - Set database path to: C:\Users\nisha\.stmcufinder\plugins\mcufinder//mcu/
2025-06-20 22:43:24,945 [WARN] DbFile:41 - Overriding database path with different value: C:\Users\nisha\.stmcufinder\plugins\mcufinder/ => C:\Users\nisha\.stmcufinder\plugins\mcufinder
2025-06-20 22:43:24,945 [INFO] DbMcusAds:125 - Set database path to: C:\Users\nisha\.stmcufinder\plugins\mcufinder//mcu/
2025-06-20 22:43:24,945 [WARN] DbFile:41 - Overriding database path with different value: C:\Users\nisha\.stmcufinder\plugins\mcufinder/ => C:\Users\nisha\.stmcufinder\plugins\mcufinder
2025-06-20 22:43:24,945 [WARN] DbFile:41 - Overriding database path with different value: C:\Users\nisha\.stmcufinder\plugins\mcufinder/ => C:\Users\nisha\.stmcufinder\plugins\mcufinder
2025-06-20 22:43:24,945 [INFO] CrossReferenceDbSqlite:203 - Set database path to: C:\Users\nisha\.stmcufinder\plugins\mcufinder//mcu/cs/
2025-06-20 22:43:25,341 [INFO] MainPanel:268 - HeapMemory: 268435456
2025-06-20 22:43:25,630 [INFO] DbMcusXml:78 - Set database path to: C:\ST\STM32CubeIDE_1.16.0\STM32CubeIDE\plugins\com.st.stm32cube.common.mx_6.12.0.202406281431\\db\/mcu/
2025-06-20 22:43:25,631 [INFO] ApiDb:274 - Set plugin database path to: C:\ST\STM32CubeIDE_1.16.0\STM32CubeIDE\plugins\com.st.stm32cube.common.mx_6.12.0.202406281431\\db\/plugins/boardmanager/
2025-06-20 22:43:25,631 [INFO] ApiDb:261 - Set plugin images path to: C:\ST\STM32CubeIDE_1.16.0\STM32CubeIDE\plugins\com.st.stm32cube.common.mx_6.12.0.202406281431\\db\/plugins/mcufinder/images/
2025-06-20 22:43:25,631 [WARN] DbFile:41 - Overriding database path with different value: C:\Users\nisha\.stmcufinder\plugins\mcufinder/ => C:\Users\nisha\.stmcufinder\plugins\mcufinder
2025-06-20 22:43:25,631 [INFO] ApiDb:250 - Set database path to: C:\Users\nisha\.stmcufinder\plugins\mcufinder//mcu/
2025-06-20 22:43:25,631 [WARN] DbFile:41 - Overriding database path with different value: C:\Users\nisha\.stmcufinder\plugins\mcufinder/ => C:\Users\nisha\.stmcufinder\plugins\mcufinder
2025-06-20 22:43:25,631 [INFO] DbMcusAds:125 - Set database path to: C:\Users\nisha\.stmcufinder\plugins\mcufinder//mcu/
2025-06-20 22:43:25,633 [WARN] DbFile:41 - Overriding database path with different value: C:\Users\nisha\.stmcufinder\plugins\mcufinder/ => C:\Users\nisha\.stmcufinder\plugins\mcufinder
2025-06-20 22:43:25,633 [WARN] DbFile:41 - Overriding database path with different value: C:\Users\nisha\.stmcufinder\plugins\mcufinder/ => C:\Users\nisha\.stmcufinder\plugins\mcufinder
2025-06-20 22:43:25,633 [INFO] CrossReferenceDbSqlite:203 - Set database path to: C:\Users\nisha\.stmcufinder\plugins\mcufinder//mcu/cs/
2025-06-20 22:43:25,669 [INFO] ApplicationProperties:184 - Using Application install path: C:\ST\STM32CubeIDE_1.16.0\STM32CubeIDE\plugins\com.st.stm32cube.common.mx_6.12.0.202406281431
2025-06-20 22:43:25,679 [INFO] PluginManage:196 - Search for loadable plugins [exclusion list=, ]
2025-06-20 22:43:25,684 [INFO] PluginManage:310 - Check plugin analytics
2025-06-20 22:43:26,770 [INFO] AnalyticsPlugin:253 - Accepted Software Licenses: 
2025-06-20 22:43:26,770 [INFO] AnalyticsPlugin:255 - Accepted CMSIS Pack Licenses: 
2025-06-20 22:43:26,770 [INFO] AnalyticsPlugin:257 - Accepted Firmware Licenses: FW.F4.1.28.0
2025-06-20 22:43:26,777 [INFO] PluginManage:359 - Loaded plugin analytics (category:tool,tabindex:-1)
2025-06-20 22:43:26,784 [INFO] PluginManage:310 - Check plugin cadmodel
2025-06-20 22:43:26,824 [INFO] CADModel:105 - Init CAD model plugin
2025-06-20 22:43:26,824 [INFO] PluginManage:359 - Loaded plugin cadmodel (category:power,tabindex:5)
2025-06-20 22:43:26,824 [INFO] PluginManage:310 - Check plugin clock
2025-06-20 22:43:26,867 [INFO] PluginManage:359 - Loaded plugin clock (category:base,tabindex:2)
2025-06-20 22:43:26,867 [INFO] PluginManage:310 - Check plugin ddr
2025-06-20 22:43:26,867 [INFO] PluginManage:359 - Loaded plugin ddr (category:tool,tabindex:6)
2025-06-20 22:43:26,867 [INFO] PluginManage:310 - Check plugin filemanager
2025-06-20 22:43:27,245 [INFO] PluginManage:359 - Loaded plugin filemanager (category:base,tabindex:10)
2025-06-20 22:43:27,245 [INFO] PluginManage:310 - Check plugin ipmanager
2025-06-20 22:43:27,270 [INFO] PluginManage:359 - Loaded plugin ipmanager (category:base,tabindex:5)
2025-06-20 22:43:27,270 [INFO] PluginManage:310 - Check plugin lpbam
2025-06-20 22:43:27,309 [INFO] PluginManage:359 - Loaded plugin lpbam (category:base,tabindex:0)
2025-06-20 22:43:27,309 [INFO] PluginManage:310 - Check plugin memorymap
2025-06-20 22:43:27,357 [INFO] PluginManage:359 - Loaded plugin memorymap (category:base,tabindex:4)
2025-06-20 22:43:27,359 [INFO] PluginManage:310 - Check plugin pinoutandconfiguration
2025-06-20 22:43:27,398 [INFO] PluginManage:359 - Loaded plugin pinoutandconfiguration (category:base,tabindex:1)
2025-06-20 22:43:27,398 [INFO] PluginManage:310 - Check plugin pinoutconfig
2025-06-20 22:43:27,591 [WARN] SupportedApi:132 - Cannot load RTOS API schema: s4s-elt-must-match.1: The content of 'definitions' must match (annotation?, (simpleType | complexType)?, (unique | key | keyref)*)). A problem was found starting at: attribute.
2025-06-20 22:43:27,895 [INFO] PluginManage:359 - Loaded plugin pinoutconfig (category:base,tabindex:0)
2025-06-20 22:43:27,897 [INFO] PluginManage:310 - Check plugin power
2025-06-20 22:43:27,928 [INFO] PluginManage:359 - Loaded plugin power (category:power,tabindex:4)
2025-06-20 22:43:27,930 [INFO] PluginManage:310 - Check plugin projectmanager
2025-06-20 22:43:27,963 [INFO] PluginManage:359 - Loaded plugin projectmanager (category:projectmanager,tabindex:4)
2025-06-20 22:43:27,963 [INFO] PluginManage:310 - Check plugin rif
2025-06-20 22:43:28,002 [INFO] PluginManage:359 - Loaded plugin rif (category:base,tabindex:3)
2025-06-20 22:43:28,004 [INFO] PluginManage:310 - Check plugin thirdparty
2025-06-20 22:43:28,987 [INFO] PluginManage:359 - Loaded plugin thirdparty (category:base,tabindex:-1)
2025-06-20 22:43:28,987 [INFO] PluginManage:310 - Check plugin tools
2025-06-20 22:43:28,987 [WARN] IntegrityCheckThread:84 - waiting for thirdparty lock release [integrity check]
2025-06-20 22:43:28,987 [INFO] IntegrityCheckThread:86 - entering critical section [integrity check]
2025-06-20 22:43:28,998 [INFO] ThirdPartyUpdaterWithRetryManager:70 - Updater plugin not ready yet. [1/15]
2025-06-20 22:43:29,102 [INFO] PluginManage:359 - Loaded plugin tools (category:base,tabindex:7)
2025-06-20 22:43:29,102 [INFO] PluginManage:310 - Check plugin tutovideos
2025-06-20 22:43:29,612 [INFO] PluginManage:359 - Loaded plugin tutovideos (category:base,tabindex:-1)
2025-06-20 22:43:29,612 [INFO] PluginManage:310 - Check plugin updater
2025-06-20 22:43:29,654 [INFO] PluginManage:359 - Loaded plugin updater (category:base,tabindex:12)
2025-06-20 22:43:29,654 [INFO] PluginManage:310 - Check plugin userauth
2025-06-20 22:43:29,665 [INFO] UserAuth:113 - Init User Auth plugin
2025-06-20 22:43:29,665 [INFO] PluginManage:359 - Loaded plugin userauth (category:base,tabindex:14)
2025-06-20 22:43:29,667 [INFO] PluginManage:283 - PluginManage : Loaded plugins [18]
2025-06-20 22:43:30,291 [INFO] PinOutPanel:1561 - setPackage(No Configuration,No Configuration)
2025-06-20 22:43:30,503 [INFO] CADModel:165 - CPN selected for project level
2025-06-20 22:43:30,503 [INFO] CADModel:114 - Register for checkConnection events
2025-06-20 22:43:30,558 [INFO] IPUIPlugin:80 - create IPUIPlugin
2025-06-20 22:43:30,558 [INFO] PluginManager:220 - loadIPPluginJar : add adc
2025-06-20 22:43:30,654 [INFO] IPUIPlugin:80 - create IPUIPlugin
2025-06-20 22:43:30,654 [INFO] PluginManager:220 - loadIPPluginJar : add aes
2025-06-20 22:43:30,758 [INFO] IPUIPlugin:80 - create IPUIPlugin
2025-06-20 22:43:30,758 [INFO] PluginManager:220 - loadIPPluginJar : add can
2025-06-20 22:43:30,787 [INFO] IPUIPlugin:80 - create IPUIPlugin
2025-06-20 22:43:30,787 [INFO] PluginManager:220 - loadIPPluginJar : add comp
2025-06-20 22:43:30,838 [INFO] IPUIPlugin:80 - create IPUIPlugin
2025-06-20 22:43:30,838 [INFO] PluginManager:220 - loadIPPluginJar : add cryp
2025-06-20 22:43:30,867 [INFO] IPUIPlugin:80 - create IPUIPlugin
2025-06-20 22:43:30,868 [INFO] PluginManager:220 - loadIPPluginJar : add ddr_ctrl_phy
2025-06-20 22:43:30,951 [INFO] IPUIPlugin:80 - create IPUIPlugin
2025-06-20 22:43:30,951 [INFO] PluginManager:220 - loadIPPluginJar : add dfsdm
2025-06-20 22:43:30,988 [INFO] IPUIPlugin:80 - create IPUIPlugin
2025-06-20 22:43:30,988 [INFO] PluginManager:220 - loadIPPluginJar : add dma
2025-06-20 22:43:31,135 [INFO] IPUIPlugin:80 - create IPUIPlugin
2025-06-20 22:43:31,136 [INFO] PluginManager:220 - loadIPPluginJar : add dma3
2025-06-20 22:43:31,247 [INFO] IPUIPlugin:80 - create IPUIPlugin
2025-06-20 22:43:31,247 [INFO] PluginManager:220 - loadIPPluginJar : add extmemmanager
2025-06-20 22:43:31,286 [INFO] IPUIPlugin:80 - create IPUIPlugin
2025-06-20 22:43:31,286 [INFO] PluginManager:220 - loadIPPluginJar : add fatfs
2025-06-20 22:43:31,399 [INFO] IPUIPlugin:80 - create IPUIPlugin
2025-06-20 22:43:31,402 [INFO] PluginManager:220 - loadIPPluginJar : add fmc
2025-06-20 22:43:31,439 [INFO] IPUIPlugin:80 - create IPUIPlugin
2025-06-20 22:43:31,440 [INFO] PluginManager:220 - loadIPPluginJar : add freertos
2025-06-20 22:43:31,486 [INFO] IPUIPlugin:80 - create IPUIPlugin
2025-06-20 22:43:31,486 [INFO] PluginManager:220 - loadIPPluginJar : add genericplugin
2025-06-20 22:43:31,719 [INFO] IPUIPlugin:80 - create IPUIPlugin
2025-06-20 22:43:31,719 [INFO] PluginManager:220 - loadIPPluginJar : add gfxmmu
2025-06-20 22:43:32,006 [INFO] ThirdPartyUpdaterWithRetryManager:70 - Updater plugin not ready yet. [2/15]
2025-06-20 22:43:32,096 [INFO] IPUIPlugin:80 - create IPUIPlugin
2025-06-20 22:43:32,096 [INFO] PluginManager:220 - loadIPPluginJar : add gic
2025-06-20 22:43:32,127 [INFO] IPUIPlugin:80 - create IPUIPlugin
2025-06-20 22:43:32,127 [INFO] PluginManager:220 - loadIPPluginJar : add gpio
2025-06-20 22:43:32,343 [INFO] IPUIPlugin:80 - create IPUIPlugin
2025-06-20 22:43:32,343 [INFO] PluginManager:220 - loadIPPluginJar : add gtzc
2025-06-20 22:43:32,416 [INFO] IPUIPlugin:80 - create IPUIPlugin
2025-06-20 22:43:32,416 [INFO] PluginManager:220 - loadIPPluginJar : add hash
2025-06-20 22:43:32,542 [INFO] IPUIPlugin:80 - create IPUIPlugin
2025-06-20 22:43:32,542 [INFO] PluginManager:220 - loadIPPluginJar : add i2c
2025-06-20 22:43:32,617 [INFO] IPUIPlugin:80 - create IPUIPlugin
2025-06-20 22:43:32,617 [INFO] PluginManager:220 - loadIPPluginJar : add i2s
2025-06-20 22:43:32,716 [INFO] IPUIPlugin:80 - create IPUIPlugin
2025-06-20 22:43:32,716 [INFO] PluginManager:220 - loadIPPluginJar : add i3c
2025-06-20 22:43:32,951 [INFO] IPUIPlugin:80 - create IPUIPlugin
2025-06-20 22:43:32,951 [INFO] PluginManager:220 - loadIPPluginJar : add ipddr
2025-06-20 22:43:33,130 [INFO] IPUIPlugin:80 - create IPUIPlugin
2025-06-20 22:43:33,130 [INFO] PluginManager:220 - loadIPPluginJar : add linkedlist
2025-06-20 22:43:33,190 [INFO] IPUIPlugin:80 - create IPUIPlugin
2025-06-20 22:43:33,190 [INFO] PluginManager:220 - loadIPPluginJar : add lorawan
2025-06-20 22:43:33,243 [INFO] IPUIPlugin:80 - create IPUIPlugin
2025-06-20 22:43:33,243 [INFO] PluginManager:220 - loadIPPluginJar : add ltdc
2025-06-20 22:43:33,272 [INFO] IPUIPlugin:80 - create IPUIPlugin
2025-06-20 22:43:33,272 [INFO] PluginManager:220 - loadIPPluginJar : add mdma
2025-06-20 22:43:33,284 [INFO] IPUIPlugin:80 - create IPUIPlugin
2025-06-20 22:43:33,297 [INFO] PluginManager:220 - loadIPPluginJar : add nvic
2025-06-20 22:43:33,382 [INFO] IPUIPlugin:80 - create IPUIPlugin
2025-06-20 22:43:33,384 [INFO] PluginManager:220 - loadIPPluginJar : add opamp
2025-06-20 22:43:33,476 [INFO] IPUIPlugin:80 - create IPUIPlugin
2025-06-20 22:43:33,478 [INFO] PluginManager:220 - loadIPPluginJar : add openamp
2025-06-20 22:43:33,574 [INFO] IPUIPlugin:80 - create IPUIPlugin
2025-06-20 22:43:33,574 [INFO] PluginManager:220 - loadIPPluginJar : add pdm2pcm
2025-06-20 22:43:33,607 [INFO] IPUIPlugin:80 - create IPUIPlugin
2025-06-20 22:43:33,611 [INFO] PluginManager:220 - loadIPPluginJar : add plateformsettings
2025-06-20 22:43:33,665 [INFO] IPUIPlugin:80 - create IPUIPlugin
2025-06-20 22:43:33,665 [INFO] PluginManager:220 - loadIPPluginJar : add quadspi
2025-06-20 22:43:33,726 [INFO] IPUIPlugin:80 - create IPUIPlugin
2025-06-20 22:43:33,731 [INFO] PluginManager:220 - loadIPPluginJar : add radio
2025-06-20 22:43:33,755 [INFO] IPUIPlugin:80 - create IPUIPlugin
2025-06-20 22:43:33,755 [INFO] PluginManager:220 - loadIPPluginJar : add resmgrutility
2025-06-20 22:43:33,860 [INFO] IPUIPlugin:80 - create IPUIPlugin
2025-06-20 22:43:33,860 [INFO] PluginManager:220 - loadIPPluginJar : add sai
2025-06-20 22:43:33,935 [INFO] IPUIPlugin:80 - create IPUIPlugin
2025-06-20 22:43:33,935 [INFO] PluginManager:220 - loadIPPluginJar : add spi
2025-06-20 22:43:34,094 [INFO] IPUIPlugin:80 - create IPUIPlugin
2025-06-20 22:43:34,094 [INFO] PluginManager:220 - loadIPPluginJar : add stm32_wpan
2025-06-20 22:43:34,126 [INFO] IPUIPlugin:80 - create IPUIPlugin
2025-06-20 22:43:34,126 [INFO] PluginManager:220 - loadIPPluginJar : add tim
2025-06-20 22:43:34,262 [INFO] IPUIPlugin:80 - create IPUIPlugin
2025-06-20 22:43:34,262 [INFO] PluginManager:220 - loadIPPluginJar : add touchsensing
2025-06-20 22:43:34,297 [INFO] IPUIPlugin:80 - create IPUIPlugin
2025-06-20 22:43:34,297 [INFO] PluginManager:220 - loadIPPluginJar : add tracer_emb
2025-06-20 22:43:34,357 [INFO] IPUIPlugin:80 - create IPUIPlugin
2025-06-20 22:43:34,357 [INFO] PluginManager:220 - loadIPPluginJar : add ts
2025-06-20 22:43:34,383 [INFO] IPUIPlugin:80 - create IPUIPlugin
2025-06-20 22:43:34,383 [INFO] PluginManager:220 - loadIPPluginJar : add tsc
2025-06-20 22:43:34,431 [INFO] IPUIPlugin:80 - create IPUIPlugin
2025-06-20 22:43:34,431 [INFO] PluginManager:220 - loadIPPluginJar : add ucpd
2025-06-20 22:43:34,539 [INFO] IPUIPlugin:80 - create IPUIPlugin
2025-06-20 22:43:34,539 [INFO] PluginManager:220 - loadIPPluginJar : add usart
2025-06-20 22:43:34,647 [INFO] IPUIPlugin:80 - create IPUIPlugin
2025-06-20 22:43:34,647 [INFO] PluginManager:220 - loadIPPluginJar : add usbx
2025-06-20 22:43:34,853 [INFO] CADModel:165 - CPN selected for project level
2025-06-20 22:43:34,853 [INFO] CADModel:114 - Register for checkConnection events
2025-06-20 22:43:34,853 [FATAL] Updater:334 - Updater called before beeing initialized
2025-06-20 22:43:34,853 [ERROR] CADModel:125 - Updater not yet initialized, retry later 
2025-06-20 22:43:35,019 [INFO] ThirdPartyUpdaterWithRetryManager:70 - Updater plugin not ready yet. [3/15]
2025-06-20 22:43:35,117 [INFO] CADModel:165 - CPN selected for project level
2025-06-20 22:43:35,117 [INFO] CADModel:114 - Register for checkConnection events
2025-06-20 22:43:35,117 [FATAL] Updater:334 - Updater called before beeing initialized
2025-06-20 22:43:35,117 [ERROR] CADModel:125 - Updater not yet initialized, retry later 
2025-06-20 22:43:35,129 [FATAL] Updater:334 - Updater called before beeing initialized
2025-06-20 22:43:35,520 [FATAL] Updater:334 - Updater called before beeing initialized
2025-06-20 22:43:35,553 [INFO] DbMcusAds:53 - JSON generation date=Wed May 07 14:37:55 IST 2025 (1746608875484)
2025-06-20 22:43:35,556 [FATAL] Updater:334 - Updater called before beeing initialized
2025-06-20 22:43:35,637 [WARN] DetailPanel:346 - Failed to get advertising image, set to default
2025-06-20 22:43:35,852 [FATAL] Updater:334 - Updater called before beeing initialized
2025-06-20 22:43:35,852 [FATAL] Updater:334 - Updater called before beeing initialized
2025-06-20 22:43:35,852 [FATAL] Updater:334 - Updater called before beeing initialized
2025-06-20 22:43:35,852 [WARN] DetailPanel:346 - Failed to get advertising image, set to default
2025-06-20 22:43:35,852 [FATAL] Updater:334 - Updater called before beeing initialized
2025-06-20 22:43:36,018 [ERROR] Updater:1164 - MainUpdater not yet initialized. External WinMGr cannot be set.
2025-06-20 22:43:36,048 [INFO] Updater:1100 - Updater Version found : 6.12.0
2025-06-20 22:43:36,085 [INFO] ApplicationProperties:184 - Using Application install path: C:\ST\STM32CubeIDE_1.16.0\STM32CubeIDE\plugins\com.st.stm32cube.common.mx_6.12.0.202406281431
2025-06-20 22:43:37,734 [ERROR] LogOutputStream:75 - [STDERR_REDIRECT] Jun 20, 2025 10:43:37 PM java.util.prefs.WindowsPreferences <init>
2025-06-20 22:43:37,736 [ERROR] LogOutputStream:75 - [STDERR_REDIRECT] WARNING: Could not open/create prefs root node Software\JavaSoft\Prefs at root 0xffffffff80000002. Windows RegCreateKeyEx(...) returned error code 5.
2025-06-20 22:43:37,736 [ERROR] LogOutputStream:75 - [STDERR_REDIRECT] 
2025-06-20 22:43:38,031 [FATAL] Updater:334 - Updater called before beeing initialized
2025-06-20 22:43:38,037 [ERROR] IntegrityCheckThread:130 - Cannot retrieve database content from updater: error 21
2025-06-20 22:43:38,043 [INFO] ThirdParty:978 - Integrity check success = false
2025-06-20 22:43:38,043 [INFO] IntegrityCheckThread:100 - exiting critical section [integrity check]
2025-06-20 22:43:38,043 [INFO] IntegrityCheckThread:103 - End integrity checks thread
2025-06-20 22:43:38,873 [INFO] MainUpdater:2873 - connection check result : 10
2025-06-20 22:43:38,873 [INFO] MainUpdater:290 - Updater Check For Update Now.
2025-06-20 22:43:38,873 [INFO] MicroXplorer:498 - Change Database Version : DB.6.0.120
2025-06-20 22:43:38,911 [INFO] McuFinderGlobals:63 - Set McuFinder mode to 2 (CubeIDE integrated)
2025-06-20 22:43:38,935 [INFO] UserAuth:417 - Internet connection configuration mode: 1
2025-06-20 22:43:39,074 [INFO] JxBrowserEngine:152 - Initiate JxBrowser Engine with user profile folder
2025-06-20 22:43:39,289 [INFO] CheckServerUpdateThread:120 - End of CheckServer Thread
2025-06-20 22:43:44,713 [INFO] WebApp:167 - Instantiating new browser for Auth
2025-06-20 22:43:46,274 [INFO] WebApp:448 - Apply proxy settings
2025-06-20 22:43:46,283 [INFO] WebApp:533 - Chromium requires no authentication
2025-06-20 22:43:46,307 [INFO] WebApp:476 - Direct internet connection detected
2025-06-20 22:43:46,369 [INFO] WebApp:869 - Register for checkConnection events
2025-06-20 22:43:46,369 [INFO] WebApp:448 - Apply proxy settings
2025-06-20 22:43:46,369 [INFO] WebApp:533 - Chromium requires no authentication
2025-06-20 22:43:46,369 [INFO] WebApp:476 - Direct internet connection detected
2025-06-20 22:43:46,753 [INFO] WebApp:220 - Starting web application
2025-06-20 22:43:46,753 [INFO] WebApp:578 - Web application path used C:\ST\STM32CubeIDE_1.16.0\STM32CubeIDE\plugins\com.st.stm32cube.common.mx_6.12.0.202406281431\db\plugins\mcufinder\reactClient1\index.html
2025-06-20 22:43:47,151 [INFO] WebApp:186 - Connection restablished
2025-06-20 22:43:47,183 [INFO] UserAuth:417 - Internet connection configuration mode: 1
