Archive member included to satisfy reference by file (symbol)

C:/ST/STM32CubeIDE_1.16.0/STM32CubeIDE/plugins/com.st.stm32cube.ide.mcu.externaltools.gnu-tools-for-stm32.13.3.rel1.win32_1.0.0.202411081344/tools/bin/../lib/gcc/arm-none-eabi/13.3.1/../../../../arm-none-eabi/lib/thumb/v7e-m+fp/hard\libc_nano.a(libc_a-exit.o)
                              C:/ST/STM32CubeIDE_1.16.0/STM32CubeIDE/plugins/com.st.stm32cube.ide.mcu.externaltools.gnu-tools-for-stm32.13.3.rel1.win32_1.0.0.202411081344/tools/bin/../lib/gcc/arm-none-eabi/13.3.1/../../../../arm-none-eabi/lib/thumb/v7e-m+fp/hard/crt0.o (exit)
C:/ST/STM32CubeIDE_1.16.0/STM32CubeIDE/plugins/com.st.stm32cube.ide.mcu.externaltools.gnu-tools-for-stm32.13.3.rel1.win32_1.0.0.202411081344/tools/bin/../lib/gcc/arm-none-eabi/13.3.1/../../../../arm-none-eabi/lib/thumb/v7e-m+fp/hard\libc_nano.a(libc_a-findfp.o)
                              C:/ST/STM32CubeIDE_1.16.0/STM32CubeIDE/plugins/com.st.stm32cube.ide.mcu.externaltools.gnu-tools-for-stm32.13.3.rel1.win32_1.0.0.202411081344/tools/bin/../lib/gcc/arm-none-eabi/13.3.1/../../../../arm-none-eabi/lib/thumb/v7e-m+fp/hard\libc_nano.a(libc_a-exit.o) (__stdio_exit_handler)
C:/ST/STM32CubeIDE_1.16.0/STM32CubeIDE/plugins/com.st.stm32cube.ide.mcu.externaltools.gnu-tools-for-stm32.13.3.rel1.win32_1.0.0.202411081344/tools/bin/../lib/gcc/arm-none-eabi/13.3.1/../../../../arm-none-eabi/lib/thumb/v7e-m+fp/hard\libc_nano.a(libc_a-fwalk.o)
                              C:/ST/STM32CubeIDE_1.16.0/STM32CubeIDE/plugins/com.st.stm32cube.ide.mcu.externaltools.gnu-tools-for-stm32.13.3.rel1.win32_1.0.0.202411081344/tools/bin/../lib/gcc/arm-none-eabi/13.3.1/../../../../arm-none-eabi/lib/thumb/v7e-m+fp/hard\libc_nano.a(libc_a-findfp.o) (_fwalk_sglue)
C:/ST/STM32CubeIDE_1.16.0/STM32CubeIDE/plugins/com.st.stm32cube.ide.mcu.externaltools.gnu-tools-for-stm32.13.3.rel1.win32_1.0.0.202411081344/tools/bin/../lib/gcc/arm-none-eabi/13.3.1/../../../../arm-none-eabi/lib/thumb/v7e-m+fp/hard\libc_nano.a(libc_a-printf.o)
                              ./Core/Src/Rtc.o (printf)
C:/ST/STM32CubeIDE_1.16.0/STM32CubeIDE/plugins/com.st.stm32cube.ide.mcu.externaltools.gnu-tools-for-stm32.13.3.rel1.win32_1.0.0.202411081344/tools/bin/../lib/gcc/arm-none-eabi/13.3.1/../../../../arm-none-eabi/lib/thumb/v7e-m+fp/hard\libc_nano.a(libc_a-sprintf.o)
                              ./Core/Src/Rtc.o (sprintf)
C:/ST/STM32CubeIDE_1.16.0/STM32CubeIDE/plugins/com.st.stm32cube.ide.mcu.externaltools.gnu-tools-for-stm32.13.3.rel1.win32_1.0.0.202411081344/tools/bin/../lib/gcc/arm-none-eabi/13.3.1/../../../../arm-none-eabi/lib/thumb/v7e-m+fp/hard\libc_nano.a(libc_a-stdio.o)
                              C:/ST/STM32CubeIDE_1.16.0/STM32CubeIDE/plugins/com.st.stm32cube.ide.mcu.externaltools.gnu-tools-for-stm32.13.3.rel1.win32_1.0.0.202411081344/tools/bin/../lib/gcc/arm-none-eabi/13.3.1/../../../../arm-none-eabi/lib/thumb/v7e-m+fp/hard\libc_nano.a(libc_a-findfp.o) (__sread)
C:/ST/STM32CubeIDE_1.16.0/STM32CubeIDE/plugins/com.st.stm32cube.ide.mcu.externaltools.gnu-tools-for-stm32.13.3.rel1.win32_1.0.0.202411081344/tools/bin/../lib/gcc/arm-none-eabi/13.3.1/../../../../arm-none-eabi/lib/thumb/v7e-m+fp/hard\libc_nano.a(libc_a-memcmp.o)
                              ./COMMON/thirdparty/SEGGER/OS/SEGGER_SYSVIEW_FreeRTOS.o (memcmp)
C:/ST/STM32CubeIDE_1.16.0/STM32CubeIDE/plugins/com.st.stm32cube.ide.mcu.externaltools.gnu-tools-for-stm32.13.3.rel1.win32_1.0.0.202411081344/tools/bin/../lib/gcc/arm-none-eabi/13.3.1/../../../../arm-none-eabi/lib/thumb/v7e-m+fp/hard\libc_nano.a(libc_a-memset.o)
                              C:/ST/STM32CubeIDE_1.16.0/STM32CubeIDE/plugins/com.st.stm32cube.ide.mcu.externaltools.gnu-tools-for-stm32.13.3.rel1.win32_1.0.0.202411081344/tools/bin/../lib/gcc/arm-none-eabi/13.3.1/../../../../arm-none-eabi/lib/thumb/v7e-m+fp/hard/crt0.o (memset)
C:/ST/STM32CubeIDE_1.16.0/STM32CubeIDE/plugins/com.st.stm32cube.ide.mcu.externaltools.gnu-tools-for-stm32.13.3.rel1.win32_1.0.0.202411081344/tools/bin/../lib/gcc/arm-none-eabi/13.3.1/../../../../arm-none-eabi/lib/thumb/v7e-m+fp/hard\libc_nano.a(libc_a-closer.o)
                              C:/ST/STM32CubeIDE_1.16.0/STM32CubeIDE/plugins/com.st.stm32cube.ide.mcu.externaltools.gnu-tools-for-stm32.13.3.rel1.win32_1.0.0.202411081344/tools/bin/../lib/gcc/arm-none-eabi/13.3.1/../../../../arm-none-eabi/lib/thumb/v7e-m+fp/hard\libc_nano.a(libc_a-stdio.o) (_close_r)
C:/ST/STM32CubeIDE_1.16.0/STM32CubeIDE/plugins/com.st.stm32cube.ide.mcu.externaltools.gnu-tools-for-stm32.13.3.rel1.win32_1.0.0.202411081344/tools/bin/../lib/gcc/arm-none-eabi/13.3.1/../../../../arm-none-eabi/lib/thumb/v7e-m+fp/hard\libc_nano.a(libc_a-reent.o)
                              C:/ST/STM32CubeIDE_1.16.0/STM32CubeIDE/plugins/com.st.stm32cube.ide.mcu.externaltools.gnu-tools-for-stm32.13.3.rel1.win32_1.0.0.202411081344/tools/bin/../lib/gcc/arm-none-eabi/13.3.1/../../../../arm-none-eabi/lib/thumb/v7e-m+fp/hard\libc_nano.a(libc_a-closer.o) (errno)
[...]
Memory Configuration

Name             Origin             Length             Attributes
CCMRAM           0x10000000         0x00010000         xrw
RAM              0x20000000         0x00020000         xrw
FLASH            0x08000000         0x00100000         xr
*default*        0x00000000         0xffffffff

Linker script and memory map

LOAD C:/ST/STM32CubeIDE_1.16.0/STM32CubeIDE/plugins/com.st.stm32cube.ide.mcu.externaltools.gnu-tools-for-stm32.13.3.rel1.win32_1.0.0.202411081344/tools/bin/../lib/gcc/arm-none-eabi/13.3.1/thumb/v7e-m+fp/hard/crti.o
LOAD C:/ST/STM32CubeIDE_1.16.0/STM32CubeIDE/plugins/com.st.stm32cube.ide.mcu.externaltools.gnu-tools-for-stm32.13.3.rel1.win32_1.0.0.202411081344/tools/bin/../lib/gcc/arm-none-eabi/13.3.1/thumb/v7e-m+fp/hard/crtbegin.o
LOAD C:/ST/STM32CubeIDE_1.16.0/STM32CubeIDE/plugins/com.st.stm32cube.ide.mcu.externaltools.gnu-tools-for-stm32.13.3.rel1.win32_1.0.0.202411081344/tools/bin/../lib/gcc/arm-none-eabi/13.3.1/../../../../arm-none-eabi/lib/thumb/v7e-m+fp/hard/crt0.o
LOAD ./COMMON/thirdparty/SEGGER/CONFIG/SEGGER_SYSVIEW_Config_FreeRTOS.o
LOAD ./COMMON/thirdparty/SEGGER/OS/SEGGER_SYSVIEW_FreeRTOS.o
LOAD ./COMMON/thirdparty/SEGGER/SEGGER/SEGGER_RTT.o
LOAD ./COMMON/thirdparty/SEGGER/SEGGER/SEGGER_RTT_ASM_ARMv7M.o
LOAD ./COMMON/thirdparty/SEGGER/SEGGER/SEGGER_RTT_printf.o
LOAD ./COMMON/thirdparty/SEGGER/SEGGER/SEGGER_SYSVIEW.o
LOAD ./COMMON/thirdparty/SEGGER/SEGGER/Syscalls/SEGGER_RTT_Syscalls_GCC.o
LOAD ./COMMON/thirdparty/SEGGER/segger_uart/segger_uart.o
LOAD ./COMMON/thirdparty/rtos/croutine.o
LOAD ./COMMON/thirdparty/rtos/event_groups.o
LOAD ./COMMON/thirdparty/rtos/list.o
LOAD ./COMMON/thirdparty/rtos/queue.o
LOAD ./COMMON/thirdparty/rtos/stream_buffer.o
LOAD ./COMMON/thirdparty/rtos/tasks.o
LOAD ./COMMON/thirdparty/rtos/timers.o
LOAD ./COMMON/thirdparty/rtos/portable/GCC/ARM_CM4F/port.o
LOAD ./COMMON/thirdparty/rtos/portable/MemMang/heap_4.o
LOAD ./Core/Src/Led_Effect.o
LOAD ./Core/Src/Rtc.o
LOAD ./Core/Src/Task_handler.o
LOAD ./Core/Src/main.o
LOAD ./Core/Src/stm32f4xx_hal_msp.o
LOAD ./Core/Src/stm32f4xx_hal_timebase_tim.o
LOAD ./Core/Src/stm32f4xx_it.o
LOAD ./Core/Src/syscalls.o
LOAD ./Core/Src/sysmem.o
LOAD ./Core/Src/system_stm32f4xx.o
LOAD ./Core/Startup/startup_stm32f407vgtx.o
LOAD ./Drivers/STM32F4xx_HAL_Driver/Src/stm32f4xx_hal.o
LOAD ./Drivers/STM32F4xx_HAL_Driver/Src/stm32f4xx_hal_cortex.o
LOAD ./Drivers/STM32F4xx_HAL_Driver/Src/stm32f4xx_hal_dma.o
LOAD ./Drivers/STM32F4xx_HAL_Driver/Src/stm32f4xx_hal_dma_ex.o
LOAD ./Drivers/STM32F4xx_HAL_Driver/Src/stm32f4xx_hal_exti.o
LOAD ./Drivers/STM32F4xx_HAL_Driver/Src/stm32f4xx_hal_flash.o
LOAD ./Drivers/STM32F4xx_HAL_Driver/Src/stm32f4xx_hal_flash_ex.o
LOAD ./Drivers/STM32F4xx_HAL_Driver/Src/stm32f4xx_hal_flash_ramfunc.o
LOAD ./Drivers/STM32F4xx_HAL_Driver/Src/stm32f4xx_hal_gpio.o
LOAD ./Drivers/STM32F4xx_HAL_Driver/Src/stm32f4xx_hal_pwr.o
LOAD ./Drivers/STM32F4xx_HAL_Driver/Src/stm32f4xx_hal_pwr_ex.o
LOAD ./Drivers/STM32F4xx_HAL_Driver/Src/stm32f4xx_hal_rcc.o
LOAD ./Drivers/STM32F4xx_HAL_Driver/Src/stm32f4xx_hal_rcc_ex.o
LOAD ./Drivers/STM32F4xx_HAL_Driver/Src/stm32f4xx_hal_rtc.o
LOAD ./Drivers/STM32F4xx_HAL_Driver/Src/stm32f4xx_hal_rtc_ex.o
LOAD ./Drivers/STM32F4xx_HAL_Driver/Src/stm32f4xx_hal_tim.o
LOAD ./Drivers/STM32F4xx_HAL_Driver/Src/stm32f4xx_hal_tim_ex.o
LOAD ./Drivers/STM32F4xx_HAL_Driver/Src/stm32f4xx_hal_uart.o
START GROUP
LOAD C:/ST/STM32CubeIDE_1.16.0/STM32CubeIDE/plugins/com.st.stm32cube.ide.mcu.externaltools.gnu-tools-for-stm32.13.3.rel1.win32_1.0.0.202411081344/tools/bin/../lib/gcc/arm-none-eabi/13.3.1/../../../../arm-none-eabi/lib/thumb/v7e-m+fp/hard\libc_nano.a
LOAD C:/ST/STM32CubeIDE_1.16.0/STM32CubeIDE/plugins/com.st.stm32cube.ide.mcu.externaltools.gnu-tools-for-stm32.13.3.rel1.win32_1.0.0.202411081344/tools/bin/../lib/gcc/arm-none-eabi/13.3.1/../../../../arm-none-eabi/lib/thumb/v7e-m+fp/hard\libm.a
END GROUP
START GROUP
LOAD C:/ST/STM32CubeIDE_1.16.0/STM32CubeIDE/plugins/com.st.stm32cube.ide.mcu.externaltools.gnu-tools-for-stm32.13.3.rel1.win32_1.0.0.202411081344/tools/bin/../lib/gcc/arm-none-eabi/13.3.1/thumb/v7e-m+fp/hard\libgcc.a
LOAD C:/ST/STM32CubeIDE_1.16.0/STM32CubeIDE/plugins/com.st.stm32cube.ide.mcu.externaltools.gnu-tools-for-stm32.13.3.rel1.win32_1.0.0.202411081344/tools/bin/../lib/gcc/arm-none-eabi/13.3.1/../../../../arm-none-eabi/lib/thumb/v7e-m+fp/hard\libc_nano.a
END GROUP
START GROUP
LOAD C:/ST/STM32CubeIDE_1.16.0/STM32CubeIDE/plugins/com.st.stm32cube.ide.mcu.externaltools.gnu-tools-for-stm32.13.3.rel1.win32_1.0.0.202411081344/tools/bin/../lib/gcc/arm-none-eabi/13.3.1/thumb/v7e-m+fp/hard\libgcc.a
LOAD C:/ST/STM32CubeIDE_1.16.0/STM32CubeIDE/plugins/com.st.stm32cube.ide.mcu.externaltools.gnu-tools-for-stm32.13.3.rel1.win32_1.0.0.202411081344/tools/bin/../lib/gcc/arm-none-eabi/13.3.1/../../../../arm-none-eabi/lib/thumb/v7e-m+fp/hard\libc_nano.a
LOAD C:/ST/STM32CubeIDE_1.16.0/STM32CubeIDE/plugins/com.st.stm32cube.ide.mcu.externaltools.gnu-tools-for-stm32.13.3.rel1.win32_1.0.0.202411081344/tools/bin/../lib/gcc/arm-none-eabi/13.3.1/../../../../arm-none-eabi/lib/thumb/v7e-m+fp/hard\libnosys.a
END GROUP
START GROUP
LOAD C:/ST/STM32CubeIDE_1.16.0/STM32CubeIDE/plugins/com.st.stm32cube.ide.mcu.externaltools.gnu-tools-for-stm32.13.3.rel1.win32_1.0.0.202411081344/tools/bin/../lib/gcc/arm-none-eabi/13.3.1/thumb/v7e-m+fp/hard\libgcc.a
LOAD C:/ST/STM32CubeIDE_1.16.0/STM32CubeIDE/plugins/com.st.stm32cube.ide.mcu.externaltools.gnu-tools-for-stm32.13.3.rel1.win32_1.0.0.202411081344/tools/bin/../lib/gcc/arm-none-eabi/13.3.1/../../../../arm-none-eabi/lib/thumb/v7e-m+fp/hard\libc_nano.a
LOAD C:/ST/STM32CubeIDE_1.16.0/STM32CubeIDE/plugins/com.st.stm32cube.ide.mcu.externaltools.gnu-tools-for-stm32.13.3.rel1.win32_1.0.0.202411081344/tools/bin/../lib/gcc/arm-none-eabi/13.3.1/../../../../arm-none-eabi/lib/thumb/v7e-m+fp/hard\libnosys.a
END GROUP
LOAD C:/ST/STM32CubeIDE_1.16.0/STM32CubeIDE/plugins/com.st.stm32cube.ide.mcu.externaltools.gnu-tools-for-stm32.13.3.rel1.win32_1.0.0.202411081344/tools/bin/../lib/gcc/arm-none-eabi/13.3.1/thumb/v7e-m+fp/hard/crtend.o
LOAD C:/ST/STM32CubeIDE_1.16.0/STM32CubeIDE/plugins/com.st.stm32cube.ide.mcu.externaltools.gnu-tools-for-stm32.13.3.rel1.win32_1.0.0.202411081344/tools/bin/../lib/gcc/arm-none-eabi/13.3.1/thumb/v7e-m+fp/hard/crtn.o
                0x20020000                        _estack = (ORIGIN (RAM) + LENGTH (RAM))
                0x00000200                        _Min_Heap_Size = 0x200
                0x00000400                        _Min_Stack_Size = 0x400

.isr_vector     0x08000000      0x188
                0x08000000                        . = ALIGN (0x4)
 *(.isr_vector)
 .isr_vector    0x08000000      0x188 ./Core/Startup/startup_stm32f407vgtx.o
                0x08000000                g_pfnVectors
                0x08000188                        . = ALIGN (0x4)

.text           0x08000190     0x9974
                0x08000190                        . = ALIGN (0x4)
 *(.text)
 .text          0x08000190       0x40 C:/ST/STM32CubeIDE_1.16.0/STM32CubeIDE/plugins/com.st.stm32cube.ide.mcu.externaltools.gnu-tools-for-stm32.13.3.rel1.win32_1.0.0.202411081344/tools/bin/../lib/gcc/arm-none-eabi/13.3.1/thumb/v7e-m+fp/hard/crtbegin.o
 .text          0x080001d0       0x94 ./COMMON/thirdparty/SEGGER/SEGGER/SEGGER_RTT_ASM_ARMv7M.o
                0x080001d0                SEGGER_RTT_ASM_WriteSkipNoLock
 .text          0x08000264       0x14 C:/ST/STM32CubeIDE_1.16.0/STM32CubeIDE/plugins/com.st.stm32cube.ide.mcu.externaltools.gnu-tools-for-stm32.13.3.rel1.win32_1.0.0.202411081344/tools/bin/../lib/gcc/arm-none-eabi/13.3.1/../../../../arm-none-eabi/lib/thumb/v7e-m+fp/hard\libc_nano.a(libc_a-strcmp.o)
                0x08000264                strcmp
 .text          0x08000278       0x10 C:/ST/STM32CubeIDE_1.16.0/STM32CubeIDE/plugins/com.st.stm32cube.ide.mcu.externaltools.gnu-tools-for-stm32.13.3.rel1.win32_1.0.0.202411081344/tools/bin/../lib/gcc/arm-none-eabi/13.3.1/../../../../arm-none-eabi/lib/thumb/v7e-m+fp/hard\libc_nano.a(libc_a-strlen.o)
                0x08000278                strlen
 *fill*         0x08000288        0x8 
 .text          0x08000290       0xa0 C:/ST/STM32CubeIDE_1.16.0/STM32CubeIDE/plugins/com.st.stm32cube.ide.mcu.externaltools.gnu-tools-for-stm32.13.3.rel1.win32_1.0.0.202411081344/tools/bin/../lib/gcc/arm-none-eabi/13.3.1/../../../../arm-none-eabi/lib/thumb/v7e-m+fp/hard\libc_nano.a(libc_a-memchr.o)
                0x08000290                memchr
 .text          0x08000330       0x30 C:/ST/STM32CubeIDE_1.16.0/STM32CubeIDE/plugins/com.st.stm32cube.ide.mcu.externaltools.gnu-tools-for-stm32.13.3.rel1.win32_1.0.0.202411081344/tools/bin/../lib/gcc/arm-none-eabi/13.3.1/thumb/v7e-m+fp/hard\libgcc.a(_aeabi_uldivmod.o)
                0x08000330                __aeabi_uldivmod
 .text          0x08000360      0x2f8 C:/ST/STM32CubeIDE_1.16.0/STM32CubeIDE/plugins/com.st.stm32cube.ide.mcu.externaltools.gnu-tools-for-stm32.13.3.rel1.win32_1.0.0.202411081344/tools/bin/../lib/gcc/arm-none-eabi/13.3.1/thumb/v7e-m+fp/hard\libgcc.a(_udivmoddi4.o)
                0x08000360                __udivmoddi4
 .text          0x08000658        0x4 C:/ST/STM32CubeIDE_1.16.0/STM32CubeIDE/plugins/com.st.stm32cube.ide.mcu.externaltools.gnu-tools-for-stm32.13.3.rel1.win32_1.0.0.202411081344/tools/bin/../lib/gcc/arm-none-eabi/13.3.1/thumb/v7e-m+fp/hard\libgcc.a(_dvmd_tls.o)
                0x08000658                __aeabi_idiv0
                0x08000658                __aeabi_ldiv0
 *(.text*)
 .text.SYSVIEW_AddTask
                0x0800065c       0xd0 ./COMMON/thirdparty/SEGGER/OS/SEGGER_SYSVIEW_FreeRTOS.o
                0x0800065c                SYSVIEW_AddTask
 .text.SYSVIEW_SendTaskInfo
                0x0800072c       0x42 ./COMMON/thirdparty/SEGGER/OS/SEGGER_SYSVIEW_FreeRTOS.o
                0x0800072c                SYSVIEW_SendTaskInfo
 *fill*         0x0800076e        0x2 
 .text._DoInit  0x08000770       0xb4 ./COMMON/thirdparty/SEGGER/SEGGER/SEGGER_RTT.o
 .text.SEGGER_RTT_ReadNoLock
                0x08000824      0x10c ./COMMON/thirdparty/SEGGER/SEGGER/SEGGER_RTT.o
                0x08000824                SEGGER_RTT_ReadNoLock
 .text._EncodeStr
                0x08000930       0x72 ./COMMON/thirdparty/SEGGER/SEGGER/SEGGER_SYSVIEW.o
 .text._PreparePacket
                0x080009a2       0x18 ./COMMON/thirdparty/SEGGER/SEGGER/SEGGER_SYSVIEW.o
 *fill*         0x080009ba        0x2 
 .text._HandleIncomingPacket
                0x080009bc       0xdc ./COMMON/thirdparty/SEGGER/SEGGER/SEGGER_SYSVIEW.o
 .text._TrySendOverflowPacket
                0x08000a98       0xe4 ./COMMON/thirdparty/SEGGER/SEGGER/SEGGER_SYSVIEW.o
 .text._SendPacket
                0x08000b7c      0x2dc ./COMMON/thirdparty/SEGGER/SEGGER/SEGGER_SYSVIEW.o
 .text.SEGGER_SYSVIEW_RecordVoid
                0x08000e58       0x3c ./COMMON/thirdparty/SEGGER/SEGGER/SEGGER_SYSVIEW.o
                0x08000e58                SEGGER_SYSVIEW_RecordVoid
 .text.SEGGER_SYSVIEW_RecordU32
                0x08000e94       0x78 ./COMMON/thirdparty/SEGGER/SEGGER/SEGGER_SYSVIEW.o
                0x08000e94                SEGGER_SYSVIEW_RecordU32
 .text.SEGGER_SYSVIEW_RecordU32x2
                0x08000f0c       0xb4 ./COMMON/thirdparty/SEGGER/SEGGER/SEGGER_SYSVIEW.o
                0x08000f0c                SEGGER_SYSVIEW_RecordU32x2
 .text.SEGGER_SYSVIEW_Start
                0x08000fc0      0x174 ./COMMON/thirdparty/SEGGER/SEGGER/SEGGER_SYSVIEW.o
                0x08000fc0                SEGGER_SYSVIEW_Start
 .text.SEGGER_SYSVIEW_Stop
                0x08001134       0x4c ./COMMON/thirdparty/SEGGER/SEGGER/SEGGER_SYSVIEW.o
                0x08001134                SEGGER_SYSVIEW_Stop
 .text.SEGGER_SYSVIEW_GetSysDesc
                0x08001180      0x134 ./COMMON/thirdparty/SEGGER/SEGGER/SEGGER_SYSVIEW.o
                0x08001180                SEGGER_SYSVIEW_GetSysDesc
 .text.SEGGER_SYSVIEW_SendTaskInfo
                0x080012b4      0x1c8 ./COMMON/thirdparty/SEGGER/SEGGER/SEGGER_SYSVIEW.o
                0x080012b4                SEGGER_SYSVIEW_SendTaskInfo
 .text.SEGGER_SYSVIEW_SendTaskList
                0x0800147c       0x28 ./COMMON/thirdparty/SEGGER/SEGGER/SEGGER_SYSVIEW.o
                0x0800147c                SEGGER_SYSVIEW_SendTaskList
 .text.SEGGER_SYSVIEW_RecordSystime
                0x080014a4       0x64 ./COMMON/thirdparty/SEGGER/SEGGER/SEGGER_SYSVIEW.o
                0x080014a4                SEGGER_SYSVIEW_RecordSystime
 .text.SEGGER_SYSVIEW_RecordEnterISR
                0x08001508       0x84 ./COMMON/thirdparty/SEGGER/SEGGER/SEGGER_SYSVIEW.o
                0x08001508                SEGGER_SYSVIEW_RecordEnterISR
 .text.SEGGER_SYSVIEW_RecordExitISR
                0x0800158c       0x38 ./COMMON/thirdparty/SEGGER/SEGGER/SEGGER_SYSVIEW.o
                0x0800158c                SEGGER_SYSVIEW_RecordExitISR
 .text.SEGGER_SYSVIEW_RecordExitISRToScheduler
                0x080015c4       0x38 ./COMMON/thirdparty/SEGGER/SEGGER/SEGGER_SYSVIEW.o
                0x080015c4                SEGGER_SYSVIEW_RecordExitISRToScheduler
 .text.SEGGER_SYSVIEW_RecordEndCall
                0x080015fc       0x78 ./COMMON/thirdparty/SEGGER/SEGGER/SEGGER_SYSVIEW.o
                0x080015fc                SEGGER_SYSVIEW_RecordEndCall
 .text.SEGGER_SYSVIEW_RecordEndCallU32
                0x08001674       0xb0 ./COMMON/thirdparty/SEGGER/SEGGER/SEGGER_SYSVIEW.o
                0x08001674                SEGGER_SYSVIEW_RecordEndCallU32
 .text.SEGGER_SYSVIEW_OnIdle
                0x08001724       0x38 ./COMMON/thirdparty/SEGGER/SEGGER/SEGGER_SYSVIEW.o
                0x08001724                SEGGER_SYSVIEW_OnIdle
 .text.SEGGER_SYSVIEW_OnTaskCreate
                0x0800175c       0x84 ./COMMON/thirdparty/SEGGER/SEGGER/SEGGER_SYSVIEW.o
                0x0800175c                SEGGER_SYSVIEW_OnTaskCreate
 .text.SEGGER_SYSVIEW_OnTaskStartExec
                0x080017e0       0x84 ./COMMON/thirdparty/SEGGER/SEGGER/SEGGER_SYSVIEW.o
                0x080017e0                SEGGER_SYSVIEW_OnTaskStartExec
 .text.SEGGER_SYSVIEW_OnTaskStartReady
                0x08001864       0x84 ./COMMON/thirdparty/SEGGER/SEGGER/SEGGER_SYSVIEW.o
                0x08001864                SEGGER_SYSVIEW_OnTaskStartReady
 .text.SEGGER_SYSVIEW_OnTaskStopReady
                0x080018e8       0xc0 ./COMMON/thirdparty/SEGGER/SEGGER/SEGGER_SYSVIEW.o
                0x080018e8                SEGGER_SYSVIEW_OnTaskStopReady
 .text.SEGGER_SYSVIEW_ShrinkId
                0x080019a8       0x20 ./COMMON/thirdparty/SEGGER/SEGGER/SEGGER_SYSVIEW.o
                0x080019a8                SEGGER_SYSVIEW_ShrinkId
 .text.SEGGER_SYSVIEW_SendModule
                0x080019c8      0x114 ./COMMON/thirdparty/SEGGER/SEGGER/SEGGER_SYSVIEW.o
                0x080019c8                SEGGER_SYSVIEW_SendModule
 .text.SEGGER_SYSVIEW_SendModuleDescription
                0x08001adc       0x3c ./COMMON/thirdparty/SEGGER/SEGGER/SEGGER_SYSVIEW.o
                0x08001adc                SEGGER_SYSVIEW_SendModuleDescription
 .text.SEGGER_SYSVIEW_SendNumModules
                0x08001b18       0x7c ./COMMON/thirdparty/SEGGER/SEGGER/SEGGER_SYSVIEW.o
                0x08001b18                SEGGER_SYSVIEW_SendNumModules
 .text.SEGGER_SYSVIEW_Warn
                0x08001b94       0xb8 ./COMMON/thirdparty/SEGGER/SEGGER/SEGGER_SYSVIEW.o
                0x08001b94                SEGGER_SYSVIEW_Warn
 .text.vListInitialise
                0x08001c4c       0x44 ./COMMON/thirdparty/rtos/list.o
                0x08001c4c                vListInitialise
 .text.vListInitialiseItem
                0x08001c90       0x1e ./COMMON/thirdparty/rtos/list.o
                0x08001c90                vListInitialiseItem
 .text.vListInsert
                0x08001cae       0x76 ./COMMON/thirdparty/rtos/list.o
                0x08001cae                vListInsert
 .text.uxListRemove
                0x08001d24       0x5e ./COMMON/thirdparty/rtos/list.o
                0x08001d24                uxListRemove
 *fill*         0x08001d82        0x2 
 .text.xQueueGenericReset
                0x08001d84      0x12c ./COMMON/thirdparty/rtos/queue.o
                0x08001d84                xQueueGenericReset
 .text.xQueueGenericCreate
                0x08001eb0       0xb0 ./COMMON/thirdparty/rtos/queue.o
                0x08001eb0                xQueueGenericCreate
 .text.prvInitialiseNewQueue
                0x08001f60       0x46 ./COMMON/thirdparty/rtos/queue.o
 *fill*         0x08001fa6        0x2 
 .text.xQueueGenericSend
                0x08001fa8      0x21c ./COMMON/thirdparty/rtos/queue.o
                0x08001fa8                xQueueGenericSend
 .text.xQueueGenericSendFromISR
                0x080021c4      0x176 ./COMMON/thirdparty/rtos/queue.o
                0x080021c4                xQueueGenericSendFromISR
 *fill*         0x0800233a        0x2 
 .text.xQueueReceive
                0x0800233c      0x1dc ./COMMON/thirdparty/rtos/queue.o
                0x0800233c                xQueueReceive
 .text.uxQueueMessagesWaiting
                0x08002518       0x46 ./COMMON/thirdparty/rtos/queue.o
                0x08002518                uxQueueMessagesWaiting
 .text.prvCopyDataToQueue
                0x0800255e       0xd4 ./COMMON/thirdparty/rtos/queue.o
 .text.prvCopyDataFromQueue
                0x08002632       0x4c ./COMMON/thirdparty/rtos/queue.o
 .text.prvUnlockQueue
                0x0800267e       0xa4 ./COMMON/thirdparty/rtos/queue.o
 .text.prvIsQueueEmpty
                0x08002722       0x2c ./COMMON/thirdparty/rtos/queue.o
 .text.prvIsQueueFull
                0x0800274e       0x30 ./COMMON/thirdparty/rtos/queue.o
 .text.xQueueIsQueueFullFromISR
                0x0800277e       0x54 ./COMMON/thirdparty/rtos/queue.o
                0x0800277e                xQueueIsQueueFullFromISR
 *fill*         0x080027d2        0x2 
 .text.vQueueAddToRegistry
                0x080027d4       0xa0 ./COMMON/thirdparty/rtos/queue.o
                0x080027d4                vQueueAddToRegistry
 .text.vQueueWaitForMessageRestricted
                0x08002874       0x6e ./COMMON/thirdparty/rtos/queue.o
                0x08002874                vQueueWaitForMessageRestricted
 .text.prvCreateTask
                0x080028e2       0x78 ./COMMON/thirdparty/rtos/tasks.o
 .text.xTaskCreate
                0x0800295a       0x50 ./COMMON/thirdparty/rtos/tasks.o
                0x0800295a                xTaskCreate
 .text.prvInitialiseNewTask
                0x080029aa      0x120 ./COMMON/thirdparty/rtos/tasks.o
 *fill*         0x08002aca        0x2 
 .text.prvAddNewTaskToReadyList
                0x08002acc      0x16c ./COMMON/thirdparty/rtos/tasks.o
 .text.prvCreateIdleTasks
                0x08002c38       0x94 ./COMMON/thirdparty/rtos/tasks.o
 .text.vTaskStartScheduler
                0x08002ccc       0xb4 ./COMMON/thirdparty/rtos/tasks.o
                0x08002ccc                vTaskStartScheduler
 .text.vTaskSuspendAll
                0x08002d80       0x1c ./COMMON/thirdparty/rtos/tasks.o
                0x08002d80                vTaskSuspendAll
 .text.xTaskResumeAll
                0x08002d9c      0x224 ./COMMON/thirdparty/rtos/tasks.o
                0x08002d9c                xTaskResumeAll
 .text.xTaskGetTickCount
                0x08002fc0       0x24 ./COMMON/thirdparty/rtos/tasks.o
                0x08002fc0                xTaskGetTickCount
 .text.uxTaskGetNumberOfTasks
                0x08002fe4       0x1c ./COMMON/thirdparty/rtos/tasks.o
                0x08002fe4                uxTaskGetNumberOfTasks
 .text.xTaskIncrementTick
                0x08003000      0x244 ./COMMON/thirdparty/rtos/tasks.o
                0x08003000                xTaskIncrementTick
 .text.vTaskSwitchContext
                0x08003244       0xd8 ./COMMON/thirdparty/rtos/tasks.o
                0x08003244                vTaskSwitchContext
 .text.vTaskPlaceOnEventList
                0x0800331c       0x50 ./COMMON/thirdparty/rtos/tasks.o
                0x0800331c                vTaskPlaceOnEventList
 .text.vTaskPlaceOnEventListRestricted
                0x0800336c       0x94 ./COMMON/thirdparty/rtos/tasks.o
                0x0800336c                vTaskPlaceOnEventListRestricted
 .text.xTaskRemoveFromEventList
                0x08003400      0x1c0 ./COMMON/thirdparty/rtos/tasks.o
                0x08003400                xTaskRemoveFromEventList
 .text.vTaskInternalSetTimeOutState
                0x080035c0       0x30 ./COMMON/thirdparty/rtos/tasks.o
                0x080035c0                vTaskInternalSetTimeOutState
 .text.xTaskCheckForTimeOut
                0x080035f0       0xd8 ./COMMON/thirdparty/rtos/tasks.o
                0x080035f0                xTaskCheckForTimeOut
 .text.vTaskMissedYield
                0x080036c8       0x18 ./COMMON/thirdparty/rtos/tasks.o
                0x080036c8                vTaskMissedYield
 .text.prvIdleTask
                0x080036e0       0x30 ./COMMON/thirdparty/rtos/tasks.o
 .text.prvInitialiseTaskLists
                0x08003710       0x80 ./COMMON/thirdparty/rtos/tasks.o
 .text.prvCheckTasksWaitingTermination
                0x08003790       0x5c ./COMMON/thirdparty/rtos/tasks.o
 .text.prvDeleteTCB
                0x080037ec       0x20 ./COMMON/thirdparty/rtos/tasks.o
 .text.prvResetNextTaskUnblockTime
                0x0800380c       0x38 ./COMMON/thirdparty/rtos/tasks.o
 .text.xTaskGetSchedulerState
                0x08003844       0x44 ./COMMON/thirdparty/rtos/tasks.o
                0x08003844                xTaskGetSchedulerState
 .text.xTaskPriorityDisinherit
                0x08003888      0x160 ./COMMON/thirdparty/rtos/tasks.o
                0x08003888                xTaskPriorityDisinherit
 .text.xTaskGenericNotifyWait
                0x080039e8      0x130 ./COMMON/thirdparty/rtos/tasks.o
                0x080039e8                xTaskGenericNotifyWait
 .text.xTaskGenericNotify
                0x08003b18      0x268 ./COMMON/thirdparty/rtos/tasks.o
                0x08003b18                xTaskGenericNotify
 .text.xTaskGenericNotifyFromISR
                0x08003d80      0x2d8 ./COMMON/thirdparty/rtos/tasks.o
                0x08003d80                xTaskGenericNotifyFromISR
 .text.prvAddCurrentTaskToDelayedList
                0x08004058      0x11c ./COMMON/thirdparty/rtos/tasks.o
 .text.xTimerCreateTimerTask
                0x08004174       0x74 ./COMMON/thirdparty/rtos/timers.o
                0x08004174                xTimerCreateTimerTask
 .text.xTimerCreate
                0x080041e8       0x56 ./COMMON/thirdparty/rtos/timers.o
                0x080041e8                xTimerCreate
 .text.prvInitialiseNewTimer
                0x0800423e       0x72 ./COMMON/thirdparty/rtos/timers.o
 .text.xTimerGenericCommandFromTask
                0x080042b0       0xb4 ./COMMON/thirdparty/rtos/timers.o
                0x080042b0                xTimerGenericCommandFromTask
 .text.prvReloadTimer
                0x08004364       0x42 ./COMMON/thirdparty/rtos/timers.o
 *fill*         0x080043a6        0x2 
 .text.prvProcessExpiredTimer
                0x080043a8       0x60 ./COMMON/thirdparty/rtos/timers.o
 .text.prvTimerTask
                0x08004408       0x26 ./COMMON/thirdparty/rtos/timers.o
 *fill*         0x0800442e        0x2 
 .text.prvProcessTimerOrBlockTask
                0x08004430       0x9c ./COMMON/thirdparty/rtos/timers.o
 .text.prvGetNextExpireTime
                0x080044cc       0x48 ./COMMON/thirdparty/rtos/timers.o
 .text.prvSampleTimeNow
                0x08004514       0x40 ./COMMON/thirdparty/rtos/timers.o
 .text.prvInsertTimerInActiveList
                0x08004554       0x84 ./COMMON/thirdparty/rtos/timers.o
 .text.prvProcessReceivedCommands
                0x080045d8      0x190 ./COMMON/thirdparty/rtos/timers.o
 .text.prvSwitchTimerLists
                0x08004768       0x4c ./COMMON/thirdparty/rtos/timers.o
 .text.prvCheckForValidListAndQueue
                0x080047b4       0x6c ./COMMON/thirdparty/rtos/timers.o
 .text.pvTimerGetTimerID
                0x08004820       0x56 ./COMMON/thirdparty/rtos/timers.o
                0x08004820                pvTimerGetTimerID
 *fill*         0x08004876        0x2 
 .text.pxPortInitialiseStack
                0x08004878       0x68 ./COMMON/thirdparty/rtos/portable/GCC/ARM_CM4F/port.o
                0x08004878                pxPortInitialiseStack
 .text.prvTaskExitError
                0x080048e0       0x5c ./COMMON/thirdparty/rtos/portable/GCC/ARM_CM4F/port.o
 *fill*         0x0800493c        0x4 
 .text.SVC_Handler
                0x08004940       0x28 ./COMMON/thirdparty/rtos/portable/GCC/ARM_CM4F/port.o
                0x08004940                SVC_Handler
 .text.prvPortStartFirstTask
                0x08004968       0x2c ./COMMON/thirdparty/rtos/portable/GCC/ARM_CM4F/port.o
 .text.xPortStartScheduler
                0x08004994      0x1e0 ./COMMON/thirdparty/rtos/portable/GCC/ARM_CM4F/port.o
                0x08004994                xPortStartScheduler
 .text.vPortEnterCritical
                0x08004b74       0x64 ./COMMON/thirdparty/rtos/portable/GCC/ARM_CM4F/port.o
                0x08004b74                vPortEnterCritical
 .text.vPortExitCritical
                0x08004bd8       0x54 ./COMMON/thirdparty/rtos/portable/GCC/ARM_CM4F/port.o
                0x08004bd8                vPortExitCritical
 *fill*         0x08004c2c        0x4 
 .text.PendSV_Handler
                0x08004c30       0x68 ./COMMON/thirdparty/rtos/portable/GCC/ARM_CM4F/port.o
                0x08004c30                PendSV_Handler
 .text.SysTick_Handler
                0x08004c98       0x54 ./COMMON/thirdparty/rtos/portable/GCC/ARM_CM4F/port.o
                0x08004c98                SysTick_Handler
 .text.vPortSetupTimerInterrupt
                0x08004cec       0x48 ./COMMON/thirdparty/rtos/portable/GCC/ARM_CM4F/port.o
                0x08004cec                vPortSetupTimerInterrupt
 .text.vPortEnableVFP
                0x08004d34       0x18 ./COMMON/thirdparty/rtos/portable/GCC/ARM_CM4F/port.o
 .text.vPortValidateInterruptPriority
                0x08004d4c       0x84 ./COMMON/thirdparty/rtos/portable/GCC/ARM_CM4F/port.o
                0x08004d4c                vPortValidateInterruptPriority
 .text.pvPortMalloc
                0x08004dd0      0x264 ./COMMON/thirdparty/rtos/portable/MemMang/heap_4.o
                0x08004dd0                pvPortMalloc
 .text.vPortFree
                0x08005034       0xec ./COMMON/thirdparty/rtos/portable/MemMang/heap_4.o
                0x08005034                vPortFree
 .text.prvHeapInit
                0x08005120       0xb4 ./COMMON/thirdparty/rtos/portable/MemMang/heap_4.o
 .text.prvInsertBlockIntoFreeList
                0x080051d4       0xf4 ./COMMON/thirdparty/rtos/portable/MemMang/heap_4.o
 .text.all_led_off
                0x080052c8       0x3c ./Core/Src/Led_Effect.o
                0x080052c8                all_led_off
 .text.all_led_on
                0x08005304       0x3c ./Core/Src/Led_Effect.o
                0x08005304                all_led_on
 .text.even_led_on
                0x08005340       0x3c ./Core/Src/Led_Effect.o
                0x08005340                even_led_on
 .text.odd_led_on
                0x0800537c       0x3c ./Core/Src/Led_Effect.o
                0x0800537c                odd_led_on
 .text.led_effect_stop
                0x080053b8       0x40 ./Core/Src/Led_Effect.o
                0x080053b8                led_effect_stop
 .text.led_effect
                0x080053f8       0x3c ./Core/Src/Led_Effect.o
                0x080053f8                led_effect
 .text.led_effect_callback
                0x08005434       0x58 ./Core/Src/Led_Effect.o
                0x08005434                led_effect_callback
 .text.Led_effect_e1
                0x0800548c       0x2c ./Core/Src/Led_Effect.o
                0x0800548c                Led_effect_e1
 .text.Led_effect_e2
                0x080054b8       0x2c ./Core/Src/Led_Effect.o
                0x080054b8                Led_effect_e2
 .text.Led_effect_e3
                0x080054e4        0xe ./Core/Src/Led_Effect.o
                0x080054e4                Led_effect_e3
 .text.Led_effect_e4
                0x080054f2        0xe ./Core/Src/Led_Effect.o
                0x080054f2                Led_effect_e4
 .text.show_time_date
                0x08005500       0xd8 ./Core/Src/Rtc.o
                0x08005500                show_time_date
 .text.menuHANDLER
                0x080055d8      0x104 ./Core/Src/Task_handler.o
                0x080055d8                menuHANDLER
 .text.ledHANDLER
                0x080056dc      0x134 ./Core/Src/Task_handler.o
                0x080056dc                ledHANDLER
 .text.rtcHANDLER
                0x08005810      0x1d0 ./Core/Src/Task_handler.o
                0x08005810                rtcHANDLER
 .text.printHANDLER
                0x080059e0       0x40 ./Core/Src/Task_handler.o
                0x080059e0                printHANDLER
 .text.commandHANDLER
                0x08005a20       0x2e ./Core/Src/Task_handler.o
                0x08005a20                commandHANDLER
 *fill*         0x08005a4e        0x2 
 .text.Process_Command
                0x08005a50       0x7c ./Core/Src/Task_handler.o
                0x08005a50                Process_Command
 .text.Extract_Command
                0x08005acc       0x70 ./Core/Src/Task_handler.o
                0x08005acc                Extract_Command
 .text.main     0x08005b3c      0x218 ./Core/Src/main.o
                0x08005b3c                main
 .text.SystemClock_Config
                0x08005d54       0xd8 ./Core/Src/main.o
                0x08005d54                SystemClock_Config
 .text.MX_RTC_Init
                0x08005e2c       0x4c ./Core/Src/main.o
 .text.MX_USART2_UART_Init
                0x08005e78       0x54 ./Core/Src/main.o
 .text.MX_GPIO_Init
                0x08005ecc      0x2bc ./Core/Src/main.o
 .text.HAL_UART_RxCpltCallback
                0x08006188       0x78 ./Core/Src/main.o
                0x08006188                HAL_UART_RxCpltCallback
 .text.HAL_TIM_PeriodElapsedCallback
                0x08006200       0x24 ./Core/Src/main.o
                0x08006200                HAL_TIM_PeriodElapsedCallback
 .text.Error_Handler
                0x08006224        0xc ./Core/Src/main.o
                0x08006224                Error_Handler
 .text.HAL_MspInit
                0x08006230       0x50 ./Core/Src/stm32f4xx_hal_msp.o
                0x08006230                HAL_MspInit
 .text.HAL_RTC_MspInit
                0x08006280       0x54 ./Core/Src/stm32f4xx_hal_msp.o
                0x08006280                HAL_RTC_MspInit
 .text.HAL_UART_MspInit
                0x080062d4       0xa0 ./Core/Src/stm32f4xx_hal_msp.o
                0x080062d4                HAL_UART_MspInit
 .text.HAL_InitTick
                0x08006374       0xf8 ./Core/Src/stm32f4xx_hal_timebase_tim.o
                0x08006374                HAL_InitTick
 .text.NMI_Handler
                0x0800646c        0x8 ./Core/Src/stm32f4xx_it.o
                0x0800646c                NMI_Handler
 .text.HardFault_Handler
                0x08006474        0x8 ./Core/Src/stm32f4xx_it.o
                0x08006474                HardFault_Handler
 .text.MemManage_Handler
                0x0800647c        0x8 ./Core/Src/stm32f4xx_it.o
                0x0800647c                MemManage_Handler
 .text.BusFault_Handler
                0x08006484        0x8 ./Core/Src/stm32f4xx_it.o
                0x08006484                BusFault_Handler
 .text.UsageFault_Handler
                0x0800648c        0x8 ./Core/Src/stm32f4xx_it.o
                0x0800648c                UsageFault_Handler
 .text.DebugMon_Handler
                0x08006494        0xe ./Core/Src/stm32f4xx_it.o
                0x08006494                DebugMon_Handler
 *fill*         0x080064a2        0x2 
 .text.USART2_IRQHandler
                0x080064a4       0x14 ./Core/Src/stm32f4xx_it.o
                0x080064a4                USART2_IRQHandler
 .text.TIM6_DAC_IRQHandler
                0x080064b8       0x14 ./Core/Src/stm32f4xx_it.o
                0x080064b8                TIM6_DAC_IRQHandler
 .text._sbrk    0x080064cc       0x6c ./Core/Src/sysmem.o
                0x080064cc                _sbrk
 .text.SystemInit
                0x08006538       0x24 ./Core/Src/system_stm32f4xx.o
                0x08006538                SystemInit
 .text.Reset_Handler
                0x0800655c       0x50 ./Core/Startup/startup_stm32f407vgtx.o
                0x0800655c                Reset_Handler
 .text.Default_Handler
                0x080065ac        0x2 ./Core/Startup/startup_stm32f407vgtx.o
                0x080065ac                RTC_Alarm_IRQHandler
                0x080065ac                HASH_RNG_IRQHandler
                0x080065ac                EXTI2_IRQHandler
                0x080065ac                TIM8_CC_IRQHandler
                0x080065ac                TIM1_CC_IRQHandler
                0x080065ac                DMA2_Stream5_IRQHandler
                0x080065ac                DMA1_Stream5_IRQHandler
                0x080065ac                PVD_IRQHandler
                0x080065ac                SDIO_IRQHandler
                0x080065ac                TAMP_STAMP_IRQHandler
                0x080065ac                CAN2_RX1_IRQHandler
                0x080065ac                EXTI3_IRQHandler
                0x080065ac                TIM8_TRG_COM_TIM14_IRQHandler
                0x080065ac                TIM1_UP_TIM10_IRQHandler
                0x080065ac                TIM8_UP_TIM13_IRQHandler
                0x080065ac                I2C3_ER_IRQHandler
                0x080065ac                EXTI0_IRQHandler
                0x080065ac                I2C2_EV_IRQHandler
                0x080065ac                DMA1_Stream2_IRQHandler
                0x080065ac                CAN1_RX0_IRQHandler
                0x080065ac                FPU_IRQHandler
                0x080065ac                OTG_HS_WKUP_IRQHandler
                0x080065ac                CAN2_SCE_IRQHandler
                0x080065ac                DMA2_Stream2_IRQHandler
                0x080065ac                SPI1_IRQHandler
                0x080065ac                TIM1_BRK_TIM9_IRQHandler
                0x080065ac                DCMI_IRQHandler
                0x080065ac                CAN2_RX0_IRQHandler
                0x080065ac                DMA2_Stream3_IRQHandler
                0x080065ac                USART6_IRQHandler
                0x080065ac                USART3_IRQHandler
                0x080065ac                CAN1_RX1_IRQHandler
                0x080065ac                UART5_IRQHandler
                0x080065ac                DMA2_Stream0_IRQHandler
                0x080065ac                TIM4_IRQHandler
                0x080065ac                I2C1_EV_IRQHandler
                0x080065ac                DMA1_Stream6_IRQHandler
                0x080065ac                DMA1_Stream1_IRQHandler
                0x080065ac                UART4_IRQHandler
                0x080065ac                TIM3_IRQHandler
                0x080065ac                RCC_IRQHandler
                0x080065ac                TIM8_BRK_TIM12_IRQHandler
                0x080065ac                Default_Handler
                0x080065ac                EXTI15_10_IRQHandler
                0x080065ac                ADC_IRQHandler
                0x080065ac                DMA1_Stream7_IRQHandler
                0x080065ac                TIM7_IRQHandler
                0x080065ac                CAN2_TX_IRQHandler
                0x080065ac                TIM5_IRQHandler
                0x080065ac                DMA2_Stream7_IRQHandler
                0x080065ac                I2C3_EV_IRQHandler
                0x080065ac                EXTI9_5_IRQHandler
                0x080065ac                RTC_WKUP_IRQHandler
                0x080065ac                ETH_WKUP_IRQHandler
                0x080065ac                SPI2_IRQHandler
                0x080065ac                OTG_HS_EP1_IN_IRQHandler
                0x080065ac                DMA1_Stream0_IRQHandler
                0x080065ac                CAN1_TX_IRQHandler
                0x080065ac                EXTI4_IRQHandler
                0x080065ac                FSMC_IRQHandler
                0x080065ac                ETH_IRQHandler
                0x080065ac                OTG_HS_EP1_OUT_IRQHandler
                0x080065ac                WWDG_IRQHandler
                0x080065ac                TIM2_IRQHandler
                0x080065ac                OTG_FS_WKUP_IRQHandler
                0x080065ac                TIM1_TRG_COM_TIM11_IRQHandler
                0x080065ac                OTG_HS_IRQHandler
                0x080065ac                EXTI1_IRQHandler
                0x080065ac                I2C2_ER_IRQHandler
                0x080065ac                DMA2_Stream1_IRQHandler
                0x080065ac                CAN1_SCE_IRQHandler
                0x080065ac                FLASH_IRQHandler
                0x080065ac                DMA2_Stream4_IRQHandler
                0x080065ac                USART1_IRQHandler
                0x080065ac                OTG_FS_IRQHandler
                0x080065ac                SPI3_IRQHandler
                0x080065ac                DMA1_Stream4_IRQHandler
                0x080065ac                I2C1_ER_IRQHandler
                0x080065ac                DMA2_Stream6_IRQHandler
                0x080065ac                DMA1_Stream3_IRQHandler
 *fill*         0x080065ae        0x2 
 .text.HAL_Init
                0x080065b0       0x44 ./Drivers/STM32F4xx_HAL_Driver/Src/stm32f4xx_hal.o
                0x080065b0                HAL_Init
 .text.HAL_IncTick
                0x080065f4       0x28 ./Drivers/STM32F4xx_HAL_Driver/Src/stm32f4xx_hal.o
                0x080065f4                HAL_IncTick
 .text.HAL_GetTick
                0x0800661c       0x18 ./Drivers/STM32F4xx_HAL_Driver/Src/stm32f4xx_hal.o
                0x0800661c                HAL_GetTick
 .text.__NVIC_SetPriorityGrouping
                0x08006634       0x48 ./Drivers/STM32F4xx_HAL_Driver/Src/stm32f4xx_hal_cortex.o
 .text.__NVIC_GetPriorityGrouping
                0x0800667c       0x1c ./Drivers/STM32F4xx_HAL_Driver/Src/stm32f4xx_hal_cortex.o
 .text.__NVIC_EnableIRQ
                0x08006698       0x3c ./Drivers/STM32F4xx_HAL_Driver/Src/stm32f4xx_hal_cortex.o
 .text.__NVIC_SetPriority
                0x080066d4       0x54 ./Drivers/STM32F4xx_HAL_Driver/Src/stm32f4xx_hal_cortex.o
 .text.NVIC_EncodePriority
                0x08006728       0x66 ./Drivers/STM32F4xx_HAL_Driver/Src/stm32f4xx_hal_cortex.o
 .text.HAL_NVIC_SetPriorityGrouping
                0x0800678e       0x16 ./Drivers/STM32F4xx_HAL_Driver/Src/stm32f4xx_hal_cortex.o
                0x0800678e                HAL_NVIC_SetPriorityGrouping
 .text.HAL_NVIC_SetPriority
                0x080067a4       0x38 ./Drivers/STM32F4xx_HAL_Driver/Src/stm32f4xx_hal_cortex.o
                0x080067a4                HAL_NVIC_SetPriority
 .text.HAL_NVIC_EnableIRQ
                0x080067dc       0x1c ./Drivers/STM32F4xx_HAL_Driver/Src/stm32f4xx_hal_cortex.o
                0x080067dc                HAL_NVIC_EnableIRQ
 .text.HAL_DMA_Abort
                0x080067f8       0xe0 ./Drivers/STM32F4xx_HAL_Driver/Src/stm32f4xx_hal_dma.o
                0x080067f8                HAL_DMA_Abort
 .text.HAL_DMA_Abort_IT
                0x080068d8       0x44 ./Drivers/STM32F4xx_HAL_Driver/Src/stm32f4xx_hal_dma.o
                0x080068d8                HAL_DMA_Abort_IT
 .text.HAL_GPIO_Init
                0x0800691c      0x338 ./Drivers/STM32F4xx_HAL_Driver/Src/stm32f4xx_hal_gpio.o
                0x0800691c                HAL_GPIO_Init
 .text.HAL_GPIO_WritePin
                0x08006c54       0x32 ./Drivers/STM32F4xx_HAL_Driver/Src/stm32f4xx_hal_gpio.o
                0x08006c54                HAL_GPIO_WritePin
 *fill*         0x08006c86        0x2 
 .text.HAL_RCC_OscConfig
                0x08006c88      0x4f0 ./Drivers/STM32F4xx_HAL_Driver/Src/stm32f4xx_hal_rcc.o
                0x08006c88                HAL_RCC_OscConfig
 .text.HAL_RCC_ClockConfig
                0x08007178      0x1cc ./Drivers/STM32F4xx_HAL_Driver/Src/stm32f4xx_hal_rcc.o
                0x08007178                HAL_RCC_ClockConfig
 .text.HAL_RCC_GetSysClockFreq
                0x08007344      0x20c ./Drivers/STM32F4xx_HAL_Driver/Src/stm32f4xx_hal_rcc.o
                0x08007344                HAL_RCC_GetSysClockFreq
 .text.HAL_RCC_GetHCLKFreq
                0x08007550       0x18 ./Drivers/STM32F4xx_HAL_Driver/Src/stm32f4xx_hal_rcc.o
                0x08007550                HAL_RCC_GetHCLKFreq
 .text.HAL_RCC_GetPCLK1Freq
                0x08007568       0x28 ./Drivers/STM32F4xx_HAL_Driver/Src/stm32f4xx_hal_rcc.o
                0x08007568                HAL_RCC_GetPCLK1Freq
 .text.HAL_RCC_GetPCLK2Freq
                0x08007590       0x28 ./Drivers/STM32F4xx_HAL_Driver/Src/stm32f4xx_hal_rcc.o
                0x08007590                HAL_RCC_GetPCLK2Freq
 .text.HAL_RCC_GetClockConfig
                0x080075b8       0x64 ./Drivers/STM32F4xx_HAL_Driver/Src/stm32f4xx_hal_rcc.o
                0x080075b8                HAL_RCC_GetClockConfig
 .text.HAL_RCCEx_PeriphCLKConfig
                0x0800761c      0x1c4 ./Drivers/STM32F4xx_HAL_Driver/Src/stm32f4xx_hal_rcc_ex.o
                0x0800761c                HAL_RCCEx_PeriphCLKConfig
 .text.HAL_RTC_Init
                0x080077e0      0x102 ./Drivers/STM32F4xx_HAL_Driver/Src/stm32f4xx_hal_rtc.o
                0x080077e0                HAL_RTC_Init
 .text.HAL_RTC_GetTime
                0x080078e2       0xbc ./Drivers/STM32F4xx_HAL_Driver/Src/stm32f4xx_hal_rtc.o
                0x080078e2                HAL_RTC_GetTime
 .text.HAL_RTC_GetDate
                0x0800799e       0x9e ./Drivers/STM32F4xx_HAL_Driver/Src/stm32f4xx_hal_rtc.o
                0x0800799e                HAL_RTC_GetDate
 .text.HAL_RTC_WaitForSynchro
                0x08007a3c       0x4c ./Drivers/STM32F4xx_HAL_Driver/Src/stm32f4xx_hal_rtc.o
                0x08007a3c                HAL_RTC_WaitForSynchro
 .text.RTC_EnterInitMode
                0x08007a88       0x6e ./Drivers/STM32F4xx_HAL_Driver/Src/stm32f4xx_hal_rtc.o
                0x08007a88                RTC_EnterInitMode
 .text.RTC_ExitInitMode
                0x08007af6       0x4a ./Drivers/STM32F4xx_HAL_Driver/Src/stm32f4xx_hal_rtc.o
                0x08007af6                RTC_ExitInitMode
 .text.RTC_Bcd2ToByte
                0x08007b40       0x3c ./Drivers/STM32F4xx_HAL_Driver/Src/stm32f4xx_hal_rtc.o
                0x08007b40                RTC_Bcd2ToByte
 .text.HAL_TIM_Base_Init
                0x08007b7c       0x9e ./Drivers/STM32F4xx_HAL_Driver/Src/stm32f4xx_hal_tim.o
                0x08007b7c                HAL_TIM_Base_Init
 .text.HAL_TIM_Base_MspInit
                0x08007c1a       0x14 ./Drivers/STM32F4xx_HAL_Driver/Src/stm32f4xx_hal_tim.o
                0x08007c1a                HAL_TIM_Base_MspInit
 *fill*         0x08007c2e        0x2 
 .text.HAL_TIM_Base_Start_IT
                0x08007c30       0xe0 ./Drivers/STM32F4xx_HAL_Driver/Src/stm32f4xx_hal_tim.o
                0x08007c30                HAL_TIM_Base_Start_IT
 .text.HAL_TIM_IRQHandler
                0x08007d10      0x1e0 ./Drivers/STM32F4xx_HAL_Driver/Src/stm32f4xx_hal_tim.o
                0x08007d10                HAL_TIM_IRQHandler
 .text.HAL_TIM_OC_DelayElapsedCallback
                0x08007ef0       0x14 ./Drivers/STM32F4xx_HAL_Driver/Src/stm32f4xx_hal_tim.o
                0x08007ef0                HAL_TIM_OC_DelayElapsedCallback
 .text.HAL_TIM_IC_CaptureCallback
                0x08007f04       0x14 ./Drivers/STM32F4xx_HAL_Driver/Src/stm32f4xx_hal_tim.o
                0x08007f04                HAL_TIM_IC_CaptureCallback
 .text.HAL_TIM_PWM_PulseFinishedCallback
                0x08007f18       0x14 ./Drivers/STM32F4xx_HAL_Driver/Src/stm32f4xx_hal_tim.o
                0x08007f18                HAL_TIM_PWM_PulseFinishedCallback
 .text.HAL_TIM_TriggerCallback
                0x08007f2c       0x14 ./Drivers/STM32F4xx_HAL_Driver/Src/stm32f4xx_hal_tim.o
                0x08007f2c                HAL_TIM_TriggerCallback
 .text.TIM_Base_SetConfig
                0x08007f40      0x14c ./Drivers/STM32F4xx_HAL_Driver/Src/stm32f4xx_hal_tim.o
                0x08007f40                TIM_Base_SetConfig
 .text.HAL_TIMEx_CommutCallback
                0x0800808c       0x14 ./Drivers/STM32F4xx_HAL_Driver/Src/stm32f4xx_hal_tim_ex.o
                0x0800808c                HAL_TIMEx_CommutCallback
 .text.HAL_TIMEx_BreakCallback
                0x080080a0       0x14 ./Drivers/STM32F4xx_HAL_Driver/Src/stm32f4xx_hal_tim_ex.o
                0x080080a0                HAL_TIMEx_BreakCallback
 .text.HAL_UART_Init
                0x080080b4       0xa0 ./Drivers/STM32F4xx_HAL_Driver/Src/stm32f4xx_hal_uart.o
                0x080080b4                HAL_UART_Init
 .text.HAL_UART_Transmit
                0x08008154      0x116 ./Drivers/STM32F4xx_HAL_Driver/Src/stm32f4xx_hal_uart.o
                0x08008154                HAL_UART_Transmit
 .text.HAL_UART_Receive_IT
                0x0800826a       0x4a ./Drivers/STM32F4xx_HAL_Driver/Src/stm32f4xx_hal_uart.o
                0x0800826a                HAL_UART_Receive_IT
 .text.HAL_UART_IRQHandler
                0x080082b4      0x554 ./Drivers/STM32F4xx_HAL_Driver/Src/stm32f4xx_hal_uart.o
                0x080082b4                HAL_UART_IRQHandler
 .text.HAL_UART_TxCpltCallback
                0x08008808       0x14 ./Drivers/STM32F4xx_HAL_Driver/Src/stm32f4xx_hal_uart.o
                0x08008808                HAL_UART_TxCpltCallback
 .text.HAL_UART_ErrorCallback
                0x0800881c       0x14 ./Drivers/STM32F4xx_HAL_Driver/Src/stm32f4xx_hal_uart.o
                0x0800881c                HAL_UART_ErrorCallback
 .text.HAL_UARTEx_RxEventCallback
                0x08008830       0x18 ./Drivers/STM32F4xx_HAL_Driver/Src/stm32f4xx_hal_uart.o
                0x08008830                HAL_UARTEx_RxEventCallback
 .text.UART_WaitOnFlagUntilTimeout
                0x08008848       0xb2 ./Drivers/STM32F4xx_HAL_Driver/Src/stm32f4xx_hal_uart.o
 .text.UART_Start_Receive_IT
                0x080088fa       0x74 ./Drivers/STM32F4xx_HAL_Driver/Src/stm32f4xx_hal_uart.o
                0x080088fa                UART_Start_Receive_IT
 .text.UART_EndRxTransfer
                0x0800896e       0xc6 ./Drivers/STM32F4xx_HAL_Driver/Src/stm32f4xx_hal_uart.o
 .text.UART_DMAAbortOnError
                0x08008a34       0x22 ./Drivers/STM32F4xx_HAL_Driver/Src/stm32f4xx_hal_uart.o
 .text.UART_Transmit_IT
                0x08008a56       0xa0 ./Drivers/STM32F4xx_HAL_Driver/Src/stm32f4xx_hal_uart.o
 .text.UART_EndTransmit_IT
                0x08008af6       0x30 ./Drivers/STM32F4xx_HAL_Driver/Src/stm32f4xx_hal_uart.o
 .text.UART_Receive_IT
                0x08008b26      0x17c ./Drivers/STM32F4xx_HAL_Driver/Src/stm32f4xx_hal_uart.o
 *fill*         0x08008ca2        0x2 
 .text.UART_SetConfig
                0x08008ca4      0x4e8 ./Drivers/STM32F4xx_HAL_Driver/Src/stm32f4xx_hal_uart.o
 .text.sprintf  0x0800918c       0x44 C:/ST/STM32CubeIDE_1.16.0/STM32CubeIDE/plugins/com.st.stm32cube.ide.mcu.externaltools.gnu-tools-for-stm32.13.3.rel1.win32_1.0.0.202411081344/tools/bin/../lib/gcc/arm-none-eabi/13.3.1/../../../../arm-none-eabi/lib/thumb/v7e-m+fp/hard\libc_nano.a(libc_a-sprintf.o)
                0x0800918c                siprintf
                0x0800918c                sprintf
 .text.memcmp   0x080091d0       0x20 C:/ST/STM32CubeIDE_1.16.0/STM32CubeIDE/plugins/com.st.stm32cube.ide.mcu.externaltools.gnu-tools-for-stm32.13.3.rel1.win32_1.0.0.202411081344/tools/bin/../lib/gcc/arm-none-eabi/13.3.1/../../../../arm-none-eabi/lib/thumb/v7e-m+fp/hard\libc_nano.a(libc_a-memcmp.o)
                0x080091d0                memcmp
 .text.memset   0x080091f0       0x10 C:/ST/STM32CubeIDE_1.16.0/STM32CubeIDE/plugins/com.st.stm32cube.ide.mcu.externaltools.gnu-tools-for-stm32.13.3.rel1.win32_1.0.0.202411081344/tools/bin/../lib/gcc/arm-none-eabi/13.3.1/../../../../arm-none-eabi/lib/thumb/v7e-m+fp/hard\libc_nano.a(libc_a-memset.o)
                0x080091f0                memset
 .text.__errno  0x08009200        0xc C:/ST/STM32CubeIDE_1.16.0/STM32CubeIDE/plugins/com.st.stm32cube.ide.mcu.externaltools.gnu-tools-for-stm32.13.3.rel1.win32_1.0.0.202411081344/tools/bin/../lib/gcc/arm-none-eabi/13.3.1/../../../../arm-none-eabi/lib/thumb/v7e-m+fp/hard\libc_nano.a(libc_a-errno.o)
                0x08009200                __errno
 .text.__libc_init_array
                0x0800920c       0x48 C:/ST/STM32CubeIDE_1.16.0/STM32CubeIDE/plugins/com.st.stm32cube.ide.mcu.externaltools.gnu-tools-for-stm32.13.3.rel1.win32_1.0.0.202411081344/tools/bin/../lib/gcc/arm-none-eabi/13.3.1/../../../../arm-none-eabi/lib/thumb/v7e-m+fp/hard\libc_nano.a(libc_a-init.o)
                0x0800920c                __libc_init_array
 .text.__retarget_lock_acquire_recursive
                0x08009254        0x2 C:/ST/STM32CubeIDE_1.16.0/STM32CubeIDE/plugins/com.st.stm32cube.ide.mcu.externaltools.gnu-tools-for-stm32.13.3.rel1.win32_1.0.0.202411081344/tools/bin/../lib/gcc/arm-none-eabi/13.3.1/../../../../arm-none-eabi/lib/thumb/v7e-m+fp/hard\libc_nano.a(libc_a-lock.o)
                0x08009254                __retarget_lock_acquire_recursive
 .text.__retarget_lock_release_recursive
                0x08009256        0x2 C:/ST/STM32CubeIDE_1.16.0/STM32CubeIDE/plugins/com.st.stm32cube.ide.mcu.externaltools.gnu-tools-for-stm32.13.3.rel1.win32_1.0.0.202411081344/tools/bin/../lib/gcc/arm-none-eabi/13.3.1/../../../../arm-none-eabi/lib/thumb/v7e-m+fp/hard\libc_nano.a(libc_a-lock.o)
                0x08009256                __retarget_lock_release_recursive
 .text.memcpy   0x08009258       0x1c C:/ST/STM32CubeIDE_1.16.0/STM32CubeIDE/plugins/com.st.stm32cube.ide.mcu.externaltools.gnu-tools-for-stm32.13.3.rel1.win32_1.0.0.202411081344/tools/bin/../lib/gcc/arm-none-eabi/13.3.1/../../../../arm-none-eabi/lib/thumb/v7e-m+fp/hard\libc_nano.a(libc_a-memcpy-stub.o)
                0x08009258                memcpy
 .text._free_r  0x08009274       0x94 C:/ST/STM32CubeIDE_1.16.0/STM32CubeIDE/plugins/com.st.stm32cube.ide.mcu.externaltools.gnu-tools-for-stm32.13.3.rel1.win32_1.0.0.202411081344/tools/bin/../lib/gcc/arm-none-eabi/13.3.1/../../../../arm-none-eabi/lib/thumb/v7e-m+fp/hard\libc_nano.a(libc_a-freer.o)
                0x08009274                _free_r
 .text.sbrk_aligned
                0x08009308       0x44 C:/ST/STM32CubeIDE_1.16.0/STM32CubeIDE/plugins/com.st.stm32cube.ide.mcu.externaltools.gnu-tools-for-stm32.13.3.rel1.win32_1.0.0.202411081344/tools/bin/../lib/gcc/arm-none-eabi/13.3.1/../../../../arm-none-eabi/lib/thumb/v7e-m+fp/hard\libc_nano.a(libc_a-mallocr.o)
 .text._malloc_r
                0x0800934c      0x100 C:/ST/STM32CubeIDE_1.16.0/STM32CubeIDE/plugins/com.st.stm32cube.ide.mcu.externaltools.gnu-tools-for-stm32.13.3.rel1.win32_1.0.0.202411081344/tools/bin/../lib/gcc/arm-none-eabi/13.3.1/../../../../arm-none-eabi/lib/thumb/v7e-m+fp/hard\libc_nano.a(libc_a-mallocr.o)
                0x0800934c                _malloc_r
 .text.__malloc_lock
                0x0800944c        0xc C:/ST/STM32CubeIDE_1.16.0/STM32CubeIDE/plugins/com.st.stm32cube.ide.mcu.externaltools.gnu-tools-for-stm32.13.3.rel1.win32_1.0.0.202411081344/tools/bin/../lib/gcc/arm-none-eabi/13.3.1/../../../../arm-none-eabi/lib/thumb/v7e-m+fp/hard\libc_nano.a(libc_a-mlock.o)
                0x0800944c                __malloc_lock
 .text.__malloc_unlock
                0x08009458        0xc C:/ST/STM32CubeIDE_1.16.0/STM32CubeIDE/plugins/com.st.stm32cube.ide.mcu.externaltools.gnu-tools-for-stm32.13.3.rel1.win32_1.0.0.202411081344/tools/bin/../lib/gcc/arm-none-eabi/13.3.1/../../../../arm-none-eabi/lib/thumb/v7e-m+fp/hard\libc_nano.a(libc_a-mlock.o)
                0x08009458                __malloc_unlock
 .text.__ssputs_r
                0x08009464       0xb6 C:/ST/STM32CubeIDE_1.16.0/STM32CubeIDE/plugins/com.st.stm32cube.ide.mcu.externaltools.gnu-tools-for-stm32.13.3.rel1.win32_1.0.0.202411081344/tools/bin/../lib/gcc/arm-none-eabi/13.3.1/../../../../arm-none-eabi/lib/thumb/v7e-m+fp/hard\libc_nano.a(libc_a-nano-svfprintf.o)
                0x08009464                __ssputs_r
 *fill*         0x0800951a        0x2 
 .text._svfprintf_r
                0x0800951c      0x1f8 C:/ST/STM32CubeIDE_1.16.0/STM32CubeIDE/plugins/com.st.stm32cube.ide.mcu.externaltools.gnu-tools-for-stm32.13.3.rel1.win32_1.0.0.202411081344/tools/bin/../lib/gcc/arm-none-eabi/13.3.1/../../../../arm-none-eabi/lib/thumb/v7e-m+fp/hard\libc_nano.a(libc_a-nano-svfprintf.o)
                0x0800951c                _svfiprintf_r
                0x0800951c                _svfprintf_r
 .text._printf_common
                0x08009714       0xda C:/ST/STM32CubeIDE_1.16.0/STM32CubeIDE/plugins/com.st.stm32cube.ide.mcu.externaltools.gnu-tools-for-stm32.13.3.rel1.win32_1.0.0.202411081344/tools/bin/../lib/gcc/arm-none-eabi/13.3.1/../../../../arm-none-eabi/lib/thumb/v7e-m+fp/hard\libc_nano.a(libc_a-nano-vfprintf_i.o)
                0x08009714                _printf_common
 *fill*         0x080097ee        0x2 
 .text._printf_i
                0x080097f0      0x23c C:/ST/STM32CubeIDE_1.16.0/STM32CubeIDE/plugins/com.st.stm32cube.ide.mcu.externaltools.gnu-tools-for-stm32.13.3.rel1.win32_1.0.0.202411081344/tools/bin/../lib/gcc/arm-none-eabi/13.3.1/../../../../arm-none-eabi/lib/thumb/v7e-m+fp/hard\libc_nano.a(libc_a-nano-vfprintf_i.o)
                0x080097f0                _printf_i
 .text.memmove  0x08009a2c       0x34 C:/ST/STM32CubeIDE_1.16.0/STM32CubeIDE/plugins/com.st.stm32cube.ide.mcu.externaltools.gnu-tools-for-stm32.13.3.rel1.win32_1.0.0.202411081344/tools/bin/../lib/gcc/arm-none-eabi/13.3.1/../../../../arm-none-eabi/lib/thumb/v7e-m+fp/hard\libc_nano.a(libc_a-memmove.o)
                0x08009a2c                memmove
 .text._sbrk_r  0x08009a60       0x20 C:/ST/STM32CubeIDE_1.16.0/STM32CubeIDE/plugins/com.st.stm32cube.ide.mcu.externaltools.gnu-tools-for-stm32.13.3.rel1.win32_1.0.0.202411081344/tools/bin/../lib/gcc/arm-none-eabi/13.3.1/../../../../arm-none-eabi/lib/thumb/v7e-m+fp/hard\libc_nano.a(libc_a-sbrkr.o)
                0x08009a60                _sbrk_r
 .text._realloc_r
                0x08009a80       0x5c C:/ST/STM32CubeIDE_1.16.0/STM32CubeIDE/plugins/com.st.stm32cube.ide.mcu.externaltools.gnu-tools-for-stm32.13.3.rel1.win32_1.0.0.202411081344/tools/bin/../lib/gcc/arm-none-eabi/13.3.1/../../../../arm-none-eabi/lib/thumb/v7e-m+fp/hard\libc_nano.a(libc_a-reallocr.o)
                0x08009a80                _realloc_r
 .text._malloc_usable_size_r
                0x08009adc       0x10 C:/ST/STM32CubeIDE_1.16.0/STM32CubeIDE/plugins/com.st.stm32cube.ide.mcu.externaltools.gnu-tools-for-stm32.13.3.rel1.win32_1.0.0.202411081344/tools/bin/../lib/gcc/arm-none-eabi/13.3.1/../../../../arm-none-eabi/lib/thumb/v7e-m+fp/hard\libc_nano.a(libc_a-msizer.o)
                0x08009adc                _malloc_usable_size_r
 *(.glue_7)
 .glue_7        0x08009aec        0x0 linker stubs
 *(.glue_7t)
 .glue_7t       0x08009aec        0x0 linker stubs
 *(.eh_frame)
 .eh_frame      0x08009aec        0x0 C:/ST/STM32CubeIDE_1.16.0/STM32CubeIDE/plugins/com.st.stm32cube.ide.mcu.externaltools.gnu-tools-for-stm32.13.3.rel1.win32_1.0.0.202411081344/tools/bin/../lib/gcc/arm-none-eabi/13.3.1/thumb/v7e-m+fp/hard/crtbegin.o
 *(.init)
 .init          0x08009aec        0x4 C:/ST/STM32CubeIDE_1.16.0/STM32CubeIDE/plugins/com.st.stm32cube.ide.mcu.externaltools.gnu-tools-for-stm32.13.3.rel1.win32_1.0.0.202411081344/tools/bin/../lib/gcc/arm-none-eabi/13.3.1/thumb/v7e-m+fp/hard/crti.o
                0x08009aec                _init
 .init          0x08009af0        0x8 C:/ST/STM32CubeIDE_1.16.0/STM32CubeIDE/plugins/com.st.stm32cube.ide.mcu.externaltools.gnu-tools-for-stm32.13.3.rel1.win32_1.0.0.202411081344/tools/bin/../lib/gcc/arm-none-eabi/13.3.1/thumb/v7e-m+fp/hard/crtn.o
 *(.fini)
 .fini          0x08009af8        0x4 C:/ST/STM32CubeIDE_1.16.0/STM32CubeIDE/plugins/com.st.stm32cube.ide.mcu.externaltools.gnu-tools-for-stm32.13.3.rel1.win32_1.0.0.202411081344/tools/bin/../lib/gcc/arm-none-eabi/13.3.1/thumb/v7e-m+fp/hard/crti.o
                0x08009af8                _fini
 .fini          0x08009afc        0x8 C:/ST/STM32CubeIDE_1.16.0/STM32CubeIDE/plugins/com.st.stm32cube.ide.mcu.externaltools.gnu-tools-for-stm32.13.3.rel1.win32_1.0.0.202411081344/tools/bin/../lib/gcc/arm-none-eabi/13.3.1/thumb/v7e-m+fp/hard/crtn.o
                0x08009b04                        . = ALIGN (0x4)
                0x08009b04                        _etext = .

.vfp11_veneer   0x08009b04        0x0
 .vfp11_veneer  0x08009b04        0x0 linker stubs

.v4_bx          0x08009b04        0x0
 .v4_bx         0x08009b04        0x0 linker stubs

.iplt           0x08009b04        0x0
 .iplt          0x08009b04        0x0 C:/ST/STM32CubeIDE_1.16.0/STM32CubeIDE/plugins/com.st.stm32cube.ide.mcu.externaltools.gnu-tools-for-stm32.13.3.rel1.win32_1.0.0.202411081344/tools/bin/../lib/gcc/arm-none-eabi/13.3.1/thumb/v7e-m+fp/hard/crtbegin.o

.rodata         0x08009b04      0x4e4
                0x08009b04                        . = ALIGN (0x4)
 *(.rodata)
 .rodata        0x08009b04       0x58 ./COMMON/thirdparty/SEGGER/OS/SEGGER_SYSVIEW_FreeRTOS.o
 .rodata        0x08009b5c        0x9 ./COMMON/thirdparty/SEGGER/SEGGER/SEGGER_RTT.o
 *fill*         0x08009b65        0x3 
 .rodata        0x08009b68        0x5 ./COMMON/thirdparty/rtos/tasks.o
 *fill*         0x08009b6d        0x3 
 .rodata        0x08009b70        0xd ./COMMON/thirdparty/rtos/timers.o
 *fill*         0x08009b7d        0x3 
 .rodata        0x08009b80       0x58 ./Core/Src/Rtc.o
 .rodata        0x08009bd8      0x373 ./Core/Src/Task_handler.o
 *fill*         0x08009f4b        0x1 
 .rodata        0x08009f4c       0x2c ./Core/Src/main.o
 *(.rodata*)
 .rodata._aInitStr.0
                0x08009f78       0x11 ./COMMON/thirdparty/SEGGER/SEGGER/SEGGER_RTT.o
 *fill*         0x08009f89        0x3 
 .rodata._abSync
                0x08009f8c        0xa ./COMMON/thirdparty/SEGGER/SEGGER/SEGGER_SYSVIEW.o
 *fill*         0x08009f96        0x2 
 .rodata.uxTopUsedPriority
                0x08009f98        0x4 ./COMMON/thirdparty/rtos/tasks.o
 .rodata.AHBPrescTable
                0x08009f9c       0x10 ./Core/Src/system_stm32f4xx.o
                0x08009f9c                AHBPrescTable
 .rodata.APBPrescTable
                0x08009fac        0x8 ./Core/Src/system_stm32f4xx.o
                0x08009fac                APBPrescTable
 .rodata._svfprintf_r.str1.1
                0x08009fb4       0x33 C:/ST/STM32CubeIDE_1.16.0/STM32CubeIDE/plugins/com.st.stm32cube.ide.mcu.externaltools.gnu-tools-for-stm32.13.3.rel1.win32_1.0.0.202411081344/tools/bin/../lib/gcc/arm-none-eabi/13.3.1/../../../../arm-none-eabi/lib/thumb/v7e-m+fp/hard\libc_nano.a(libc_a-nano-svfprintf.o)
                                 0x11 (size before relaxing)
 .rodata._printf_i.str1.1
                0x08009fe7       0x22 C:/ST/STM32CubeIDE_1.16.0/STM32CubeIDE/plugins/com.st.stm32cube.ide.mcu.externaltools.gnu-tools-for-stm32.13.3.rel1.win32_1.0.0.202411081344/tools/bin/../lib/gcc/arm-none-eabi/13.3.1/../../../../arm-none-eabi/lib/thumb/v7e-m+fp/hard\libc_nano.a(libc_a-nano-vfprintf_i.o)
                0x0800a00c                        . = ALIGN (0x4)
 *fill*         0x08009fe7        0x1 

.ARM.extab      0x08009fe8        0x0
                0x08009fe8                        . = ALIGN (0x4)
 *(.ARM.extab* .gnu.linkonce.armextab.*)
                0x08009fe8                        . = ALIGN (0x4)

.ARM            0x08009fe8        0x8
                0x08009fe8                        . = ALIGN (0x4)
                0x08009fe8                        __exidx_start = .
 *(.ARM.exidx*)
 .ARM.exidx     0x08009fe8        0x8 C:/ST/STM32CubeIDE_1.16.0/STM32CubeIDE/plugins/com.st.stm32cube.ide.mcu.externaltools.gnu-tools-for-stm32.13.3.rel1.win32_1.0.0.202411081344/tools/bin/../lib/gcc/arm-none-eabi/13.3.1/../../../../arm-none-eabi/lib/thumb/v7e-m+fp/hard\libc_nano.a(libc_a-strcmp.o)
 .ARM.exidx     0x08009ff0        0x0 C:/ST/STM32CubeIDE_1.16.0/STM32CubeIDE/plugins/com.st.stm32cube.ide.mcu.externaltools.gnu-tools-for-stm32.13.3.rel1.win32_1.0.0.202411081344/tools/bin/../lib/gcc/arm-none-eabi/13.3.1/../../../../arm-none-eabi/lib/thumb/v7e-m+fp/hard\libc_nano.a(libc_a-strlen.o)
                                  0x8 (size before relaxing)
 .ARM.exidx     0x08009ff0        0x0 C:/ST/STM32CubeIDE_1.16.0/STM32CubeIDE/plugins/com.st.stm32cube.ide.mcu.externaltools.gnu-tools-for-stm32.13.3.rel1.win32_1.0.0.202411081344/tools/bin/../lib/gcc/arm-none-eabi/13.3.1/../../../../arm-none-eabi/lib/thumb/v7e-m+fp/hard\libc_nano.a(libc_a-memchr.o)
                                  0x8 (size before relaxing)
 .ARM.exidx     0x08009ff0        0x0 C:/ST/STM32CubeIDE_1.16.0/STM32CubeIDE/plugins/com.st.stm32cube.ide.mcu.externaltools.gnu-tools-for-stm32.13.3.rel1.win32_1.0.0.202411081344/tools/bin/../lib/gcc/arm-none-eabi/13.3.1/thumb/v7e-m+fp/hard\libgcc.a(_udivmoddi4.o)
                                  0x8 (size before relaxing)
                0x08009ff0                        __exidx_end = .
                0x08009ff0                        . = ALIGN (0x4)

.preinit_array  0x08009ff0        0x0
                0x08009ff0                        . = ALIGN (0x4)
                0x08009ff0                        PROVIDE (__preinit_array_start = .)
 *(.preinit_array*)
                0x08009ff0                        PROVIDE (__preinit_array_end = .)
                0x08009ff0                        . = ALIGN (0x4)

.init_array     0x08009ff0        0x4
                0x08009ff0                        . = ALIGN (0x4)
                0x08009ff0                        PROVIDE (__init_array_start = .)
 *(SORT_BY_NAME(.init_array.*))
 *(.init_array*)
 .init_array    0x08009ff0        0x4 C:/ST/STM32CubeIDE_1.16.0/STM32CubeIDE/plugins/com.st.stm32cube.ide.mcu.externaltools.gnu-tools-for-stm32.13.3.rel1.win32_1.0.0.202411081344/tools/bin/../lib/gcc/arm-none-eabi/13.3.1/thumb/v7e-m+fp/hard/crtbegin.o
                0x08009ff4                        PROVIDE (__init_array_end = .)
                0x08009ff4                        . = ALIGN (0x4)

.fini_array     0x08009ff4        0x4
                0x08009ff4                        . = ALIGN (0x4)
                [!provide]                        PROVIDE (__fini_array_start = .)
 *(SORT_BY_NAME(.fini_array.*))
 *(.fini_array*)
 .fini_array    0x08009ff4        0x4 C:/ST/STM32CubeIDE_1.16.0/STM32CubeIDE/plugins/com.st.stm32cube.ide.mcu.externaltools.gnu-tools-for-stm32.13.3.rel1.win32_1.0.0.202411081344/tools/bin/../lib/gcc/arm-none-eabi/13.3.1/thumb/v7e-m+fp/hard/crtbegin.o
                [!provide]                        PROVIDE (__fini_array_end = .)
                0x08009ff8                        . = ALIGN (0x4)
                0x08009ff8                        _sidata = LOADADDR (.data)

.rel.dyn        0x08009ff8        0x0
 .rel.iplt      0x08009ff8        0x0 C:/ST/STM32CubeIDE_1.16.0/STM32CubeIDE/plugins/com.st.stm32cube.ide.mcu.externaltools.gnu-tools-for-stm32.13.3.rel1.win32_1.0.0.202411081344/tools/bin/../lib/gcc/arm-none-eabi/13.3.1/thumb/v7e-m+fp/hard/crtbegin.o

.data           0x20000000       0x6c load address 0x08009ff8
                0x20000000                        . = ALIGN (0x4)
                0x20000000                        _sdata = .
 *(.data)
 *(.data*)
 .data.uxCriticalNesting
                0x20000000        0x4 ./COMMON/thirdparty/rtos/portable/GCC/ARM_CM4F/port.o
 .data.hv.3     0x20000004        0x1 ./Core/Src/Led_Effect.o
 .data.hv.2     0x20000005        0x1 ./Core/Src/Led_Effect.o
 *fill*         0x20000006        0x2 
 .data.time.2   0x20000008        0x4 ./Core/Src/Rtc.o
 .data.date.0   0x2000000c        0x4 ./Core/Src/Rtc.o
 .data.SystemCoreClock
                0x20000010        0x4 ./Core/Src/system_stm32f4xx.o
                0x20000010                SystemCoreClock
 .data.uwTickPrio
                0x20000014        0x4 ./Drivers/STM32F4xx_HAL_Driver/Src/stm32f4xx_hal.o
                0x20000014                uwTickPrio
 .data.uwTickFreq
                0x20000018        0x1 ./Drivers/STM32F4xx_HAL_Driver/Src/stm32f4xx_hal.o
                0x20000018                uwTickFreq
 *fill*         0x20000019        0x3 
 .data._impure_ptr
                0x2000001c        0x4 C:/ST/STM32CubeIDE_1.16.0/STM32CubeIDE/plugins/com.st.stm32cube.ide.mcu.externaltools.gnu-tools-for-stm32.13.3.rel1.win32_1.0.0.202411081344/tools/bin/../lib/gcc/arm-none-eabi/13.3.1/../../../../arm-none-eabi/lib/thumb/v7e-m+fp/hard\libc_nano.a(libc_a-impure.o)
                0x2000001c                _impure_ptr
 .data._impure_data
                0x20000020       0x4c C:/ST/STM32CubeIDE_1.16.0/STM32CubeIDE/plugins/com.st.stm32cube.ide.mcu.externaltools.gnu-tools-for-stm32.13.3.rel1.win32_1.0.0.202411081344/tools/bin/../lib/gcc/arm-none-eabi/13.3.1/../../../../arm-none-eabi/lib/thumb/v7e-m+fp/hard\libc_nano.a(libc_a-impure.o)
                0x20000020                _impure_data
 *(.RamFunc)
 *(.RamFunc*)
                0x2000006c                        . = ALIGN (0x4)
                0x2000006c                        _edata = .
                0x0800a064                        _siccmram = LOADADDR (.ccmram)

.igot.plt       0x2000006c        0x0 load address 0x0800a064
 .igot.plt      0x2000006c        0x0 C:/ST/STM32CubeIDE_1.16.0/STM32CubeIDE/plugins/com.st.stm32cube.ide.mcu.externaltools.gnu-tools-for-stm32.13.3.rel1.win32_1.0.0.202411081344/tools/bin/../lib/gcc/arm-none-eabi/13.3.1/thumb/v7e-m+fp/hard/crtbegin.o

.ccmram         0x10000000        0x0 load address 0x0800a064
                0x10000000                        . = ALIGN (0x4)
                0x10000000                        _sccmram = .
 *(.ccmram)
 *(.ccmram*)
                0x10000000                        . = ALIGN (0x4)
                0x10000000                        _eccmram = .
                0x10000000                        . = ALIGN (0x4)

.bss            0x2000006c    0x136b8
                0x2000006c                        _sbss = .
                0x2000006c                        __bss_start__ = _sbss
 *(.bss)
 .bss           0x2000006c       0x1c C:/ST/STM32CubeIDE_1.16.0/STM32CubeIDE/plugins/com.st.stm32cube.ide.mcu.externaltools.gnu-tools-for-stm32.13.3.rel1.win32_1.0.0.202411081344/tools/bin/../lib/gcc/arm-none-eabi/13.3.1/thumb/v7e-m+fp/hard/crtbegin.o
 *(.bss*)
 .bss._aTasks   0x20000088       0xa0 ./COMMON/thirdparty/SEGGER/OS/SEGGER_SYSVIEW_FreeRTOS.o
 .bss._NumTasks
                0x20000128        0x4 ./COMMON/thirdparty/SEGGER/OS/SEGGER_SYSVIEW_FreeRTOS.o
 .bss._SEGGER_RTT
                0x2000012c       0xa8 ./COMMON/thirdparty/SEGGER/SEGGER/SEGGER_RTT.o
                0x2000012c                _SEGGER_RTT
 .bss._acUpBuffer
                0x200001d4      0x400 ./COMMON/thirdparty/SEGGER/SEGGER/SEGGER_RTT.o
 .bss._acDownBuffer
                0x200005d4       0x10 ./COMMON/thirdparty/SEGGER/SEGGER/SEGGER_RTT.o
 .bss._SYSVIEW_Globals
                0x200005e4       0x28 ./COMMON/thirdparty/SEGGER/SEGGER/SEGGER_SYSVIEW.o
 .bss._pFirstModule
                0x2000060c        0x4 ./COMMON/thirdparty/SEGGER/SEGGER/SEGGER_SYSVIEW.o
 .bss._NumModules
                0x20000610        0x1 ./COMMON/thirdparty/SEGGER/SEGGER/SEGGER_SYSVIEW.o
 *fill*         0x20000611        0x3 
 .bss._aPacket  0x20000614       0xe3 ./COMMON/thirdparty/SEGGER/SEGGER/SEGGER_SYSVIEW.o
 *fill*         0x200006f7        0x1 
 .bss.xQueueRegistry
                0x200006f8       0x40 ./COMMON/thirdparty/rtos/queue.o
                0x200006f8                xQueueRegistry
 .bss.pxCurrentTCB
                0x20000738        0x4 ./COMMON/thirdparty/rtos/tasks.o
                0x20000738                pxCurrentTCB
 .bss.pxReadyTasksLists
                0x2000073c       0x64 ./COMMON/thirdparty/rtos/tasks.o
 .bss.xDelayedTaskList1
                0x200007a0       0x14 ./COMMON/thirdparty/rtos/tasks.o
 .bss.xDelayedTaskList2
                0x200007b4       0x14 ./COMMON/thirdparty/rtos/tasks.o
 .bss.pxDelayedTaskList
                0x200007c8        0x4 ./COMMON/thirdparty/rtos/tasks.o
 .bss.pxOverflowDelayedTaskList
                0x200007cc        0x4 ./COMMON/thirdparty/rtos/tasks.o
 .bss.xPendingReadyList
                0x200007d0       0x14 ./COMMON/thirdparty/rtos/tasks.o
 .bss.xTasksWaitingTermination
                0x200007e4       0x14 ./COMMON/thirdparty/rtos/tasks.o
 .bss.uxDeletedTasksWaitingCleanUp
                0x200007f8        0x4 ./COMMON/thirdparty/rtos/tasks.o
 .bss.xSuspendedTaskList
                0x200007fc       0x14 ./COMMON/thirdparty/rtos/tasks.o
 .bss.uxCurrentNumberOfTasks
                0x20000810        0x4 ./COMMON/thirdparty/rtos/tasks.o
 .bss.xTickCount
                0x20000814        0x4 ./COMMON/thirdparty/rtos/tasks.o
 .bss.uxTopReadyPriority
                0x20000818        0x4 ./COMMON/thirdparty/rtos/tasks.o
 .bss.xSchedulerRunning
                0x2000081c        0x4 ./COMMON/thirdparty/rtos/tasks.o
 .bss.xPendedTicks
                0x20000820        0x4 ./COMMON/thirdparty/rtos/tasks.o
 .bss.xYieldPendings
                0x20000824        0x4 ./COMMON/thirdparty/rtos/tasks.o
 .bss.xNumOfOverflows
                0x20000828        0x4 ./COMMON/thirdparty/rtos/tasks.o
 .bss.uxTaskNumber
                0x2000082c        0x4 ./COMMON/thirdparty/rtos/tasks.o
 .bss.xNextTaskUnblockTime
                0x20000830        0x4 ./COMMON/thirdparty/rtos/tasks.o
 .bss.xIdleTaskHandles
                0x20000834        0x4 ./COMMON/thirdparty/rtos/tasks.o
 .bss.uxSchedulerSuspended
                0x20000838        0x4 ./COMMON/thirdparty/rtos/tasks.o
 .bss.xActiveTimerList1
                0x2000083c       0x14 ./COMMON/thirdparty/rtos/timers.o
 .bss.xActiveTimerList2
                0x20000850       0x14 ./COMMON/thirdparty/rtos/timers.o
 .bss.pxCurrentTimerList
                0x20000864        0x4 ./COMMON/thirdparty/rtos/timers.o
 .bss.pxOverflowTimerList
                0x20000868        0x4 ./COMMON/thirdparty/rtos/timers.o
 .bss.xTimerQueue
                0x2000086c        0x4 ./COMMON/thirdparty/rtos/timers.o
 .bss.xTimerTaskHandle
                0x20000870        0x4 ./COMMON/thirdparty/rtos/timers.o
 .bss.xLastTime.0
                0x20000874        0x4 ./COMMON/thirdparty/rtos/timers.o
 .bss.ucMaxSysCallPriority
                0x20000878        0x1 ./COMMON/thirdparty/rtos/portable/GCC/ARM_CM4F/port.o
 *fill*         0x20000879        0x3 
 .bss.ulMaxPRIGROUPValue
                0x2000087c        0x4 ./COMMON/thirdparty/rtos/portable/GCC/ARM_CM4F/port.o
 .bss.ucHeap    0x20000880    0x12c00 ./COMMON/thirdparty/rtos/portable/MemMang/heap_4.o
 .bss.xStart    0x20013480        0x8 ./COMMON/thirdparty/rtos/portable/MemMang/heap_4.o
 .bss.pxEnd     0x20013488        0x4 ./COMMON/thirdparty/rtos/portable/MemMang/heap_4.o
 .bss.xFreeBytesRemaining
                0x2001348c        0x4 ./COMMON/thirdparty/rtos/portable/MemMang/heap_4.o
 .bss.xMinimumEverFreeBytesRemaining
                0x20013490        0x4 ./COMMON/thirdparty/rtos/portable/MemMang/heap_4.o
 .bss.xNumberOfSuccessfulAllocations
                0x20013494        0x4 ./COMMON/thirdparty/rtos/portable/MemMang/heap_4.o
 .bss.xNumberOfSuccessfulFrees
                0x20013498        0x4 ./COMMON/thirdparty/rtos/portable/MemMang/heap_4.o
 .bss.timer_id  0x2001349c        0x1 ./Core/Src/Led_Effect.o
                0x2001349c                timer_id
 *fill*         0x2001349d        0x3 
 .bss.showtime.3
                0x200134a0       0x28 ./Core/Src/Rtc.o
 .bss.showdate.1
                0x200134c8       0x28 ./Core/Src/Rtc.o
 .bss.curr_state
                0x200134f0        0x1 ./Core/Src/Task_handler.o
                0x200134f0                curr_state
 *fill*         0x200134f1        0x3 
 .bss.Timer_handle
                0x200134f4       0x10 ./Core/Src/main.o
                0x200134f4                Timer_handle
 .bss.user_data
                0x20013504        0x1 ./Core/Src/main.o
                0x20013504                user_data
 *fill*         0x20013505        0x3 
 .bss.q_data    0x20013508        0x4 ./Core/Src/main.o
                0x20013508                q_data
 .bss.q_print   0x2001350c        0x4 ./Core/Src/main.o
                0x2001350c                q_print
 .bss.hrtc      0x20013510       0x20 ./Core/Src/main.o
                0x20013510                hrtc
 .bss.huart2    0x20013530       0x48 ./Core/Src/main.o
                0x20013530                huart2
 .bss.MENUHANDLE
                0x20013578        0x4 ./Core/Src/main.o
                0x20013578                MENUHANDLE
 .bss.LEDHANDLE
                0x2001357c        0x4 ./Core/Src/main.o
                0x2001357c                LEDHANDLE
 .bss.RTCHANDLE
                0x20013580        0x4 ./Core/Src/main.o
                0x20013580                RTCHANDLE
 .bss.PRINTHANDLE
                0x20013584        0x4 ./Core/Src/main.o
                0x20013584                PRINTHANDLE
 .bss.COMMANDHANDLE
                0x20013588        0x4 ./Core/Src/main.o
                0x20013588                COMMANDHANDLE
 .bss.htim6     0x2001358c       0x48 ./Core/Src/stm32f4xx_hal_timebase_tim.o
                0x2001358c                htim6
 .bss.__sbrk_heap_end
                0x200135d4        0x4 ./Core/Src/sysmem.o
 .bss.uwTick    0x200135d8        0x4 ./Drivers/STM32F4xx_HAL_Driver/Src/stm32f4xx_hal.o
                0x200135d8                uwTick
 .bss.__sf      0x200135dc      0x138 C:/ST/STM32CubeIDE_1.16.0/STM32CubeIDE/plugins/com.st.stm32cube.ide.mcu.externaltools.gnu-tools-for-stm32.13.3.rel1.win32_1.0.0.202411081344/tools/bin/../lib/gcc/arm-none-eabi/13.3.1/../../../../arm-none-eabi/lib/thumb/v7e-m+fp/hard\libc_nano.a(libc_a-findfp.o)
                0x200135dc                __sf
 .bss.errno     0x20013714        0x4 C:/ST/STM32CubeIDE_1.16.0/STM32CubeIDE/plugins/com.st.stm32cube.ide.mcu.externaltools.gnu-tools-for-stm32.13.3.rel1.win32_1.0.0.202411081344/tools/bin/../lib/gcc/arm-none-eabi/13.3.1/../../../../arm-none-eabi/lib/thumb/v7e-m+fp/hard\libc_nano.a(libc_a-reent.o)
                0x20013714                errno
 .bss.__lock___malloc_recursive_mutex
                0x20013718        0x1 C:/ST/STM32CubeIDE_1.16.0/STM32CubeIDE/plugins/com.st.stm32cube.ide.mcu.externaltools.gnu-tools-for-stm32.13.3.rel1.win32_1.0.0.202411081344/tools/bin/../lib/gcc/arm-none-eabi/13.3.1/../../../../arm-none-eabi/lib/thumb/v7e-m+fp/hard\libc_nano.a(libc_a-lock.o)
                0x20013718                __lock___malloc_recursive_mutex
 *fill*         0x20013719        0x3 
 .bss.__malloc_sbrk_start
                0x2001371c        0x4 C:/ST/STM32CubeIDE_1.16.0/STM32CubeIDE/plugins/com.st.stm32cube.ide.mcu.externaltools.gnu-tools-for-stm32.13.3.rel1.win32_1.0.0.202411081344/tools/bin/../lib/gcc/arm-none-eabi/13.3.1/../../../../arm-none-eabi/lib/thumb/v7e-m+fp/hard\libc_nano.a(libc_a-mallocr.o)
                0x2001371c                __malloc_sbrk_start
 .bss.__malloc_free_list
                0x20013720        0x4 C:/ST/STM32CubeIDE_1.16.0/STM32CubeIDE/plugins/com.st.stm32cube.ide.mcu.externaltools.gnu-tools-for-stm32.13.3.rel1.win32_1.0.0.202411081344/tools/bin/../lib/gcc/arm-none-eabi/13.3.1/../../../../arm-none-eabi/lib/thumb/v7e-m+fp/hard\libc_nano.a(libc_a-mallocr.o)
                0x20013720                __malloc_free_list
 *(COMMON)
                0x20013724                        . = ALIGN (0x4)
                0x20013724                        _ebss = .
                0x20013724                        __bss_end__ = _ebss

._user_heap_stack
                0x20013724      0x604
                0x20013728                        . = ALIGN (0x8)
 *fill*         0x20013724        0x4 
                [!provide]                        PROVIDE (end = .)
                0x20013728                        PROVIDE (_end = .)
                0x20013928                        . = (. + _Min_Heap_Size)
 *fill*         0x20013728      0x200 
                0x20013d28                        . = (. + _Min_Stack_Size)
 *fill*         0x20013928      0x400 
                0x20013d28                        . = ALIGN (0x8)

/DISCARD/
 libc.a(*)
 libm.a(*)
 libgcc.a(*)

.ARM.attributes
                0x00000000       0x30
 *(.ARM.attributes)
 .ARM.attributes
                0x00000000       0x22 C:/ST/STM32CubeIDE_1.16.0/STM32CubeIDE/plugins/com.st.stm32cube.ide.mcu.externaltools.gnu-tools-for-stm32.13.3.rel1.win32_1.0.0.202411081344/tools/bin/../lib/gcc/arm-none-eabi/13.3.1/thumb/v7e-m+fp/hard/crti.o
 .ARM.attributes
                0x00000022       0x34 C:/ST/STM32CubeIDE_1.16.0/STM32CubeIDE/plugins/com.st.stm32cube.ide.mcu.externaltools.gnu-tools-for-stm32.13.3.rel1.win32_1.0.0.202411081344/tools/bin/../lib/gcc/arm-none-eabi/13.3.1/thumb/v7e-m+fp/hard/crtbegin.o
 .ARM.attributes
                0x00000056       0x34 ./COMMON/thirdparty/SEGGER/OS/SEGGER_SYSVIEW_FreeRTOS.o
 .ARM.attributes
                0x0000008a       0x34 ./COMMON/thirdparty/SEGGER/SEGGER/SEGGER_RTT.o
 .ARM.attributes
                0x000000be       0x20 ./COMMON/thirdparty/SEGGER/SEGGER/SEGGER_RTT_ASM_ARMv7M.o
 .ARM.attributes
                0x000000de       0x34 ./COMMON/thirdparty/SEGGER/SEGGER/SEGGER_SYSVIEW.o
 .ARM.attributes
                0x00000112       0x34 ./COMMON/thirdparty/rtos/list.o
 .ARM.attributes
                0x00000146       0x34 ./COMMON/thirdparty/rtos/queue.o
 .ARM.attributes
                0x0000017a       0x34 ./COMMON/thirdparty/rtos/tasks.o
 .ARM.attributes
                0x000001ae       0x34 ./COMMON/thirdparty/rtos/timers.o
 .ARM.attributes
                0x000001e2       0x34 ./COMMON/thirdparty/rtos/portable/GCC/ARM_CM4F/port.o
 .ARM.attributes
                0x00000216       0x34 ./COMMON/thirdparty/rtos/portable/MemMang/heap_4.o
 .ARM.attributes
                0x0000024a       0x34 ./Core/Src/Led_Effect.o
 .ARM.attributes
                0x0000027e       0x34 ./Core/Src/Rtc.o
 .ARM.attributes
                0x000002b2       0x34 ./Core/Src/Task_handler.o
 .ARM.attributes
                0x000002e6       0x34 ./Core/Src/main.o
 .ARM.attributes
                0x0000031a       0x34 ./Core/Src/stm32f4xx_hal_msp.o
 .ARM.attributes
                0x0000034e       0x34 ./Core/Src/stm32f4xx_hal_timebase_tim.o
 .ARM.attributes
                0x00000382       0x34 ./Core/Src/stm32f4xx_it.o
 .ARM.attributes
                0x000003b6       0x34 ./Core/Src/sysmem.o
 .ARM.attributes
                0x000003ea       0x34 ./Core/Src/system_stm32f4xx.o
 .ARM.attributes
                0x0000041e       0x21 ./Core/Startup/startup_stm32f407vgtx.o
 .ARM.attributes
                0x0000043f       0x34 ./Drivers/STM32F4xx_HAL_Driver/Src/stm32f4xx_hal.o
 .ARM.attributes
                0x00000473       0x34 ./Drivers/STM32F4xx_HAL_Driver/Src/stm32f4xx_hal_cortex.o
 .ARM.attributes
                0x000004a7       0x34 ./Drivers/STM32F4xx_HAL_Driver/Src/stm32f4xx_hal_dma.o
 .ARM.attributes
                0x000004db       0x34 ./Drivers/STM32F4xx_HAL_Driver/Src/stm32f4xx_hal_gpio.o
 .ARM.attributes
                0x0000050f       0x34 ./Drivers/STM32F4xx_HAL_Driver/Src/stm32f4xx_hal_rcc.o
 .ARM.attributes
                0x00000543       0x34 ./Drivers/STM32F4xx_HAL_Driver/Src/stm32f4xx_hal_rcc_ex.o
 .ARM.attributes
                0x00000577       0x34 ./Drivers/STM32F4xx_HAL_Driver/Src/stm32f4xx_hal_rtc.o
 .ARM.attributes
                0x000005ab       0x34 ./Drivers/STM32F4xx_HAL_Driver/Src/stm32f4xx_hal_tim.o
 .ARM.attributes
                0x000005df       0x34 ./Drivers/STM32F4xx_HAL_Driver/Src/stm32f4xx_hal_tim_ex.o
 .ARM.attributes
                0x00000613       0x34 ./Drivers/STM32F4xx_HAL_Driver/Src/stm32f4xx_hal_uart.o
 .ARM.attributes
                0x00000647       0x34 C:/ST/STM32CubeIDE_1.16.0/STM32CubeIDE/plugins/com.st.stm32cube.ide.mcu.externaltools.gnu-tools-for-stm32.13.3.rel1.win32_1.0.0.202411081344/tools/bin/../lib/gcc/arm-none-eabi/13.3.1/../../../../arm-none-eabi/lib/thumb/v7e-m+fp/hard\libc_nano.a(libc_a-findfp.o)
 .ARM.attributes
                0x0000067b       0x34 C:/ST/STM32CubeIDE_1.16.0/STM32CubeIDE/plugins/com.st.stm32cube.ide.mcu.externaltools.gnu-tools-for-stm32.13.3.rel1.win32_1.0.0.202411081344/tools/bin/../lib/gcc/arm-none-eabi/13.3.1/../../../../arm-none-eabi/lib/thumb/v7e-m+fp/hard\libc_nano.a(libc_a-sprintf.o)
 .ARM.attributes
                0x000006af       0x34 C:/ST/STM32CubeIDE_1.16.0/STM32CubeIDE/plugins/com.st.stm32cube.ide.mcu.externaltools.gnu-tools-for-stm32.13.3.rel1.win32_1.0.0.202411081344/tools/bin/../lib/gcc/arm-none-eabi/13.3.1/../../../../arm-none-eabi/lib/thumb/v7e-m+fp/hard\libc_nano.a(libc_a-memcmp.o)
 .ARM.attributes
                0x000006e3       0x34 C:/ST/STM32CubeIDE_1.16.0/STM32CubeIDE/plugins/com.st.stm32cube.ide.mcu.externaltools.gnu-tools-for-stm32.13.3.rel1.win32_1.0.0.202411081344/tools/bin/../lib/gcc/arm-none-eabi/13.3.1/../../../../arm-none-eabi/lib/thumb/v7e-m+fp/hard\libc_nano.a(libc_a-memset.o)
 .ARM.attributes
                0x00000717       0x34 C:/ST/STM32CubeIDE_1.16.0/STM32CubeIDE/plugins/com.st.stm32cube.ide.mcu.externaltools.gnu-tools-for-stm32.13.3.rel1.win32_1.0.0.202411081344/tools/bin/../lib/gcc/arm-none-eabi/13.3.1/../../../../arm-none-eabi/lib/thumb/v7e-m+fp/hard\libc_nano.a(libc_a-reent.o)
 .ARM.attributes
                0x0000074b       0x34 C:/ST/STM32CubeIDE_1.16.0/STM32CubeIDE/plugins/com.st.stm32cube.ide.mcu.externaltools.gnu-tools-for-stm32.13.3.rel1.win32_1.0.0.202411081344/tools/bin/../lib/gcc/arm-none-eabi/13.3.1/../../../../arm-none-eabi/lib/thumb/v7e-m+fp/hard\libc_nano.a(libc_a-impure.o)
 .ARM.attributes
                0x0000077f       0x34 C:/ST/STM32CubeIDE_1.16.0/STM32CubeIDE/plugins/com.st.stm32cube.ide.mcu.externaltools.gnu-tools-for-stm32.13.3.rel1.win32_1.0.0.202411081344/tools/bin/../lib/gcc/arm-none-eabi/13.3.1/../../../../arm-none-eabi/lib/thumb/v7e-m+fp/hard\libc_nano.a(libc_a-errno.o)
 .ARM.attributes
                0x000007b3       0x34 C:/ST/STM32CubeIDE_1.16.0/STM32CubeIDE/plugins/com.st.stm32cube.ide.mcu.externaltools.gnu-tools-for-stm32.13.3.rel1.win32_1.0.0.202411081344/tools/bin/../lib/gcc/arm-none-eabi/13.3.1/../../../../arm-none-eabi/lib/thumb/v7e-m+fp/hard\libc_nano.a(libc_a-init.o)
 .ARM.attributes
                0x000007e7       0x34 C:/ST/STM32CubeIDE_1.16.0/STM32CubeIDE/plugins/com.st.stm32cube.ide.mcu.externaltools.gnu-tools-for-stm32.13.3.rel1.win32_1.0.0.202411081344/tools/bin/../lib/gcc/arm-none-eabi/13.3.1/../../../../arm-none-eabi/lib/thumb/v7e-m+fp/hard\libc_nano.a(libc_a-lock.o)
 .ARM.attributes
                0x0000081b       0x20 C:/ST/STM32CubeIDE_1.16.0/STM32CubeIDE/plugins/com.st.stm32cube.ide.mcu.externaltools.gnu-tools-for-stm32.13.3.rel1.win32_1.0.0.202411081344/tools/bin/../lib/gcc/arm-none-eabi/13.3.1/../../../../arm-none-eabi/lib/thumb/v7e-m+fp/hard\libc_nano.a(libc_a-strcmp.o)
 .ARM.attributes
                0x0000083b       0x34 C:/ST/STM32CubeIDE_1.16.0/STM32CubeIDE/plugins/com.st.stm32cube.ide.mcu.externaltools.gnu-tools-for-stm32.13.3.rel1.win32_1.0.0.202411081344/tools/bin/../lib/gcc/arm-none-eabi/13.3.1/../../../../arm-none-eabi/lib/thumb/v7e-m+fp/hard\libc_nano.a(libc_a-memcpy-stub.o)
 .ARM.attributes
                0x0000086f       0x17 C:/ST/STM32CubeIDE_1.16.0/STM32CubeIDE/plugins/com.st.stm32cube.ide.mcu.externaltools.gnu-tools-for-stm32.13.3.rel1.win32_1.0.0.202411081344/tools/bin/../lib/gcc/arm-none-eabi/13.3.1/../../../../arm-none-eabi/lib/thumb/v7e-m+fp/hard\libc_nano.a(libc_a-strlen.o)
 .ARM.attributes
                0x00000886       0x34 C:/ST/STM32CubeIDE_1.16.0/STM32CubeIDE/plugins/com.st.stm32cube.ide.mcu.externaltools.gnu-tools-for-stm32.13.3.rel1.win32_1.0.0.202411081344/tools/bin/../lib/gcc/arm-none-eabi/13.3.1/../../../../arm-none-eabi/lib/thumb/v7e-m+fp/hard\libc_nano.a(libc_a-freer.o)
 .ARM.attributes
                0x000008ba       0x34 C:/ST/STM32CubeIDE_1.16.0/STM32CubeIDE/plugins/com.st.stm32cube.ide.mcu.externaltools.gnu-tools-for-stm32.13.3.rel1.win32_1.0.0.202411081344/tools/bin/../lib/gcc/arm-none-eabi/13.3.1/../../../../arm-none-eabi/lib/thumb/v7e-m+fp/hard\libc_nano.a(libc_a-mallocr.o)
 .ARM.attributes
                0x000008ee       0x34 C:/ST/STM32CubeIDE_1.16.0/STM32CubeIDE/plugins/com.st.stm32cube.ide.mcu.externaltools.gnu-tools-for-stm32.13.3.rel1.win32_1.0.0.202411081344/tools/bin/../lib/gcc/arm-none-eabi/13.3.1/../../../../arm-none-eabi/lib/thumb/v7e-m+fp/hard\libc_nano.a(libc_a-mlock.o)
 .ARM.attributes
                0x00000922       0x34 C:/ST/STM32CubeIDE_1.16.0/STM32CubeIDE/plugins/com.st.stm32cube.ide.mcu.externaltools.gnu-tools-for-stm32.13.3.rel1.win32_1.0.0.202411081344/tools/bin/../lib/gcc/arm-none-eabi/13.3.1/../../../../arm-none-eabi/lib/thumb/v7e-m+fp/hard\libc_nano.a(libc_a-nano-svfprintf.o)
 .ARM.attributes
                0x00000956       0x34 C:/ST/STM32CubeIDE_1.16.0/STM32CubeIDE/plugins/com.st.stm32cube.ide.mcu.externaltools.gnu-tools-for-stm32.13.3.rel1.win32_1.0.0.202411081344/tools/bin/../lib/gcc/arm-none-eabi/13.3.1/../../../../arm-none-eabi/lib/thumb/v7e-m+fp/hard\libc_nano.a(libc_a-nano-vfprintf_i.o)
 .ARM.attributes
                0x0000098a       0x34 C:/ST/STM32CubeIDE_1.16.0/STM32CubeIDE/plugins/com.st.stm32cube.ide.mcu.externaltools.gnu-tools-for-stm32.13.3.rel1.win32_1.0.0.202411081344/tools/bin/../lib/gcc/arm-none-eabi/13.3.1/../../../../arm-none-eabi/lib/thumb/v7e-m+fp/hard\libc_nano.a(libc_a-memmove.o)
 .ARM.attributes
                0x000009be       0x34 C:/ST/STM32CubeIDE_1.16.0/STM32CubeIDE/plugins/com.st.stm32cube.ide.mcu.externaltools.gnu-tools-for-stm32.13.3.rel1.win32_1.0.0.202411081344/tools/bin/../lib/gcc/arm-none-eabi/13.3.1/../../../../arm-none-eabi/lib/thumb/v7e-m+fp/hard\libc_nano.a(libc_a-sbrkr.o)
 .ARM.attributes
                0x000009f2       0x1c C:/ST/STM32CubeIDE_1.16.0/STM32CubeIDE/plugins/com.st.stm32cube.ide.mcu.externaltools.gnu-tools-for-stm32.13.3.rel1.win32_1.0.0.202411081344/tools/bin/../lib/gcc/arm-none-eabi/13.3.1/../../../../arm-none-eabi/lib/thumb/v7e-m+fp/hard\libc_nano.a(libc_a-memchr.o)
 .ARM.attributes
                0x00000a0e       0x34 C:/ST/STM32CubeIDE_1.16.0/STM32CubeIDE/plugins/com.st.stm32cube.ide.mcu.externaltools.gnu-tools-for-stm32.13.3.rel1.win32_1.0.0.202411081344/tools/bin/../lib/gcc/arm-none-eabi/13.3.1/../../../../arm-none-eabi/lib/thumb/v7e-m+fp/hard\libc_nano.a(libc_a-reallocr.o)
 .ARM.attributes
                0x00000a42       0x34 C:/ST/STM32CubeIDE_1.16.0/STM32CubeIDE/plugins/com.st.stm32cube.ide.mcu.externaltools.gnu-tools-for-stm32.13.3.rel1.win32_1.0.0.202411081344/tools/bin/../lib/gcc/arm-none-eabi/13.3.1/../../../../arm-none-eabi/lib/thumb/v7e-m+fp/hard\libc_nano.a(libc_a-msizer.o)
 .ARM.attributes
                0x00000a76       0x22 C:/ST/STM32CubeIDE_1.16.0/STM32CubeIDE/plugins/com.st.stm32cube.ide.mcu.externaltools.gnu-tools-for-stm32.13.3.rel1.win32_1.0.0.202411081344/tools/bin/../lib/gcc/arm-none-eabi/13.3.1/thumb/v7e-m+fp/hard\libgcc.a(_aeabi_uldivmod.o)
 .ARM.attributes
                0x00000a98       0x34 C:/ST/STM32CubeIDE_1.16.0/STM32CubeIDE/plugins/com.st.stm32cube.ide.mcu.externaltools.gnu-tools-for-stm32.13.3.rel1.win32_1.0.0.202411081344/tools/bin/../lib/gcc/arm-none-eabi/13.3.1/thumb/v7e-m+fp/hard\libgcc.a(_udivmoddi4.o)
 .ARM.attributes
                0x00000acc       0x22 C:/ST/STM32CubeIDE_1.16.0/STM32CubeIDE/plugins/com.st.stm32cube.ide.mcu.externaltools.gnu-tools-for-stm32.13.3.rel1.win32_1.0.0.202411081344/tools/bin/../lib/gcc/arm-none-eabi/13.3.1/thumb/v7e-m+fp/hard\libgcc.a(_dvmd_tls.o)
 .ARM.attributes
                0x00000aee       0x22 C:/ST/STM32CubeIDE_1.16.0/STM32CubeIDE/plugins/com.st.stm32cube.ide.mcu.externaltools.gnu-tools-for-stm32.13.3.rel1.win32_1.0.0.202411081344/tools/bin/../lib/gcc/arm-none-eabi/13.3.1/thumb/v7e-m+fp/hard/crtn.o
OUTPUT(008_.elf elf32-littlearm)
LOAD linker stubs
LOAD C:/ST/STM32CubeIDE_1.16.0/STM32CubeIDE/plugins/com.st.stm32cube.ide.mcu.externaltools.gnu-tools-for-stm32.13.3.rel1.win32_1.0.0.202411081344/tools/bin/../lib/gcc/arm-none-eabi/13.3.1/../../../../arm-none-eabi/lib/thumb/v7e-m+fp/hard\libc.a
LOAD C:/ST/STM32CubeIDE_1.16.0/STM32CubeIDE/plugins/com.st.stm32cube.ide.mcu.externaltools.gnu-tools-for-stm32.13.3.rel1.win32_1.0.0.202411081344/tools/bin/../lib/gcc/arm-none-eabi/13.3.1/../../../../arm-none-eabi/lib/thumb/v7e-m+fp/hard\libm.a
LOAD C:/ST/STM32CubeIDE_1.16.0/STM32CubeIDE/plugins/com.st.stm32cube.ide.mcu.externaltools.gnu-tools-for-stm32.13.3.rel1.win32_1.0.0.202411081344/tools/bin/../lib/gcc/arm-none-eabi/13.3.1/thumb/v7e-m+fp/hard\libgcc.a

.debug_info     0x00000000    0x1c50b
 .debug_info    0x00000000      0x426 ./COMMON/thirdparty/SEGGER/OS/SEGGER_SYSVIEW_FreeRTOS.o
 .debug_info    0x00000426     0x14d5 ./COMMON/thirdparty/SEGGER/SEGGER/SEGGER_RTT.o
 .debug_info    0x000018fb       0x25 ./COMMON/thirdparty/SEGGER/SEGGER/SEGGER_RTT_ASM_ARMv7M.o
 .debug_info    0x00001920     0x434a ./COMMON/thirdparty/SEGGER/SEGGER/SEGGER_SYSVIEW.o
 .debug_info    0x00005c6a      0x2d8 ./COMMON/thirdparty/rtos/list.o
 .debug_info    0x00005f42     0x18f3 ./COMMON/thirdparty/rtos/queue.o
 .debug_info    0x00007835     0x2915 ./COMMON/thirdparty/rtos/tasks.o
 .debug_info    0x0000a14a      0xf50 ./COMMON/thirdparty/rtos/timers.o
 .debug_info    0x0000b09a      0x5a3 ./COMMON/thirdparty/rtos/portable/GCC/ARM_CM4F/port.o
 .debug_info    0x0000b63d      0x5e0 ./COMMON/thirdparty/rtos/portable/MemMang/heap_4.o
 .debug_info    0x0000bc1d      0x3d7 ./Core/Src/Led_Effect.o
 .debug_info    0x0000bff4      0x786 ./Core/Src/Rtc.o
 .debug_info    0x0000c77a      0xb4f ./Core/Src/Task_handler.o
 .debug_info    0x0000d2c9     0x17d6 ./Core/Src/main.o
 .debug_info    0x0000ea9f     0x1017 ./Core/Src/stm32f4xx_hal_msp.o
 .debug_info    0x0000fab6      0xbee ./Core/Src/stm32f4xx_hal_timebase_tim.o
 .debug_info    0x000106a4      0x963 ./Core/Src/stm32f4xx_it.o
 .debug_info    0x00011007      0x168 ./Core/Src/sysmem.o
 .debug_info    0x0001116f      0x512 ./Core/Src/system_stm32f4xx.o
 .debug_info    0x00011681       0x30 ./Core/Startup/startup_stm32f407vgtx.o
 .debug_info    0x000116b1      0x944 ./Drivers/STM32F4xx_HAL_Driver/Src/stm32f4xx_hal.o
 .debug_info    0x00011ff5      0xd8c ./Drivers/STM32F4xx_HAL_Driver/Src/stm32f4xx_hal_cortex.o
 .debug_info    0x00012d81      0x8e7 ./Drivers/STM32F4xx_HAL_Driver/Src/stm32f4xx_hal_dma.o
 .debug_info    0x00013668      0x6c3 ./Drivers/STM32F4xx_HAL_Driver/Src/stm32f4xx_hal_gpio.o
 .debug_info    0x00013d2b      0x8c3 ./Drivers/STM32F4xx_HAL_Driver/Src/stm32f4xx_hal_rcc.o
 .debug_info    0x000145ee      0x536 ./Drivers/STM32F4xx_HAL_Driver/Src/stm32f4xx_hal_rcc_ex.o
 .debug_info    0x00014b24      0xc20 ./Drivers/STM32F4xx_HAL_Driver/Src/stm32f4xx_hal_rtc.o
 .debug_info    0x00015744     0x299d ./Drivers/STM32F4xx_HAL_Driver/Src/stm32f4xx_hal_tim.o
 .debug_info    0x000180e1     0x14db ./Drivers/STM32F4xx_HAL_Driver/Src/stm32f4xx_hal_tim_ex.o
 .debug_info    0x000195bc     0x2f4f ./Drivers/STM32F4xx_HAL_Driver/Src/stm32f4xx_hal_uart.o

.debug_abbrev   0x00000000     0x3f64
 .debug_abbrev  0x00000000      0x1c0 ./COMMON/thirdparty/SEGGER/OS/SEGGER_SYSVIEW_FreeRTOS.o
 .debug_abbrev  0x000001c0      0x230 ./COMMON/thirdparty/SEGGER/SEGGER/SEGGER_RTT.o
 .debug_abbrev  0x000003f0       0x14 ./COMMON/thirdparty/SEGGER/SEGGER/SEGGER_RTT_ASM_ARMv7M.o
 .debug_abbrev  0x00000404      0x340 ./COMMON/thirdparty/SEGGER/SEGGER/SEGGER_SYSVIEW.o
 .debug_abbrev  0x00000744      0x10c ./COMMON/thirdparty/rtos/list.o
 .debug_abbrev  0x00000850      0x305 ./COMMON/thirdparty/rtos/queue.o
 .debug_abbrev  0x00000b55      0x3a1 ./COMMON/thirdparty/rtos/tasks.o
 .debug_abbrev  0x00000ef6      0x2b8 ./COMMON/thirdparty/rtos/timers.o
 .debug_abbrev  0x000011ae      0x248 ./COMMON/thirdparty/rtos/portable/GCC/ARM_CM4F/port.o
 .debug_abbrev  0x000013f6      0x25a ./COMMON/thirdparty/rtos/portable/MemMang/heap_4.o
 .debug_abbrev  0x00001650      0x1f7 ./Core/Src/Led_Effect.o
 .debug_abbrev  0x00001847      0x1c5 ./Core/Src/Rtc.o
 .debug_abbrev  0x00001a0c      0x2c6 ./Core/Src/Task_handler.o
 .debug_abbrev  0x00001cd2      0x359 ./Core/Src/main.o
 .debug_abbrev  0x0000202b      0x20d ./Core/Src/stm32f4xx_hal_msp.o
 .debug_abbrev  0x00002238      0x1f4 ./Core/Src/stm32f4xx_hal_timebase_tim.o
 .debug_abbrev  0x0000242c      0x188 ./Core/Src/stm32f4xx_it.o
 .debug_abbrev  0x000025b4       0xbc ./Core/Src/sysmem.o
 .debug_abbrev  0x00002670      0x11a ./Core/Src/system_stm32f4xx.o
 .debug_abbrev  0x0000278a       0x24 ./Core/Startup/startup_stm32f407vgtx.o
 .debug_abbrev  0x000027ae      0x214 ./Drivers/STM32F4xx_HAL_Driver/Src/stm32f4xx_hal.o
 .debug_abbrev  0x000029c2      0x31d ./Drivers/STM32F4xx_HAL_Driver/Src/stm32f4xx_hal_cortex.o
 .debug_abbrev  0x00002cdf      0x264 ./Drivers/STM32F4xx_HAL_Driver/Src/stm32f4xx_hal_dma.o
 .debug_abbrev  0x00002f43      0x1d4 ./Drivers/STM32F4xx_HAL_Driver/Src/stm32f4xx_hal_gpio.o
 .debug_abbrev  0x00003117      0x2b7 ./Drivers/STM32F4xx_HAL_Driver/Src/stm32f4xx_hal_rcc.o
 .debug_abbrev  0x000033ce      0x1b0 ./Drivers/STM32F4xx_HAL_Driver/Src/stm32f4xx_hal_rcc_ex.o
 .debug_abbrev  0x0000357e      0x1dd ./Drivers/STM32F4xx_HAL_Driver/Src/stm32f4xx_hal_rtc.o
 .debug_abbrev  0x0000375b      0x278 ./Drivers/STM32F4xx_HAL_Driver/Src/stm32f4xx_hal_tim.o
 .debug_abbrev  0x000039d3      0x283 ./Drivers/STM32F4xx_HAL_Driver/Src/stm32f4xx_hal_tim_ex.o
 .debug_abbrev  0x00003c56      0x30e ./Drivers/STM32F4xx_HAL_Driver/Src/stm32f4xx_hal_uart.o

.debug_aranges  0x00000000     0x18c8
 .debug_aranges
                0x00000000       0x48 ./COMMON/thirdparty/SEGGER/OS/SEGGER_SYSVIEW_FreeRTOS.o
 .debug_aranges
                0x00000048      0x138 ./COMMON/thirdparty/SEGGER/SEGGER/SEGGER_RTT.o
 .debug_aranges
                0x00000180       0x20 ./COMMON/thirdparty/SEGGER/SEGGER/SEGGER_RTT_ASM_ARMv7M.o
 .debug_aranges
                0x000001a0      0x300 ./COMMON/thirdparty/SEGGER/SEGGER/SEGGER_SYSVIEW.o
 .debug_aranges
                0x000004a0       0x40 ./COMMON/thirdparty/rtos/list.o
 .debug_aranges
                0x000004e0      0x140 ./COMMON/thirdparty/rtos/queue.o
 .debug_aranges
                0x00000620      0x238 ./COMMON/thirdparty/rtos/tasks.o
 .debug_aranges
                0x00000858       0xf8 ./COMMON/thirdparty/rtos/timers.o
 .debug_aranges
                0x00000950       0x80 ./COMMON/thirdparty/rtos/portable/GCC/ARM_CM4F/port.o
 .debug_aranges