15:09:44 **** Build of configuration Debug for project 006LED_BLINK_FROMISR ****
make -j16 all 
arm-none-eabi-gcc "../Core/Src/main.c" -mcpu=cortex-m4 -std=gnu11 -g3 -DDEBUG -DUSE_HAL_DRIVER -DSTM32F407xx -c -I../Core/Inc -I../Drivers/STM32F4xx_HAL_Driver/Inc -I../Drivers/STM32F4xx_HAL_Driver/Inc/Legacy -I../Drivers/CMSIS/Device/ST/STM32F4xx/Include -I../Drivers/CMSIS/Include -I"C:/Users/nisha/OneDrive/Desktop/stm32f407/freertos/COMMON/thirdparty/rtos/include" -I"C:/Users/nisha/OneDrive/Desktop/stm32f407/freertos/COMMON/thirdparty/rtos/portable/GCC/ARM_CM4F" -I"C:/Users/nisha/OneDrive/Desktop/stm32f407/freertos/COMMON/thirdparty/SEGGER/CONFIG" -I"C:/Users/nisha/OneDrive/Desktop/stm32f407/freertos/COMMON/thirdparty/SEGGER/OS" -I"C:/Users/nisha/OneDrive/Desktop/stm32f407/freertos/COMMON/thirdparty/SEGGER/SEGGER" -O0 -ffunction-sections -fdata-sections -Wall -fstack-usage -fcyclomatic-complexity -MMD -MP -MF"Core/Src/main.d" -MT"Core/Src/main.o" --specs=nano.specs -mfpu=fpv4-sp-d16 -mfloat-abi=hard -mthumb -o "Core/Src/main.o"
arm-none-eabi-gcc "../Core/Src/stm32f4xx_hal_msp.c" -mcpu=cortex-m4 -std=gnu11 -g3 -DDEBUG -DUSE_HAL_DRIVER -DSTM32F407xx -c -I../Core/Inc -I../Drivers/STM32F4xx_HAL_Driver/Inc -I../Drivers/STM32F4xx_HAL_Driver/Inc/Legacy -I../Drivers/CMSIS/Device/ST/STM32F4xx/Include -I../Drivers/CMSIS/Include -I"C:/Users/nisha/OneDrive/Desktop/stm32f407/freertos/COMMON/thirdparty/rtos/include" -I"C:/Users/nisha/OneDrive/Desktop/stm32f407/freertos/COMMON/thirdparty/rtos/portable/GCC/ARM_CM4F" -I"C:/Users/nisha/OneDrive/Desktop/stm32f407/freertos/COMMON/thirdparty/SEGGER/CONFIG" -I"C:/Users/nisha/OneDrive/Desktop/stm32f407/freertos/COMMON/thirdparty/SEGGER/OS" -I"C:/Users/nisha/OneDrive/Desktop/stm32f407/freertos/COMMON/thirdparty/SEGGER/SEGGER" -O0 -ffunction-sections -fdata-sections -Wall -fstack-usage -fcyclomatic-complexity -MMD -MP -MF"Core/Src/stm32f4xx_hal_msp.d" -MT"Core/Src/stm32f4xx_hal_msp.o" --specs=nano.specs -mfpu=fpv4-sp-d16 -mfloat-abi=hard -mthumb -o "Core/Src/stm32f4xx_hal_msp.o"
arm-none-eabi-gcc "../Core/Src/stm32f4xx_it.c" -mcpu=cortex-m4 -std=gnu11 -g3 -DDEBUG -DUSE_HAL_DRIVER -DSTM32F407xx -c -I../Core/Inc -I../Drivers/STM32F4xx_HAL_Driver/Inc -I../Drivers/STM32F4xx_HAL_Driver/Inc/Legacy -I../Drivers/CMSIS/Device/ST/STM32F4xx/Include -I../Drivers/CMSIS/Include -I"C:/Users/nisha/OneDrive/Desktop/stm32f407/freertos/COMMON/thirdparty/rtos/include" -I"C:/Users/nisha/OneDrive/Desktop/stm32f407/freertos/COMMON/thirdparty/rtos/portable/GCC/ARM_CM4F" -I"C:/Users/nisha/OneDrive/Desktop/stm32f407/freertos/COMMON/thirdparty/SEGGER/CONFIG" -I"C:/Users/nisha/OneDrive/Desktop/stm32f407/freertos/COMMON/thirdparty/SEGGER/OS" -I"C:/Users/nisha/OneDrive/Desktop/stm32f407/freertos/COMMON/thirdparty/SEGGER/SEGGER" -O0 -ffunction-sections -fdata-sections -Wall -fstack-usage -fcyclomatic-complexity -MMD -MP -MF"Core/Src/stm32f4xx_it.d" -MT"Core/Src/stm32f4xx_it.o" --specs=nano.specs -mfpu=fpv4-sp-d16 -mfloat-abi=hard -mthumb -o "Core/Src/stm32f4xx_it.o"
arm-none-eabi-gcc "C:/Users/nisha/OneDrive/Desktop/stm32f407/freertos/COMMON/thirdparty/rtos/portable/MemMang/heap_4.c" -mcpu=cortex-m4 -std=gnu11 -g3 -DDEBUG -DUSE_HAL_DRIVER -DSTM32F407xx -c -I../Core/Inc -I../Drivers/STM32F4xx_HAL_Driver/Inc -I../Drivers/STM32F4xx_HAL_Driver/Inc/Legacy -I../Drivers/CMSIS/Device/ST/STM32F4xx/Include -I../Drivers/CMSIS/Include -I"C:/Users/nisha/OneDrive/Desktop/stm32f407/freertos/COMMON/thirdparty/rtos/include" -I"C:/Users/nisha/OneDrive/Desktop/stm32f407/freertos/COMMON/thirdparty/rtos/portable/GCC/ARM_CM4F" -I"C:/Users/nisha/OneDrive/Desktop/stm32f407/freertos/COMMON/thirdparty/SEGGER/CONFIG" -I"C:/Users/nisha/OneDrive/Desktop/stm32f407/freertos/COMMON/thirdparty/SEGGER/OS" -I"C:/Users/nisha/OneDrive/Desktop/stm32f407/freertos/COMMON/thirdparty/SEGGER/SEGGER" -O0 -ffunction-sections -fdata-sections -Wall -fstack-usage -fcyclomatic-complexity -MMD -MP -MF"COMMON/thirdparty/rtos/portable/MemMang/heap_4.d" -MT"COMMON/thirdparty/rtos/portable/MemMang/heap_4.o" --specs=nano.specs -mfpu=fpv4-sp-d16 -mfloat-abi=hard -mthumb -o "COMMON/thirdparty/rtos/portable/MemMang/heap_4.o"
arm-none-eabi-gcc "C:/Users/nisha/OneDrive/Desktop/stm32f407/freertos/COMMON/thirdparty/rtos/portable/GCC/ARM_CM4F/port.c" -mcpu=cortex-m4 -std=gnu11 -g3 -DDEBUG -DUSE_HAL_DRIVER -DSTM32F407xx -c -I../Core/Inc -I../Drivers/STM32F4xx_HAL_Driver/Inc -I../Drivers/STM32F4xx_HAL_Driver/Inc/Legacy -I../Drivers/CMSIS/Device/ST/STM32F4xx/Include -I../Drivers/CMSIS/Include -I"C:/Users/nisha/OneDrive/Desktop/stm32f407/freertos/COMMON/thirdparty/rtos/include" -I"C:/Users/nisha/OneDrive/Desktop/stm32f407/freertos/COMMON/thirdparty/rtos/portable/GCC/ARM_CM4F" -I"C:/Users/nisha/OneDrive/Desktop/stm32f407/freertos/COMMON/thirdparty/SEGGER/CONFIG" -I"C:/Users/nisha/OneDrive/Desktop/stm32f407/freertos/COMMON/thirdparty/SEGGER/OS" -I"C:/Users/nisha/OneDrive/Desktop/stm32f407/freertos/COMMON/thirdparty/SEGGER/SEGGER" -O0 -ffunction-sections -fdata-sections -Wall -fstack-usage -fcyclomatic-complexity -MMD -MP -MF"COMMON/thirdparty/rtos/portable/GCC/ARM_CM4F/port.d" -MT"COMMON/thirdparty/rtos/portable/GCC/ARM_CM4F/port.o" --specs=nano.specs -mfpu=fpv4-sp-d16 -mfloat-abi=hard -mthumb -o "COMMON/thirdparty/rtos/portable/GCC/ARM_CM4F/port.o"
arm-none-eabi-gcc "C:/Users/nisha/OneDrive/Desktop/stm32f407/freertos/COMMON/thirdparty/rtos/croutine.c" -mcpu=cortex-m4 -std=gnu11 -g3 -DDEBUG -DUSE_HAL_DRIVER -DSTM32F407xx -c -I../Core/Inc -I../Drivers/STM32F4xx_HAL_Driver/Inc -I../Drivers/STM32F4xx_HAL_Driver/Inc/Legacy -I../Drivers/CMSIS/Device/ST/STM32F4xx/Include -I../Drivers/CMSIS/Include -I"C:/Users/nisha/OneDrive/Desktop/stm32f407/freertos/COMMON/thirdparty/rtos/include" -I"C:/Users/nisha/OneDrive/Desktop/stm32f407/freertos/COMMON/thirdparty/rtos/portable/GCC/ARM_CM4F" -I"C:/Users/nisha/OneDrive/Desktop/stm32f407/freertos/COMMON/thirdparty/SEGGER/CONFIG" -I"C:/Users/nisha/OneDrive/Desktop/stm32f407/freertos/COMMON/thirdparty/SEGGER/OS" -I"C:/Users/nisha/OneDrive/Desktop/stm32f407/freertos/COMMON/thirdparty/SEGGER/SEGGER" -O0 -ffunction-sections -fdata-sections -Wall -fstack-usage -fcyclomatic-complexity -MMD -MP -MF"COMMON/thirdparty/rtos/croutine.d" -MT"COMMON/thirdparty/rtos/croutine.o" --specs=nano.specs -mfpu=fpv4-sp-d16 -mfloat-abi=hard -mthumb -o "COMMON/thirdparty/rtos/croutine.o"
arm-none-eabi-gcc "C:/Users/nisha/OneDrive/Desktop/stm32f407/freertos/COMMON/thirdparty/rtos/event_groups.c" -mcpu=cortex-m4 -std=gnu11 -g3 -DDEBUG -DUSE_HAL_DRIVER -DSTM32F407xx -c -I../Core/Inc -I../Drivers/STM32F4xx_HAL_Driver/Inc -I../Drivers/STM32F4xx_HAL_Driver/Inc/Legacy -I../Drivers/CMSIS/Device/ST/STM32F4xx/Include -I../Drivers/CMSIS/Include -I"C:/Users/nisha/OneDrive/Desktop/stm32f407/freertos/COMMON/thirdparty/rtos/include" -I"C:/Users/nisha/OneDrive/Desktop/stm32f407/freertos/COMMON/thirdparty/rtos/portable/GCC/ARM_CM4F" -I"C:/Users/nisha/OneDrive/Desktop/stm32f407/freertos/COMMON/thirdparty/SEGGER/CONFIG" -I"C:/Users/nisha/OneDrive/Desktop/stm32f407/freertos/COMMON/thirdparty/SEGGER/OS" -I"C:/Users/nisha/OneDrive/Desktop/stm32f407/freertos/COMMON/thirdparty/SEGGER/SEGGER" -O0 -ffunction-sections -fdata-sections -Wall -fstack-usage -fcyclomatic-complexity -MMD -MP -MF"COMMON/thirdparty/rtos/event_groups.d" -MT"COMMON/thirdparty/rtos/event_groups.o" --specs=nano.specs -mfpu=fpv4-sp-d16 -mfloat-abi=hard -mthumb -o "COMMON/thirdparty/rtos/event_groups.o"
arm-none-eabi-gcc "C:/Users/nisha/OneDrive/Desktop/stm32f407/freertos/COMMON/thirdparty/rtos/list.c" -mcpu=cortex-m4 -std=gnu11 -g3 -DDEBUG -DUSE_HAL_DRIVER -DSTM32F407xx -c -I../Core/Inc -I../Drivers/STM32F4xx_HAL_Driver/Inc -I../Drivers/STM32F4xx_HAL_Driver/Inc/Legacy -I../Drivers/CMSIS/Device/ST/STM32F4xx/Include -I../Drivers/CMSIS/Include -I"C:/Users/nisha/OneDrive/Desktop/stm32f407/freertos/COMMON/thirdparty/rtos/include" -I"C:/Users/nisha/OneDrive/Desktop/stm32f407/freertos/COMMON/thirdparty/rtos/portable/GCC/ARM_CM4F" -I"C:/Users/nisha/OneDrive/Desktop/stm32f407/freertos/COMMON/thirdparty/SEGGER/CONFIG" -I"C:/Users/nisha/OneDrive/Desktop/stm32f407/freertos/COMMON/thirdparty/SEGGER/OS" -I"C:/Users/nisha/OneDrive/Desktop/stm32f407/freertos/COMMON/thirdparty/SEGGER/SEGGER" -O0 -ffunction-sections -fdata-sections -Wall -fstack-usage -fcyclomatic-complexity -MMD -MP -MF"COMMON/thirdparty/rtos/list.d" -MT"COMMON/thirdparty/rtos/list.o" --specs=nano.specs -mfpu=fpv4-sp-d16 -mfloat-abi=hard -mthumb -o "COMMON/thirdparty/rtos/list.o"
arm-none-eabi-gcc "C:/Users/nisha/OneDrive/Desktop/stm32f407/freertos/COMMON/thirdparty/rtos/queue.c" -mcpu=cortex-m4 -std=gnu11 -g3 -DDEBUG -DUSE_HAL_DRIVER -DSTM32F407xx -c -I../Core/Inc -I../Drivers/STM32F4xx_HAL_Driver/Inc -I../Drivers/STM32F4xx_HAL_Driver/Inc/Legacy -I../Drivers/CMSIS/Device/ST/STM32F4xx/Include -I../Drivers/CMSIS/Include -I"C:/Users/nisha/OneDrive/Desktop/stm32f407/freertos/COMMON/thirdparty/rtos/include" -I"C:/Users/nisha/OneDrive/Desktop/stm32f407/freertos/COMMON/thirdparty/rtos/portable/GCC/ARM_CM4F" -I"C:/Users/nisha/OneDrive/Desktop/stm32f407/freertos/COMMON/thirdparty/SEGGER/CONFIG" -I"C:/Users/nisha/OneDrive/Desktop/stm32f407/freertos/COMMON/thirdparty/SEGGER/OS" -I"C:/Users/nisha/OneDrive/Desktop/stm32f407/freertos/COMMON/thirdparty/SEGGER/SEGGER" -O0 -ffunction-sections -fdata-sections -Wall -fstack-usage -fcyclomatic-complexity -MMD -MP -MF"COMMON/thirdparty/rtos/queue.d" -MT"COMMON/thirdparty/rtos/queue.o" --specs=nano.specs -mfpu=fpv4-sp-d16 -mfloat-abi=hard -mthumb -o "COMMON/thirdparty/rtos/queue.o"
arm-none-eabi-gcc "C:/Users/nisha/OneDrive/Desktop/stm32f407/freertos/COMMON/thirdparty/rtos/stream_buffer.c" -mcpu=cortex-m4 -std=gnu11 -g3 -DDEBUG -DUSE_HAL_DRIVER -DSTM32F407xx -c -I../Core/Inc -I../Drivers/STM32F4xx_HAL_Driver/Inc -I../Drivers/STM32F4xx_HAL_Driver/Inc/Legacy -I../Drivers/CMSIS/Device/ST/STM32F4xx/Include -I../Drivers/CMSIS/Include -I"C:/Users/nisha/OneDrive/Desktop/stm32f407/freertos/COMMON/thirdparty/rtos/include" -I"C:/Users/nisha/OneDrive/Desktop/stm32f407/freertos/COMMON/thirdparty/rtos/portable/GCC/ARM_CM4F" -I"C:/Users/nisha/OneDrive/Desktop/stm32f407/freertos/COMMON/thirdparty/SEGGER/CONFIG" -I"C:/Users/nisha/OneDrive/Desktop/stm32f407/freertos/COMMON/thirdparty/SEGGER/OS" -I"C:/Users/nisha/OneDrive/Desktop/stm32f407/freertos/COMMON/thirdparty/SEGGER/SEGGER" -O0 -ffunction-sections -fdata-sections -Wall -fstack-usage -fcyclomatic-complexity -MMD -MP -MF"COMMON/thirdparty/rtos/stream_buffer.d" -MT"COMMON/thirdparty/rtos/stream_buffer.o" --specs=nano.specs -mfpu=fpv4-sp-d16 -mfloat-abi=hard -mthumb -o "COMMON/thirdparty/rtos/stream_buffer.o"
arm-none-eabi-gcc "C:/Users/nisha/OneDrive/Desktop/stm32f407/freertos/COMMON/thirdparty/rtos/tasks.c" -mcpu=cortex-m4 -std=gnu11 -g3 -DDEBUG -DUSE_HAL_DRIVER -DSTM32F407xx -c -I../Core/Inc -I../Drivers/STM32F4xx_HAL_Driver/Inc -I../Drivers/STM32F4xx_HAL_Driver/Inc/Legacy -I../Drivers/CMSIS/Device/ST/STM32F4xx/Include -I../Drivers/CMSIS/Include -I"C:/Users/nisha/OneDrive/Desktop/stm32f407/freertos/COMMON/thirdparty/rtos/include" -I"C:/Users/nisha/OneDrive/Desktop/stm32f407/freertos/COMMON/thirdparty/rtos/portable/GCC/ARM_CM4F" -I"C:/Users/nisha/OneDrive/Desktop/stm32f407/freertos/COMMON/thirdparty/SEGGER/CONFIG" -I"C:/Users/nisha/OneDrive/Desktop/stm32f407/freertos/COMMON/thirdparty/SEGGER/OS" -I"C:/Users/nisha/OneDrive/Desktop/stm32f407/freertos/COMMON/thirdparty/SEGGER/SEGGER" -O0 -ffunction-sections -fdata-sections -Wall -fstack-usage -fcyclomatic-complexity -MMD -MP -MF"COMMON/thirdparty/rtos/tasks.d" -MT"COMMON/thirdparty/rtos/tasks.o" --specs=nano.specs -mfpu=fpv4-sp-d16 -mfloat-abi=hard -mthumb -o "COMMON/thirdparty/rtos/tasks.o"
arm-none-eabi-gcc "C:/Users/nisha/OneDrive/Desktop/stm32f407/freertos/COMMON/thirdparty/rtos/timers.c" -mcpu=cortex-m4 -std=gnu11 -g3 -DDEBUG -DUSE_HAL_DRIVER -DSTM32F407xx -c -I../Core/Inc -I../Drivers/STM32F4xx_HAL_Driver/Inc -I../Drivers/STM32F4xx_HAL_Driver/Inc/Legacy -I../Drivers/CMSIS/Device/ST/STM32F4xx/Include -I../Drivers/CMSIS/Include -I"C:/Users/nisha/OneDrive/Desktop/stm32f407/freertos/COMMON/thirdparty/rtos/include" -I"C:/Users/nisha/OneDrive/Desktop/stm32f407/freertos/COMMON/thirdparty/rtos/portable/GCC/ARM_CM4F" -I"C:/Users/nisha/OneDrive/Desktop/stm32f407/freertos/COMMON/thirdparty/SEGGER/CONFIG" -I"C:/Users/nisha/OneDrive/Desktop/stm32f407/freertos/COMMON/thirdparty/SEGGER/OS" -I"C:/Users/nisha/OneDrive/Desktop/stm32f407/freertos/COMMON/thirdparty/SEGGER/SEGGER" -O0 -ffunction-sections -fdata-sections -Wall -fstack-usage -fcyclomatic-complexity -MMD -MP -MF"COMMON/thirdparty/rtos/timers.d" -MT"COMMON/thirdparty/rtos/timers.o" --specs=nano.specs -mfpu=fpv4-sp-d16 -mfloat-abi=hard -mthumb -o "COMMON/thirdparty/rtos/timers.o"
arm-none-eabi-gcc "C:/Users/nisha/OneDrive/Desktop/stm32f407/freertos/COMMON/thirdparty/SEGGER/OS/SEGGER_SYSVIEW_FreeRTOS.c" -mcpu=cortex-m4 -std=gnu11 -g3 -DDEBUG -DUSE_HAL_DRIVER -DSTM32F407xx -c -I../Core/Inc -I../Drivers/STM32F4xx_HAL_Driver/Inc -I../Drivers/STM32F4xx_HAL_Driver/Inc/Legacy -I../Drivers/CMSIS/Device/ST/STM32F4xx/Include -I../Drivers/CMSIS/Include -I"C:/Users/nisha/OneDrive/Desktop/stm32f407/freertos/COMMON/thirdparty/rtos/include" -I"C:/Users/nisha/OneDrive/Desktop/stm32f407/freertos/COMMON/thirdparty/rtos/portable/GCC/ARM_CM4F" -I"C:/Users/nisha/OneDrive/Desktop/stm32f407/freertos/COMMON/thirdparty/SEGGER/CONFIG" -I"C:/Users/nisha/OneDrive/Desktop/stm32f407/freertos/COMMON/thirdparty/SEGGER/OS" -I"C:/Users/nisha/OneDrive/Desktop/stm32f407/freertos/COMMON/thirdparty/SEGGER/SEGGER" -O0 -ffunction-sections -fdata-sections -Wall -fstack-usage -fcyclomatic-complexity -MMD -MP -MF"COMMON/thirdparty/SEGGER/OS/SEGGER_SYSVIEW_FreeRTOS.d" -MT"COMMON/thirdparty/SEGGER/OS/SEGGER_SYSVIEW_FreeRTOS.o" --specs=nano.specs -mfpu=fpv4-sp-d16 -mfloat-abi=hard -mthumb -o "COMMON/thirdparty/SEGGER/OS/SEGGER_SYSVIEW_FreeRTOS.o"
arm-none-eabi-gcc "C:/Users/nisha/OneDrive/Desktop/stm32f407/freertos/COMMON/thirdparty/SEGGER/CONFIG/SEGGER_SYSVIEW_Config_FreeRTOS.c" -mcpu=cortex-m4 -std=gnu11 -g3 -DDEBUG -DUSE_HAL_DRIVER -DSTM32F407xx -c -I../Core/Inc -I../Drivers/STM32F4xx_HAL_Driver/Inc -I../Drivers/STM32F4xx_HAL_Driver/Inc/Legacy -I../Drivers/CMSIS/Device/ST/STM32F4xx/Include -I../Drivers/CMSIS/Include -I"C:/Users/nisha/OneDrive/Desktop/stm32f407/freertos/COMMON/thirdparty/rtos/include" -I"C:/Users/nisha/OneDrive/Desktop/stm32f407/freertos/COMMON/thirdparty/rtos/portable/GCC/ARM_CM4F" -I"C:/Users/nisha/OneDrive/Desktop/stm32f407/freertos/COMMON/thirdparty/SEGGER/CONFIG" -I"C:/Users/nisha/OneDrive/Desktop/stm32f407/freertos/COMMON/thirdparty/SEGGER/OS" -I"C:/Users/nisha/OneDrive/Desktop/stm32f407/freertos/COMMON/thirdparty/SEGGER/SEGGER" -O0 -ffunction-sections -fdata-sections -Wall -fstack-usage -fcyclomatic-complexity -MMD -MP -MF"COMMON/thirdparty/SEGGER/CONFIG/SEGGER_SYSVIEW_Config_FreeRTOS.d" -MT"COMMON/thirdparty/SEGGER/CONFIG/SEGGER_SYSVIEW_Config_FreeRTOS.o" --specs=nano.specs -mfpu=fpv4-sp-d16 -mfloat-abi=hard -mthumb -o "COMMON/thirdparty/SEGGER/CONFIG/SEGGER_SYSVIEW_Config_FreeRTOS.o"
arm-none-eabi-gcc -o "006LED_BLINK_FROMISR.elf" @"objects.list"   -mcpu=cortex-m4 -T"C:\Users\nisha\OneDrive\Desktop\stm32f407\freertos\006LED_BLINK_FROMISR\STM32F407VGTX_FLASH.ld" --specs=nosys.specs -Wl,-Map="006LED_BLINK_FROMISR.map" -Wl,--gc-sections -static --specs=nano.specs -mfpu=fpv4-sp-d16 -mfloat-abi=hard -mthumb -Wl,--start-group -lc -lm -Wl,--end-group
Finished building target: 006LED_BLINK_FROMISR.elf
 
arm-none-eabi-size  006LED_BLINK_FROMISR.elf 
arm-none-eabi-objdump -h -S 006LED_BLINK_FROMISR.elf  > "006LED_BLINK_FROMISR.list"
   text	   data	    bss	    dec	    hex	filename
  30340	     16	  84632	 114988	  1c12c	006LED_BLINK_FROMISR.elf
Finished building: default.size.stdout
 
Finished building: 006LED_BLINK_FROMISR.list
 

15:09:50 Build Finished. 0 errors, 0 warnings. (took 6s.84ms)

