15:32:55 **** Build of configuration Debug for project 008_ ****
make -j16 all 
arm-none-eabi-gcc "../Drivers/STM32F4xx_HAL_Driver/Src/stm32f4xx_hal.c" -mcpu=cortex-m4 -std=gnu11 -g3 -DDEBUG -DUSE_HAL_DRIVER -DSTM32F407xx -c -I../Core/Inc -I../Drivers/STM32F4xx_HAL_Driver/Inc -I../Drivers/STM32F4xx_HAL_Driver/Inc/Legacy -I../Drivers/CMSIS/Device/ST/STM32F4xx/Include -I../Drivers/CMSIS/Include -I"C:/Users/nisha/OneDrive/Desktop/stm32f407/freertos/COMMON/thirdparty/rtos/include" -I"C:/Users/nisha/OneDrive/Desktop/stm32f407/freertos/COMMON/thirdparty/rtos/portable/GCC/ARM_CM4F" -I"C:/Users/nisha/OneDrive/Desktop/stm32f407/freertos/COMMON/thirdparty/SEGGER/CONFIG" -I"C:/Users/nisha/OneDrive/Desktop/stm32f407/freertos/COMMON/thirdparty/SEGGER/OS" -I"C:/Users/nisha/OneDrive/Desktop/stm32f407/freertos/COMMON/thirdparty/SEGGER/SEGGER" -O0 -ffunction-sections -fdata-sections -Wall -fstack-usage -fcyclomatic-complexity -MMD -MP -MF"Drivers/STM32F4xx_HAL_Driver/Src/stm32f4xx_hal.d" -MT"Drivers/STM32F4xx_HAL_Driver/Src/stm32f4xx_hal.o" --specs=nano.specs -mfpu=fpv4-sp-d16 -mfloat-abi=hard -mthumb -o "Drivers/STM32F4xx_HAL_Driver/Src/stm32f4xx_hal.o"
arm-none-eabi-gcc "../Drivers/STM32F4xx_HAL_Driver/Src/stm32f4xx_hal_cortex.c" -mcpu=cortex-m4 -std=gnu11 -g3 -DDEBUG -DUSE_HAL_DRIVER -DSTM32F407xx -c -I../Core/Inc -I../Drivers/STM32F4xx_HAL_Driver/Inc -I../Drivers/STM32F4xx_HAL_Driver/Inc/Legacy -I../Drivers/CMSIS/Device/ST/STM32F4xx/Include -I../Drivers/CMSIS/Include -I"C:/Users/nisha/OneDrive/Desktop/stm32f407/freertos/COMMON/thirdparty/rtos/include" -I"C:/Users/nisha/OneDrive/Desktop/stm32f407/freertos/COMMON/thirdparty/rtos/portable/GCC/ARM_CM4F" -I"C:/Users/nisha/OneDrive/Desktop/stm32f407/freertos/COMMON/thirdparty/SEGGER/CONFIG" -I"C:/Users/nisha/OneDrive/Desktop/stm32f407/freertos/COMMON/thirdparty/SEGGER/OS" -I"C:/Users/nisha/OneDrive/Desktop/stm32f407/freertos/COMMON/thirdparty/SEGGER/SEGGER" -O0 -ffunction-sections -fdata-sections -Wall -fstack-usage -fcyclomatic-complexity -MMD -MP -MF"Drivers/STM32F4xx_HAL_Driver/Src/stm32f4xx_hal_cortex.d" -MT"Drivers/STM32F4xx_HAL_Driver/Src/stm32f4xx_hal_cortex.o" --specs=nano.specs -mfpu=fpv4-sp-d16 -mfloat-abi=hard -mthumb -o "Drivers/STM32F4xx_HAL_Driver/Src/stm32f4xx_hal_cortex.o"
arm-none-eabi-gcc "../Drivers/STM32F4xx_HAL_Driver/Src/stm32f4xx_hal_dma.c" -mcpu=cortex-m4 -std=gnu11 -g3 -DDEBUG -DUSE_HAL_DRIVER -DSTM32F407xx -c -I../Core/Inc -I../Drivers/STM32F4xx_HAL_Driver/Inc -I../Drivers/STM32F4xx_HAL_Driver/Inc/Legacy -I../Drivers/CMSIS/Device/ST/STM32F4xx/Include -I../Drivers/CMSIS/Include -I"C:/Users/nisha/OneDrive/Desktop/stm32f407/freertos/COMMON/thirdparty/rtos/include" -I"C:/Users/nisha/OneDrive/Desktop/stm32f407/freertos/COMMON/thirdparty/rtos/portable/GCC/ARM_CM4F" -I"C:/Users/nisha/OneDrive/Desktop/stm32f407/freertos/COMMON/thirdparty/SEGGER/CONFIG" -I"C:/Users/nisha/OneDrive/Desktop/stm32f407/freertos/COMMON/thirdparty/SEGGER/OS" -I"C:/Users/nisha/OneDrive/Desktop/stm32f407/freertos/COMMON/thirdparty/SEGGER/SEGGER" -O0 -ffunction-sections -fdata-sections -Wall -fstack-usage -fcyclomatic-complexity -MMD -MP -MF"Drivers/STM32F4xx_HAL_Driver/Src/stm32f4xx_hal_dma.d" -MT"Drivers/STM32F4xx_HAL_Driver/Src/stm32f4xx_hal_dma.o" --specs=nano.specs -mfpu=fpv4-sp-d16 -mfloat-abi=hard -mthumb -o "Drivers/STM32F4xx_HAL_Driver/Src/stm32f4xx_hal_dma.o"
arm-none-eabi-gcc "../Drivers/STM32F4xx_HAL_Driver/Src/stm32f4xx_hal_dma_ex.c" -mcpu=cortex-m4 -std=gnu11 -g3 -DDEBUG -DUSE_HAL_DRIVER -DSTM32F407xx -c -I../Core/Inc -I../Drivers/STM32F4xx_HAL_Driver/Inc -I../Drivers/STM32F4xx_HAL_Driver/Inc/Legacy -I../Drivers/CMSIS/Device/ST/STM32F4xx/Include -I../Drivers/CMSIS/Include -I"C:/Users/nisha/OneDrive/Desktop/stm32f407/freertos/COMMON/thirdparty/rtos/include" -I"C:/Users/nisha/OneDrive/Desktop/stm32f407/freertos/COMMON/thirdparty/rtos/portable/GCC/ARM_CM4F" -I"C:/Users/nisha/OneDrive/Desktop/stm32f407/freertos/COMMON/thirdparty/SEGGER/CONFIG" -I"C:/Users/nisha/OneDrive/Desktop/stm32f407/freertos/COMMON/thirdparty/SEGGER/OS" -I"C:/Users/nisha/OneDrive/Desktop/stm32f407/freertos/COMMON/thirdparty/SEGGER/SEGGER" -O0 -ffunction-sections -fdata-sections -Wall -fstack-usage -fcyclomatic-complexity -MMD -MP -MF"Drivers/STM32F4xx_HAL_Driver/Src/stm32f4xx_hal_dma_ex.d" -MT"Drivers/STM32F4xx_HAL_Driver/Src/stm32f4xx_hal_dma_ex.o" --specs=nano.specs -mfpu=fpv4-sp-d16 -mfloat-abi=hard -mthumb -o "Drivers/STM32F4xx_HAL_Driver/Src/stm32f4xx_hal_dma_ex.o"
arm-none-eabi-gcc "../Drivers/STM32F4xx_HAL_Driver/Src/stm32f4xx_hal_exti.c" -mcpu=cortex-m4 -std=gnu11 -g3 -DDEBUG -DUSE_HAL_DRIVER -DSTM32F407xx -c -I../Core/Inc -I../Drivers/STM32F4xx_HAL_Driver/Inc -I../Drivers/STM32F4xx_HAL_Driver/Inc/Legacy -I../Drivers/CMSIS/Device/ST/STM32F4xx/Include -I../Drivers/CMSIS/Include -I"C:/Users/nisha/OneDrive/Desktop/stm32f407/freertos/COMMON/thirdparty/rtos/include" -I"C:/Users/nisha/OneDrive/Desktop/stm32f407/freertos/COMMON/thirdparty/rtos/portable/GCC/ARM_CM4F" -I"C:/Users/nisha/OneDrive/Desktop/stm32f407/freertos/COMMON/thirdparty/SEGGER/CONFIG" -I"C:/Users/nisha/OneDrive/Desktop/stm32f407/freertos/COMMON/thirdparty/SEGGER/OS" -I"C:/Users/nisha/OneDrive/Desktop/stm32f407/freertos/COMMON/thirdparty/SEGGER/SEGGER" -O0 -ffunction-sections -fdata-sections -Wall -fstack-usage -fcyclomatic-complexity -MMD -MP -MF"Drivers/STM32F4xx_HAL_Driver/Src/stm32f4xx_hal_exti.d" -MT"Drivers/STM32F4xx_HAL_Driver/Src/stm32f4xx_hal_exti.o" --specs=nano.specs -mfpu=fpv4-sp-d16 -mfloat-abi=hard -mthumb -o "Drivers/STM32F4xx_HAL_Driver/Src/stm32f4xx_hal_exti.o"
arm-none-eabi-gcc "../Drivers/STM32F4xx_HAL_Driver/Src/stm32f4xx_hal_flash.c" -mcpu=cortex-m4 -std=gnu11 -g3 -DDEBUG -DUSE_HAL_DRIVER -DSTM32F407xx -c -I../Core/Inc -I../Drivers/STM32F4xx_HAL_Driver/Inc -I../Drivers/STM32F4xx_HAL_Driver/Inc/Legacy -I../Drivers/CMSIS/Device/ST/STM32F4xx/Include -I../Drivers/CMSIS/Include -I"C:/Users/nisha/OneDrive/Desktop/stm32f407/freertos/COMMON/thirdparty/rtos/include" -I"C:/Users/nisha/OneDrive/Desktop/stm32f407/freertos/COMMON/thirdparty/rtos/portable/GCC/ARM_CM4F" -I"C:/Users/nisha/OneDrive/Desktop/stm32f407/freertos/COMMON/thirdparty/SEGGER/CONFIG" -I"C:/Users/nisha/OneDrive/Desktop/stm32f407/freertos/COMMON/thirdparty/SEGGER/OS" -I"C:/Users/nisha/OneDrive/Desktop/stm32f407/freertos/COMMON/thirdparty/SEGGER/SEGGER" -O0 -ffunction-sections -fdata-sections -Wall -fstack-usage -fcyclomatic-complexity -MMD -MP -MF"Drivers/STM32F4xx_HAL_Driver/Src/stm32f4xx_hal_flash.d" -MT"Drivers/STM32F4xx_HAL_Driver/Src/stm32f4xx_hal_flash.o" --specs=nano.specs -mfpu=fpv4-sp-d16 -mfloat-abi=hard -mthumb -o "Drivers/STM32F4xx_HAL_Driver/Src/stm32f4xx_hal_flash.o"
arm-none-eabi-gcc "../Drivers/STM32F4xx_HAL_Driver/Src/stm32f4xx_hal_flash_ex.c" -mcpu=cortex-m4 -std=gnu11 -g3 -DDEBUG -DUSE_HAL_DRIVER -DSTM32F407xx -c -I../Core/Inc -I../Drivers/STM32F4xx_HAL_Driver/Inc -I../Drivers/STM32F4xx_HAL_Driver/Inc/Legacy -I../Drivers/CMSIS/Device/ST/STM32F4xx/Include -I../Drivers/CMSIS/Include -I"C:/Users/nisha/OneDrive/Desktop/stm32f407/freertos/COMMON/thirdparty/rtos/include" -I"C:/Users/nisha/OneDrive/Desktop/stm32f407/freertos/COMMON/thirdparty/rtos/portable/GCC/ARM_CM4F" -I"C:/Users/nisha/OneDrive/Desktop/stm32f407/freertos/COMMON/thirdparty/SEGGER/CONFIG" -I"C:/Users/nisha/OneDrive/Desktop/stm32f407/freertos/COMMON/thirdparty/SEGGER/OS" -I"C:/Users/nisha/OneDrive/Desktop/stm32f407/freertos/COMMON/thirdparty/SEGGER/SEGGER" -O0 -ffunction-sections -fdata-sections -Wall -fstack-usage -fcyclomatic-complexity -MMD -MP -MF"Drivers/STM32F4xx_HAL_Driver/Src/stm32f4xx_hal_flash_ex.d" -MT"Drivers/STM32F4xx_HAL_Driver/Src/stm32f4xx_hal_flash_ex.o" --specs=nano.specs -mfpu=fpv4-sp-d16 -mfloat-abi=hard -mthumb -o "Drivers/STM32F4xx_HAL_Driver/Src/stm32f4xx_hal_flash_ex.o"
arm-none-eabi-gcc "../Drivers/STM32F4xx_HAL_Driver/Src/stm32f4xx_hal_flash_ramfunc.c" -mcpu=cortex-m4 -std=gnu11 -g3 -DDEBUG -DUSE_HAL_DRIVER -DSTM32F407xx -c -I../Core/Inc -I../Drivers/STM32F4xx_HAL_Driver/Inc -I../Drivers/STM32F4xx_HAL_Driver/Inc/Legacy -I../Drivers/CMSIS/Device/ST/STM32F4xx/Include -I../Drivers/CMSIS/Include -I"C:/Users/nisha/OneDrive/Desktop/stm32f407/freertos/COMMON/thirdparty/rtos/include" -I"C:/Users/nisha/OneDrive/Desktop/stm32f407/freertos/COMMON/thirdparty/rtos/portable/GCC/ARM_CM4F" -I"C:/Users/nisha/OneDrive/Desktop/stm32f407/freertos/COMMON/thirdparty/SEGGER/CONFIG" -I"C:/Users/nisha/OneDrive/Desktop/stm32f407/freertos/COMMON/thirdparty/SEGGER/OS" -I"C:/Users/nisha/OneDrive/Desktop/stm32f407/freertos/COMMON/thirdparty/SEGGER/SEGGER" -O0 -ffunction-sections -fdata-sections -Wall -fstack-usage -fcyclomatic-complexity -MMD -MP -MF"Drivers/STM32F4xx_HAL_Driver/Src/stm32f4xx_hal_flash_ramfunc.d" -MT"Drivers/STM32F4xx_HAL_Driver/Src/stm32f4xx_hal_flash_ramfunc.o" --specs=nano.specs -mfpu=fpv4-sp-d16 -mfloat-abi=hard -mthumb -o "Drivers/STM32F4xx_HAL_Driver/Src/stm32f4xx_hal_flash_ramfunc.o"
arm-none-eabi-gcc "../Drivers/STM32F4xx_HAL_Driver/Src/stm32f4xx_hal_gpio.c" -mcpu=cortex-m4 -std=gnu11 -g3 -DDEBUG -DUSE_HAL_DRIVER -DSTM32F407xx -c -I../Core/Inc -I../Drivers/STM32F4xx_HAL_Driver/Inc -I../Drivers/STM32F4xx_HAL_Driver/Inc/Legacy -I../Drivers/CMSIS/Device/ST/STM32F4xx/Include -I../Drivers/CMSIS/Include -I"C:/Users/nisha/OneDrive/Desktop/stm32f407/freertos/COMMON/thirdparty/rtos/include" -I"C:/Users/nisha/OneDrive/Desktop/stm32f407/freertos/COMMON/thirdparty/rtos/portable/GCC/ARM_CM4F" -I"C:/Users/nisha/OneDrive/Desktop/stm32f407/freertos/COMMON/thirdparty/SEGGER/CONFIG" -I"C:/Users/nisha/OneDrive/Desktop/stm32f407/freertos/COMMON/thirdparty/SEGGER/OS" -I"C:/Users/nisha/OneDrive/Desktop/stm32f407/freertos/COMMON/thirdparty/SEGGER/SEGGER" -O0 -ffunction-sections -fdata-sections -Wall -fstack-usage -fcyclomatic-complexity -MMD -MP -MF"Drivers/STM32F4xx_HAL_Driver/Src/stm32f4xx_hal_gpio.d" -MT"Drivers/STM32F4xx_HAL_Driver/Src/stm32f4xx_hal_gpio.o" --specs=nano.specs -mfpu=fpv4-sp-d16 -mfloat-abi=hard -mthumb -o "Drivers/STM32F4xx_HAL_Driver/Src/stm32f4xx_hal_gpio.o"
arm-none-eabi-gcc "../Drivers/STM32F4xx_HAL_Driver/Src/stm32f4xx_hal_pwr.c" -mcpu=cortex-m4 -std=gnu11 -g3 -DDEBUG -DUSE_HAL_DRIVER -DSTM32F407xx -c -I../Core/Inc -I../Drivers/STM32F4xx_HAL_Driver/Inc -I../Drivers/STM32F4xx_HAL_Driver/Inc/Legacy -I../Drivers/CMSIS/Device/ST/STM32F4xx/Include -I../Drivers/CMSIS/Include -I"C:/Users/nisha/OneDrive/Desktop/stm32f407/freertos/COMMON/thirdparty/rtos/include" -I"C:/Users/nisha/OneDrive/Desktop/stm32f407/freertos/COMMON/thirdparty/rtos/portable/GCC/ARM_CM4F" -I"C:/Users/nisha/OneDrive/Desktop/stm32f407/freertos/COMMON/thirdparty/SEGGER/CONFIG" -I"C:/Users/nisha/OneDrive/Desktop/stm32f407/freertos/COMMON/thirdparty/SEGGER/OS" -I"C:/Users/nisha/OneDrive/Desktop/stm32f407/freertos/COMMON/thirdparty/SEGGER/SEGGER" -O0 -ffunction-sections -fdata-sections -Wall -fstack-usage -fcyclomatic-complexity -MMD -MP -MF"Drivers/STM32F4xx_HAL_Driver/Src/stm32f4xx_hal_pwr.d" -MT"Drivers/STM32F4xx_HAL_Driver/Src/stm32f4xx_hal_pwr.o" --specs=nano.specs -mfpu=fpv4-sp-d16 -mfloat-abi=hard -mthumb -o "Drivers/STM32F4xx_HAL_Driver/Src/stm32f4xx_hal_pwr.o"
arm-none-eabi-gcc "../Drivers/STM32F4xx_HAL_Driver/Src/stm32f4xx_hal_pwr_ex.c" -mcpu=cortex-m4 -std=gnu11 -g3 -DDEBUG -DUSE_HAL_DRIVER -DSTM32F407xx -c -I../Core/Inc -I../Drivers/STM32F4xx_HAL_Driver/Inc -I../Drivers/STM32F4xx_HAL_Driver/Inc/Legacy -I../Drivers/CMSIS/Device/ST/STM32F4xx/Include -I../Drivers/CMSIS/Include -I"C:/Users/nisha/OneDrive/Desktop/stm32f407/freertos/COMMON/thirdparty/rtos/include" -I"C:/Users/nisha/OneDrive/Desktop/stm32f407/freertos/COMMON/thirdparty/rtos/portable/GCC/ARM_CM4F" -I"C:/Users/nisha/OneDrive/Desktop/stm32f407/freertos/COMMON/thirdparty/SEGGER/CONFIG" -I"C:/Users/nisha/OneDrive/Desktop/stm32f407/freertos/COMMON/thirdparty/SEGGER/OS" -I"C:/Users/nisha/OneDrive/Desktop/stm32f407/freertos/COMMON/thirdparty/SEGGER/SEGGER" -O0 -ffunction-sections -fdata-sections -Wall -fstack-usage -fcyclomatic-complexity -MMD -MP -MF"Drivers/STM32F4xx_HAL_Driver/Src/stm32f4xx_hal_pwr_ex.d" -MT"Drivers/STM32F4xx_HAL_Driver/Src/stm32f4xx_hal_pwr_ex.o" --specs=nano.specs -mfpu=fpv4-sp-d16 -mfloat-abi=hard -mthumb -o "Drivers/STM32F4xx_HAL_Driver/Src/stm32f4xx_hal_pwr_ex.o"
arm-none-eabi-gcc "../Drivers/STM32F4xx_HAL_Driver/Src/stm32f4xx_hal_rcc.c" -mcpu=cortex-m4 -std=gnu11 -g3 -DDEBUG -DUSE_HAL_DRIVER -DSTM32F407xx -c -I../Core/Inc -I../Drivers/STM32F4xx_HAL_Driver/Inc -I../Drivers/STM32F4xx_HAL_Driver/Inc/Legacy -I../Drivers/CMSIS/Device/ST/STM32F4xx/Include -I../Drivers/CMSIS/Include -I"C:/Users/nisha/OneDrive/Desktop/stm32f407/freertos/COMMON/thirdparty/rtos/include" -I"C:/Users/nisha/OneDrive/Desktop/stm32f407/freertos/COMMON/thirdparty/rtos/portable/GCC/ARM_CM4F" -I"C:/Users/nisha/OneDrive/Desktop/stm32f407/freertos/COMMON/thirdparty/SEGGER/CONFIG" -I"C:/Users/nisha/OneDrive/Desktop/stm32f407/freertos/COMMON/thirdparty/SEGGER/OS" -I"C:/Users/nisha/OneDrive/Desktop/stm32f407/freertos/COMMON/thirdparty/SEGGER/SEGGER" -O0 -ffunction-sections -fdata-sections -Wall -fstack-usage -fcyclomatic-complexity -MMD -MP -MF"Drivers/STM32F4xx_HAL_Driver/Src/stm32f4xx_hal_rcc.d" -MT"Drivers/STM32F4xx_HAL_Driver/Src/stm32f4xx_hal_rcc.o" --specs=nano.specs -mfpu=fpv4-sp-d16 -mfloat-abi=hard -mthumb -o "Drivers/STM32F4xx_HAL_Driver/Src/stm32f4xx_hal_rcc.o"
arm-none-eabi-gcc "../Drivers/STM32F4xx_HAL_Driver/Src/stm32f4xx_hal_rcc_ex.c" -mcpu=cortex-m4 -std=gnu11 -g3 -DDEBUG -DUSE_HAL_DRIVER -DSTM32F407xx -c -I../Core/Inc -I../Drivers/STM32F4xx_HAL_Driver/Inc -I../Drivers/STM32F4xx_HAL_Driver/Inc/Legacy -I../Drivers/CMSIS/Device/ST/STM32F4xx/Include -I../Drivers/CMSIS/Include -I"C:/Users/nisha/OneDrive/Desktop/stm32f407/freertos/COMMON/thirdparty/rtos/include" -I"C:/Users/nisha/OneDrive/Desktop/stm32f407/freertos/COMMON/thirdparty/rtos/portable/GCC/ARM_CM4F" -I"C:/Users/nisha/OneDrive/Desktop/stm32f407/freertos/COMMON/thirdparty/SEGGER/CONFIG" -I"C:/Users/nisha/OneDrive/Desktop/stm32f407/freertos/COMMON/thirdparty/SEGGER/OS" -I"C:/Users/nisha/OneDrive/Desktop/stm32f407/freertos/COMMON/thirdparty/SEGGER/SEGGER" -O0 -ffunction-sections -fdata-sections -Wall -fstack-usage -fcyclomatic-complexity -MMD -MP -MF"Drivers/STM32F4xx_HAL_Driver/Src/stm32f4xx_hal_rcc_ex.d" -MT"Drivers/STM32F4xx_HAL_Driver/Src/stm32f4xx_hal_rcc_ex.o" --specs=nano.specs -mfpu=fpv4-sp-d16 -mfloat-abi=hard -mthumb -o "Drivers/STM32F4xx_HAL_Driver/Src/stm32f4xx_hal_rcc_ex.o"
arm-none-eabi-gcc "../Drivers/STM32F4xx_HAL_Driver/Src/stm32f4xx_hal_rtc.c" -mcpu=cortex-m4 -std=gnu11 -g3 -DDEBUG -DUSE_HAL_DRIVER -DSTM32F407xx -c -I../Core/Inc -I../Drivers/STM32F4xx_HAL_Driver/Inc -I../Drivers/STM32F4xx_HAL_Driver/Inc/Legacy -I../Drivers/CMSIS/Device/ST/STM32F4xx/Include -I../Drivers/CMSIS/Include -I"C:/Users/nisha/OneDrive/Desktop/stm32f407/freertos/COMMON/thirdparty/rtos/include" -I"C:/Users/nisha/OneDrive/Desktop/stm32f407/freertos/COMMON/thirdparty/rtos/portable/GCC/ARM_CM4F" -I"C:/Users/nisha/OneDrive/Desktop/stm32f407/freertos/COMMON/thirdparty/SEGGER/CONFIG" -I"C:/Users/nisha/OneDrive/Desktop/stm32f407/freertos/COMMON/thirdparty/SEGGER/OS" -I"C:/Users/nisha/OneDrive/Desktop/stm32f407/freertos/COMMON/thirdparty/SEGGER/SEGGER" -O0 -ffunction-sections -fdata-sections -Wall -fstack-usage -fcyclomatic-complexity -MMD -MP -MF"Drivers/STM32F4xx_HAL_Driver/Src/stm32f4xx_hal_rtc.d" -MT"Drivers/STM32F4xx_HAL_Driver/Src/stm32f4xx_hal_rtc.o" --specs=nano.specs -mfpu=fpv4-sp-d16 -mfloat-abi=hard -mthumb -o "Drivers/STM32F4xx_HAL_Driver/Src/stm32f4xx_hal_rtc.o"
arm-none-eabi-gcc "../Drivers/STM32F4xx_HAL_Driver/Src/stm32f4xx_hal_rtc_ex.c" -mcpu=cortex-m4 -std=gnu11 -g3 -DDEBUG -DUSE_HAL_DRIVER -DSTM32F407xx -c -I../Core/Inc -I../Drivers/STM32F4xx_HAL_Driver/Inc -I../Drivers/STM32F4xx_HAL_Driver/Inc/Legacy -I../Drivers/CMSIS/Device/ST/STM32F4xx/Include -I../Drivers/CMSIS/Include -I"C:/Users/nisha/OneDrive/Desktop/stm32f407/freertos/COMMON/thirdparty/rtos/include" -I"C:/Users/nisha/OneDrive/Desktop/stm32f407/freertos/COMMON/thirdparty/rtos/portable/GCC/ARM_CM4F" -I"C:/Users/nisha/OneDrive/Desktop/stm32f407/freertos/COMMON/thirdparty/SEGGER/CONFIG" -I"C:/Users/nisha/OneDrive/Desktop/stm32f407/freertos/COMMON/thirdparty/SEGGER/OS" -I"C:/Users/nisha/OneDrive/Desktop/stm32f407/freertos/COMMON/thirdparty/SEGGER/SEGGER" -O0 -ffunction-sections -fdata-sections -Wall -fstack-usage -fcyclomatic-complexity -MMD -MP -MF"Drivers/STM32F4xx_HAL_Driver/Src/stm32f4xx_hal_rtc_ex.d" -MT"Drivers/STM32F4xx_HAL_Driver/Src/stm32f4xx_hal_rtc_ex.o" --specs=nano.specs -mfpu=fpv4-sp-d16 -mfloat-abi=hard -mthumb -o "Drivers/STM32F4xx_HAL_Driver/Src/stm32f4xx_hal_rtc_ex.o"
arm-none-eabi-gcc "../Drivers/STM32F4xx_HAL_Driver/Src/stm32f4xx_hal_tim.c" -mcpu=cortex-m4 -std=gnu11 -g3 -DDEBUG -DUSE_HAL_DRIVER -DSTM32F407xx -c -I../Core/Inc -I../Drivers/STM32F4xx_HAL_Driver/Inc -I../Drivers/STM32F4xx_HAL_Driver/Inc/Legacy -I../Drivers/CMSIS/Device/ST/STM32F4xx/Include -I../Drivers/CMSIS/Include -I"C:/Users/nisha/OneDrive/Desktop/stm32f407/freertos/COMMON/thirdparty/rtos/include" -I"C:/Users/nisha/OneDrive/Desktop/stm32f407/freertos/COMMON/thirdparty/rtos/portable/GCC/ARM_CM4F" -I"C:/Users/nisha/OneDrive/Desktop/stm32f407/freertos/COMMON/thirdparty/SEGGER/CONFIG" -I"C:/Users/nisha/OneDrive/Desktop/stm32f407/freertos/COMMON/thirdparty/SEGGER/OS" -I"C:/Users/nisha/OneDrive/Desktop/stm32f407/freertos/COMMON/thirdparty/SEGGER/SEGGER" -O0 -ffunction-sections -fdata-sections -Wall -fstack-usage -fcyclomatic-complexity -MMD -MP -MF"Drivers/STM32F4xx_HAL_Driver/Src/stm32f4xx_hal_tim.d" -MT"Drivers/STM32F4xx_HAL_Driver/Src/stm32f4xx_hal_tim.o" --specs=nano.specs -mfpu=fpv4-sp-d16 -mfloat-abi=hard -mthumb -o "Drivers/STM32F4xx_HAL_Driver/Src/stm32f4xx_hal_tim.o"
arm-none-eabi-gcc "../Drivers/STM32F4xx_HAL_Driver/Src/stm32f4xx_hal_tim_ex.c" -mcpu=cortex-m4 -std=gnu11 -g3 -DDEBUG -DUSE_HAL_DRIVER -DSTM32F407xx -c -I../Core/Inc -I../Drivers/STM32F4xx_HAL_Driver/Inc -I../Drivers/STM32F4xx_HAL_Driver/Inc/Legacy -I../Drivers/CMSIS/Device/ST/STM32F4xx/Include -I../Drivers/CMSIS/Include -I"C:/Users/nisha/OneDrive/Desktop/stm32f407/freertos/COMMON/thirdparty/rtos/include" -I"C:/Users/nisha/OneDrive/Desktop/stm32f407/freertos/COMMON/thirdparty/rtos/portable/GCC/ARM_CM4F" -I"C:/Users/nisha/OneDrive/Desktop/stm32f407/freertos/COMMON/thirdparty/SEGGER/CONFIG" -I"C:/Users/nisha/OneDrive/Desktop/stm32f407/freertos/COMMON/thirdparty/SEGGER/OS" -I"C:/Users/nisha/OneDrive/Desktop/stm32f407/freertos/COMMON/thirdparty/SEGGER/SEGGER" -O0 -ffunction-sections -fdata-sections -Wall -fstack-usage -fcyclomatic-complexity -MMD -MP -MF"Drivers/STM32F4xx_HAL_Driver/Src/stm32f4xx_hal_tim_ex.d" -MT"Drivers/STM32F4xx_HAL_Driver/Src/stm32f4xx_hal_tim_ex.o" --specs=nano.specs -mfpu=fpv4-sp-d16 -mfloat-abi=hard -mthumb -o "Drivers/STM32F4xx_HAL_Driver/Src/stm32f4xx_hal_tim_ex.o"
arm-none-eabi-gcc "../Drivers/STM32F4xx_HAL_Driver/Src/stm32f4xx_hal_uart.c" -mcpu=cortex-m4 -std=gnu11 -g3 -DDEBUG -DUSE_HAL_DRIVER -DSTM32F407xx -c -I../Core/Inc -I../Drivers/STM32F4xx_HAL_Driver/Inc -I../Drivers/STM32F4xx_HAL_Driver/Inc/Legacy -I../Drivers/CMSIS/Device/ST/STM32F4xx/Include -I../Drivers/CMSIS/Include -I"C:/Users/nisha/OneDrive/Desktop/stm32f407/freertos/COMMON/thirdparty/rtos/include" -I"C:/Users/nisha/OneDrive/Desktop/stm32f407/freertos/COMMON/thirdparty/rtos/portable/GCC/ARM_CM4F" -I"C:/Users/nisha/OneDrive/Desktop/stm32f407/freertos/COMMON/thirdparty/SEGGER/CONFIG" -I"C:/Users/nisha/OneDrive/Desktop/stm32f407/freertos/COMMON/thirdparty/SEGGER/OS" -I"C:/Users/nisha/OneDrive/Desktop/stm32f407/freertos/COMMON/thirdparty/SEGGER/SEGGER" -O0 -ffunction-sections -fdata-sections -Wall -fstack-usage -fcyclomatic-complexity -MMD -MP -MF"Drivers/STM32F4xx_HAL_Driver/Src/stm32f4xx_hal_uart.d" -MT"Drivers/STM32F4xx_HAL_Driver/Src/stm32f4xx_hal_uart.o" --specs=nano.specs -mfpu=fpv4-sp-d16 -mfloat-abi=hard -mthumb -o "Drivers/STM32F4xx_HAL_Driver/Src/stm32f4xx_hal_uart.o"
arm-none-eabi-gcc -mcpu=cortex-m4 -g3 -DDEBUG -c -I"C:/Users/nisha/OneDrive/Desktop/stm32f407/freertos/COMMON/thirdparty/SEGGER/CONFIG" -I"C:/Users/nisha/OneDrive/Desktop/stm32f407/freertos/COMMON/thirdparty/SEGGER/SEGGER" -x assembler-with-cpp -MMD -MP -MF"Core/Startup/startup_stm32f407vgtx.d" -MT"Core/Startup/startup_stm32f407vgtx.o" --specs=nano.specs -mfpu=fpv4-sp-d16 -mfloat-abi=hard -mthumb -o "Core/Startup/startup_stm32f407vgtx.o" "../Core/Startup/startup_stm32f407vgtx.s"
arm-none-eabi-gcc "../Core/Src/Led_Effect.c" -mcpu=cortex-m4 -std=gnu11 -g3 -DDEBUG -DUSE_HAL_DRIVER -DSTM32F407xx -c -I../Core/Inc -I../Drivers/STM32F4xx_HAL_Driver/Inc -I../Drivers/STM32F4xx_HAL_Driver/Inc/Legacy -I../Drivers/CMSIS/Device/ST/STM32F4xx/Include -I../Drivers/CMSIS/Include -I"C:/Users/nisha/OneDrive/Desktop/stm32f407/freertos/COMMON/thirdparty/rtos/include" -I"C:/Users/nisha/OneDrive/Desktop/stm32f407/freertos/COMMON/thirdparty/rtos/portable/GCC/ARM_CM4F" -I"C:/Users/nisha/OneDrive/Desktop/stm32f407/freertos/COMMON/thirdparty/SEGGER/CONFIG" -I"C:/Users/nisha/OneDrive/Desktop/stm32f407/freertos/COMMON/thirdparty/SEGGER/OS" -I"C:/Users/nisha/OneDrive/Desktop/stm32f407/freertos/COMMON/thirdparty/SEGGER/SEGGER" -O0 -ffunction-sections -fdata-sections -Wall -fstack-usage -fcyclomatic-complexity -MMD -MP -MF"Core/Src/Led_Effect.d" -MT"Core/Src/Led_Effect.o" --specs=nano.specs -mfpu=fpv4-sp-d16 -mfloat-abi=hard -mthumb -o "Core/Src/Led_Effect.o"
arm-none-eabi-gcc "../Core/Src/Rtc.c" -mcpu=cortex-m4 -std=gnu11 -g3 -DDEBUG -DUSE_HAL_DRIVER -DSTM32F407xx -c -I../Core/Inc -I../Drivers/STM32F4xx_HAL_Driver/Inc -I../Drivers/STM32F4xx_HAL_Driver/Inc/Legacy -I../Drivers/CMSIS/Device/ST/STM32F4xx/Include -I../Drivers/CMSIS/Include -I"C:/Users/nisha/OneDrive/Desktop/stm32f407/freertos/COMMON/thirdparty/rtos/include" -I"C:/Users/nisha/OneDrive/Desktop/stm32f407/freertos/COMMON/thirdparty/rtos/portable/GCC/ARM_CM4F" -I"C:/Users/nisha/OneDrive/Desktop/stm32f407/freertos/COMMON/thirdparty/SEGGER/CONFIG" -I"C:/Users/nisha/OneDrive/Desktop/stm32f407/freertos/COMMON/thirdparty/SEGGER/OS" -I"C:/Users/nisha/OneDrive/Desktop/stm32f407/freertos/COMMON/thirdparty/SEGGER/SEGGER" -O0 -ffunction-sections -fdata-sections -Wall -fstack-usage -fcyclomatic-complexity -MMD -MP -MF"Core/Src/Rtc.d" -MT"Core/Src/Rtc.o" --specs=nano.specs -mfpu=fpv4-sp-d16 -mfloat-abi=hard -mthumb -o "Core/Src/Rtc.o"
arm-none-eabi-gcc "../Core/Src/Task_handler.c" -mcpu=cortex-m4 -std=gnu11 -g3 -DDEBUG -DUSE_HAL_DRIVER -DSTM32F407xx -c -I../Core/Inc -I../Drivers/STM32F4xx_HAL_Driver/Inc -I../Drivers/STM32F4xx_HAL_Driver/Inc/Legacy -I../Drivers/CMSIS/Device/ST/STM32F4xx/Include -I../Drivers/CMSIS/Include -I"C:/Users/nisha/OneDrive/Desktop/stm32f407/freertos/COMMON/thirdparty/rtos/include" -I"C:/Users/nisha/OneDrive/Desktop/stm32f407/freertos/COMMON/thirdparty/rtos/portable/GCC/ARM_CM4F" -I"C:/Users/nisha/OneDrive/Desktop/stm32f407/freertos/COMMON/thirdparty/SEGGER/CONFIG" -I"C:/Users/nisha/OneDrive/Desktop/stm32f407/freertos/COMMON/thirdparty/SEGGER/OS" -I"C:/Users/nisha/OneDrive/Desktop/stm32f407/freertos/COMMON/thirdparty/SEGGER/SEGGER" -O0 -ffunction-sections -fdata-sections -Wall -fstack-usage -fcyclomatic-complexity -MMD -MP -MF"Core/Src/Task_handler.d" -MT"Core/Src/Task_handler.o" --specs=nano.specs -mfpu=fpv4-sp-d16 -mfloat-abi=hard -mthumb -o "Core/Src/Task_handler.o"
arm-none-eabi-gcc "../Core/Src/main.c" -mcpu=cortex-m4 -std=gnu11 -g3 -DDEBUG -DUSE_HAL_DRIVER -DSTM32F407xx -c -I../Core/Inc -I../Drivers/STM32F4xx_HAL_Driver/Inc -I../Drivers/STM32F4xx_HAL_Driver/Inc/Legacy -I../Drivers/CMSIS/Device/ST/STM32F4xx/Include -I../Drivers/CMSIS/Include -I"C:/Users/nisha/OneDrive/Desktop/stm32f407/freertos/COMMON/thirdparty/rtos/include" -I"C:/Users/nisha/OneDrive/Desktop/stm32f407/freertos/COMMON/thirdparty/rtos/portable/GCC/ARM_CM4F" -I"C:/Users/nisha/OneDrive/Desktop/stm32f407/freertos/COMMON/thirdparty/SEGGER/CONFIG" -I"C:/Users/nisha/OneDrive/Desktop/stm32f407/freertos/COMMON/thirdparty/SEGGER/OS" -I"C:/Users/nisha/OneDrive/Desktop/stm32f407/freertos/COMMON/thirdparty/SEGGER/SEGGER" -O0 -ffunction-sections -fdata-sections -Wall -fstack-usage -fcyclomatic-complexity -MMD -MP -MF"Core/Src/main.d" -MT"Core/Src/main.o" --specs=nano.specs -mfpu=fpv4-sp-d16 -mfloat-abi=hard -mthumb -o "Core/Src/main.o"
arm-none-eabi-gcc "../Core/Src/stm32f4xx_hal_msp.c" -mcpu=cortex-m4 -std=gnu11 -g3 -DDEBUG -DUSE_HAL_DRIVER -DSTM32F407xx -c -I../Core/Inc -I../Drivers/STM32F4xx_HAL_Driver/Inc -I../Drivers/STM32F4xx_HAL_Driver/Inc/Legacy -I../Drivers/CMSIS/Device/ST/STM32F4xx/Include -I../Drivers/CMSIS/Include -I"C:/Users/nisha/OneDrive/Desktop/stm32f407/freertos/COMMON/thirdparty/rtos/include" -I"C:/Users/nisha/OneDrive/Desktop/stm32f407/freertos/COMMON/thirdparty/rtos/portable/GCC/ARM_CM4F" -I"C:/Users/nisha/OneDrive/Desktop/stm32f407/freertos/COMMON/thirdparty/SEGGER/CONFIG" -I"C:/Users/nisha/OneDrive/Desktop/stm32f407/freertos/COMMON/thirdparty/SEGGER/OS" -I"C:/Users/nisha/OneDrive/Desktop/stm32f407/freertos/COMMON/thirdparty/SEGGER/SEGGER" -O0 -ffunction-sections -fdata-sections -Wall -fstack-usage -fcyclomatic-complexity -MMD -MP -MF"Core/Src/stm32f4xx_hal_msp.d" -MT"Core/Src/stm32f4xx_hal_msp.o" --specs=nano.specs -mfpu=fpv4-sp-d16 -mfloat-abi=hard -mthumb -o "Core/Src/stm32f4xx_hal_msp.o"
arm-none-eabi-gcc "../Core/Src/stm32f4xx_hal_timebase_tim.c" -mcpu=cortex-m4 -std=gnu11 -g3 -DDEBUG -DUSE_HAL_DRIVER -DSTM32F407xx -c -I../Core/Inc -I../Drivers/STM32F4xx_HAL_Driver/Inc -I../Drivers/STM32F4xx_HAL_Driver/Inc/Legacy -I../Drivers/CMSIS/Device/ST/STM32F4xx/Include -I../Drivers/CMSIS/Include -I"C:/Users/nisha/OneDrive/Desktop/stm32f407/freertos/COMMON/thirdparty/rtos/include" -I"C:/Users/nisha/OneDrive/Desktop/stm32f407/freertos/COMMON/thirdparty/rtos/portable/GCC/ARM_CM4F" -I"C:/Users/nisha/OneDrive/Desktop/stm32f407/freertos/COMMON/thirdparty/SEGGER/CONFIG" -I"C:/Users/nisha/OneDrive/Desktop/stm32f407/freertos/COMMON/thirdparty/SEGGER/OS" -I"C:/Users/nisha/OneDrive/Desktop/stm32f407/freertos/COMMON/thirdparty/SEGGER/SEGGER" -O0 -ffunction-sections -fdata-sections -Wall -fstack-usage -fcyclomatic-complexity -MMD -MP -MF"Core/Src/stm32f4xx_hal_timebase_tim.d" -MT"Core/Src/stm32f4xx_hal_timebase_tim.o" --specs=nano.specs -mfpu=fpv4-sp-d16 -mfloat-abi=hard -mthumb -o "Core/Src/stm32f4xx_hal_timebase_tim.o"
arm-none-eabi-gcc "../Core/Src/stm32f4xx_it.c" -mcpu=cortex-m4 -std=gnu11 -g3 -DDEBUG -DUSE_HAL_DRIVER -DSTM32F407xx -c -I../Core/Inc -I../Drivers/STM32F4xx_HAL_Driver/Inc -I../Drivers/STM32F4xx_HAL_Driver/Inc/Legacy -I../Drivers/CMSIS/Device/ST/STM32F4xx/Include -I../Drivers/CMSIS/Include -I"C:/Users/nisha/OneDrive/Desktop/stm32f407/freertos/COMMON/thirdparty/rtos/include" -I"C:/Users/nisha/OneDrive/Desktop/stm32f407/freertos/COMMON/thirdparty/rtos/portable/GCC/ARM_CM4F" -I"C:/Users/nisha/OneDrive/Desktop/stm32f407/freertos/COMMON/thirdparty/SEGGER/CONFIG" -I"C:/Users/nisha/OneDrive/Desktop/stm32f407/freertos/COMMON/thirdparty/SEGGER/OS" -I"C:/Users/nisha/OneDrive/Desktop/stm32f407/freertos/COMMON/thirdparty/SEGGER/SEGGER" -O0 -ffunction-sections -fdata-sections -Wall -fstack-usage -fcyclomatic-complexity -MMD -MP -MF"Core/Src/stm32f4xx_it.d" -MT"Core/Src/stm32f4xx_it.o" --specs=nano.specs -mfpu=fpv4-sp-d16 -mfloat-abi=hard -mthumb -o "Core/Src/stm32f4xx_it.o"
arm-none-eabi-gcc "../Core/Src/syscalls.c" -mcpu=cortex-m4 -std=gnu11 -g3 -DDEBUG -DUSE_HAL_DRIVER -DSTM32F407xx -c -I../Core/Inc -I../Drivers/STM32F4xx_HAL_Driver/Inc -I../Drivers/STM32F4xx_HAL_Driver/Inc/Legacy -I../Drivers/CMSIS/Device/ST/STM32F4xx/Include -I../Drivers/CMSIS/Include -I"C:/Users/nisha/OneDrive/Desktop/stm32f407/freertos/COMMON/thirdparty/rtos/include" -I"C:/Users/nisha/OneDrive/Desktop/stm32f407/freertos/COMMON/thirdparty/rtos/portable/GCC/ARM_CM4F" -I"C:/Users/nisha/OneDrive/Desktop/stm32f407/freertos/COMMON/thirdparty/SEGGER/CONFIG" -I"C:/Users/nisha/OneDrive/Desktop/stm32f407/freertos/COMMON/thirdparty/SEGGER/OS" -I"C:/Users/nisha/OneDrive/Desktop/stm32f407/freertos/COMMON/thirdparty/SEGGER/SEGGER" -O0 -ffunction-sections -fdata-sections -Wall -fstack-usage -fcyclomatic-complexity -MMD -MP -MF"Core/Src/syscalls.d" -MT"Core/Src/syscalls.o" --specs=nano.specs -mfpu=fpv4-sp-d16 -mfloat-abi=hard -mthumb -o "Core/Src/syscalls.o"
arm-none-eabi-gcc "../Core/Src/sysmem.c" -mcpu=cortex-m4 -std=gnu11 -g3 -DDEBUG -DUSE_HAL_DRIVER -DSTM32F407xx -c -I../Core/Inc -I../Drivers/STM32F4xx_HAL_Driver/Inc -I../Drivers/STM32F4xx_HAL_Driver/Inc/Legacy -I../Drivers/CMSIS/Device/ST/STM32F4xx/Include -I../Drivers/CMSIS/Include -I"C:/Users/nisha/OneDrive/Desktop/stm32f407/freertos/COMMON/thirdparty/rtos/include" -I"C:/Users/nisha/OneDrive/Desktop/stm32f407/freertos/COMMON/thirdparty/rtos/portable/GCC/ARM_CM4F" -I"C:/Users/nisha/OneDrive/Desktop/stm32f407/freertos/COMMON/thirdparty/SEGGER/CONFIG" -I"C:/Users/nisha/OneDrive/Desktop/stm32f407/freertos/COMMON/thirdparty/SEGGER/OS" -I"C:/Users/nisha/OneDrive/Desktop/stm32f407/freertos/COMMON/thirdparty/SEGGER/SEGGER" -O0 -ffunction-sections -fdata-sections -Wall -fstack-usage -fcyclomatic-complexity -MMD -MP -MF"Core/Src/sysmem.d" -MT"Core/Src/sysmem.o" --specs=nano.specs -mfpu=fpv4-sp-d16 -mfloat-abi=hard -mthumb -o "Core/Src/sysmem.o"
arm-none-eabi-gcc "../Core/Src/system_stm32f4xx.c" -mcpu=cortex-m4 -std=gnu11 -g3 -DDEBUG -DUSE_HAL_DRIVER -DSTM32F407xx -c -I../Core/Inc -I../Drivers/STM32F4xx_HAL_Driver/Inc -I../Drivers/STM32F4xx_HAL_Driver/Inc/Legacy -I../Drivers/CMSIS/Device/ST/STM32F4xx/Include -I../Drivers/CMSIS/Include -I"C:/Users/nisha/OneDrive/Desktop/stm32f407/freertos/COMMON/thirdparty/rtos/include" -I"C:/Users/nisha/OneDrive/Desktop/stm32f407/freertos/COMMON/thirdparty/rtos/portable/GCC/ARM_CM4F" -I"C:/Users/nisha/OneDrive/Desktop/stm32f407/freertos/COMMON/thirdparty/SEGGER/CONFIG" -I"C:/Users/nisha/OneDrive/Desktop/stm32f407/freertos/COMMON/thirdparty/SEGGER/OS" -I"C:/Users/nisha/OneDrive/Desktop/stm32f407/freertos/COMMON/thirdparty/SEGGER/SEGGER" -O0 -ffunction-sections -fdata-sections -Wall -fstack-usage -fcyclomatic-complexity -MMD -MP -MF"Core/Src/system_stm32f4xx.d" -MT"Core/Src/system_stm32f4xx.o" --specs=nano.specs -mfpu=fpv4-sp-d16 -mfloat-abi=hard -mthumb -o "Core/Src/system_stm32f4xx.o"
arm-none-eabi-gcc "C:/Users/nisha/OneDrive/Desktop/stm32f407/freertos/COMMON/thirdparty/rtos/portable/MemMang/heap_4.c" -mcpu=cortex-m4 -std=gnu11 -g3 -DDEBUG -DUSE_HAL_DRIVER -DSTM32F407xx -c -I../Core/Inc -I../Drivers/STM32F4xx_HAL_Driver/Inc -I../Drivers/STM32F4xx_HAL_Driver/Inc/Legacy -I../Drivers/CMSIS/Device/ST/STM32F4xx/Include -I../Drivers/CMSIS/Include -I"C:/Users/nisha/OneDrive/Desktop/stm32f407/freertos/COMMON/thirdparty/rtos/include" -I"C:/Users/nisha/OneDrive/Desktop/stm32f407/freertos/COMMON/thirdparty/rtos/portable/GCC/ARM_CM4F" -I"C:/Users/nisha/OneDrive/Desktop/stm32f407/freertos/COMMON/thirdparty/SEGGER/CONFIG" -I"C:/Users/nisha/OneDrive/Desktop/stm32f407/freertos/COMMON/thirdparty/SEGGER/OS" -I"C:/Users/nisha/OneDrive/Desktop/stm32f407/freertos/COMMON/thirdparty/SEGGER/SEGGER" -O0 -ffunction-sections -fdata-sections -Wall -fstack-usage -fcyclomatic-complexity -MMD -MP -MF"COMMON/thirdparty/rtos/portable/MemMang/heap_4.d" -MT"COMMON/thirdparty/rtos/portable/MemMang/heap_4.o" --specs=nano.specs -mfpu=fpv4-sp-d16 -mfloat-abi=hard -mthumb -o "COMMON/thirdparty/rtos/portable/MemMang/heap_4.o"
arm-none-eabi-gcc "C:/Users/nisha/OneDrive/Desktop/stm32f407/freertos/COMMON/thirdparty/rtos/portable/GCC/ARM_CM4F/port.c" -mcpu=cortex-m4 -std=gnu11 -g3 -DDEBUG -DUSE_HAL_DRIVER -DSTM32F407xx -c -I../Core/Inc -I../Drivers/STM32F4xx_HAL_Driver/Inc -I../Drivers/STM32F4xx_HAL_Driver/Inc/Legacy -I../Drivers/CMSIS/Device/ST/STM32F4xx/Include -I../Drivers/CMSIS/Include -I"C:/Users/nisha/OneDrive/Desktop/stm32f407/freertos/COMMON/thirdparty/rtos/include" -I"C:/Users/nisha/OneDrive/Desktop/stm32f407/freertos/COMMON/thirdparty/rtos/portable/GCC/ARM_CM4F" -I"C:/Users/nisha/OneDrive/Desktop/stm32f407/freertos/COMMON/thirdparty/SEGGER/CONFIG" -I"C:/Users/nisha/OneDrive/Desktop/stm32f407/freertos/COMMON/thirdparty/SEGGER/OS" -I"C:/Users/nisha/OneDrive/Desktop/stm32f407/freertos/COMMON/thirdparty/SEGGER/SEGGER" -O0 -ffunction-sections -fdata-sections -Wall -fstack-usage -fcyclomatic-complexity -MMD -MP -MF"COMMON/thirdparty/rtos/portable/GCC/ARM_CM4F/port.d" -MT"COMMON/thirdparty/rtos/portable/GCC/ARM_CM4F/port.o" --specs=nano.specs -mfpu=fpv4-sp-d16 -mfloat-abi=hard -mthumb -o "COMMON/thirdparty/rtos/portable/GCC/ARM_CM4F/port.o"
arm-none-eabi-gcc "C:/Users/nisha/OneDrive/Desktop/stm32f407/freertos/COMMON/thirdparty/rtos/croutine.c" -mcpu=cortex-m4 -std=gnu11 -g3 -DDEBUG -DUSE_HAL_DRIVER -DSTM32F407xx -c -I../Core/Inc -I../Drivers/STM32F4xx_HAL_Driver/Inc -I../Drivers/STM32F4xx_HAL_Driver/Inc/Legacy -I../Drivers/CMSIS/Device/ST/STM32F4xx/Include -I../Drivers/CMSIS/Include -I"C:/Users/nisha/OneDrive/Desktop/stm32f407/freertos/COMMON/thirdparty/rtos/include" -I"C:/Users/nisha/OneDrive/Desktop/stm32f407/freertos/COMMON/thirdparty/rtos/portable/GCC/ARM_CM4F" -I"C:/Users/nisha/OneDrive/Desktop/stm32f407/freertos/COMMON/thirdparty/SEGGER/CONFIG" -I"C:/Users/nisha/OneDrive/Desktop/stm32f407/freertos/COMMON/thirdparty/SEGGER/OS" -I"C:/Users/nisha/OneDrive/Desktop/stm32f407/freertos/COMMON/thirdparty/SEGGER/SEGGER" -O0 -ffunction-sections -fdata-sections -Wall -fstack-usage -fcyclomatic-complexity -MMD -MP -MF"COMMON/thirdparty/rtos/croutine.d" -MT"COMMON/thirdparty/rtos/croutine.o" --specs=nano.specs -mfpu=fpv4-sp-d16 -mfloat-abi=hard -mthumb -o "COMMON/thirdparty/rtos/croutine.o"
arm-none-eabi-gcc "C:/Users/nisha/OneDrive/Desktop/stm32f407/freertos/COMMON/thirdparty/rtos/event_groups.c" -mcpu=cortex-m4 -std=gnu11 -g3 -DDEBUG -DUSE_HAL_DRIVER -DSTM32F407xx -c -I../Core/Inc -I../Drivers/STM32F4xx_HAL_Driver/Inc -I../Drivers/STM32F4xx_HAL_Driver/Inc/Legacy -I../Drivers/CMSIS/Device/ST/STM32F4xx/Include -I../Drivers/CMSIS/Include -I"C:/Users/nisha/OneDrive/Desktop/stm32f407/freertos/COMMON/thirdparty/rtos/include" -I"C:/Users/nisha/OneDrive/Desktop/stm32f407/freertos/COMMON/thirdparty/rtos/portable/GCC/ARM_CM4F" -I"C:/Users/nisha/OneDrive/Desktop/stm32f407/freertos/COMMON/thirdparty/SEGGER/CONFIG" -I"C:/Users/nisha/OneDrive/Desktop/stm32f407/freertos/COMMON/thirdparty/SEGGER/OS" -I"C:/Users/nisha/OneDrive/Desktop/stm32f407/freertos/COMMON/thirdparty/SEGGER/SEGGER" -O0 -ffunction-sections -fdata-sections -Wall -fstack-usage -fcyclomatic-complexity -MMD -MP -MF"COMMON/thirdparty/rtos/event_groups.d" -MT"COMMON/thirdparty/rtos/event_groups.o" --specs=nano.specs -mfpu=fpv4-sp-d16 -mfloat-abi=hard -mthumb -o "COMMON/thirdparty/rtos/event_groups.o"
../Core/Src/Task_handler.c: In function 'rtcHANDLER':
../Core/Src/Task_handler.c:201:25: warning: implicit declaration of function 'show_time_date' [-Wimplicit-function-declaration]
  201 |                         show_time_date();
      |                         ^~~~~~~~~~~~~~
../Core/Src/Task_handler.c:223:57: warning: cast from pointer to integer of different size [-Wpointer-to-int-cast]
  223 |                                                 options=(uint8_t)(cmd->payload)-48;
      |                                                         ^
../Core/Src/Task_handler.c:217:33: warning: enumeration value 'smainmenu' not handled in switch [-Wswitch]
  217 |                                 switch(curr_state)
      |                                 ^~~~~~
../Core/Src/Task_handler.c:217:33: warning: enumeration value 'sledeffect' not handled in switch [-Wswitch]
../Core/Src/Task_handler.c:185:29: warning: unused variable 'msg_conf' [-Wunused-variable]
  185 |                 const char *msg_conf = "Configuration successful\n";
      |                             ^~~~~~~~
../Core/Src/Task_handler.c:180:29: warning: unused variable 'msg_rtc_yr' [-Wunused-variable]
  180 |                 const char *msg_rtc_yr  = "Enter year(0-99):";
      |                             ^~~~~~~~~~
../Core/Src/Task_handler.c:179:29: warning: unused variable 'msg_rtc_dow' [-Wunused-variable]
  179 |                 const char *msg_rtc_dow  = "Enter day(1-7 sun:1):";
      |                             ^~~~~~~~~~~
../Core/Src/Task_handler.c:178:29: warning: unused variable 'msg_rtc_mo' [-Wunused-variable]
  178 |                 const char *msg_rtc_mo  ="Enter month(1-12):";
      |                             ^~~~~~~~~~
arm-none-eabi-gcc "C:/Users/nisha/OneDrive/Desktop/stm32f407/freertos/COMMON/thirdparty/rtos/list.c" -mcpu=cortex-m4 -std=gnu11 -g3 -DDEBUG -DUSE_HAL_DRIVER -DSTM32F407xx -c -I../Core/Inc -I../Drivers/STM32F4xx_HAL_Driver/Inc -I../Drivers/STM32F4xx_HAL_Driver/Inc/Legacy -I../Drivers/CMSIS/Device/ST/STM32F4xx/Include -I../Drivers/CMSIS/Include -I"C:/Users/nisha/OneDrive/Desktop/stm32f407/freertos/COMMON/thirdparty/rtos/include" -I"C:/Users/nisha/OneDrive/Desktop/stm32f407/freertos/COMMON/thirdparty/rtos/portable/GCC/ARM_CM4F" -I"C:/Users/nisha/OneDrive/Desktop/stm32f407/freertos/COMMON/thirdparty/SEGGER/CONFIG" -I"C:/Users/nisha/OneDrive/Desktop/stm32f407/freertos/COMMON/thirdparty/SEGGER/OS" -I"C:/Users/nisha/OneDrive/Desktop/stm32f407/freertos/COMMON/thirdparty/SEGGER/SEGGER" -O0 -ffunction-sections -fdata-sections -Wall -fstack-usage -fcyclomatic-complexity -MMD -MP -MF"COMMON/thirdparty/rtos/list.d" -MT"COMMON/thirdparty/rtos/list.o" --specs=nano.specs -mfpu=fpv4-sp-d16 -mfloat-abi=hard -mthumb -o "COMMON/thirdparty/rtos/list.o"
arm-none-eabi-gcc "C:/Users/nisha/OneDrive/Desktop/stm32f407/freertos/COMMON/thirdparty/rtos/queue.c" -mcpu=cortex-m4 -std=gnu11 -g3 -DDEBUG -DUSE_HAL_DRIVER -DSTM32F407xx -c -I../Core/Inc -I../Drivers/STM32F4xx_HAL_Driver/Inc -I../Drivers/STM32F4xx_HAL_Driver/Inc/Legacy -I../Drivers/CMSIS/Device/ST/STM32F4xx/Include -I../Drivers/CMSIS/Include -I"C:/Users/nisha/OneDrive/Desktop/stm32f407/freertos/COMMON/thirdparty/rtos/include" -I"C:/Users/nisha/OneDrive/Desktop/stm32f407/freertos/COMMON/thirdparty/rtos/portable/GCC/ARM_CM4F" -I"C:/Users/nisha/OneDrive/Desktop/stm32f407/freertos/COMMON/thirdparty/SEGGER/CONFIG" -I"C:/Users/nisha/OneDrive/Desktop/stm32f407/freertos/COMMON/thirdparty/SEGGER/OS" -I"C:/Users/nisha/OneDrive/Desktop/stm32f407/freertos/COMMON/thirdparty/SEGGER/SEGGER" -O0 -ffunction-sections -fdata-sections -Wall -fstack-usage -fcyclomatic-complexity -MMD -MP -MF"COMMON/thirdparty/rtos/queue.d" -MT"COMMON/thirdparty/rtos/queue.o" --specs=nano.specs -mfpu=fpv4-sp-d16 -mfloat-abi=hard -mthumb -o "COMMON/thirdparty/rtos/queue.o"
arm-none-eabi-gcc "C:/Users/nisha/OneDrive/Desktop/stm32f407/freertos/COMMON/thirdparty/rtos/stream_buffer.c" -mcpu=cortex-m4 -std=gnu11 -g3 -DDEBUG -DUSE_HAL_DRIVER -DSTM32F407xx -c -I../Core/Inc -I../Drivers/STM32F4xx_HAL_Driver/Inc -I../Drivers/STM32F4xx_HAL_Driver/Inc/Legacy -I../Drivers/CMSIS/Device/ST/STM32F4xx/Include -I../Drivers/CMSIS/Include -I"C:/Users/nisha/OneDrive/Desktop/stm32f407/freertos/COMMON/thirdparty/rtos/include" -I"C:/Users/nisha/OneDrive/Desktop/stm32f407/freertos/COMMON/thirdparty/rtos/portable/GCC/ARM_CM4F" -I"C:/Users/nisha/OneDrive/Desktop/stm32f407/freertos/COMMON/thirdparty/SEGGER/CONFIG" -I"C:/Users/nisha/OneDrive/Desktop/stm32f407/freertos/COMMON/thirdparty/SEGGER/OS" -I"C:/Users/nisha/OneDrive/Desktop/stm32f407/freertos/COMMON/thirdparty/SEGGER/SEGGER" -O0 -ffunction-sections -fdata-sections -Wall -fstack-usage -fcyclomatic-complexity -MMD -MP -MF"COMMON/thirdparty/rtos/stream_buffer.d" -MT"COMMON/thirdparty/rtos/stream_buffer.o" --specs=nano.specs -mfpu=fpv4-sp-d16 -mfloat-abi=hard -mthumb -o "COMMON/thirdparty/rtos/stream_buffer.o"
arm-none-eabi-gcc "C:/Users/nisha/OneDrive/Desktop/stm32f407/freertos/COMMON/thirdparty/rtos/tasks.c" -mcpu=cortex-m4 -std=gnu11 -g3 -DDEBUG -DUSE_HAL_DRIVER -DSTM32F407xx -c -I../Core/Inc -I../Drivers/STM32F4xx_HAL_Driver/Inc -I../Drivers/STM32F4xx_HAL_Driver/Inc/Legacy -I../Drivers/CMSIS/Device/ST/STM32F4xx/Include -I../Drivers/CMSIS/Include -I"C:/Users/nisha/OneDrive/Desktop/stm32f407/freertos/COMMON/thirdparty/rtos/include" -I"C:/Users/nisha/OneDrive/Desktop/stm32f407/freertos/COMMON/thirdparty/rtos/portable/GCC/ARM_CM4F" -I"C:/Users/nisha/OneDrive/Desktop/stm32f407/freertos/COMMON/thirdparty/SEGGER/CONFIG" -I"C:/Users/nisha/OneDrive/Desktop/stm32f407/freertos/COMMON/thirdparty/SEGGER/OS" -I"C:/Users/nisha/OneDrive/Desktop/stm32f407/freertos/COMMON/thirdparty/SEGGER/SEGGER" -O0 -ffunction-sections -fdata-sections -Wall -fstack-usage -fcyclomatic-complexity -MMD -MP -MF"COMMON/thirdparty/rtos/tasks.d" -MT"COMMON/thirdparty/rtos/tasks.o" --specs=nano.specs -mfpu=fpv4-sp-d16 -mfloat-abi=hard -mthumb -o "COMMON/thirdparty/rtos/tasks.o"
arm-none-eabi-gcc "C:/Users/nisha/OneDrive/Desktop/stm32f407/freertos/COMMON/thirdparty/rtos/timers.c" -mcpu=cortex-m4 -std=gnu11 -g3 -DDEBUG -DUSE_HAL_DRIVER -DSTM32F407xx -c -I../Core/Inc -I../Drivers/STM32F4xx_HAL_Driver/Inc -I../Drivers/STM32F4xx_HAL_Driver/Inc/Legacy -I../Drivers/CMSIS/Device/ST/STM32F4xx/Include -I../Drivers/CMSIS/Include -I"C:/Users/nisha/OneDrive/Desktop/stm32f407/freertos/COMMON/thirdparty/rtos/include" -I"C:/Users/nisha/OneDrive/Desktop/stm32f407/freertos/COMMON/thirdparty/rtos/portable/GCC/ARM_CM4F" -I"C:/Users/nisha/OneDrive/Desktop/stm32f407/freertos/COMMON/thirdparty/SEGGER/CONFIG" -I"C:/Users/nisha/OneDrive/Desktop/stm32f407/freertos/COMMON/thirdparty/SEGGER/OS" -I"C:/Users/nisha/OneDrive/Desktop/stm32f407/freertos/COMMON/thirdparty/SEGGER/SEGGER" -O0 -ffunction-sections -fdata-sections -Wall -fstack-usage -fcyclomatic-complexity -MMD -MP -MF"COMMON/thirdparty/rtos/timers.d" -MT"COMMON/thirdparty/rtos/timers.o" --specs=nano.specs -mfpu=fpv4-sp-d16 -mfloat-abi=hard -mthumb -o "COMMON/thirdparty/rtos/timers.o"
arm-none-eabi-gcc "C:/Users/nisha/OneDrive/Desktop/stm32f407/freertos/COMMON/thirdparty/SEGGER/segger_uart/segger_uart.c" -mcpu=cortex-m4 -std=gnu11 -g3 -DDEBUG -DUSE_HAL_DRIVER -DSTM32F407xx -c -I../Core/Inc -I../Drivers/STM32F4xx_HAL_Driver/Inc -I../Drivers/STM32F4xx_HAL_Driver/Inc/Legacy -I../Drivers/CMSIS/Device/ST/STM32F4xx/Include -I../Drivers/CMSIS/Include -I"C:/Users/nisha/OneDrive/Desktop/stm32f407/freertos/COMMON/thirdparty/rtos/include" -I"C:/Users/nisha/OneDrive/Desktop/stm32f407/freertos/COMMON/thirdparty/rtos/portable/GCC/ARM_CM4F" -I"C:/Users/nisha/OneDrive/Desktop/stm32f407/freertos/COMMON/thirdparty/SEGGER/CONFIG" -I"C:/Users/nisha/OneDrive/Desktop/stm32f407/freertos/COMMON/thirdparty/SEGGER/OS" -I"C:/Users/nisha/OneDrive/Desktop/stm32f407/freertos/COMMON/thirdparty/SEGGER/SEGGER" -O0 -ffunction-sections -fdata-sections -Wall -fstack-usage -fcyclomatic-complexity -MMD -MP -MF"COMMON/thirdparty/SEGGER/segger_uart/segger_uart.d" -MT"COMMON/thirdparty/SEGGER/segger_uart/segger_uart.o" --specs=nano.specs -mfpu=fpv4-sp-d16 -mfloat-abi=hard -mthumb -o "COMMON/thirdparty/SEGGER/segger_uart/segger_uart.o"
arm-none-eabi-gcc "C:/Users/nisha/OneDrive/Desktop/stm32f407/freertos/COMMON/thirdparty/SEGGER/SEGGER/Syscalls/SEGGER_RTT_Syscalls_GCC.c" -mcpu=cortex-m4 -std=gnu11 -g3 -DDEBUG -DUSE_HAL_DRIVER -DSTM32F407xx -c -I../Core/Inc -I../Drivers/STM32F4xx_HAL_Driver/Inc -I../Drivers/STM32F4xx_HAL_Driver/Inc/Legacy -I../Drivers/CMSIS/Device/ST/STM32F4xx/Include -I../Drivers/CMSIS/Include -I"C:/Users/nisha/OneDrive/Desktop/stm32f407/freertos/COMMON/thirdparty/rtos/include" -I"C:/Users/nisha/OneDrive/Desktop/stm32f407/freertos/COMMON/thirdparty/rtos/portable/GCC/ARM_CM4F" -I"C:/Users/nisha/OneDrive/Desktop/stm32f407/freertos/COMMON/thirdparty/SEGGER/CONFIG" -I"C:/Users/nisha/OneDrive/Desktop/stm32f407/freertos/COMMON/thirdparty/SEGGER/OS" -I"C:/Users/nisha/OneDrive/Desktop/stm32f407/freertos/COMMON/thirdparty/SEGGER/SEGGER" -O0 -ffunction-sections -fdata-sections -Wall -fstack-usage -fcyclomatic-complexity -MMD -MP -MF"COMMON/thirdparty/SEGGER/SEGGER/Syscalls/SEGGER_RTT_Syscalls_GCC.d" -MT"COMMON/thirdparty/SEGGER/SEGGER/Syscalls/SEGGER_RTT_Syscalls_GCC.o" --specs=nano.specs -mfpu=fpv4-sp-d16 -mfloat-abi=hard -mthumb -o "COMMON/thirdparty/SEGGER/SEGGER/Syscalls/SEGGER_RTT_Syscalls_GCC.o"
arm-none-eabi-gcc "C:/Users/nisha/OneDrive/Desktop/stm32f407/freertos/COMMON/thirdparty/SEGGER/SEGGER/SEGGER_RTT.c" -mcpu=cortex-m4 -std=gnu11 -g3 -DDEBUG -DUSE_HAL_DRIVER -DSTM32F407xx -c -I../Core/Inc -I../Drivers/STM32F4xx_HAL_Driver/Inc -I../Drivers/STM32F4xx_HAL_Driver/Inc/Legacy -I../Drivers/CMSIS/Device/ST/STM32F4xx/Include -I../Drivers/CMSIS/Include -I"C:/Users/nisha/OneDrive/Desktop/stm32f407/freertos/COMMON/thirdparty/rtos/include" -I"C:/Users/nisha/OneDrive/Desktop/stm32f407/freertos/COMMON/thirdparty/rtos/portable/GCC/ARM_CM4F" -I"C:/Users/nisha/OneDrive/Desktop/stm32f407/freertos/COMMON/thirdparty/SEGGER/CONFIG" -I"C:/Users/nisha/OneDrive/Desktop/stm32f407/freertos/COMMON/thirdparty/SEGGER/OS" -I"C:/Users/nisha/OneDrive/Desktop/stm32f407/freertos/COMMON/thirdparty/SEGGER/SEGGER" -O0 -ffunction-sections -fdata-sections -Wall -fstack-usage -fcyclomatic-complexity -MMD -MP -MF"COMMON/thirdparty/SEGGER/SEGGER/SEGGER_RTT.d" -MT"COMMON/thirdparty/SEGGER/SEGGER/SEGGER_RTT.o" --specs=nano.specs -mfpu=fpv4-sp-d16 -mfloat-abi=hard -mthumb -o "COMMON/thirdparty/SEGGER/SEGGER/SEGGER_RTT.o"
arm-none-eabi-gcc -mcpu=cortex-m4 -g3 -DDEBUG -c -I"C:/Users/nisha/OneDrive/Desktop/stm32f407/freertos/COMMON/thirdparty/SEGGER/CONFIG" -I"C:/Users/nisha/OneDrive/Desktop/stm32f407/freertos/COMMON/thirdparty/SEGGER/SEGGER" -x assembler-with-cpp -MMD -MP -MF"COMMON/thirdparty/SEGGER/SEGGER/SEGGER_RTT_ASM_ARMv7M.d" -MT"COMMON/thirdparty/SEGGER/SEGGER/SEGGER_RTT_ASM_ARMv7M.o" --specs=nano.specs -mfpu=fpv4-sp-d16 -mfloat-abi=hard -mthumb -o "COMMON/thirdparty/SEGGER/SEGGER/SEGGER_RTT_ASM_ARMv7M.o" "C:/Users/nisha/OneDrive/Desktop/stm32f407/freertos/COMMON/thirdparty/SEGGER/SEGGER/SEGGER_RTT_ASM_ARMv7M.S"
arm-none-eabi-gcc "C:/Users/nisha/OneDrive/Desktop/stm32f407/freertos/COMMON/thirdparty/SEGGER/SEGGER/SEGGER_RTT_printf.c" -mcpu=cortex-m4 -std=gnu11 -g3 -DDEBUG -DUSE_HAL_DRIVER -DSTM32F407xx -c -I../Core/Inc -I../Drivers/STM32F4xx_HAL_Driver/Inc -I../Drivers/STM32F4xx_HAL_Driver/Inc/Legacy -I../Drivers/CMSIS/Device/ST/STM32F4xx/Include -I../Drivers/CMSIS/Include -I"C:/Users/nisha/OneDrive/Desktop/stm32f407/freertos/COMMON/thirdparty/rtos/include" -I"C:/Users/nisha/OneDrive/Desktop/stm32f407/freertos/COMMON/thirdparty/rtos/portable/GCC/ARM_CM4F" -I"C:/Users/nisha/OneDrive/Desktop/stm32f407/freertos/COMMON/thirdparty/SEGGER/CONFIG" -I"C:/Users/nisha/OneDrive/Desktop/stm32f407/freertos/COMMON/thirdparty/SEGGER/OS" -I"C:/Users/nisha/OneDrive/Desktop/stm32f407/freertos/COMMON/thirdparty/SEGGER/SEGGER" -O0 -ffunction-sections -fdata-sections -Wall -fstack-usage -fcyclomatic-complexity -MMD -MP -MF"COMMON/thirdparty/SEGGER/SEGGER/SEGGER_RTT_printf.d" -MT"COMMON/thirdparty/SEGGER/SEGGER/SEGGER_RTT_printf.o" --specs=nano.specs -mfpu=fpv4-sp-d16 -mfloat-abi=hard -mthumb -o "COMMON/thirdparty/SEGGER/SEGGER/SEGGER_RTT_printf.o"
arm-none-eabi-gcc "C:/Users/nisha/OneDrive/Desktop/stm32f407/freertos/COMMON/thirdparty/SEGGER/SEGGER/SEGGER_SYSVIEW.c" -mcpu=cortex-m4 -std=gnu11 -g3 -DDEBUG -DUSE_HAL_DRIVER -DSTM32F407xx -c -I../Core/Inc -I../Drivers/STM32F4xx_HAL_Driver/Inc -I../Drivers/STM32F4xx_HAL_Driver/Inc/Legacy -I../Drivers/CMSIS/Device/ST/STM32F4xx/Include -I../Drivers/CMSIS/Include -I"C:/Users/nisha/OneDrive/Desktop/stm32f407/freertos/COMMON/thirdparty/rtos/include" -I"C:/Users/nisha/OneDrive/Desktop/stm32f407/freertos/COMMON/thirdparty/rtos/portable/GCC/ARM_CM4F" -I"C:/Users/nisha/OneDrive/Desktop/stm32f407/freertos/COMMON/thirdparty/SEGGER/CONFIG" -I"C:/Users/nisha/OneDrive/Desktop/stm32f407/freertos/COMMON/thirdparty/SEGGER/OS" -I"C:/Users/nisha/OneDrive/Desktop/stm32f407/freertos/COMMON/thirdparty/SEGGER/SEGGER" -O0 -ffunction-sections -fdata-sections -Wall -fstack-usage -fcyclomatic-complexity -MMD -MP -MF"COMMON/thirdparty/SEGGER/SEGGER/SEGGER_SYSVIEW.d" -MT"COMMON/thirdparty/SEGGER/SEGGER/SEGGER_SYSVIEW.o" --specs=nano.specs -mfpu=fpv4-sp-d16 -mfloat-abi=hard -mthumb -o "COMMON/thirdparty/SEGGER/SEGGER/SEGGER_SYSVIEW.o"
arm-none-eabi-gcc "C:/Users/nisha/OneDrive/Desktop/stm32f407/freertos/COMMON/thirdparty/SEGGER/OS/SEGGER_SYSVIEW_FreeRTOS.c" -mcpu=cortex-m4 -std=gnu11 -g3 -DDEBUG -DUSE_HAL_DRIVER -DSTM32F407xx -c -I../Core/Inc -I../Drivers/STM32F4xx_HAL_Driver/Inc -I../Drivers/STM32F4xx_HAL_Driver/Inc/Legacy -I../Drivers/CMSIS/Device/ST/STM32F4xx/Include -I../Drivers/CMSIS/Include -I"C:/Users/nisha/OneDrive/Desktop/stm32f407/freertos/COMMON/thirdparty/rtos/include" -I"C:/Users/nisha/OneDrive/Desktop/stm32f407/freertos/COMMON/thirdparty/rtos/portable/GCC/ARM_CM4F" -I"C:/Users/nisha/OneDrive/Desktop/stm32f407/freertos/COMMON/thirdparty/SEGGER/CONFIG" -I"C:/Users/nisha/OneDrive/Desktop/stm32f407/freertos/COMMON/thirdparty/SEGGER/OS" -I"C:/Users/nisha/OneDrive/Desktop/stm32f407/freertos/COMMON/thirdparty/SEGGER/SEGGER" -O0 -ffunction-sections -fdata-sections -Wall -fstack-usage -fcyclomatic-complexity -MMD -MP -MF"COMMON/thirdparty/SEGGER/OS/SEGGER_SYSVIEW_FreeRTOS.d" -MT"COMMON/thirdparty/SEGGER/OS/SEGGER_SYSVIEW_FreeRTOS.o" --specs=nano.specs -mfpu=fpv4-sp-d16 -mfloat-abi=hard -mthumb -o "COMMON/thirdparty/SEGGER/OS/SEGGER_SYSVIEW_FreeRTOS.o"
arm-none-eabi-gcc "C:/Users/nisha/OneDrive/Desktop/stm32f407/freertos/COMMON/thirdparty/SEGGER/CONFIG/SEGGER_SYSVIEW_Config_FreeRTOS.c" -mcpu=cortex-m4 -std=gnu11 -g3 -DDEBUG -DUSE_HAL_DRIVER -DSTM32F407xx -c -I../Core/Inc -I../Drivers/STM32F4xx_HAL_Driver/Inc -I../Drivers/STM32F4xx_HAL_Driver/Inc/Legacy -I../Drivers/CMSIS/Device/ST/STM32F4xx/Include -I../Drivers/CMSIS/Include -I"C:/Users/nisha/OneDrive/Desktop/stm32f407/freertos/COMMON/thirdparty/rtos/include" -I"C:/Users/nisha/OneDrive/Desktop/stm32f407/freertos/COMMON/thirdparty/rtos/portable/GCC/ARM_CM4F" -I"C:/Users/nisha/OneDrive/Desktop/stm32f407/freertos/COMMON/thirdparty/SEGGER/CONFIG" -I"C:/Users/nisha/OneDrive/Desktop/stm32f407/freertos/COMMON/thirdparty/SEGGER/OS" -I"C:/Users/nisha/OneDrive/Desktop/stm32f407/freertos/COMMON/thirdparty/SEGGER/SEGGER" -O0 -ffunction-sections -fdata-sections -Wall -fstack-usage -fcyclomatic-complexity -MMD -MP -MF"COMMON/thirdparty/SEGGER/CONFIG/SEGGER_SYSVIEW_Config_FreeRTOS.d" -MT"COMMON/thirdparty/SEGGER/CONFIG/SEGGER_SYSVIEW_Config_FreeRTOS.o" --specs=nano.specs -mfpu=fpv4-sp-d16 -mfloat-abi=hard -mthumb -o "COMMON/thirdparty/SEGGER/CONFIG/SEGGER_SYSVIEW_Config_FreeRTOS.o"
arm-none-eabi-gcc -o "008_.elf" @"objects.list"   -mcpu=cortex-m4 -T"C:\Users\nisha\OneDrive\Desktop\stm32f407\freertos\008_\STM32F407VGTX_FLASH.ld" --specs=nosys.specs -Wl,-Map="008_.map" -Wl,--gc-sections -static --specs=nano.specs -mfpu=fpv4-sp-d16 -mfloat-abi=hard -mthumb -Wl,--start-group -lc -lm -Wl,--end-group
Finished building target: 008_.elf
 
arm-none-eabi-size  008_.elf 
arm-none-eabi-objdump -h -S 008_.elf  > "008_.list"
   text	   data	    bss	    dec	    hex	filename
  40944	    108	  81084	 122136	  1dd18	008_.elf
Finished building: default.size.stdout
 
Finished building: 008_.list
 

15:33:02 Build Finished. 0 errors, 8 warnings. (took 7s.64ms)

