15:10:13 **** Build of configuration Debug for project bit_band_ ****
make -j16 all 
arm-none-eabi-gcc "../Src/main.c" -mcpu=cortex-m4 -std=gnu11 -g3 -DDEBUG -DSTM32 -DSTM32F407G_DISC1 -DSTM32F4 -DSTM32F407VGTx -c -I../Inc -O0 -ffunction-sections -fdata-sections -Wall -fstack-usage -fcyclomatic-complexity -MMD -MP -MF"Src/main.d" -MT"Src/main.o" --specs=nano.specs -mfloat-abi=soft -mthumb -o "Src/main.o"
arm-none-eabi-gcc -o "bit_band_.elf" @"objects.list"   -mcpu=cortex-m4 -T"C:\Users\nisha\OneDrive\Desktop\stm32f407\freertos\bit_band_\STM32F407VGTX_FLASH.ld" --specs=nosys.specs -Wl,-Map="bit_band_.map" -Wl,--gc-sections -static --specs=nano.specs -mfloat-abi=soft -mthumb -Wl,--start-group -lc -lm -Wl,--end-group
Finished building target: bit_band_.elf
 
arm-none-eabi-size  bit_band_.elf 
arm-none-eabi-objdump -h -S bit_band_.elf  > "bit_band_.list"
   text	   data	    bss	    dec	    hex	filename
    704	      0	   1568	   2272	    8e0	bit_band_.elf
Finished building: default.size.stdout
 
Finished building: bit_band_.list
 

15:10:15 Build Finished. 0 errors, 0 warnings. (took 2s.3ms)

