10:21:29 **** Incremental Build of configuration Debug for project XN_Section ****
make -j16 all 
arm-none-eabi-gcc "../Src/syscalls.c" -mcpu=cortex-m4 -std=gnu11 -g3 -DDEBUG -DSTM32 -DSTM32F407G_DISC1 -DSTM32F4 -DSTM32F407VGTx -c -I../Inc -O0 -ffunction-sections -fdata-sections -Wall -fstack-usage -fcyclomatic-complexity -MMD -MP -MF"Src/syscalls.d" -MT"Src/syscalls.o" --specs=nano.specs -mfloat-abi=soft -mthumb -o "Src/syscalls.o"
arm-none-eabi-gcc -o "XN_Section.elf" @"objects.list"   -mcpu=cortex-m4 -T"C:\Users\nisha\OneDrive\Desktop\stm32f407\freertos\XN_Section\STM32F407VGTX_FLASH.ld" --specs=nosys.specs -Wl,-Map="XN_Section.map" -Wl,--gc-sections -static --specs=nano.specs -mfloat-abi=soft -mthumb -Wl,--start-group -lc -lm -Wl,--end-group
Finished building target: XN_Section.elf
 
arm-none-eabi-size  XN_Section.elf 
arm-none-eabi-objdump -h -S XN_Section.elf  > "XN_Section.list"
   text	   data	    bss	    dec	    hex	filename
   5068	     92	   1900	   7060	   1b94	XN_Section.elf
Finished building: default.size.stdout
 
Finished building: XN_Section.list
 
10:22:44 **** Build of configuration Debug for project Bit_Band_Riv ****
make -j16 all 
arm-none-eabi-size  Bit_Band_Riv.elf 
   text	   data	    bss	    dec	    hex	filename
    684	      0	   1568	   2252	    8cc	Bit_Band_Riv.elf
Finished building: default.size.stdout
 
10:24:22 **** Incremental Build of configuration Debug for project XN_Section ****
make -j16 all 
arm-none-eabi-size  XN_Section.elf 
   text	   data	    bss	    dec	    hex	filename
   5068	     92	   1900	   7060	   1b94	XN_Section.elf
Finished building: default.size.stdout
 
14:45:25 **** Clean-only build of configuration Debug for project 005_led_notification ****
make -j16 clean 
rm -rf ./Drivers/STM32F4xx_HAL_Driver/Src/stm32f4xx_hal.cyclo ./Drivers/STM32F4xx_HAL_Driver/Src/stm32f4xx_hal.d ./Drivers/STM32F4xx_HAL_Driver/Src/stm32f4xx_hal.o ./Drivers/STM32F4xx_HAL_Driver/Src/stm32f4xx_hal.su ./Drivers/STM32F4xx_HAL_Driver/Src/stm32f4xx_hal_cortex.cyclo ./Drivers/STM32F4xx_HAL_Driver/Src/stm32f4xx_hal_cortex.d ./Drivers/STM32F4xx_HAL_Driver/Src/stm32f4xx_hal_cortex.o ./Drivers/STM32F4xx_HAL_Driver/Src/stm32f4xx_hal_cortex.su ./Drivers/STM32F4xx_HAL_Driver/Src/stm32f4xx_hal_dma.cyclo ./Drivers/STM32F4xx_HAL_Driver/Src/stm32f4xx_hal_dma.d ./Drivers/STM32F4xx_HAL_Driver/Src/stm32f4xx_hal_dma.o ./Drivers/STM32F4xx_HAL_Driver/Src/stm32f4xx_hal_dma.su ./Drivers/STM32F4xx_HAL_Driver/Src/stm32f4xx_hal_dma_ex.cyclo ./Drivers/STM32F4xx_HAL_Driver/Src/stm32f4xx_hal_dma_ex.d ./Drivers/STM32F4xx_HAL_Driver/Src/stm32f4xx_hal_dma_ex.o ./Drivers/STM32F4xx_HAL_Driver/Src/stm32f4xx_hal_dma_ex.su ./Drivers/STM32F4xx_HAL_Driver/Src/stm32f4xx_hal_exti.cyclo ./Drivers/STM32F4xx_HAL_Driver/Src/stm32f4xx_hal_exti.d ./Drivers/STM32F4xx_HAL_Driver/Src/stm32f4xx_hal_exti.o ./Drivers/STM32F4xx_HAL_Driver/Src/stm32f4xx_hal_exti.su ./Drivers/STM32F4xx_HAL_Driver/Src/stm32f4xx_hal_flash.cyclo ./Drivers/STM32F4xx_HAL_Driver/Src/stm32f4xx_hal_flash.d ./Drivers/STM32F4xx_HAL_Driver/Src/stm32f4xx_hal_flash.o ./Drivers/STM32F4xx_HAL_Driver/Src/stm32f4xx_hal_flash.su ./Drivers/STM32F4xx_HAL_Driver/Src/stm32f4xx_hal_flash_ex.cyclo ./Drivers/STM32F4xx_HAL_Driver/Src/stm32f4xx_hal_flash_ex.d ./Drivers/STM32F4xx_HAL_Driver/Src/stm32f4xx_hal_flash_ex.o ./Drivers/STM32F4xx_HAL_Driver/Src/stm32f4xx_hal_flash_ex.su ./Drivers/STM32F4xx_HAL_Driver/Src/stm32f4xx_hal_flash_ramfunc.cyclo ./Drivers/STM32F4xx_HAL_Driver/Src/stm32f4xx_hal_flash_ramfunc.d ./Drivers/STM32F4xx_HAL_Driver/Src/stm32f4xx_hal_flash_ramfunc.o ./Drivers/STM32F4xx_HAL_Driver/Src/stm32f4xx_hal_flash_ramfunc.su ./Drivers/STM32F4xx_HAL_Driver/Src/stm32f4xx_hal_gpio.cyclo ./Drivers/STM32F4xx_HAL_Driver/Src/stm32f4xx_hal_gpio.d ./Drivers/STM32F4xx_HAL_Driver/Src/stm32f4xx_hal_gpio.o ./Drivers/STM32F4xx_HAL_Driver/Src/stm32f4xx_hal_gpio.su ./Drivers/STM32F4xx_HAL_Driver/Src/stm32f4xx_hal_pwr.cyclo ./Drivers/STM32F4xx_HAL_Driver/Src/stm32f4xx_hal_pwr.d ./Drivers/STM32F4xx_HAL_Driver/Src/stm32f4xx_hal_pwr.o ./Drivers/STM32F4xx_HAL_Driver/Src/stm32f4xx_hal_pwr.su ./Drivers/STM32F4xx_HAL_Driver/Src/stm32f4xx_hal_pwr_ex.cyclo ./Drivers/STM32F4xx_HAL_Driver/Src/stm32f4xx_hal_pwr_ex.d ./Drivers/STM32F4xx_HAL_Driver/Src/stm32f4xx_hal_pwr_ex.o ./Drivers/STM32F4xx_HAL_Driver/Src/stm32f4xx_hal_pwr_ex.su ./Drivers/STM32F4xx_HAL_Driver/Src/stm32f4xx_hal_rcc.cyclo ./Drivers/STM32F4xx_HAL_Driver/Src/stm32f4xx_hal_rcc.d ./Drivers/STM32F4xx_HAL_Driver/Src/stm32f4xx_hal_rcc.o ./Drivers/STM32F4xx_HAL_Driver/Src/stm32f4xx_hal_rcc.su ./Drivers/STM32F4xx_HAL_Driver/Src/stm32f4xx_hal_rcc_ex.cyclo ./Drivers/STM32F4xx_HAL_Driver/Src/stm32f4xx_hal_rcc_ex.d ./Drivers/STM32F4xx_HAL_Driver/Src/stm32f4xx_hal_rcc_ex.o ./Drivers/STM32F4xx_HAL_Driver/Src/stm32f4xx_hal_rcc_ex.su ./Drivers/STM32F4xx_HAL_Driver/Src/stm32f4xx_hal_tim.cyclo ./Drivers/STM32F4xx_HAL_Driver/Src/stm32f4xx_hal_tim.d ./Drivers/STM32F4xx_HAL_Driver/Src/stm32f4xx_hal_tim.o ./Drivers/STM32F4xx_HAL_Driver/Src/stm32f4xx_hal_tim.su ./Drivers/STM32F4xx_HAL_Driver/Src/stm32f4xx_hal_tim_ex.cyclo ./Drivers/STM32F4xx_HAL_Driver/Src/stm32f4xx_hal_tim_ex.d ./Drivers/STM32F4xx_HAL_Driver/Src/stm32f4xx_hal_tim_ex.o ./Drivers/STM32F4xx_HAL_Driver/Src/stm32f4xx_hal_tim_ex.su
rm -rf ./Core/Startup/startup_stm32f407vgtx.d ./Core/Startup/startup_stm32f407vgtx.o
rm -rf ./Core/Src/main.cyclo ./Core/Src/main.d ./Core/Src/main.o ./Core/Src/main.su ./Core/Src/stm32f4xx_hal_msp.cyclo ./Core/Src/stm32f4xx_hal_msp.d ./Core/Src/stm32f4xx_hal_msp.o ./Core/Src/stm32f4xx_hal_msp.su ./Core/Src/stm32f4xx_hal_timebase_tim.cyclo ./Core/Src/stm32f4xx_hal_timebase_tim.d ./Core/Src/stm32f4xx_hal_timebase_tim.o ./Core/Src/stm32f4xx_hal_timebase_tim.su ./Core/Src/stm32f4xx_it.cyclo ./Core/Src/stm32f4xx_it.d ./Core/Src/stm32f4xx_it.o ./Core/Src/stm32f4xx_it.su ./Core/Src/syscalls.cyclo ./Core/Src/syscalls.d ./Core/Src/syscalls.o ./Core/Src/syscalls.su ./Core/Src/sysmem.cyclo ./Core/Src/sysmem.d ./Core/Src/sysmem.o ./Core/Src/sysmem.su ./Core/Src/system_stm32f4xx.cyclo ./Core/Src/system_stm32f4xx.d ./Core/Src/system_stm32f4xx.o ./Core/Src/system_stm32f4xx.su
rm -rf ./COMMON/thirdparty/rtos/portable/MemMang/heap_4.cyclo ./COMMON/thirdparty/rtos/portable/MemMang/heap_4.d ./COMMON/thirdparty/rtos/portable/MemMang/heap_4.o ./COMMON/thirdparty/rtos/portable/MemMang/heap_4.su
rm -rf ./COMMON/thirdparty/rtos/portable/GCC/ARM_CM4F/port.cyclo ./COMMON/thirdparty/rtos/portable/GCC/ARM_CM4F/port.d ./COMMON/thirdparty/rtos/portable/GCC/ARM_CM4F/port.o ./COMMON/thirdparty/rtos/portable/GCC/ARM_CM4F/port.su
rm -rf ./COMMON/thirdparty/rtos/croutine.cyclo ./COMMON/thirdparty/rtos/croutine.d ./COMMON/thirdparty/rtos/croutine.o ./COMMON/thirdparty/rtos/croutine.su ./COMMON/thirdparty/rtos/event_groups.cyclo ./COMMON/thirdparty/rtos/event_groups.d ./COMMON/thirdparty/rtos/event_groups.o ./COMMON/thirdparty/rtos/event_groups.su ./COMMON/thirdparty/rtos/list.cyclo ./COMMON/thirdparty/rtos/list.d ./COMMON/thirdparty/rtos/list.o ./COMMON/thirdparty/rtos/list.su ./COMMON/thirdparty/rtos/queue.cyclo ./COMMON/thirdparty/rtos/queue.d ./COMMON/thirdparty/rtos/queue.o ./COMMON/thirdparty/rtos/queue.su ./COMMON/thirdparty/rtos/stream_buffer.cyclo ./COMMON/thirdparty/rtos/stream_buffer.d ./COMMON/thirdparty/rtos/stream_buffer.o ./COMMON/thirdparty/rtos/stream_buffer.su ./COMMON/thirdparty/rtos/tasks.cyclo ./COMMON/thirdparty/rtos/tasks.d ./COMMON/thirdparty/rtos/tasks.o ./COMMON/thirdparty/rtos/tasks.su ./COMMON/thirdparty/rtos/timers.cyclo ./COMMON/thirdparty/rtos/timers.d ./COMMON/thirdparty/rtos/timers.o ./COMMON/thirdparty/rtos/timers.su
rm -rf ./COMMON/thirdparty/SEGGER/segger_uart/segger_uart.cyclo ./COMMON/thirdparty/SEGGER/segger_uart/segger_uart.d ./COMMON/thirdparty/SEGGER/segger_uart/segger_uart.o ./COMMON/thirdparty/SEGGER/segger_uart/segger_uart.su
rm -rf ./COMMON/thirdparty/SEGGER/SEGGER/Syscalls/SEGGER_RTT_Syscalls_GCC.cyclo ./COMMON/thirdparty/SEGGER/SEGGER/Syscalls/SEGGER_RTT_Syscalls_GCC.d ./COMMON/thirdparty/SEGGER/SEGGER/Syscalls/SEGGER_RTT_Syscalls_GCC.o ./COMMON/thirdparty/SEGGER/SEGGER/Syscalls/SEGGER_RTT_Syscalls_GCC.su
rm -rf ./COMMON/thirdparty/SEGGER/SEGGER/SEGGER_RTT.cyclo ./COMMON/thirdparty/SEGGER/SEGGER/SEGGER_RTT.d ./COMMON/thirdparty/SEGGER/SEGGER/SEGGER_RTT.o ./COMMON/thirdparty/SEGGER/SEGGER/SEGGER_RTT.su ./COMMON/thirdparty/SEGGER/SEGGER/SEGGER_RTT_ASM_ARMv7M.d ./COMMON/thirdparty/SEGGER/SEGGER/SEGGER_RTT_ASM_ARMv7M.o ./COMMON/thirdparty/SEGGER/SEGGER/SEGGER_RTT_printf.cyclo ./COMMON/thirdparty/SEGGER/SEGGER/SEGGER_RTT_printf.d ./COMMON/thirdparty/SEGGER/SEGGER/SEGGER_RTT_printf.o ./COMMON/thirdparty/SEGGER/SEGGER/SEGGER_RTT_printf.su ./COMMON/thirdparty/SEGGER/SEGGER/SEGGER_SYSVIEW.cyclo ./COMMON/thirdparty/SEGGER/SEGGER/SEGGER_SYSVIEW.d ./COMMON/thirdparty/SEGGER/SEGGER/SEGGER_SYSVIEW.o ./COMMON/thirdparty/SEGGER/SEGGER/SEGGER_SYSVIEW.su
rm -rf ./COMMON/thirdparty/SEGGER/OS/SEGGER_SYSVIEW_FreeRTOS.cyclo ./COMMON/thirdparty/SEGGER/OS/SEGGER_SYSVIEW_FreeRTOS.d ./COMMON/thirdparty/SEGGER/OS/SEGGER_SYSVIEW_FreeRTOS.o ./COMMON/thirdparty/SEGGER/OS/SEGGER_SYSVIEW_FreeRTOS.su
rm -rf ./COMMON/thirdparty/SEGGER/CONFIG/SEGGER_SYSVIEW_Config_FreeRTOS.cyclo ./COMMON/thirdparty/SEGGER/CONFIG/SEGGER_SYSVIEW_Config_FreeRTOS.d ./COMMON/thirdparty/SEGGER/CONFIG/SEGGER_SYSVIEW_Config_FreeRTOS.o ./COMMON/thirdparty/SEGGER/CONFIG/SEGGER_SYSVIEW_Config_FreeRTOS.su
rm -rf 005_led_notification.elf 005_led_notification.list 005_led_notification.map default.size.stdout
 
14:45:26 **** Build of configuration Debug for project 005_led_notification ****
make -j16 all 
arm-none-eabi-gcc "../Drivers/STM32F4xx_HAL_Driver/Src/stm32f4xx_hal.c" -mcpu=cortex-m4 -std=gnu11 -g3 -DDEBUG -DUSE_HAL_DRIVER -DSTM32F407xx -c -I../Core/Inc -I../Drivers/STM32F4xx_HAL_Driver/Inc -I../Drivers/STM32F4xx_HAL_Driver/Inc/Legacy -I../Drivers/CMSIS/Device/ST/STM32F4xx/Include -I../Drivers/CMSIS/Include -I"C:/Users/nisha/OneDrive/Desktop/stm32f407/freertos/COMMON/thirdparty/rtos/include" -I"C:/Users/nisha/OneDrive/Desktop/stm32f407/freertos/COMMON/thirdparty/rtos/portable/GCC/ARM_CM4F" -I"C:/Users/nisha/OneDrive/Desktop/stm32f407/freertos/COMMON/thirdparty/SEGGER/CONFIG" -I"C:/Users/nisha/OneDrive/Desktop/stm32f407/freertos/COMMON/thirdparty/SEGGER/OS" -I"C:/Users/nisha/OneDrive/Desktop/stm32f407/freertos/COMMON/thirdparty/SEGGER/SEGGER" -O0 -ffunction-sections -fdata-sections -Wall -fstack-usage -fcyclomatic-complexity -MMD -MP -MF"Drivers/STM32F4xx_HAL_Driver/Src/stm32f4xx_hal.d" -MT"Drivers/STM32F4xx_HAL_Driver/Src/stm32f4xx_hal.o" --specs=nano.specs -mfpu=fpv4-sp-d16 -mfloat-abi=hard -mthumb -o "Drivers/STM32F4xx_HAL_Driver/Src/stm32f4xx_hal.o"
arm-none-eabi-gcc "../Drivers/STM32F4xx_HAL_Driver/Src/stm32f4xx_hal_cortex.c" -mcpu=cortex-m4 -std=gnu11 -g3 -DDEBUG -DUSE_HAL_DRIVER -DSTM32F407xx -c -I../Core/Inc -I../Drivers/STM32F4xx_HAL_Driver/Inc -I../Drivers/STM32F4xx_HAL_Driver/Inc/Legacy -I../Drivers/CMSIS/Device/ST/STM32F4xx/Include -I../Drivers/CMSIS/Include -I"C:/Users/nisha/OneDrive/Desktop/stm32f407/freertos/COMMON/thirdparty/rtos/include" -I"C:/Users/nisha/OneDrive/Desktop/stm32f407/freertos/COMMON/thirdparty/rtos/portable/GCC/ARM_CM4F" -I"C:/Users/nisha/OneDrive/Desktop/stm32f407/freertos/COMMON/thirdparty/SEGGER/CONFIG" -I"C:/Users/nisha/OneDrive/Desktop/stm32f407/freertos/COMMON/thirdparty/SEGGER/OS" -I"C:/Users/nisha/OneDrive/Desktop/stm32f407/freertos/COMMON/thirdparty/SEGGER/SEGGER" -O0 -ffunction-sections -fdata-sections -Wall -fstack-usage -fcyclomatic-complexity -MMD -MP -MF"Drivers/STM32F4xx_HAL_Driver/Src/stm32f4xx_hal_cortex.d" -MT"Drivers/STM32F4xx_HAL_Driver/Src/stm32f4xx_hal_cortex.o" --specs=nano.specs -mfpu=fpv4-sp-d16 -mfloat-abi=hard -mthumb -o "Drivers/STM32F4xx_HAL_Driver/Src/stm32f4xx_hal_cortex.o"
arm-none-eabi-gcc "../Drivers/STM32F4xx_HAL_Driver/Src/stm32f4xx_hal_dma.c" -mcpu=cortex-m4 -std=gnu11 -g3 -DDEBUG -DUSE_HAL_DRIVER -DSTM32F407xx -c -I../Core/Inc -I../Drivers/STM32F4xx_HAL_Driver/Inc -I../Drivers/STM32F4xx_HAL_Driver/Inc/Legacy -I../Drivers/CMSIS/Device/ST/STM32F4xx/Include -I../Drivers/CMSIS/Include -I"C:/Users/nisha/OneDrive/Desktop/stm32f407/freertos/COMMON/thirdparty/rtos/include" -I"C:/Users/nisha/OneDrive/Desktop/stm32f407/freertos/COMMON/thirdparty/rtos/portable/GCC/ARM_CM4F" -I"C:/Users/nisha/OneDrive/Desktop/stm32f407/freertos/COMMON/thirdparty/SEGGER/CONFIG" -I"C:/Users/nisha/OneDrive/Desktop/stm32f407/freertos/COMMON/thirdparty/SEGGER/OS" -I"C:/Users/nisha/OneDrive/Desktop/stm32f407/freertos/COMMON/thirdparty/SEGGER/SEGGER" -O0 -ffunction-sections -fdata-sections -Wall -fstack-usage -fcyclomatic-complexity -MMD -MP -MF"Drivers/STM32F4xx_HAL_Driver/Src/stm32f4xx_hal_dma.d" -MT"Drivers/STM32F4xx_HAL_Driver/Src/stm32f4xx_hal_dma.o" --specs=nano.specs -mfpu=fpv4-sp-d16 -mfloat-abi=hard -mthumb -o "Drivers/STM32F4xx_HAL_Driver/Src/stm32f4xx_hal_dma.o"
arm-none-eabi-gcc "../Drivers/STM32F4xx_HAL_Driver/Src/stm32f4xx_hal_dma_ex.c" -mcpu=cortex-m4 -std=gnu11 -g3 -DDEBUG -DUSE_HAL_DRIVER -DSTM32F407xx -c -I../Core/Inc -I../Drivers/STM32F4xx_HAL_Driver/Inc -I../Drivers/STM32F4xx_HAL_Driver/Inc/Legacy -I../Drivers/CMSIS/Device/ST/STM32F4xx/Include -I../Drivers/CMSIS/Include -I"C:/Users/nisha/OneDrive/Desktop/stm32f407/freertos/COMMON/thirdparty/rtos/include" -I"C:/Users/nisha/OneDrive/Desktop/stm32f407/freertos/COMMON/thirdparty/rtos/portable/GCC/ARM_CM4F" -I"C:/Users/nisha/OneDrive/Desktop/stm32f407/freertos/COMMON/thirdparty/SEGGER/CONFIG" -I"C:/Users/nisha/OneDrive/Desktop/stm32f407/freertos/COMMON/thirdparty/SEGGER/OS" -I"C:/Users/nisha/OneDrive/Desktop/stm32f407/freertos/COMMON/thirdparty/SEGGER/SEGGER" -O0 -ffunction-sections -fdata-sections -Wall -fstack-usage -fcyclomatic-complexity -MMD -MP -MF"Drivers/STM32F4xx_HAL_Driver/Src/stm32f4xx_hal_dma_ex.d" -MT"Drivers/STM32F4xx_HAL_Driver/Src/stm32f4xx_hal_dma_ex.o" --specs=nano.specs -mfpu=fpv4-sp-d16 -mfloat-abi=hard -mthumb -o "Drivers/STM32F4xx_HAL_Driver/Src/stm32f4xx_hal_dma_ex.o"
arm-none-eabi-gcc "../Drivers/STM32F4xx_HAL_Driver/Src/stm32f4xx_hal_exti.c" -mcpu=cortex-m4 -std=gnu11 -g3 -DDEBUG -DUSE_HAL_DRIVER -DSTM32F407xx -c -I../Core/Inc -I../Drivers/STM32F4xx_HAL_Driver/Inc -I../Drivers/STM32F4xx_HAL_Driver/Inc/Legacy -I../Drivers/CMSIS/Device/ST/STM32F4xx/Include -I../Drivers/CMSIS/Include -I"C:/Users/nisha/OneDrive/Desktop/stm32f407/freertos/COMMON/thirdparty/rtos/include" -I"C:/Users/nisha/OneDrive/Desktop/stm32f407/freertos/COMMON/thirdparty/rtos/portable/GCC/ARM_CM4F" -I"C:/Users/nisha/OneDrive/Desktop/stm32f407/freertos/COMMON/thirdparty/SEGGER/CONFIG" -I"C:/Users/nisha/OneDrive/Desktop/stm32f407/freertos/COMMON/thirdparty/SEGGER/OS" -I"C:/Users/nisha/OneDrive/Desktop/stm32f407/freertos/COMMON/thirdparty/SEGGER/SEGGER" -O0 -ffunction-sections -fdata-sections -Wall -fstack-usage -fcyclomatic-complexity -MMD -MP -MF"Drivers/STM32F4xx_HAL_Driver/Src/stm32f4xx_hal_exti.d" -MT"Drivers/STM32F4xx_HAL_Driver/Src/stm32f4xx_hal_exti.o" --specs=nano.specs -mfpu=fpv4-sp-d16 -mfloat-abi=hard -mthumb -o "Drivers/STM32F4xx_HAL_Driver/Src/stm32f4xx_hal_exti.o"
arm-none-eabi-gcc "../Drivers/STM32F4xx_HAL_Driver/Src/stm32f4xx_hal_flash.c" -mcpu=cortex-m4 -std=gnu11 -g3 -DDEBUG -DUSE_HAL_DRIVER -DSTM32F407xx -c -I../Core/Inc -I../Drivers/STM32F4xx_HAL_Driver/Inc -I../Drivers/STM32F4xx_HAL_Driver/Inc/Legacy -I../Drivers/CMSIS/Device/ST/STM32F4xx/Include -I../Drivers/CMSIS/Include -I"C:/Users/nisha/OneDrive/Desktop/stm32f407/freertos/COMMON/thirdparty/rtos/include" -I"C:/Users/nisha/OneDrive/Desktop/stm32f407/freertos/COMMON/thirdparty/rtos/portable/GCC/ARM_CM4F" -I"C:/Users/nisha/OneDrive/Desktop/stm32f407/freertos/COMMON/thirdparty/SEGGER/CONFIG" -I"C:/Users/nisha/OneDrive/Desktop/stm32f407/freertos/COMMON/thirdparty/SEGGER/OS" -I"C:/Users/nisha/OneDrive/Desktop/stm32f407/freertos/COMMON/thirdparty/SEGGER/SEGGER" -O0 -ffunction-sections -fdata-sections -Wall -fstack-usage -fcyclomatic-complexity -MMD -MP -MF"Drivers/STM32F4xx_HAL_Driver/Src/stm32f4xx_hal_flash.d" -MT"Drivers/STM32F4xx_HAL_Driver/Src/stm32f4xx_hal_flash.o" --specs=nano.specs -mfpu=fpv4-sp-d16 -mfloat-abi=hard -mthumb -o "Drivers/STM32F4xx_HAL_Driver/Src/stm32f4xx_hal_flash.o"
arm-none-eabi-gcc "../Drivers/STM32F4xx_HAL_Driver/Src/stm32f4xx_hal_flash_ex.c" -mcpu=cortex-m4 -std=gnu11 -g3 -DDEBUG -DUSE_HAL_DRIVER -DSTM32F407xx -c -I../Core/Inc -I../Drivers/STM32F4xx_HAL_Driver/Inc -I../Drivers/STM32F4xx_HAL_Driver/Inc/Legacy -I../Drivers/CMSIS/Device/ST/STM32F4xx/Include -I../Drivers/CMSIS/Include -I"C:/Users/nisha/OneDrive/Desktop/stm32f407/freertos/COMMON/thirdparty/rtos/include" -I"C:/Users/nisha/OneDrive/Desktop/stm32f407/freertos/COMMON/thirdparty/rtos/portable/GCC/ARM_CM4F" -I"C:/Users/nisha/OneDrive/Desktop/stm32f407/freertos/COMMON/thirdparty/SEGGER/CONFIG" -I"C:/Users/nisha/OneDrive/Desktop/stm32f407/freertos/COMMON/thirdparty/SEGGER/OS" -I"C:/Users/nisha/OneDrive/Desktop/stm32f407/freertos/COMMON/thirdparty/SEGGER/SEGGER" -O0 -ffunction-sections -fdata-sections -Wall -fstack-usage -fcyclomatic-complexity -MMD -MP -MF"Drivers/STM32F4xx_HAL_Driver/Src/stm32f4xx_hal_flash_ex.d" -MT"Drivers/STM32F4xx_HAL_Driver/Src/stm32f4xx_hal_flash_ex.o" --specs=nano.specs -mfpu=fpv4-sp-d16 -mfloat-abi=hard -mthumb -o "Drivers/STM32F4xx_HAL_Driver/Src/stm32f4xx_hal_flash_ex.o"
arm-none-eabi-gcc "../Drivers/STM32F4xx_HAL_Driver/Src/stm32f4xx_hal_flash_ramfunc.c" -mcpu=cortex-m4 -std=gnu11 -g3 -DDEBUG -DUSE_HAL_DRIVER -DSTM32F407xx -c -I../Core/Inc -I../Drivers/STM32F4xx_HAL_Driver/Inc -I../Drivers/STM32F4xx_HAL_Driver/Inc/Legacy -I../Drivers/CMSIS/Device/ST/STM32F4xx/Include -I../Drivers/CMSIS/Include -I"C:/Users/nisha/OneDrive/Desktop/stm32f407/freertos/COMMON/thirdparty/rtos/include" -I"C:/Users/nisha/OneDrive/Desktop/stm32f407/freertos/COMMON/thirdparty/rtos/portable/GCC/ARM_CM4F" -I"C:/Users/nisha/OneDrive/Desktop/stm32f407/freertos/COMMON/thirdparty/SEGGER/CONFIG" -I"C:/Users/nisha/OneDrive/Desktop/stm32f407/freertos/COMMON/thirdparty/SEGGER/OS" -I"C:/Users/nisha/OneDrive/Desktop/stm32f407/freertos/COMMON/thirdparty/SEGGER/SEGGER" -O0 -ffunction-sections -fdata-sections -Wall -fstack-usage -fcyclomatic-complexity -MMD -MP -MF"Drivers/STM32F4xx_HAL_Driver/Src/stm32f4xx_hal_flash_ramfunc.d" -MT"Drivers/STM32F4xx_HAL_Driver/Src/stm32f4xx_hal_flash_ramfunc.o" --specs=nano.specs -mfpu=fpv4-sp-d16 -mfloat-abi=hard -mthumb -o "Drivers/STM32F4xx_HAL_Driver/Src/stm32f4xx_hal_flash_ramfunc.o"
arm-none-eabi-gcc "../Drivers/STM32F4xx_HAL_Driver/Src/stm32f4xx_hal_gpio.c" -mcpu=cortex-m4 -std=gnu11 -g3 -DDEBUG -DUSE_HAL_DRIVER -DSTM32F407xx -c -I../Core/Inc -I../Drivers/STM32F4xx_HAL_Driver/Inc -I../Drivers/STM32F4xx_HAL_Driver/Inc/Legacy -I../Drivers/CMSIS/Device/ST/STM32F4xx/Include -I../Drivers/CMSIS/Include -I"C:/Users/nisha/OneDrive/Desktop/stm32f407/freertos/COMMON/thirdparty/rtos/include" -I"C:/Users/nisha/OneDrive/Desktop/stm32f407/freertos/COMMON/thirdparty/rtos/portable/GCC/ARM_CM4F" -I"C:/Users/nisha/OneDrive/Desktop/stm32f407/freertos/COMMON/thirdparty/SEGGER/CONFIG" -I"C:/Users/nisha/OneDrive/Desktop/stm32f407/freertos/COMMON/thirdparty/SEGGER/OS" -I"C:/Users/nisha/OneDrive/Desktop/stm32f407/freertos/COMMON/thirdparty/SEGGER/SEGGER" -O0 -ffunction-sections -fdata-sections -Wall -fstack-usage -fcyclomatic-complexity -MMD -MP -MF"Drivers/STM32F4xx_HAL_Driver/Src/stm32f4xx_hal_gpio.d" -MT"Drivers/STM32F4xx_HAL_Driver/Src/stm32f4xx_hal_gpio.o" --specs=nano.specs -mfpu=fpv4-sp-d16 -mfloat-abi=hard -mthumb -o "Drivers/STM32F4xx_HAL_Driver/Src/stm32f4xx_hal_gpio.o"
arm-none-eabi-gcc "../Drivers/STM32F4xx_HAL_Driver/Src/stm32f4xx_hal_pwr.c" -mcpu=cortex-m4 -std=gnu11 -g3 -DDEBUG -DUSE_HAL_DRIVER -DSTM32F407xx -c -I../Core/Inc -I../Drivers/STM32F4xx_HAL_Driver/Inc -I../Drivers/STM32F4xx_HAL_Driver/Inc/Legacy -I../Drivers/CMSIS/Device/ST/STM32F4xx/Include -I../Drivers/CMSIS/Include -I"C:/Users/nisha/OneDrive/Desktop/stm32f407/freertos/COMMON/thirdparty/rtos/include" -I"C:/Users/nisha/OneDrive/Desktop/stm32f407/freertos/COMMON/thirdparty/rtos/portable/GCC/ARM_CM4F" -I"C:/Users/nisha/OneDrive/Desktop/stm32f407/freertos/COMMON/thirdparty/SEGGER/CONFIG" -I"C:/Users/nisha/OneDrive/Desktop/stm32f407/freertos/COMMON/thirdparty/SEGGER/OS" -I"C:/Users/nisha/OneDrive/Desktop/stm32f407/freertos/COMMON/thirdparty/SEGGER/SEGGER" -O0 -ffunction-sections -fdata-sections -Wall -fstack-usage -fcyclomatic-complexity -MMD -MP -MF"Drivers/STM32F4xx_HAL_Driver/Src/stm32f4xx_hal_pwr.d" -MT"Drivers/STM32F4xx_HAL_Driver/Src/stm32f4xx_hal_pwr.o" --specs=nano.specs -mfpu=fpv4-sp-d16 -mfloat-abi=hard -mthumb -o "Drivers/STM32F4xx_HAL_Driver/Src/stm32f4xx_hal_pwr.o"
arm-none-eabi-gcc "../Drivers/STM32F4xx_HAL_Driver/Src/stm32f4xx_hal_pwr_ex.c" -mcpu=cortex-m4 -std=gnu11 -g3 -DDEBUG -DUSE_HAL_DRIVER -DSTM32F407xx -c -I../Core/Inc -I../Drivers/STM32F4xx_HAL_Driver/Inc -I../Drivers/STM32F4xx_HAL_Driver/Inc/Legacy -I../Drivers/CMSIS/Device/ST/STM32F4xx/Include -I../Drivers/CMSIS/Include -I"C:/Users/nisha/OneDrive/Desktop/stm32f407/freertos/COMMON/thirdparty/rtos/include" -I"C:/Users/nisha/OneDrive/Desktop/stm32f407/freertos/COMMON/thirdparty/rtos/portable/GCC/ARM_CM4F" -I"C:/Users/nisha/OneDrive/Desktop/stm32f407/freertos/COMMON/thirdparty/SEGGER/CONFIG" -I"C:/Users/nisha/OneDrive/Desktop/stm32f407/freertos/COMMON/thirdparty/SEGGER/OS" -I"C:/Users/nisha/OneDrive/Desktop/stm32f407/freertos/COMMON/thirdparty/SEGGER/SEGGER" -O0 -ffunction-sections -fdata-sections -Wall -fstack-usage -fcyclomatic-complexity -MMD -MP -MF"Drivers/STM32F4xx_HAL_Driver/Src/stm32f4xx_hal_pwr_ex.d" -MT"Drivers/STM32F4xx_HAL_Driver/Src/stm32f4xx_hal_pwr_ex.o" --specs=nano.specs -mfpu=fpv4-sp-d16 -mfloat-abi=hard -mthumb -o "Drivers/STM32F4xx_HAL_Driver/Src/stm32f4xx_hal_pwr_ex.o"
arm-none-eabi-gcc "../Drivers/STM32F4xx_HAL_Driver/Src/stm32f4xx_hal_rcc.c" -mcpu=cortex-m4 -std=gnu11 -g3 -DDEBUG -DUSE_HAL_DRIVER -DSTM32F407xx -c -I../Core/Inc -I../Drivers/STM32F4xx_HAL_Driver/Inc -I../Drivers/STM32F4xx_HAL_Driver/Inc/Legacy -I../Drivers/CMSIS/Device/ST/STM32F4xx/Include -I../Drivers/CMSIS/Include -I"C:/Users/nisha/OneDrive/Desktop/stm32f407/freertos/COMMON/thirdparty/rtos/include" -I"C:/Users/nisha/OneDrive/Desktop/stm32f407/freertos/COMMON/thirdparty/rtos/portable/GCC/ARM_CM4F" -I"C:/Users/nisha/OneDrive/Desktop/stm32f407/freertos/COMMON/thirdparty/SEGGER/CONFIG" -I"C:/Users/nisha/OneDrive/Desktop/stm32f407/freertos/COMMON/thirdparty/SEGGER/OS" -I"C:/Users/nisha/OneDrive/Desktop/stm32f407/freertos/COMMON/thirdparty/SEGGER/SEGGER" -O0 -ffunction-sections -fdata-sections -Wall -fstack-usage -fcyclomatic-complexity -MMD -MP -MF"Drivers/STM32F4xx_HAL_Driver/Src/stm32f4xx_hal_rcc.d" -MT"Drivers/STM32F4xx_HAL_Driver/Src/stm32f4xx_hal_rcc.o" --specs=nano.specs -mfpu=fpv4-sp-d16 -mfloat-abi=hard -mthumb -o "Drivers/STM32F4xx_HAL_Driver/Src/stm32f4xx_hal_rcc.o"
arm-none-eabi-gcc "../Drivers/STM32F4xx_HAL_Driver/Src/stm32f4xx_hal_rcc_ex.c" -mcpu=cortex-m4 -std=gnu11 -g3 -DDEBUG -DUSE_HAL_DRIVER -DSTM32F407xx -c -I../Core/Inc -I../Drivers/STM32F4xx_HAL_Driver/Inc -I../Drivers/STM32F4xx_HAL_Driver/Inc/Legacy -I../Drivers/CMSIS/Device/ST/STM32F4xx/Include -I../Drivers/CMSIS/Include -I"C:/Users/nisha/OneDrive/Desktop/stm32f407/freertos/COMMON/thirdparty/rtos/include" -I"C:/Users/nisha/OneDrive/Desktop/stm32f407/freertos/COMMON/thirdparty/rtos/portable/GCC/ARM_CM4F" -I"C:/Users/nisha/OneDrive/Desktop/stm32f407/freertos/COMMON/thirdparty/SEGGER/CONFIG" -I"C:/Users/nisha/OneDrive/Desktop/stm32f407/freertos/COMMON/thirdparty/SEGGER/OS" -I"C:/Users/nisha/OneDrive/Desktop/stm32f407/freertos/COMMON/thirdparty/SEGGER/SEGGER" -O0 -ffunction-sections -fdata-sections -Wall -fstack-usage -fcyclomatic-complexity -MMD -MP -MF"Drivers/STM32F4xx_HAL_Driver/Src/stm32f4xx_hal_rcc_ex.d" -MT"Drivers/STM32F4xx_HAL_Driver/Src/stm32f4xx_hal_rcc_ex.o" --specs=nano.specs -mfpu=fpv4-sp-d16 -mfloat-abi=hard -mthumb -o "Drivers/STM32F4xx_HAL_Driver/Src/stm32f4xx_hal_rcc_ex.o"
arm-none-eabi-gcc "../Drivers/STM32F4xx_HAL_Driver/Src/stm32f4xx_hal_tim.c" -mcpu=cortex-m4 -std=gnu11 -g3 -DDEBUG -DUSE_HAL_DRIVER -DSTM32F407xx -c -I../Core/Inc -I../Drivers/STM32F4xx_HAL_Driver/Inc -I../Drivers/STM32F4xx_HAL_Driver/Inc/Legacy -I../Drivers/CMSIS/Device/ST/STM32F4xx/Include -I../Drivers/CMSIS/Include -I"C:/Users/nisha/OneDrive/Desktop/stm32f407/freertos/COMMON/thirdparty/rtos/include" -I"C:/Users/nisha/OneDrive/Desktop/stm32f407/freertos/COMMON/thirdparty/rtos/portable/GCC/ARM_CM4F" -I"C:/Users/nisha/OneDrive/Desktop/stm32f407/freertos/COMMON/thirdparty/SEGGER/CONFIG" -I"C:/Users/nisha/OneDrive/Desktop/stm32f407/freertos/COMMON/thirdparty/SEGGER/OS" -I"C:/Users/nisha/OneDrive/Desktop/stm32f407/freertos/COMMON/thirdparty/SEGGER/SEGGER" -O0 -ffunction-sections -fdata-sections -Wall -fstack-usage -fcyclomatic-complexity -MMD -MP -MF"Drivers/STM32F4xx_HAL_Driver/Src/stm32f4xx_hal_tim.d" -MT"Drivers/STM32F4xx_HAL_Driver/Src/stm32f4xx_hal_tim.o" --specs=nano.specs -mfpu=fpv4-sp-d16 -mfloat-abi=hard -mthumb -o "Drivers/STM32F4xx_HAL_Driver/Src/stm32f4xx_hal_tim.o"
arm-none-eabi-gcc "../Drivers/STM32F4xx_HAL_Driver/Src/stm32f4xx_hal_tim_ex.c" -mcpu=cortex-m4 -std=gnu11 -g3 -DDEBUG -DUSE_HAL_DRIVER -DSTM32F407xx -c -I../Core/Inc -I../Drivers/STM32F4xx_HAL_Driver/Inc -I../Drivers/STM32F4xx_HAL_Driver/Inc/Legacy -I../Drivers/CMSIS/Device/ST/STM32F4xx/Include -I../Drivers/CMSIS/Include -I"C:/Users/nisha/OneDrive/Desktop/stm32f407/freertos/COMMON/thirdparty/rtos/include" -I"C:/Users/nisha/OneDrive/Desktop/stm32f407/freertos/COMMON/thirdparty/rtos/portable/GCC/ARM_CM4F" -I"C:/Users/nisha/OneDrive/Desktop/stm32f407/freertos/COMMON/thirdparty/SEGGER/CONFIG" -I"C:/Users/nisha/OneDrive/Desktop/stm32f407/freertos/COMMON/thirdparty/SEGGER/OS" -I"C:/Users/nisha/OneDrive/Desktop/stm32f407/freertos/COMMON/thirdparty/SEGGER/SEGGER" -O0 -ffunction-sections -fdata-sections -Wall -fstack-usage -fcyclomatic-complexity -MMD -MP -MF"Drivers/STM32F4xx_HAL_Driver/Src/stm32f4xx_hal_tim_ex.d" -MT"Drivers/STM32F4xx_HAL_Driver/Src/stm32f4xx_hal_tim_ex.o" --specs=nano.specs -mfpu=fpv4-sp-d16 -mfloat-abi=hard -mthumb -o "Drivers/STM32F4xx_HAL_Driver/Src/stm32f4xx_hal_tim_ex.o"
arm-none-eabi-gcc -mcpu=cortex-m4 -g3 -DDEBUG -c -I"C:/Users/nisha/OneDrive/Desktop/stm32f407/freertos/COMMON/thirdparty/SEGGER/CONFIG" -I"C:/Users/nisha/OneDrive/Desktop/stm32f407/freertos/COMMON/thirdparty/SEGGER/SEGGER" -x assembler-with-cpp -MMD -MP -MF"Core/Startup/startup_stm32f407vgtx.d" -MT"Core/Startup/startup_stm32f407vgtx.o" --specs=nano.specs -mfpu=fpv4-sp-d16 -mfloat-abi=hard -mthumb -o "Core/Startup/startup_stm32f407vgtx.o" "../Core/Startup/startup_stm32f407vgtx.s"
arm-none-eabi-gcc "../Core/Src/main.c" -mcpu=cortex-m4 -std=gnu11 -g3 -DDEBUG -DUSE_HAL_DRIVER -DSTM32F407xx -c -I../Core/Inc -I../Drivers/STM32F4xx_HAL_Driver/Inc -I../Drivers/STM32F4xx_HAL_Driver/Inc/Legacy -I../Drivers/CMSIS/Device/ST/STM32F4xx/Include -I../Drivers/CMSIS/Include -I"C:/Users/nisha/OneDrive/Desktop/stm32f407/freertos/COMMON/thirdparty/rtos/include" -I"C:/Users/nisha/OneDrive/Desktop/stm32f407/freertos/COMMON/thirdparty/rtos/portable/GCC/ARM_CM4F" -I"C:/Users/nisha/OneDrive/Desktop/stm32f407/freertos/COMMON/thirdparty/SEGGER/CONFIG" -I"C:/Users/nisha/OneDrive/Desktop/stm32f407/freertos/COMMON/thirdparty/SEGGER/OS" -I"C:/Users/nisha/OneDrive/Desktop/stm32f407/freertos/COMMON/thirdparty/SEGGER/SEGGER" -O0 -ffunction-sections -fdata-sections -Wall -fstack-usage -fcyclomatic-complexity -MMD -MP -MF"Core/Src/main.d" -MT"Core/Src/main.o" --specs=nano.specs -mfpu=fpv4-sp-d16 -mfloat-abi=hard -mthumb -o "Core/Src/main.o"
arm-none-eabi-gcc "../Core/Src/stm32f4xx_hal_msp.c" -mcpu=cortex-m4 -std=gnu11 -g3 -DDEBUG -DUSE_HAL_DRIVER -DSTM32F407xx -c -I../Core/Inc -I../Drivers/STM32F4xx_HAL_Driver/Inc -I../Drivers/STM32F4xx_HAL_Driver/Inc/Legacy -I../Drivers/CMSIS/Device/ST/STM32F4xx/Include -I../Drivers/CMSIS/Include -I"C:/Users/nisha/OneDrive/Desktop/stm32f407/freertos/COMMON/thirdparty/rtos/include" -I"C:/Users/nisha/OneDrive/Desktop/stm32f407/freertos/COMMON/thirdparty/rtos/portable/GCC/ARM_CM4F" -I"C:/Users/nisha/OneDrive/Desktop/stm32f407/freertos/COMMON/thirdparty/SEGGER/CONFIG" -I"C:/Users/nisha/OneDrive/Desktop/stm32f407/freertos/COMMON/thirdparty/SEGGER/OS" -I"C:/Users/nisha/OneDrive/Desktop/stm32f407/freertos/COMMON/thirdparty/SEGGER/SEGGER" -O0 -ffunction-sections -fdata-sections -Wall -fstack-usage -fcyclomatic-complexity -MMD -MP -MF"Core/Src/stm32f4xx_hal_msp.d" -MT"Core/Src/stm32f4xx_hal_msp.o" --specs=nano.specs -mfpu=fpv4-sp-d16 -mfloat-abi=hard -mthumb -o "Core/Src/stm32f4xx_hal_msp.o"
arm-none-eabi-gcc "../Core/Src/stm32f4xx_hal_timebase_tim.c" -mcpu=cortex-m4 -std=gnu11 -g3 -DDEBUG -DUSE_HAL_DRIVER -DSTM32F407xx -c -I../Core/Inc -I../Drivers/STM32F4xx_HAL_Driver/Inc -I../Drivers/STM32F4xx_HAL_Driver/Inc/Legacy -I../Drivers/CMSIS/Device/ST/STM32F4xx/Include -I../Drivers/CMSIS/Include -I"C:/Users/nisha/OneDrive/Desktop/stm32f407/freertos/COMMON/thirdparty/rtos/include" -I"C:/Users/nisha/OneDrive/Desktop/stm32f407/freertos/COMMON/thirdparty/rtos/portable/GCC/ARM_CM4F" -I"C:/Users/nisha/OneDrive/Desktop/stm32f407/freertos/COMMON/thirdparty/SEGGER/CONFIG" -I"C:/Users/nisha/OneDrive/Desktop/stm32f407/freertos/COMMON/thirdparty/SEGGER/OS" -I"C:/Users/nisha/OneDrive/Desktop/stm32f407/freertos/COMMON/thirdparty/SEGGER/SEGGER" -O0 -ffunction-sections -fdata-sections -Wall -fstack-usage -fcyclomatic-complexity -MMD -MP -MF"Core/Src/stm32f4xx_hal_timebase_tim.d" -MT"Core/Src/stm32f4xx_hal_timebase_tim.o" --specs=nano.specs -mfpu=fpv4-sp-d16 -mfloat-abi=hard -mthumb -o "Core/Src/stm32f4xx_hal_timebase_tim.o"
arm-none-eabi-gcc "../Core/Src/stm32f4xx_it.c" -mcpu=cortex-m4 -std=gnu11 -g3 -DDEBUG -DUSE_HAL_DRIVER -DSTM32F407xx -c -I../Core/Inc -I../Drivers/STM32F4xx_HAL_Driver/Inc -I../Drivers/STM32F4xx_HAL_Driver/Inc/Legacy -I../Drivers/CMSIS/Device/ST/STM32F4xx/Include -I../Drivers/CMSIS/Include -I"C:/Users/nisha/OneDrive/Desktop/stm32f407/freertos/COMMON/thirdparty/rtos/include" -I"C:/Users/nisha/OneDrive/Desktop/stm32f407/freertos/COMMON/thirdparty/rtos/portable/GCC/ARM_CM4F" -I"C:/Users/nisha/OneDrive/Desktop/stm32f407/freertos/COMMON/thirdparty/SEGGER/CONFIG" -I"C:/Users/nisha/OneDrive/Desktop/stm32f407/freertos/COMMON/thirdparty/SEGGER/OS" -I"C:/Users/nisha/OneDrive/Desktop/stm32f407/freertos/COMMON/thirdparty/SEGGER/SEGGER" -O0 -ffunction-sections -fdata-sections -Wall -fstack-usage -fcyclomatic-complexity -MMD -MP -MF"Core/Src/stm32f4xx_it.d" -MT"Core/Src/stm32f4xx_it.o" --specs=nano.specs -mfpu=fpv4-sp-d16 -mfloat-abi=hard -mthumb -o "Core/Src/stm32f4xx_it.o"
arm-none-eabi-gcc "../Core/Src/syscalls.c" -mcpu=cortex-m4 -std=gnu11 -g3 -DDEBUG -DUSE_HAL_DRIVER -DSTM32F407xx -c -I../Core/Inc -I../Drivers/STM32F4xx_HAL_Driver/Inc -I../Drivers/STM32F4xx_HAL_Driver/Inc/Legacy -I../Drivers/CMSIS/Device/ST/STM32F4xx/Include -I../Drivers/CMSIS/Include -I"C:/Users/nisha/OneDrive/Desktop/stm32f407/freertos/COMMON/thirdparty/rtos/include" -I"C:/Users/nisha/OneDrive/Desktop/stm32f407/freertos/COMMON/thirdparty/rtos/portable/GCC/ARM_CM4F" -I"C:/Users/nisha/OneDrive/Desktop/stm32f407/freertos/COMMON/thirdparty/SEGGER/CONFIG" -I"C:/Users/nisha/OneDrive/Desktop/stm32f407/freertos/COMMON/thirdparty/SEGGER/OS" -I"C:/Users/nisha/OneDrive/Desktop/stm32f407/freertos/COMMON/thirdparty/SEGGER/SEGGER" -O0 -ffunction-sections -fdata-sections -Wall -fstack-usage -fcyclomatic-complexity -MMD -MP -MF"Core/Src/syscalls.d" -MT"Core/Src/syscalls.o" --specs=nano.specs -mfpu=fpv4-sp-d16 -mfloat-abi=hard -mthumb -o "Core/Src/syscalls.o"
arm-none-eabi-gcc "../Core/Src/sysmem.c" -mcpu=cortex-m4 -std=gnu11 -g3 -DDEBUG -DUSE_HAL_DRIVER -DSTM32F407xx -c -I../Core/Inc -I../Drivers/STM32F4xx_HAL_Driver/Inc -I../Drivers/STM32F4xx_HAL_Driver/Inc/Legacy -I../Drivers/CMSIS/Device/ST/STM32F4xx/Include -I../Drivers/CMSIS/Include -I"C:/Users/nisha/OneDrive/Desktop/stm32f407/freertos/COMMON/thirdparty/rtos/include" -I"C:/Users/nisha/OneDrive/Desktop/stm32f407/freertos/COMMON/thirdparty/rtos/portable/GCC/ARM_CM4F" -I"C:/Users/nisha/OneDrive/Desktop/stm32f407/freertos/COMMON/thirdparty/SEGGER/CONFIG" -I"C:/Users/nisha/OneDrive/Desktop/stm32f407/freertos/COMMON/thirdparty/SEGGER/OS" -I"C:/Users/nisha/OneDrive/Desktop/stm32f407/freertos/COMMON/thirdparty/SEGGER/SEGGER" -O0 -ffunction-sections -fdata-sections -Wall -fstack-usage -fcyclomatic-complexity -MMD -MP -MF"Core/Src/sysmem.d" -MT"Core/Src/sysmem.o" --specs=nano.specs -mfpu=fpv4-sp-d16 -mfloat-abi=hard -mthumb -o "Core/Src/sysmem.o"
arm-none-eabi-gcc "../Core/Src/system_stm32f4xx.c" -mcpu=cortex-m4 -std=gnu11 -g3 -DDEBUG -DUSE_HAL_DRIVER -DSTM32F407xx -c -I../Core/Inc -I../Drivers/STM32F4xx_HAL_Driver/Inc -I../Drivers/STM32F4xx_HAL_Driver/Inc/Legacy -I../Drivers/CMSIS/Device/ST/STM32F4xx/Include -I../Drivers/CMSIS/Include -I"C:/Users/nisha/OneDrive/Desktop/stm32f407/freertos/COMMON/thirdparty/rtos/include" -I"C:/Users/nisha/OneDrive/Desktop/stm32f407/freertos/COMMON/thirdparty/rtos/portable/GCC/ARM_CM4F" -I"C:/Users/nisha/OneDrive/Desktop/stm32f407/freertos/COMMON/thirdparty/SEGGER/CONFIG" -I"C:/Users/nisha/OneDrive/Desktop/stm32f407/freertos/COMMON/thirdparty/SEGGER/OS" -I"C:/Users/nisha/OneDrive/Desktop/stm32f407/freertos/COMMON/thirdparty/SEGGER/SEGGER" -O0 -ffunction-sections -fdata-sections -Wall -fstack-usage -fcyclomatic-complexity -MMD -MP -MF"Core/Src/system_stm32f4xx.d" -MT"Core/Src/system_stm32f4xx.o" --specs=nano.specs -mfpu=fpv4-sp-d16 -mfloat-abi=hard -mthumb -o "Core/Src/system_stm32f4xx.o"
arm-none-eabi-gcc "C:/Users/nisha/OneDrive/Desktop/stm32f407/freertos/COMMON/thirdparty/rtos/portable/MemMang/heap_4.c" -mcpu=cortex-m4 -std=gnu11 -g3 -DDEBUG -DUSE_HAL_DRIVER -DSTM32F407xx -c -I../Core/Inc -I../Drivers/STM32F4xx_HAL_Driver/Inc -I../Drivers/STM32F4xx_HAL_Driver/Inc/Legacy -I../Drivers/CMSIS/Device/ST/STM32F4xx/Include -I../Drivers/CMSIS/Include -I"C:/Users/nisha/OneDrive/Desktop/stm32f407/freertos/COMMON/thirdparty/rtos/include" -I"C:/Users/nisha/OneDrive/Desktop/stm32f407/freertos/COMMON/thirdparty/rtos/portable/GCC/ARM_CM4F" -I"C:/Users/nisha/OneDrive/Desktop/stm32f407/freertos/COMMON/thirdparty/SEGGER/CONFIG" -I"C:/Users/nisha/OneDrive/Desktop/stm32f407/freertos/COMMON/thirdparty/SEGGER/OS" -I"C:/Users/nisha/OneDrive/Desktop/stm32f407/freertos/COMMON/thirdparty/SEGGER/SEGGER" -O0 -ffunction-sections -fdata-sections -Wall -fstack-usage -fcyclomatic-complexity -MMD -MP -MF"COMMON/thirdparty/rtos/portable/MemMang/heap_4.d" -MT"COMMON/thirdparty/rtos/portable/MemMang/heap_4.o" --specs=nano.specs -mfpu=fpv4-sp-d16 -mfloat-abi=hard -mthumb -o "COMMON/thirdparty/rtos/portable/MemMang/heap_4.o"
arm-none-eabi-gcc "C:/Users/nisha/OneDrive/Desktop/stm32f407/freertos/COMMON/thirdparty/rtos/portable/GCC/ARM_CM4F/port.c" -mcpu=cortex-m4 -std=gnu11 -g3 -DDEBUG -DUSE_HAL_DRIVER -DSTM32F407xx -c -I../Core/Inc -I../Drivers/STM32F4xx_HAL_Driver/Inc -I../Drivers/STM32F4xx_HAL_Driver/Inc/Legacy -I../Drivers/CMSIS/Device/ST/STM32F4xx/Include -I../Drivers/CMSIS/Include -I"C:/Users/nisha/OneDrive/Desktop/stm32f407/freertos/COMMON/thirdparty/rtos/include" -I"C:/Users/nisha/OneDrive/Desktop/stm32f407/freertos/COMMON/thirdparty/rtos/portable/GCC/ARM_CM4F" -I"C:/Users/nisha/OneDrive/Desktop/stm32f407/freertos/COMMON/thirdparty/SEGGER/CONFIG" -I"C:/Users/nisha/OneDrive/Desktop/stm32f407/freertos/COMMON/thirdparty/SEGGER/OS" -I"C:/Users/nisha/OneDrive/Desktop/stm32f407/freertos/COMMON/thirdparty/SEGGER/SEGGER" -O0 -ffunction-sections -fdata-sections -Wall -fstack-usage -fcyclomatic-complexity -MMD -MP -MF"COMMON/thirdparty/rtos/portable/GCC/ARM_CM4F/port.d" -MT"COMMON/thirdparty/rtos/portable/GCC/ARM_CM4F/port.o" --specs=nano.specs -mfpu=fpv4-sp-d16 -mfloat-abi=hard -mthumb -o "COMMON/thirdparty/rtos/portable/GCC/ARM_CM4F/port.o"
arm-none-eabi-gcc "C:/Users/nisha/OneDrive/Desktop/stm32f407/freertos/COMMON/thirdparty/rtos/croutine.c" -mcpu=cortex-m4 -std=gnu11 -g3 -DDEBUG -DUSE_HAL_DRIVER -DSTM32F407xx -c -I../Core/Inc -I../Drivers/STM32F4xx_HAL_Driver/Inc -I../Drivers/STM32F4xx_HAL_Driver/Inc/Legacy -I../Drivers/CMSIS/Device/ST/STM32F4xx/Include -I../Drivers/CMSIS/Include -I"C:/Users/nisha/OneDrive/Desktop/stm32f407/freertos/COMMON/thirdparty/rtos/include" -I"C:/Users/nisha/OneDrive/Desktop/stm32f407/freertos/COMMON/thirdparty/rtos/portable/GCC/ARM_CM4F" -I"C:/Users/nisha/OneDrive/Desktop/stm32f407/freertos/COMMON/thirdparty/SEGGER/CONFIG" -I"C:/Users/nisha/OneDrive/Desktop/stm32f407/freertos/COMMON/thirdparty/SEGGER/OS" -I"C:/Users/nisha/OneDrive/Desktop/stm32f407/freertos/COMMON/thirdparty/SEGGER/SEGGER" -O0 -ffunction-sections -fdata-sections -Wall -fstack-usage -fcyclomatic-complexity -MMD -MP -MF"COMMON/thirdparty/rtos/croutine.d" -MT"COMMON/thirdparty/rtos/croutine.o" --specs=nano.specs -mfpu=fpv4-sp-d16 -mfloat-abi=hard -mthumb -o "COMMON/thirdparty/rtos/croutine.o"
arm-none-eabi-gcc "C:/Users/nisha/OneDrive/Desktop/stm32f407/freertos/COMMON/thirdparty/rtos/event_groups.c" -mcpu=cortex-m4 -std=gnu11 -g3 -DDEBUG -DUSE_HAL_DRIVER -DSTM32F407xx -c -I../Core/Inc -I../Drivers/STM32F4xx_HAL_Driver/Inc -I../Drivers/STM32F4xx_HAL_Driver/Inc/Legacy -I../Drivers/CMSIS/Device/ST/STM32F4xx/Include -I../Drivers/CMSIS/Include -I"C:/Users/nisha/OneDrive/Desktop/stm32f407/freertos/COMMON/thirdparty/rtos/include" -I"C:/Users/nisha/OneDrive/Desktop/stm32f407/freertos/COMMON/thirdparty/rtos/portable/GCC/ARM_CM4F" -I"C:/Users/nisha/OneDrive/Desktop/stm32f407/freertos/COMMON/thirdparty/SEGGER/CONFIG" -I"C:/Users/nisha/OneDrive/Desktop/stm32f407/freertos/COMMON/thirdparty/SEGGER/OS" -I"C:/Users/nisha/OneDrive/Desktop/stm32f407/freertos/COMMON/thirdparty/SEGGER/SEGGER" -O0 -ffunction-sections -fdata-sections -Wall -fstack-usage -fcyclomatic-complexity -MMD -MP -MF"COMMON/thirdparty/rtos/event_groups.d" -MT"COMMON/thirdparty/rtos/event_groups.o" --specs=nano.specs -mfpu=fpv4-sp-d16 -mfloat-abi=hard -mthumb -o "COMMON/thirdparty/rtos/event_groups.o"
arm-none-eabi-gcc "C:/Users/nisha/OneDrive/Desktop/stm32f407/freertos/COMMON/thirdparty/rtos/list.c" -mcpu=cortex-m4 -std=gnu11 -g3 -DDEBUG -DUSE_HAL_DRIVER -DSTM32F407xx -c -I../Core/Inc -I../Drivers/STM32F4xx_HAL_Driver/Inc -I../Drivers/STM32F4xx_HAL_Driver/Inc/Legacy -I../Drivers/CMSIS/Device/ST/STM32F4xx/Include -I../Drivers/CMSIS/Include -I"C:/Users/nisha/OneDrive/Desktop/stm32f407/freertos/COMMON/thirdparty/rtos/include" -I"C:/Users/nisha/OneDrive/Desktop/stm32f407/freertos/COMMON/thirdparty/rtos/portable/GCC/ARM_CM4F" -I"C:/Users/nisha/OneDrive/Desktop/stm32f407/freertos/COMMON/thirdparty/SEGGER/CONFIG" -I"C:/Users/nisha/OneDrive/Desktop/stm32f407/freertos/COMMON/thirdparty/SEGGER/OS" -I"C:/Users/nisha/OneDrive/Desktop/stm32f407/freertos/COMMON/thirdparty/SEGGER/SEGGER" -O0 -ffunction-sections -fdata-sections -Wall -fstack-usage -fcyclomatic-complexity -MMD -MP -MF"COMMON/thirdparty/rtos/list.d" -MT"COMMON/thirdparty/rtos/list.o" --specs=nano.specs -mfpu=fpv4-sp-d16 -mfloat-abi=hard -mthumb -o "COMMON/thirdparty/rtos/list.o"
arm-none-eabi-gcc "C:/Users/nisha/OneDrive/Desktop/stm32f407/freertos/COMMON/thirdparty/rtos/queue.c" -mcpu=cortex-m4 -std=gnu11 -g3 -DDEBUG -DUSE_HAL_DRIVER -DSTM32F407xx -c -I../Core/Inc -I../Drivers/STM32F4xx_HAL_Driver/Inc -I../Drivers/STM32F4xx_HAL_Driver/Inc/Legacy -I../Drivers/CMSIS/Device/ST/STM32F4xx/Include -I../Drivers/CMSIS/Include -I"C:/Users/nisha/OneDrive/Desktop/stm32f407/freertos/COMMON/thirdparty/rtos/include" -I"C:/Users/nisha/OneDrive/Desktop/stm32f407/freertos/COMMON/thirdparty/rtos/portable/GCC/ARM_CM4F" -I"C:/Users/nisha/OneDrive/Desktop/stm32f407/freertos/COMMON/thirdparty/SEGGER/CONFIG" -I"C:/Users/nisha/OneDrive/Desktop/stm32f407/freertos/COMMON/thirdparty/SEGGER/OS" -I"C:/Users/nisha/OneDrive/Desktop/stm32f407/freertos/COMMON/thirdparty/SEGGER/SEGGER" -O0 -ffunction-sections -fdata-sections -Wall -fstack-usage -fcyclomatic-complexity -MMD -MP -MF"COMMON/thirdparty/rtos/queue.d" -MT"COMMON/thirdparty/rtos/queue.o" --specs=nano.specs -mfpu=fpv4-sp-d16 -mfloat-abi=hard -mthumb -o "COMMON/thirdparty/rtos/queue.o"
arm-none-eabi-gcc "C:/Users/nisha/OneDrive/Desktop/stm32f407/freertos/COMMON/thirdparty/rtos/stream_buffer.c" -mcpu=cortex-m4 -std=gnu11 -g3 -DDEBUG -DUSE_HAL_DRIVER -DSTM32F407xx -c -I../Core/Inc -I../Drivers/STM32F4xx_HAL_Driver/Inc -I../Drivers/STM32F4xx_HAL_Driver/Inc/Legacy -I../Drivers/CMSIS/Device/ST/STM32F4xx/Include -I../Drivers/CMSIS/Include -I"C:/Users/nisha/OneDrive/Desktop/stm32f407/freertos/COMMON/thirdparty/rtos/include" -I"C:/Users/nisha/OneDrive/Desktop/stm32f407/freertos/COMMON/thirdparty/rtos/portable/GCC/ARM_CM4F" -I"C:/Users/nisha/OneDrive/Desktop/stm32f407/freertos/COMMON/thirdparty/SEGGER/CONFIG" -I"C:/Users/nisha/OneDrive/Desktop/stm32f407/freertos/COMMON/thirdparty/SEGGER/OS" -I"C:/Users/nisha/OneDrive/Desktop/stm32f407/freertos/COMMON/thirdparty/SEGGER/SEGGER" -O0 -ffunction-sections -fdata-sections -Wall -fstack-usage -fcyclomatic-complexity -MMD -MP -MF"COMMON/thirdparty/rtos/stream_buffer.d" -MT"COMMON/thirdparty/rtos/stream_buffer.o" --specs=nano.specs -mfpu=fpv4-sp-d16 -mfloat-abi=hard -mthumb -o "COMMON/thirdparty/rtos/stream_buffer.o"
arm-none-eabi-gcc "C:/Users/nisha/OneDrive/Desktop/stm32f407/freertos/COMMON/thirdparty/rtos/tasks.c" -mcpu=cortex-m4 -std=gnu11 -g3 -DDEBUG -DUSE_HAL_DRIVER -DSTM32F407xx -c -I../Core/Inc -I../Drivers/STM32F4xx_HAL_Driver/Inc -I../Drivers/STM32F4xx_HAL_Driver/Inc/Legacy -I../Drivers/CMSIS/Device/ST/STM32F4xx/Include -I../Drivers/CMSIS/Include -I"C:/Users/nisha/OneDrive/Desktop/stm32f407/freertos/COMMON/thirdparty/rtos/include" -I"C:/Users/nisha/OneDrive/Desktop/stm32f407/freertos/COMMON/thirdparty/rtos/portable/GCC/ARM_CM4F" -I"C:/Users/nisha/OneDrive/Desktop/stm32f407/freertos/COMMON/thirdparty/SEGGER/CONFIG" -I"C:/Users/nisha/OneDrive/Desktop/stm32f407/freertos/COMMON/thirdparty/SEGGER/OS" -I"C:/Users/nisha/OneDrive/Desktop/stm32f407/freertos/COMMON/thirdparty/SEGGER/SEGGER" -O0 -ffunction-sections -fdata-sections -Wall -fstack-usage -fcyclomatic-complexity -MMD -MP -MF"COMMON/thirdparty/rtos/tasks.d" -MT"COMMON/thirdparty/rtos/tasks.o" --specs=nano.specs -mfpu=fpv4-sp-d16 -mfloat-abi=hard -mthumb -o "COMMON/thirdparty/rtos/tasks.o"
arm-none-eabi-gcc "C:/Users/nisha/OneDrive/Desktop/stm32f407/freertos/COMMON/thirdparty/rtos/timers.c" -mcpu=cortex-m4 -std=gnu11 -g3 -DDEBUG -DUSE_HAL_DRIVER -DSTM32F407xx -c -I../Core/Inc -I../Drivers/STM32F4xx_HAL_Driver/Inc -I../Drivers/STM32F4xx_HAL_Driver/Inc/Legacy -I../Drivers/CMSIS/Device/ST/STM32F4xx/Include -I../Drivers/CMSIS/Include -I"C:/Users/nisha/OneDrive/Desktop/stm32f407/freertos/COMMON/thirdparty/rtos/include" -I"C:/Users/nisha/OneDrive/Desktop/stm32f407/freertos/COMMON/thirdparty/rtos/portable/GCC/ARM_CM4F" -I"C:/Users/nisha/OneDrive/Desktop/stm32f407/freertos/COMMON/thirdparty/SEGGER/CONFIG" -I"C:/Users/nisha/OneDrive/Desktop/stm32f407/freertos/COMMON/thirdparty/SEGGER/OS" -I"C:/Users/nisha/OneDrive/Desktop/stm32f407/freertos/COMMON/thirdparty/SEGGER/SEGGER" -O0 -ffunction-sections -fdata-sections -Wall -fstack-usage -fcyclomatic-complexity -MMD -MP -MF"COMMON/thirdparty/rtos/timers.d" -MT"COMMON/thirdparty/rtos/timers.o" --specs=nano.specs -mfpu=fpv4-sp-d16 -mfloat-abi=hard -mthumb -o "COMMON/thirdparty/rtos/timers.o"
arm-none-eabi-gcc "C:/Users/nisha/OneDrive/Desktop/stm32f407/freertos/COMMON/thirdparty/SEGGER/segger_uart/segger_uart.c" -mcpu=cortex-m4 -std=gnu11 -g3 -DDEBUG -DUSE_HAL_DRIVER -DSTM32F407xx -c -I../Core/Inc -I../Drivers/STM32F4xx_HAL_Driver/Inc -I../Drivers/STM32F4xx_HAL_Driver/Inc/Legacy -I../Drivers/CMSIS/Device/ST/STM32F4xx/Include -I../Drivers/CMSIS/Include -I"C:/Users/nisha/OneDrive/Desktop/stm32f407/freertos/COMMON/thirdparty/rtos/include" -I"C:/Users/nisha/OneDrive/Desktop/stm32f407/freertos/COMMON/thirdparty/rtos/portable/GCC/ARM_CM4F" -I"C:/Users/nisha/OneDrive/Desktop/stm32f407/freertos/COMMON/thirdparty/SEGGER/CONFIG" -I"C:/Users/nisha/OneDrive/Desktop/stm32f407/freertos/COMMON/thirdparty/SEGGER/OS" -I"C:/Users/nisha/OneDrive/Desktop/stm32f407/freertos/COMMON/thirdparty/SEGGER/SEGGER" -O0 -ffunction-sections -fdata-sections -Wall -fstack-usage -fcyclomatic-complexity -MMD -MP -MF"COMMON/thirdparty/SEGGER/segger_uart/segger_uart.d" -MT"COMMON/thirdparty/SEGGER/segger_uart/segger_uart.o" --specs=nano.specs -mfpu=fpv4-sp-d16 -mfloat-abi=hard -mthumb -o "COMMON/thirdparty/SEGGER/segger_uart/segger_uart.o"
arm-none-eabi-gcc "C:/Users/nisha/OneDrive/Desktop/stm32f407/freertos/COMMON/thirdparty/SEGGER/SEGGER/Syscalls/SEGGER_RTT_Syscalls_GCC.c" -mcpu=cortex-m4 -std=gnu11 -g3 -DDEBUG -DUSE_HAL_DRIVER -DSTM32F407xx -c -I../Core/Inc -I../Drivers/STM32F4xx_HAL_Driver/Inc -I../Drivers/STM32F4xx_HAL_Driver/Inc/Legacy -I../Drivers/CMSIS/Device/ST/STM32F4xx/Include -I../Drivers/CMSIS/Include -I"C:/Users/nisha/OneDrive/Desktop/stm32f407/freertos/COMMON/thirdparty/rtos/include" -I"C:/Users/nisha/OneDrive/Desktop/stm32f407/freertos/COMMON/thirdparty/rtos/portable/GCC/ARM_CM4F" -I"C:/Users/nisha/OneDrive/Desktop/stm32f407/freertos/COMMON/thirdparty/SEGGER/CONFIG" -I"C:/Users/nisha/OneDrive/Desktop/stm32f407/freertos/COMMON/thirdparty/SEGGER/OS" -I"C:/Users/nisha/OneDrive/Desktop/stm32f407/freertos/COMMON/thirdparty/SEGGER/SEGGER" -O0 -ffunction-sections -fdata-sections -Wall -fstack-usage -fcyclomatic-complexity -MMD -MP -MF"COMMON/thirdparty/SEGGER/SEGGER/Syscalls/SEGGER_RTT_Syscalls_GCC.d" -MT"COMMON/thirdparty/SEGGER/SEGGER/Syscalls/SEGGER_RTT_Syscalls_GCC.o" --specs=nano.specs -mfpu=fpv4-sp-d16 -mfloat-abi=hard -mthumb -o "COMMON/thirdparty/SEGGER/SEGGER/Syscalls/SEGGER_RTT_Syscalls_GCC.o"
arm-none-eabi-gcc "C:/Users/nisha/OneDrive/Desktop/stm32f407/freertos/COMMON/thirdparty/SEGGER/SEGGER/SEGGER_RTT.c" -mcpu=cortex-m4 -std=gnu11 -g3 -DDEBUG -DUSE_HAL_DRIVER -DSTM32F407xx -c -I../Core/Inc -I../Drivers/STM32F4xx_HAL_Driver/Inc -I../Drivers/STM32F4xx_HAL_Driver/Inc/Legacy -I../Drivers/CMSIS/Device/ST/STM32F4xx/Include -I../Drivers/CMSIS/Include -I"C:/Users/nisha/OneDrive/Desktop/stm32f407/freertos/COMMON/thirdparty/rtos/include" -I"C:/Users/nisha/OneDrive/Desktop/stm32f407/freertos/COMMON/thirdparty/rtos/portable/GCC/ARM_CM4F" -I"C:/Users/nisha/OneDrive/Desktop/stm32f407/freertos/COMMON/thirdparty/SEGGER/CONFIG" -I"C:/Users/nisha/OneDrive/Desktop/stm32f407/freertos/COMMON/thirdparty/SEGGER/OS" -I"C:/Users/nisha/OneDrive/Desktop/stm32f407/freertos/COMMON/thirdparty/SEGGER/SEGGER" -O0 -ffunction-sections -fdata-sections -Wall -fstack-usage -fcyclomatic-complexity -MMD -MP -MF"COMMON/thirdparty/SEGGER/SEGGER/SEGGER_RTT.d" -MT"COMMON/thirdparty/SEGGER/SEGGER/SEGGER_RTT.o" --specs=nano.specs -mfpu=fpv4-sp-d16 -mfloat-abi=hard -mthumb -o "COMMON/thirdparty/SEGGER/SEGGER/SEGGER_RTT.o"
arm-none-eabi-gcc -mcpu=cortex-m4 -g3 -DDEBUG -c -I"C:/Users/nisha/OneDrive/Desktop/stm32f407/freertos/COMMON/thirdparty/SEGGER/CONFIG" -I"C:/Users/nisha/OneDrive/Desktop/stm32f407/freertos/COMMON/thirdparty/SEGGER/SEGGER" -x assembler-with-cpp -MMD -MP -MF"COMMON/thirdparty/SEGGER/SEGGER/SEGGER_RTT_ASM_ARMv7M.d" -MT"COMMON/thirdparty/SEGGER/SEGGER/SEGGER_RTT_ASM_ARMv7M.o" --specs=nano.specs -mfpu=fpv4-sp-d16 -mfloat-abi=hard -mthumb -o "COMMON/thirdparty/SEGGER/SEGGER/SEGGER_RTT_ASM_ARMv7M.o" "C:/Users/nisha/OneDrive/Desktop/stm32f407/freertos/COMMON/thirdparty/SEGGER/SEGGER/SEGGER_RTT_ASM_ARMv7M.S"
arm-none-eabi-gcc "C:/Users/nisha/OneDrive/Desktop/stm32f407/freertos/COMMON/thirdparty/SEGGER/SEGGER/SEGGER_RTT_printf.c" -mcpu=cortex-m4 -std=gnu11 -g3 -DDEBUG -DUSE_HAL_DRIVER -DSTM32F407xx -c -I../Core/Inc -I../Drivers/STM32F4xx_HAL_Driver/Inc -I../Drivers/STM32F4xx_HAL_Driver/Inc/Legacy -I../Drivers/CMSIS/Device/ST/STM32F4xx/Include -I../Drivers/CMSIS/Include -I"C:/Users/nisha/OneDrive/Desktop/stm32f407/freertos/COMMON/thirdparty/rtos/include" -I"C:/Users/nisha/OneDrive/Desktop/stm32f407/freertos/COMMON/thirdparty/rtos/portable/GCC/ARM_CM4F" -I"C:/Users/nisha/OneDrive/Desktop/stm32f407/freertos/COMMON/thirdparty/SEGGER/CONFIG" -I"C:/Users/nisha/OneDrive/Desktop/stm32f407/freertos/COMMON/thirdparty/SEGGER/OS" -I"C:/Users/nisha/OneDrive/Desktop/stm32f407/freertos/COMMON/thirdparty/SEGGER/SEGGER" -O0 -ffunction-sections -fdata-sections -Wall -fstack-usage -fcyclomatic-complexity -MMD -MP -MF"COMMON/thirdparty/SEGGER/SEGGER/SEGGER_RTT_printf.d" -MT"COMMON/thirdparty/SEGGER/SEGGER/SEGGER_RTT_printf.o" --specs=nano.specs -mfpu=fpv4-sp-d16 -mfloat-abi=hard -mthumb -o "COMMON/thirdparty/SEGGER/SEGGER/SEGGER_RTT_printf.o"
arm-none-eabi-gcc "C:/Users/nisha/OneDrive/Desktop/stm32f407/freertos/COMMON/thirdparty/SEGGER/SEGGER/SEGGER_SYSVIEW.c" -mcpu=cortex-m4 -std=gnu11 -g3 -DDEBUG -DUSE_HAL_DRIVER -DSTM32F407xx -c -I../Core/Inc -I../Drivers/STM32F4xx_HAL_Driver/Inc -I../Drivers/STM32F4xx_HAL_Driver/Inc/Legacy -I../Drivers/CMSIS/Device/ST/STM32F4xx/Include -I../Drivers/CMSIS/Include -I"C:/Users/nisha/OneDrive/Desktop/stm32f407/freertos/COMMON/thirdparty/rtos/include" -I"C:/Users/nisha/OneDrive/Desktop/stm32f407/freertos/COMMON/thirdparty/rtos/portable/GCC/ARM_CM4F" -I"C:/Users/nisha/OneDrive/Desktop/stm32f407/freertos/COMMON/thirdparty/SEGGER/CONFIG" -I"C:/Users/nisha/OneDrive/Desktop/stm32f407/freertos/COMMON/thirdparty/SEGGER/OS" -I"C:/Users/nisha/OneDrive/Desktop/stm32f407/freertos/COMMON/thirdparty/SEGGER/SEGGER" -O0 -ffunction-sections -fdata-sections -Wall -fstack-usage -fcyclomatic-complexity -MMD -MP -MF"COMMON/thirdparty/SEGGER/SEGGER/SEGGER_SYSVIEW.d" -MT"COMMON/thirdparty/SEGGER/SEGGER/SEGGER_SYSVIEW.o" --specs=nano.specs -mfpu=fpv4-sp-d16 -mfloat-abi=hard -mthumb -o "COMMON/thirdparty/SEGGER/SEGGER/SEGGER_SYSVIEW.o"
arm-none-eabi-gcc "C:/Users/nisha/OneDrive/Desktop/stm32f407/freertos/COMMON/thirdparty/SEGGER/OS/SEGGER_SYSVIEW_FreeRTOS.c" -mcpu=cortex-m4 -std=gnu11 -g3 -DDEBUG -DUSE_HAL_DRIVER -DSTM32F407xx -c -I../Core/Inc -I../Drivers/STM32F4xx_HAL_Driver/Inc -I../Drivers/STM32F4xx_HAL_Driver/Inc/Legacy -I../Drivers/CMSIS/Device/ST/STM32F4xx/Include -I../Drivers/CMSIS/Include -I"C:/Users/nisha/OneDrive/Desktop/stm32f407/freertos/COMMON/thirdparty/rtos/include" -I"C:/Users/nisha/OneDrive/Desktop/stm32f407/freertos/COMMON/thirdparty/rtos/portable/GCC/ARM_CM4F" -I"C:/Users/nisha/OneDrive/Desktop/stm32f407/freertos/COMMON/thirdparty/SEGGER/CONFIG" -I"C:/Users/nisha/OneDrive/Desktop/stm32f407/freertos/COMMON/thirdparty/SEGGER/OS" -I"C:/Users/nisha/OneDrive/Desktop/stm32f407/freertos/COMMON/thirdparty/SEGGER/SEGGER" -O0 -ffunction-sections -fdata-sections -Wall -fstack-usage -fcyclomatic-complexity -MMD -MP -MF"COMMON/thirdparty/SEGGER/OS/SEGGER_SYSVIEW_FreeRTOS.d" -MT"COMMON/thirdparty/SEGGER/OS/SEGGER_SYSVIEW_FreeRTOS.o" --specs=nano.specs -mfpu=fpv4-sp-d16 -mfloat-abi=hard -mthumb -o "COMMON/thirdparty/SEGGER/OS/SEGGER_SYSVIEW_FreeRTOS.o"
arm-none-eabi-gcc "C:/Users/nisha/OneDrive/Desktop/stm32f407/freertos/COMMON/thirdparty/SEGGER/CONFIG/SEGGER_SYSVIEW_Config_FreeRTOS.c" -mcpu=cortex-m4 -std=gnu11 -g3 -DDEBUG -DUSE_HAL_DRIVER -DSTM32F407xx -c -I../Core/Inc -I../Drivers/STM32F4xx_HAL_Driver/Inc -I../Drivers/STM32F4xx_HAL_Driver/Inc/Legacy -I../Drivers/CMSIS/Device/ST/STM32F4xx/Include -I../Drivers/CMSIS/Include -I"C:/Users/nisha/OneDrive/Desktop/stm32f407/freertos/COMMON/thirdparty/rtos/include" -I"C:/Users/nisha/OneDrive/Desktop/stm32f407/freertos/COMMON/thirdparty/rtos/portable/GCC/ARM_CM4F" -I"C:/Users/nisha/OneDrive/Desktop/stm32f407/freertos/COMMON/thirdparty/SEGGER/CONFIG" -I"C:/Users/nisha/OneDrive/Desktop/stm32f407/freertos/COMMON/thirdparty/SEGGER/OS" -I"C:/Users/nisha/OneDrive/Desktop/stm32f407/freertos/COMMON/thirdparty/SEGGER/SEGGER" -O0 -ffunction-sections -fdata-sections -Wall -fstack-usage -fcyclomatic-complexity -MMD -MP -MF"COMMON/thirdparty/SEGGER/CONFIG/SEGGER_SYSVIEW_Config_FreeRTOS.d" -MT"COMMON/thirdparty/SEGGER/CONFIG/SEGGER_SYSVIEW_Config_FreeRTOS.o" --specs=nano.specs -mfpu=fpv4-sp-d16 -mfloat-abi=hard -mthumb -o "COMMON/thirdparty/SEGGER/CONFIG/SEGGER_SYSVIEW_Config_FreeRTOS.o"
arm-none-eabi-gcc -o "005_led_notification.elf" @"objects.list"   -mcpu=cortex-m4 -T"C:\Users\nisha\OneDrive\Desktop\stm32f407\freertos\005_led_notification\STM32F407VGTX_FLASH.ld" --specs=nosys.specs -Wl,-Map="005_led_notification.map" -Wl,--gc-sections -static --specs=nano.specs -mfpu=fpv4-sp-d16 -mfloat-abi=hard -mthumb -Wl,--start-group -lc -lm -Wl,--end-group
Finished building target: 005_led_notification.elf
 
arm-none-eabi-size  005_led_notification.elf 
arm-none-eabi-objdump -h -S 005_led_notification.elf  > "005_led_notification.list"
   text	   data	    bss	    dec	    hex	filename
  30368	     16	  84632	 115016	  1c148	005_led_notification.elf
Finished building: default.size.stdout
 
Finished building: 005_led_notification.list
 
