23:57:02 **** Build of configuration Debug for project led_blink ****
make -j16 all 
arm-none-eabi-gcc "../thirdparty/rtos/portable/MemMang/heap_4.c" -mcpu=cortex-m4 -std=gnu11 -g3 -DDEBUG -DUSE_HAL_DRIVER -DSTM32F407xx -c -I../Core/Inc -I"C:/Users/nisha/OneDrive/Desktop/stm32f407/freertos/led_blink/thirdparty/SEGGER/CONFIG" -I"C:/Users/nisha/OneDrive/Desktop/stm32f407/freertos/led_blink/thirdparty/SEGGER/SEGGER" -I"C:/Users/nisha/OneDrive/Desktop/stm32f407/freertos/led_blink/thirdparty/SEGGER/OS" -I"C:/Users/nisha/OneDrive/Desktop/stm32f407/freertos/led_blink/thirdparty/rtos/include" -I"C:/Users/nisha/OneDrive/Desktop/stm32f407/freertos/led_blink/thirdparty/rtos/portable/GCC/ARM_CM4F" -I../Drivers/STM32F4xx_HAL_Driver/Inc -I../Drivers/STM32F4xx_HAL_Driver/Inc/Legacy -I../Drivers/CMSIS/Device/ST/STM32F4xx/Include -I../Drivers/CMSIS/Include -O0 -ffunction-sections -fdata-sections -Wall -fstack-usage -fcyclomatic-complexity -MMD -MP -MF"thirdparty/rtos/portable/MemMang/heap_4.d" -MT"thirdparty/rtos/portable/MemMang/heap_4.o" --specs=nano.specs -mfpu=fpv4-sp-d16 -mfloat-abi=hard -mthumb -o "thirdparty/rtos/portable/MemMang/heap_4.o"
arm-none-eabi-gcc "../thirdparty/rtos/portable/GCC/ARM_CM4F/port.c" -mcpu=cortex-m4 -std=gnu11 -g3 -DDEBUG -DUSE_HAL_DRIVER -DSTM32F407xx -c -I../Core/Inc -I"C:/Users/nisha/OneDrive/Desktop/stm32f407/freertos/led_blink/thirdparty/SEGGER/CONFIG" -I"C:/Users/nisha/OneDrive/Desktop/stm32f407/freertos/led_blink/thirdparty/SEGGER/SEGGER" -I"C:/Users/nisha/OneDrive/Desktop/stm32f407/freertos/led_blink/thirdparty/SEGGER/OS" -I"C:/Users/nisha/OneDrive/Desktop/stm32f407/freertos/led_blink/thirdparty/rtos/include" -I"C:/Users/nisha/OneDrive/Desktop/stm32f407/freertos/led_blink/thirdparty/rtos/portable/GCC/ARM_CM4F" -I../Drivers/STM32F4xx_HAL_Driver/Inc -I../Drivers/STM32F4xx_HAL_Driver/Inc/Legacy -I../Drivers/CMSIS/Device/ST/STM32F4xx/Include -I../Drivers/CMSIS/Include -O0 -ffunction-sections -fdata-sections -Wall -fstack-usage -fcyclomatic-complexity -MMD -MP -MF"thirdparty/rtos/portable/GCC/ARM_CM4F/port.d" -MT"thirdparty/rtos/portable/GCC/ARM_CM4F/port.o" --specs=nano.specs -mfpu=fpv4-sp-d16 -mfloat-abi=hard -mthumb -o "thirdparty/rtos/portable/GCC/ARM_CM4F/port.o"
arm-none-eabi-gcc "../thirdparty/rtos/croutine.c" -mcpu=cortex-m4 -std=gnu11 -g3 -DDEBUG -DUSE_HAL_DRIVER -DSTM32F407xx -c -I../Core/Inc -I"C:/Users/nisha/OneDrive/Desktop/stm32f407/freertos/led_blink/thirdparty/SEGGER/CONFIG" -I"C:/Users/nisha/OneDrive/Desktop/stm32f407/freertos/led_blink/thirdparty/SEGGER/SEGGER" -I"C:/Users/nisha/OneDrive/Desktop/stm32f407/freertos/led_blink/thirdparty/SEGGER/OS" -I"C:/Users/nisha/OneDrive/Desktop/stm32f407/freertos/led_blink/thirdparty/rtos/include" -I"C:/Users/nisha/OneDrive/Desktop/stm32f407/freertos/led_blink/thirdparty/rtos/portable/GCC/ARM_CM4F" -I../Drivers/STM32F4xx_HAL_Driver/Inc -I../Drivers/STM32F4xx_HAL_Driver/Inc/Legacy -I../Drivers/CMSIS/Device/ST/STM32F4xx/Include -I../Drivers/CMSIS/Include -O0 -ffunction-sections -fdata-sections -Wall -fstack-usage -fcyclomatic-complexity -MMD -MP -MF"thirdparty/rtos/croutine.d" -MT"thirdparty/rtos/croutine.o" --specs=nano.specs -mfpu=fpv4-sp-d16 -mfloat-abi=hard -mthumb -o "thirdparty/rtos/croutine.o"
arm-none-eabi-gcc "../thirdparty/rtos/event_groups.c" -mcpu=cortex-m4 -std=gnu11 -g3 -DDEBUG -DUSE_HAL_DRIVER -DSTM32F407xx -c -I../Core/Inc -I"C:/Users/nisha/OneDrive/Desktop/stm32f407/freertos/led_blink/thirdparty/SEGGER/CONFIG" -I"C:/Users/nisha/OneDrive/Desktop/stm32f407/freertos/led_blink/thirdparty/SEGGER/SEGGER" -I"C:/Users/nisha/OneDrive/Desktop/stm32f407/freertos/led_blink/thirdparty/SEGGER/OS" -I"C:/Users/nisha/OneDrive/Desktop/stm32f407/freertos/led_blink/thirdparty/rtos/include" -I"C:/Users/nisha/OneDrive/Desktop/stm32f407/freertos/led_blink/thirdparty/rtos/portable/GCC/ARM_CM4F" -I../Drivers/STM32F4xx_HAL_Driver/Inc -I../Drivers/STM32F4xx_HAL_Driver/Inc/Legacy -I../Drivers/CMSIS/Device/ST/STM32F4xx/Include -I../Drivers/CMSIS/Include -O0 -ffunction-sections -fdata-sections -Wall -fstack-usage -fcyclomatic-complexity -MMD -MP -MF"thirdparty/rtos/event_groups.d" -MT"thirdparty/rtos/event_groups.o" --specs=nano.specs -mfpu=fpv4-sp-d16 -mfloat-abi=hard -mthumb -o "thirdparty/rtos/event_groups.o"
arm-none-eabi-gcc "../thirdparty/rtos/list.c" -mcpu=cortex-m4 -std=gnu11 -g3 -DDEBUG -DUSE_HAL_DRIVER -DSTM32F407xx -c -I../Core/Inc -I"C:/Users/nisha/OneDrive/Desktop/stm32f407/freertos/led_blink/thirdparty/SEGGER/CONFIG" -I"C:/Users/nisha/OneDrive/Desktop/stm32f407/freertos/led_blink/thirdparty/SEGGER/SEGGER" -I"C:/Users/nisha/OneDrive/Desktop/stm32f407/freertos/led_blink/thirdparty/SEGGER/OS" -I"C:/Users/nisha/OneDrive/Desktop/stm32f407/freertos/led_blink/thirdparty/rtos/include" -I"C:/Users/nisha/OneDrive/Desktop/stm32f407/freertos/led_blink/thirdparty/rtos/portable/GCC/ARM_CM4F" -I../Drivers/STM32F4xx_HAL_Driver/Inc -I../Drivers/STM32F4xx_HAL_Driver/Inc/Legacy -I../Drivers/CMSIS/Device/ST/STM32F4xx/Include -I../Drivers/CMSIS/Include -O0 -ffunction-sections -fdata-sections -Wall -fstack-usage -fcyclomatic-complexity -MMD -MP -MF"thirdparty/rtos/list.d" -MT"thirdparty/rtos/list.o" --specs=nano.specs -mfpu=fpv4-sp-d16 -mfloat-abi=hard -mthumb -o "thirdparty/rtos/list.o"
arm-none-eabi-gcc "../thirdparty/rtos/queue.c" -mcpu=cortex-m4 -std=gnu11 -g3 -DDEBUG -DUSE_HAL_DRIVER -DSTM32F407xx -c -I../Core/Inc -I"C:/Users/nisha/OneDrive/Desktop/stm32f407/freertos/led_blink/thirdparty/SEGGER/CONFIG" -I"C:/Users/nisha/OneDrive/Desktop/stm32f407/freertos/led_blink/thirdparty/SEGGER/SEGGER" -I"C:/Users/nisha/OneDrive/Desktop/stm32f407/freertos/led_blink/thirdparty/SEGGER/OS" -I"C:/Users/nisha/OneDrive/Desktop/stm32f407/freertos/led_blink/thirdparty/rtos/include" -I"C:/Users/nisha/OneDrive/Desktop/stm32f407/freertos/led_blink/thirdparty/rtos/portable/GCC/ARM_CM4F" -I../Drivers/STM32F4xx_HAL_Driver/Inc -I../Drivers/STM32F4xx_HAL_Driver/Inc/Legacy -I../Drivers/CMSIS/Device/ST/STM32F4xx/Include -I../Drivers/CMSIS/Include -O0 -ffunction-sections -fdata-sections -Wall -fstack-usage -fcyclomatic-complexity -MMD -MP -MF"thirdparty/rtos/queue.d" -MT"thirdparty/rtos/queue.o" --specs=nano.specs -mfpu=fpv4-sp-d16 -mfloat-abi=hard -mthumb -o "thirdparty/rtos/queue.o"
arm-none-eabi-gcc "../thirdparty/rtos/stream_buffer.c" -mcpu=cortex-m4 -std=gnu11 -g3 -DDEBUG -DUSE_HAL_DRIVER -DSTM32F407xx -c -I../Core/Inc -I"C:/Users/nisha/OneDrive/Desktop/stm32f407/freertos/led_blink/thirdparty/SEGGER/CONFIG" -I"C:/Users/nisha/OneDrive/Desktop/stm32f407/freertos/led_blink/thirdparty/SEGGER/SEGGER" -I"C:/Users/nisha/OneDrive/Desktop/stm32f407/freertos/led_blink/thirdparty/SEGGER/OS" -I"C:/Users/nisha/OneDrive/Desktop/stm32f407/freertos/led_blink/thirdparty/rtos/include" -I"C:/Users/nisha/OneDrive/Desktop/stm32f407/freertos/led_blink/thirdparty/rtos/portable/GCC/ARM_CM4F" -I../Drivers/STM32F4xx_HAL_Driver/Inc -I../Drivers/STM32F4xx_HAL_Driver/Inc/Legacy -I../Drivers/CMSIS/Device/ST/STM32F4xx/Include -I../Drivers/CMSIS/Include -O0 -ffunction-sections -fdata-sections -Wall -fstack-usage -fcyclomatic-complexity -MMD -MP -MF"thirdparty/rtos/stream_buffer.d" -MT"thirdparty/rtos/stream_buffer.o" --specs=nano.specs -mfpu=fpv4-sp-d16 -mfloat-abi=hard -mthumb -o "thirdparty/rtos/stream_buffer.o"
arm-none-eabi-gcc "../thirdparty/rtos/tasks.c" -mcpu=cortex-m4 -std=gnu11 -g3 -DDEBUG -DUSE_HAL_DRIVER -DSTM32F407xx -c -I../Core/Inc -I"C:/Users/nisha/OneDrive/Desktop/stm32f407/freertos/led_blink/thirdparty/SEGGER/CONFIG" -I"C:/Users/nisha/OneDrive/Desktop/stm32f407/freertos/led_blink/thirdparty/SEGGER/SEGGER" -I"C:/Users/nisha/OneDrive/Desktop/stm32f407/freertos/led_blink/thirdparty/SEGGER/OS" -I"C:/Users/nisha/OneDrive/Desktop/stm32f407/freertos/led_blink/thirdparty/rtos/include" -I"C:/Users/nisha/OneDrive/Desktop/stm32f407/freertos/led_blink/thirdparty/rtos/portable/GCC/ARM_CM4F" -I../Drivers/STM32F4xx_HAL_Driver/Inc -I../Drivers/STM32F4xx_HAL_Driver/Inc/Legacy -I../Drivers/CMSIS/Device/ST/STM32F4xx/Include -I../Drivers/CMSIS/Include -O0 -ffunction-sections -fdata-sections -Wall -fstack-usage -fcyclomatic-complexity -MMD -MP -MF"thirdparty/rtos/tasks.d" -MT"thirdparty/rtos/tasks.o" --specs=nano.specs -mfpu=fpv4-sp-d16 -mfloat-abi=hard -mthumb -o "thirdparty/rtos/tasks.o"
arm-none-eabi-gcc "../thirdparty/rtos/timers.c" -mcpu=cortex-m4 -std=gnu11 -g3 -DDEBUG -DUSE_HAL_DRIVER -DSTM32F407xx -c -I../Core/Inc -I"C:/Users/nisha/OneDrive/Desktop/stm32f407/freertos/led_blink/thirdparty/SEGGER/CONFIG" -I"C:/Users/nisha/OneDrive/Desktop/stm32f407/freertos/led_blink/thirdparty/SEGGER/SEGGER" -I"C:/Users/nisha/OneDrive/Desktop/stm32f407/freertos/led_blink/thirdparty/SEGGER/OS" -I"C:/Users/nisha/OneDrive/Desktop/stm32f407/freertos/led_blink/thirdparty/rtos/include" -I"C:/Users/nisha/OneDrive/Desktop/stm32f407/freertos/led_blink/thirdparty/rtos/portable/GCC/ARM_CM4F" -I../Drivers/STM32F4xx_HAL_Driver/Inc -I../Drivers/STM32F4xx_HAL_Driver/Inc/Legacy -I../Drivers/CMSIS/Device/ST/STM32F4xx/Include -I../Drivers/CMSIS/Include -O0 -ffunction-sections -fdata-sections -Wall -fstack-usage -fcyclomatic-complexity -MMD -MP -MF"thirdparty/rtos/timers.d" -MT"thirdparty/rtos/timers.o" --specs=nano.specs -mfpu=fpv4-sp-d16 -mfloat-abi=hard -mthumb -o "thirdparty/rtos/timers.o"
arm-none-eabi-gcc "../thirdparty/SEGGER/segger_uart/segger_uart.c" -mcpu=cortex-m4 -std=gnu11 -g3 -DDEBUG -DUSE_HAL_DRIVER -DSTM32F407xx -c -I../Core/Inc -I"C:/Users/nisha/OneDrive/Desktop/stm32f407/freertos/led_blink/thirdparty/SEGGER/CONFIG" -I"C:/Users/nisha/OneDrive/Desktop/stm32f407/freertos/led_blink/thirdparty/SEGGER/SEGGER" -I"C:/Users/nisha/OneDrive/Desktop/stm32f407/freertos/led_blink/thirdparty/SEGGER/OS" -I"C:/Users/nisha/OneDrive/Desktop/stm32f407/freertos/led_blink/thirdparty/rtos/include" -I"C:/Users/nisha/OneDrive/Desktop/stm32f407/freertos/led_blink/thirdparty/rtos/portable/GCC/ARM_CM4F" -I../Drivers/STM32F4xx_HAL_Driver/Inc -I../Drivers/STM32F4xx_HAL_Driver/Inc/Legacy -I../Drivers/CMSIS/Device/ST/STM32F4xx/Include -I../Drivers/CMSIS/Include -O0 -ffunction-sections -fdata-sections -Wall -fstack-usage -fcyclomatic-complexity -MMD -MP -MF"thirdparty/SEGGER/segger_uart/segger_uart.d" -MT"thirdparty/SEGGER/segger_uart/segger_uart.o" --specs=nano.specs -mfpu=fpv4-sp-d16 -mfloat-abi=hard -mthumb -o "thirdparty/SEGGER/segger_uart/segger_uart.o"
arm-none-eabi-gcc "../thirdparty/SEGGER/SEGGER/Syscalls/SEGGER_RTT_Syscalls_GCC.c" -mcpu=cortex-m4 -std=gnu11 -g3 -DDEBUG -DUSE_HAL_DRIVER -DSTM32F407xx -c -I../Core/Inc -I"C:/Users/nisha/OneDrive/Desktop/stm32f407/freertos/led_blink/thirdparty/SEGGER/CONFIG" -I"C:/Users/nisha/OneDrive/Desktop/stm32f407/freertos/led_blink/thirdparty/SEGGER/SEGGER" -I"C:/Users/nisha/OneDrive/Desktop/stm32f407/freertos/led_blink/thirdparty/SEGGER/OS" -I"C:/Users/nisha/OneDrive/Desktop/stm32f407/freertos/led_blink/thirdparty/rtos/include" -I"C:/Users/nisha/OneDrive/Desktop/stm32f407/freertos/led_blink/thirdparty/rtos/portable/GCC/ARM_CM4F" -I../Drivers/STM32F4xx_HAL_Driver/Inc -I../Drivers/STM32F4xx_HAL_Driver/Inc/Legacy -I../Drivers/CMSIS/Device/ST/STM32F4xx/Include -I../Drivers/CMSIS/Include -O0 -ffunction-sections -fdata-sections -Wall -fstack-usage -fcyclomatic-complexity -MMD -MP -MF"thirdparty/SEGGER/SEGGER/Syscalls/SEGGER_RTT_Syscalls_GCC.d" -MT"thirdparty/SEGGER/SEGGER/Syscalls/SEGGER_RTT_Syscalls_GCC.o" --specs=nano.specs -mfpu=fpv4-sp-d16 -mfloat-abi=hard -mthumb -o "thirdparty/SEGGER/SEGGER/Syscalls/SEGGER_RTT_Syscalls_GCC.o"
arm-none-eabi-gcc "../thirdparty/SEGGER/SEGGER/SEGGER_RTT.c" -mcpu=cortex-m4 -std=gnu11 -g3 -DDEBUG -DUSE_HAL_DRIVER -DSTM32F407xx -c -I../Core/Inc -I"C:/Users/nisha/OneDrive/Desktop/stm32f407/freertos/led_blink/thirdparty/SEGGER/CONFIG" -I"C:/Users/nisha/OneDrive/Desktop/stm32f407/freertos/led_blink/thirdparty/SEGGER/SEGGER" -I"C:/Users/nisha/OneDrive/Desktop/stm32f407/freertos/led_blink/thirdparty/SEGGER/OS" -I"C:/Users/nisha/OneDrive/Desktop/stm32f407/freertos/led_blink/thirdparty/rtos/include" -I"C:/Users/nisha/OneDrive/Desktop/stm32f407/freertos/led_blink/thirdparty/rtos/portable/GCC/ARM_CM4F" -I../Drivers/STM32F4xx_HAL_Driver/Inc -I../Drivers/STM32F4xx_HAL_Driver/Inc/Legacy -I../Drivers/CMSIS/Device/ST/STM32F4xx/Include -I../Drivers/CMSIS/Include -O0 -ffunction-sections -fdata-sections -Wall -fstack-usage -fcyclomatic-complexity -MMD -MP -MF"thirdparty/SEGGER/SEGGER/SEGGER_RTT.d" -MT"thirdparty/SEGGER/SEGGER/SEGGER_RTT.o" --specs=nano.specs -mfpu=fpv4-sp-d16 -mfloat-abi=hard -mthumb -o "thirdparty/SEGGER/SEGGER/SEGGER_RTT.o"
arm-none-eabi-gcc -mcpu=cortex-m4 -g3 -DDEBUG -c -I"C:/Users/nisha/OneDrive/Desktop/stm32f407/freertos/led_blink/thirdparty/SEGGER/CONFIG" -x assembler-with-cpp -MMD -MP -MF"thirdparty/SEGGER/SEGGER/SEGGER_RTT_ASM_ARMv7M.d" -MT"thirdparty/SEGGER/SEGGER/SEGGER_RTT_ASM_ARMv7M.o" --specs=nano.specs -mfpu=fpv4-sp-d16 -mfloat-abi=hard -mthumb -o "thirdparty/SEGGER/SEGGER/SEGGER_RTT_ASM_ARMv7M.o" "../thirdparty/SEGGER/SEGGER/SEGGER_RTT_ASM_ARMv7M.S"
arm-none-eabi-gcc "../thirdparty/SEGGER/SEGGER/SEGGER_RTT_printf.c" -mcpu=cortex-m4 -std=gnu11 -g3 -DDEBUG -DUSE_HAL_DRIVER -DSTM32F407xx -c -I../Core/Inc -I"C:/Users/nisha/OneDrive/Desktop/stm32f407/freertos/led_blink/thirdparty/SEGGER/CONFIG" -I"C:/Users/nisha/OneDrive/Desktop/stm32f407/freertos/led_blink/thirdparty/SEGGER/SEGGER" -I"C:/Users/nisha/OneDrive/Desktop/stm32f407/freertos/led_blink/thirdparty/SEGGER/OS" -I"C:/Users/nisha/OneDrive/Desktop/stm32f407/freertos/led_blink/thirdparty/rtos/include" -I"C:/Users/nisha/OneDrive/Desktop/stm32f407/freertos/led_blink/thirdparty/rtos/portable/GCC/ARM_CM4F" -I../Drivers/STM32F4xx_HAL_Driver/Inc -I../Drivers/STM32F4xx_HAL_Driver/Inc/Legacy -I../Drivers/CMSIS/Device/ST/STM32F4xx/Include -I../Drivers/CMSIS/Include -O0 -ffunction-sections -fdata-sections -Wall -fstack-usage -fcyclomatic-complexity -MMD -MP -MF"thirdparty/SEGGER/SEGGER/SEGGER_RTT_printf.d" -MT"thirdparty/SEGGER/SEGGER/SEGGER_RTT_printf.o" --specs=nano.specs -mfpu=fpv4-sp-d16 -mfloat-abi=hard -mthumb -o "thirdparty/SEGGER/SEGGER/SEGGER_RTT_printf.o"
arm-none-eabi-gcc "../thirdparty/SEGGER/SEGGER/SEGGER_SYSVIEW.c" -mcpu=cortex-m4 -std=gnu11 -g3 -DDEBUG -DUSE_HAL_DRIVER -DSTM32F407xx -c -I../Core/Inc -I"C:/Users/nisha/OneDrive/Desktop/stm32f407/freertos/led_blink/thirdparty/SEGGER/CONFIG" -I"C:/Users/nisha/OneDrive/Desktop/stm32f407/freertos/led_blink/thirdparty/SEGGER/SEGGER" -I"C:/Users/nisha/OneDrive/Desktop/stm32f407/freertos/led_blink/thirdparty/SEGGER/OS" -I"C:/Users/nisha/OneDrive/Desktop/stm32f407/freertos/led_blink/thirdparty/rtos/include" -I"C:/Users/nisha/OneDrive/Desktop/stm32f407/freertos/led_blink/thirdparty/rtos/portable/GCC/ARM_CM4F" -I../Drivers/STM32F4xx_HAL_Driver/Inc -I../Drivers/STM32F4xx_HAL_Driver/Inc/Legacy -I../Drivers/CMSIS/Device/ST/STM32F4xx/Include -I../Drivers/CMSIS/Include -O0 -ffunction-sections -fdata-sections -Wall -fstack-usage -fcyclomatic-complexity -MMD -MP -MF"thirdparty/SEGGER/SEGGER/SEGGER_SYSVIEW.d" -MT"thirdparty/SEGGER/SEGGER/SEGGER_SYSVIEW.o" --specs=nano.specs -mfpu=fpv4-sp-d16 -mfloat-abi=hard -mthumb -o "thirdparty/SEGGER/SEGGER/SEGGER_SYSVIEW.o"
arm-none-eabi-gcc "../thirdparty/SEGGER/OS/SEGGER_SYSVIEW_FreeRTOS.c" -mcpu=cortex-m4 -std=gnu11 -g3 -DDEBUG -DUSE_HAL_DRIVER -DSTM32F407xx -c -I../Core/Inc -I"C:/Users/nisha/OneDrive/Desktop/stm32f407/freertos/led_blink/thirdparty/SEGGER/CONFIG" -I"C:/Users/nisha/OneDrive/Desktop/stm32f407/freertos/led_blink/thirdparty/SEGGER/SEGGER" -I"C:/Users/nisha/OneDrive/Desktop/stm32f407/freertos/led_blink/thirdparty/SEGGER/OS" -I"C:/Users/nisha/OneDrive/Desktop/stm32f407/freertos/led_blink/thirdparty/rtos/include" -I"C:/Users/nisha/OneDrive/Desktop/stm32f407/freertos/led_blink/thirdparty/rtos/portable/GCC/ARM_CM4F" -I../Drivers/STM32F4xx_HAL_Driver/Inc -I../Drivers/STM32F4xx_HAL_Driver/Inc/Legacy -I../Drivers/CMSIS/Device/ST/STM32F4xx/Include -I../Drivers/CMSIS/Include -O0 -ffunction-sections -fdata-sections -Wall -fstack-usage -fcyclomatic-complexity -MMD -MP -MF"thirdparty/SEGGER/OS/SEGGER_SYSVIEW_FreeRTOS.d" -MT"thirdparty/SEGGER/OS/SEGGER_SYSVIEW_FreeRTOS.o" --specs=nano.specs -mfpu=fpv4-sp-d16 -mfloat-abi=hard -mthumb -o "thirdparty/SEGGER/OS/SEGGER_SYSVIEW_FreeRTOS.o"
arm-none-eabi-gcc "../thirdparty/SEGGER/CONFIG/SEGGER_SYSVIEW_Config_FreeRTOS.c" -mcpu=cortex-m4 -std=gnu11 -g3 -DDEBUG -DUSE_HAL_DRIVER -DSTM32F407xx -c -I../Core/Inc -I"C:/Users/nisha/OneDrive/Desktop/stm32f407/freertos/led_blink/thirdparty/SEGGER/CONFIG" -I"C:/Users/nisha/OneDrive/Desktop/stm32f407/freertos/led_blink/thirdparty/SEGGER/SEGGER" -I"C:/Users/nisha/OneDrive/Desktop/stm32f407/freertos/led_blink/thirdparty/SEGGER/OS" -I"C:/Users/nisha/OneDrive/Desktop/stm32f407/freertos/led_blink/thirdparty/rtos/include" -I"C:/Users/nisha/OneDrive/Desktop/stm32f407/freertos/led_blink/thirdparty/rtos/portable/GCC/ARM_CM4F" -I../Drivers/STM32F4xx_HAL_Driver/Inc -I../Drivers/STM32F4xx_HAL_Driver/Inc/Legacy -I../Drivers/CMSIS/Device/ST/STM32F4xx/Include -I../Drivers/CMSIS/Include -O0 -ffunction-sections -fdata-sections -Wall -fstack-usage -fcyclomatic-complexity -MMD -MP -MF"thirdparty/SEGGER/CONFIG/SEGGER_SYSVIEW_Config_FreeRTOS.d" -MT"thirdparty/SEGGER/CONFIG/SEGGER_SYSVIEW_Config_FreeRTOS.o" --specs=nano.specs -mfpu=fpv4-sp-d16 -mfloat-abi=hard -mthumb -o "thirdparty/SEGGER/CONFIG/SEGGER_SYSVIEW_Config_FreeRTOS.o"
arm-none-eabi-gcc "../Drivers/STM32F4xx_HAL_Driver/Src/stm32f4xx_hal.c" -mcpu=cortex-m4 -std=gnu11 -g3 -DDEBUG -DUSE_HAL_DRIVER -DSTM32F407xx -c -I../Core/Inc -I"C:/Users/nisha/OneDrive/Desktop/stm32f407/freertos/led_blink/thirdparty/SEGGER/CONFIG" -I"C:/Users/nisha/OneDrive/Desktop/stm32f407/freertos/led_blink/thirdparty/SEGGER/SEGGER" -I"C:/Users/nisha/OneDrive/Desktop/stm32f407/freertos/led_blink/thirdparty/SEGGER/OS" -I"C:/Users/nisha/OneDrive/Desktop/stm32f407/freertos/led_blink/thirdparty/rtos/include" -I"C:/Users/nisha/OneDrive/Desktop/stm32f407/freertos/led_blink/thirdparty/rtos/portable/GCC/ARM_CM4F" -I../Drivers/STM32F4xx_HAL_Driver/Inc -I../Drivers/STM32F4xx_HAL_Driver/Inc/Legacy -I../Drivers/CMSIS/Device/ST/STM32F4xx/Include -I../Drivers/CMSIS/Include -O0 -ffunction-sections -fdata-sections -Wall -fstack-usage -fcyclomatic-complexity -MMD -MP -MF"Drivers/STM32F4xx_HAL_Driver/Src/stm32f4xx_hal.d" -MT"Drivers/STM32F4xx_HAL_Driver/Src/stm32f4xx_hal.o" --specs=nano.specs -mfpu=fpv4-sp-d16 -mfloat-abi=hard -mthumb -o "Drivers/STM32F4xx_HAL_Driver/Src/stm32f4xx_hal.o"
arm-none-eabi-gcc "../Drivers/STM32F4xx_HAL_Driver/Src/stm32f4xx_hal_cortex.c" -mcpu=cortex-m4 -std=gnu11 -g3 -DDEBUG -DUSE_HAL_DRIVER -DSTM32F407xx -c -I../Core/Inc -I"C:/Users/nisha/OneDrive/Desktop/stm32f407/freertos/led_blink/thirdparty/SEGGER/CONFIG" -I"C:/Users/nisha/OneDrive/Desktop/stm32f407/freertos/led_blink/thirdparty/SEGGER/SEGGER" -I"C:/Users/nisha/OneDrive/Desktop/stm32f407/freertos/led_blink/thirdparty/SEGGER/OS" -I"C:/Users/nisha/OneDrive/Desktop/stm32f407/freertos/led_blink/thirdparty/rtos/include" -I"C:/Users/nisha/OneDrive/Desktop/stm32f407/freertos/led_blink/thirdparty/rtos/portable/GCC/ARM_CM4F" -I../Drivers/STM32F4xx_HAL_Driver/Inc -I../Drivers/STM32F4xx_HAL_Driver/Inc/Legacy -I../Drivers/CMSIS/Device/ST/STM32F4xx/Include -I../Drivers/CMSIS/Include -O0 -ffunction-sections -fdata-sections -Wall -fstack-usage -fcyclomatic-complexity -MMD -MP -MF"Drivers/STM32F4xx_HAL_Driver/Src/stm32f4xx_hal_cortex.d" -MT"Drivers/STM32F4xx_HAL_Driver/Src/stm32f4xx_hal_cortex.o" --specs=nano.specs -mfpu=fpv4-sp-d16 -mfloat-abi=hard -mthumb -o "Drivers/STM32F4xx_HAL_Driver/Src/stm32f4xx_hal_cortex.o"
arm-none-eabi-gcc "../Drivers/STM32F4xx_HAL_Driver/Src/stm32f4xx_hal_dma.c" -mcpu=cortex-m4 -std=gnu11 -g3 -DDEBUG -DUSE_HAL_DRIVER -DSTM32F407xx -c -I../Core/Inc -I"C:/Users/nisha/OneDrive/Desktop/stm32f407/freertos/led_blink/thirdparty/SEGGER/CONFIG" -I"C:/Users/nisha/OneDrive/Desktop/stm32f407/freertos/led_blink/thirdparty/SEGGER/SEGGER" -I"C:/Users/nisha/OneDrive/Desktop/stm32f407/freertos/led_blink/thirdparty/SEGGER/OS" -I"C:/Users/nisha/OneDrive/Desktop/stm32f407/freertos/led_blink/thirdparty/rtos/include" -I"C:/Users/nisha/OneDrive/Desktop/stm32f407/freertos/led_blink/thirdparty/rtos/portable/GCC/ARM_CM4F" -I../Drivers/STM32F4xx_HAL_Driver/Inc -I../Drivers/STM32F4xx_HAL_Driver/Inc/Legacy -I../Drivers/CMSIS/Device/ST/STM32F4xx/Include -I../Drivers/CMSIS/Include -O0 -ffunction-sections -fdata-sections -Wall -fstack-usage -fcyclomatic-complexity -MMD -MP -MF"Drivers/STM32F4xx_HAL_Driver/Src/stm32f4xx_hal_dma.d" -MT"Drivers/STM32F4xx_HAL_Driver/Src/stm32f4xx_hal_dma.o" --specs=nano.specs -mfpu=fpv4-sp-d16 -mfloat-abi=hard -mthumb -o "Drivers/STM32F4xx_HAL_Driver/Src/stm32f4xx_hal_dma.o"
arm-none-eabi-gcc "../Drivers/STM32F4xx_HAL_Driver/Src/stm32f4xx_hal_dma_ex.c" -mcpu=cortex-m4 -std=gnu11 -g3 -DDEBUG -DUSE_HAL_DRIVER -DSTM32F407xx -c -I../Core/Inc -I"C:/Users/nisha/OneDrive/Desktop/stm32f407/freertos/led_blink/thirdparty/SEGGER/CONFIG" -I"C:/Users/nisha/OneDrive/Desktop/stm32f407/freertos/led_blink/thirdparty/SEGGER/SEGGER" -I"C:/Users/nisha/OneDrive/Desktop/stm32f407/freertos/led_blink/thirdparty/SEGGER/OS" -I"C:/Users/nisha/OneDrive/Desktop/stm32f407/freertos/led_blink/thirdparty/rtos/include" -I"C:/Users/nisha/OneDrive/Desktop/stm32f407/freertos/led_blink/thirdparty/rtos/portable/GCC/ARM_CM4F" -I../Drivers/STM32F4xx_HAL_Driver/Inc -I../Drivers/STM32F4xx_HAL_Driver/Inc/Legacy -I../Drivers/CMSIS/Device/ST/STM32F4xx/Include -I../Drivers/CMSIS/Include -O0 -ffunction-sections -fdata-sections -Wall -fstack-usage -fcyclomatic-complexity -MMD -MP -MF"Drivers/STM32F4xx_HAL_Driver/Src/stm32f4xx_hal_dma_ex.d" -MT"Drivers/STM32F4xx_HAL_Driver/Src/stm32f4xx_hal_dma_ex.o" --specs=nano.specs -mfpu=fpv4-sp-d16 -mfloat-abi=hard -mthumb -o "Drivers/STM32F4xx_HAL_Driver/Src/stm32f4xx_hal_dma_ex.o"
arm-none-eabi-gcc "../Drivers/STM32F4xx_HAL_Driver/Src/stm32f4xx_hal_exti.c" -mcpu=cortex-m4 -std=gnu11 -g3 -DDEBUG -DUSE_HAL_DRIVER -DSTM32F407xx -c -I../Core/Inc -I"C:/Users/nisha/OneDrive/Desktop/stm32f407/freertos/led_blink/thirdparty/SEGGER/CONFIG" -I"C:/Users/nisha/OneDrive/Desktop/stm32f407/freertos/led_blink/thirdparty/SEGGER/SEGGER" -I"C:/Users/nisha/OneDrive/Desktop/stm32f407/freertos/led_blink/thirdparty/SEGGER/OS" -I"C:/Users/nisha/OneDrive/Desktop/stm32f407/freertos/led_blink/thirdparty/rtos/include" -I"C:/Users/nisha/OneDrive/Desktop/stm32f407/freertos/led_blink/thirdparty/rtos/portable/GCC/ARM_CM4F" -I../Drivers/STM32F4xx_HAL_Driver/Inc -I../Drivers/STM32F4xx_HAL_Driver/Inc/Legacy -I../Drivers/CMSIS/Device/ST/STM32F4xx/Include -I../Drivers/CMSIS/Include -O0 -ffunction-sections -fdata-sections -Wall -fstack-usage -fcyclomatic-complexity -MMD -MP -MF"Drivers/STM32F4xx_HAL_Driver/Src/stm32f4xx_hal_exti.d" -MT"Drivers/STM32F4xx_HAL_Driver/Src/stm32f4xx_hal_exti.o" --specs=nano.specs -mfpu=fpv4-sp-d16 -mfloat-abi=hard -mthumb -o "Drivers/STM32F4xx_HAL_Driver/Src/stm32f4xx_hal_exti.o"
arm-none-eabi-gcc "../Drivers/STM32F4xx_HAL_Driver/Src/stm32f4xx_hal_flash.c" -mcpu=cortex-m4 -std=gnu11 -g3 -DDEBUG -DUSE_HAL_DRIVER -DSTM32F407xx -c -I../Core/Inc -I"C:/Users/nisha/OneDrive/Desktop/stm32f407/freertos/led_blink/thirdparty/SEGGER/CONFIG" -I"C:/Users/nisha/OneDrive/Desktop/stm32f407/freertos/led_blink/thirdparty/SEGGER/SEGGER" -I"C:/Users/nisha/OneDrive/Desktop/stm32f407/freertos/led_blink/thirdparty/SEGGER/OS" -I"C:/Users/nisha/OneDrive/Desktop/stm32f407/freertos/led_blink/thirdparty/rtos/include" -I"C:/Users/nisha/OneDrive/Desktop/stm32f407/freertos/led_blink/thirdparty/rtos/portable/GCC/ARM_CM4F" -I../Drivers/STM32F4xx_HAL_Driver/Inc -I../Drivers/STM32F4xx_HAL_Driver/Inc/Legacy -I../Drivers/CMSIS/Device/ST/STM32F4xx/Include -I../Drivers/CMSIS/Include -O0 -ffunction-sections -fdata-sections -Wall -fstack-usage -fcyclomatic-complexity -MMD -MP -MF"Drivers/STM32F4xx_HAL_Driver/Src/stm32f4xx_hal_flash.d" -MT"Drivers/STM32F4xx_HAL_Driver/Src/stm32f4xx_hal_flash.o" --specs=nano.specs -mfpu=fpv4-sp-d16 -mfloat-abi=hard -mthumb -o "Drivers/STM32F4xx_HAL_Driver/Src/stm32f4xx_hal_flash.o"
arm-none-eabi-gcc "../Drivers/STM32F4xx_HAL_Driver/Src/stm32f4xx_hal_flash_ex.c" -mcpu=cortex-m4 -std=gnu11 -g3 -DDEBUG -DUSE_HAL_DRIVER -DSTM32F407xx -c -I../Core/Inc -I"C:/Users/nisha/OneDrive/Desktop/stm32f407/freertos/led_blink/thirdparty/SEGGER/CONFIG" -I"C:/Users/nisha/OneDrive/Desktop/stm32f407/freertos/led_blink/thirdparty/SEGGER/SEGGER" -I"C:/Users/nisha/OneDrive/Desktop/stm32f407/freertos/led_blink/thirdparty/SEGGER/OS" -I"C:/Users/nisha/OneDrive/Desktop/stm32f407/freertos/led_blink/thirdparty/rtos/include" -I"C:/Users/nisha/OneDrive/Desktop/stm32f407/freertos/led_blink/thirdparty/rtos/portable/GCC/ARM_CM4F" -I../Drivers/STM32F4xx_HAL_Driver/Inc -I../Drivers/STM32F4xx_HAL_Driver/Inc/Legacy -I../Drivers/CMSIS/Device/ST/STM32F4xx/Include -I../Drivers/CMSIS/Include -O0 -ffunction-sections -fdata-sections -Wall -fstack-usage -fcyclomatic-complexity -MMD -MP -MF"Drivers/STM32F4xx_HAL_Driver/Src/stm32f4xx_hal_flash_ex.d" -MT"Drivers/STM32F4xx_HAL_Driver/Src/stm32f4xx_hal_flash_ex.o" --specs=nano.specs -mfpu=fpv4-sp-d16 -mfloat-abi=hard -mthumb -o "Drivers/STM32F4xx_HAL_Driver/Src/stm32f4xx_hal_flash_ex.o"
arm-none-eabi-gcc "../Drivers/STM32F4xx_HAL_Driver/Src/stm32f4xx_hal_flash_ramfunc.c" -mcpu=cortex-m4 -std=gnu11 -g3 -DDEBUG -DUSE_HAL_DRIVER -DSTM32F407xx -c -I../Core/Inc -I"C:/Users/nisha/OneDrive/Desktop/stm32f407/freertos/led_blink/thirdparty/SEGGER/CONFIG" -I"C:/Users/nisha/OneDrive/Desktop/stm32f407/freertos/led_blink/thirdparty/SEGGER/SEGGER" -I"C:/Users/nisha/OneDrive/Desktop/stm32f407/freertos/led_blink/thirdparty/SEGGER/OS" -I"C:/Users/nisha/OneDrive/Desktop/stm32f407/freertos/led_blink/thirdparty/rtos/include" -I"C:/Users/nisha/OneDrive/Desktop/stm32f407/freertos/led_blink/thirdparty/rtos/portable/GCC/ARM_CM4F" -I../Drivers/STM32F4xx_HAL_Driver/Inc -I../Drivers/STM32F4xx_HAL_Driver/Inc/Legacy -I../Drivers/CMSIS/Device/ST/STM32F4xx/Include -I../Drivers/CMSIS/Include -O0 -ffunction-sections -fdata-sections -Wall -fstack-usage -fcyclomatic-complexity -MMD -MP -MF"Drivers/STM32F4xx_HAL_Driver/Src/stm32f4xx_hal_flash_ramfunc.d" -MT"Drivers/STM32F4xx_HAL_Driver/Src/stm32f4xx_hal_flash_ramfunc.o" --specs=nano.specs -mfpu=fpv4-sp-d16 -mfloat-abi=hard -mthumb -o "Drivers/STM32F4xx_HAL_Driver/Src/stm32f4xx_hal_flash_ramfunc.o"
arm-none-eabi-gcc "../Drivers/STM32F4xx_HAL_Driver/Src/stm32f4xx_hal_gpio.c" -mcpu=cortex-m4 -std=gnu11 -g3 -DDEBUG -DUSE_HAL_DRIVER -DSTM32F407xx -c -I../Core/Inc -I"C:/Users/nisha/OneDrive/Desktop/stm32f407/freertos/led_blink/thirdparty/SEGGER/CONFIG" -I"C:/Users/nisha/OneDrive/Desktop/stm32f407/freertos/led_blink/thirdparty/SEGGER/SEGGER" -I"C:/Users/nisha/OneDrive/Desktop/stm32f407/freertos/led_blink/thirdparty/SEGGER/OS" -I"C:/Users/nisha/OneDrive/Desktop/stm32f407/freertos/led_blink/thirdparty/rtos/include" -I"C:/Users/nisha/OneDrive/Desktop/stm32f407/freertos/led_blink/thirdparty/rtos/portable/GCC/ARM_CM4F" -I../Drivers/STM32F4xx_HAL_Driver/Inc -I../Drivers/STM32F4xx_HAL_Driver/Inc/Legacy -I../Drivers/CMSIS/Device/ST/STM32F4xx/Include -I../Drivers/CMSIS/Include -O0 -ffunction-sections -fdata-sections -Wall -fstack-usage -fcyclomatic-complexity -MMD -MP -MF"Drivers/STM32F4xx_HAL_Driver/Src/stm32f4xx_hal_gpio.d" -MT"Drivers/STM32F4xx_HAL_Driver/Src/stm32f4xx_hal_gpio.o" --specs=nano.specs -mfpu=fpv4-sp-d16 -mfloat-abi=hard -mthumb -o "Drivers/STM32F4xx_HAL_Driver/Src/stm32f4xx_hal_gpio.o"
arm-none-eabi-gcc "../Drivers/STM32F4xx_HAL_Driver/Src/stm32f4xx_hal_pwr.c" -mcpu=cortex-m4 -std=gnu11 -g3 -DDEBUG -DUSE_HAL_DRIVER -DSTM32F407xx -c -I../Core/Inc -I"C:/Users/nisha/OneDrive/Desktop/stm32f407/freertos/led_blink/thirdparty/SEGGER/CONFIG" -I"C:/Users/nisha/OneDrive/Desktop/stm32f407/freertos/led_blink/thirdparty/SEGGER/SEGGER" -I"C:/Users/nisha/OneDrive/Desktop/stm32f407/freertos/led_blink/thirdparty/SEGGER/OS" -I"C:/Users/nisha/OneDrive/Desktop/stm32f407/freertos/led_blink/thirdparty/rtos/include" -I"C:/Users/nisha/OneDrive/Desktop/stm32f407/freertos/led_blink/thirdparty/rtos/portable/GCC/ARM_CM4F" -I../Drivers/STM32F4xx_HAL_Driver/Inc -I../Drivers/STM32F4xx_HAL_Driver/Inc/Legacy -I../Drivers/CMSIS/Device/ST/STM32F4xx/Include -I../Drivers/CMSIS/Include -O0 -ffunction-sections -fdata-sections -Wall -fstack-usage -fcyclomatic-complexity -MMD -MP -MF"Drivers/STM32F4xx_HAL_Driver/Src/stm32f4xx_hal_pwr.d" -MT"Drivers/STM32F4xx_HAL_Driver/Src/stm32f4xx_hal_pwr.o" --specs=nano.specs -mfpu=fpv4-sp-d16 -mfloat-abi=hard -mthumb -o "Drivers/STM32F4xx_HAL_Driver/Src/stm32f4xx_hal_pwr.o"
arm-none-eabi-gcc "../Drivers/STM32F4xx_HAL_Driver/Src/stm32f4xx_hal_pwr_ex.c" -mcpu=cortex-m4 -std=gnu11 -g3 -DDEBUG -DUSE_HAL_DRIVER -DSTM32F407xx -c -I../Core/Inc -I"C:/Users/nisha/OneDrive/Desktop/stm32f407/freertos/led_blink/thirdparty/SEGGER/CONFIG" -I"C:/Users/nisha/OneDrive/Desktop/stm32f407/freertos/led_blink/thirdparty/SEGGER/SEGGER" -I"C:/Users/nisha/OneDrive/Desktop/stm32f407/freertos/led_blink/thirdparty/SEGGER/OS" -I"C:/Users/nisha/OneDrive/Desktop/stm32f407/freertos/led_blink/thirdparty/rtos/include" -I"C:/Users/nisha/OneDrive/Desktop/stm32f407/freertos/led_blink/thirdparty/rtos/portable/GCC/ARM_CM4F" -I../Drivers/STM32F4xx_HAL_Driver/Inc -I../Drivers/STM32F4xx_HAL_Driver/Inc/Legacy -I../Drivers/CMSIS/Device/ST/STM32F4xx/Include -I../Drivers/CMSIS/Include -O0 -ffunction-sections -fdata-sections -Wall -fstack-usage -fcyclomatic-complexity -MMD -MP -MF"Drivers/STM32F4xx_HAL_Driver/Src/stm32f4xx_hal_pwr_ex.d" -MT"Drivers/STM32F4xx_HAL_Driver/Src/stm32f4xx_hal_pwr_ex.o" --specs=nano.specs -mfpu=fpv4-sp-d16 -mfloat-abi=hard -mthumb -o "Drivers/STM32F4xx_HAL_Driver/Src/stm32f4xx_hal_pwr_ex.o"
arm-none-eabi-gcc "../Drivers/STM32F4xx_HAL_Driver/Src/stm32f4xx_hal_rcc.c" -mcpu=cortex-m4 -std=gnu11 -g3 -DDEBUG -DUSE_HAL_DRIVER -DSTM32F407xx -c -I../Core/Inc -I"C:/Users/nisha/OneDrive/Desktop/stm32f407/freertos/led_blink/thirdparty/SEGGER/CONFIG" -I"C:/Users/nisha/OneDrive/Desktop/stm32f407/freertos/led_blink/thirdparty/SEGGER/SEGGER" -I"C:/Users/nisha/OneDrive/Desktop/stm32f407/freertos/led_blink/thirdparty/SEGGER/OS" -I"C:/Users/nisha/OneDrive/Desktop/stm32f407/freertos/led_blink/thirdparty/rtos/include" -I"C:/Users/nisha/OneDrive/Desktop/stm32f407/freertos/led_blink/thirdparty/rtos/portable/GCC/ARM_CM4F" -I../Drivers/STM32F4xx_HAL_Driver/Inc -I../Drivers/STM32F4xx_HAL_Driver/Inc/Legacy -I../Drivers/CMSIS/Device/ST/STM32F4xx/Include -I../Drivers/CMSIS/Include -O0 -ffunction-sections -fdata-sections -Wall -fstack-usage -fcyclomatic-complexity -MMD -MP -MF"Drivers/STM32F4xx_HAL_Driver/Src/stm32f4xx_hal_rcc.d" -MT"Drivers/STM32F4xx_HAL_Driver/Src/stm32f4xx_hal_rcc.o" --specs=nano.specs -mfpu=fpv4-sp-d16 -mfloat-abi=hard -mthumb -o "Drivers/STM32F4xx_HAL_Driver/Src/stm32f4xx_hal_rcc.o"
arm-none-eabi-gcc "../Drivers/STM32F4xx_HAL_Driver/Src/stm32f4xx_hal_rcc_ex.c" -mcpu=cortex-m4 -std=gnu11 -g3 -DDEBUG -DUSE_HAL_DRIVER -DSTM32F407xx -c -I../Core/Inc -I"C:/Users/nisha/OneDrive/Desktop/stm32f407/freertos/led_blink/thirdparty/SEGGER/CONFIG" -I"C:/Users/nisha/OneDrive/Desktop/stm32f407/freertos/led_blink/thirdparty/SEGGER/SEGGER" -I"C:/Users/nisha/OneDrive/Desktop/stm32f407/freertos/led_blink/thirdparty/SEGGER/OS" -I"C:/Users/nisha/OneDrive/Desktop/stm32f407/freertos/led_blink/thirdparty/rtos/include" -I"C:/Users/nisha/OneDrive/Desktop/stm32f407/freertos/led_blink/thirdparty/rtos/portable/GCC/ARM_CM4F" -I../Drivers/STM32F4xx_HAL_Driver/Inc -I../Drivers/STM32F4xx_HAL_Driver/Inc/Legacy -I../Drivers/CMSIS/Device/ST/STM32F4xx/Include -I../Drivers/CMSIS/Include -O0 -ffunction-sections -fdata-sections -Wall -fstack-usage -fcyclomatic-complexity -MMD -MP -MF"Drivers/STM32F4xx_HAL_Driver/Src/stm32f4xx_hal_rcc_ex.d" -MT"Drivers/STM32F4xx_HAL_Driver/Src/stm32f4xx_hal_rcc_ex.o" --specs=nano.specs -mfpu=fpv4-sp-d16 -mfloat-abi=hard -mthumb -o "Drivers/STM32F4xx_HAL_Driver/Src/stm32f4xx_hal_rcc_ex.o"
arm-none-eabi-gcc "../Drivers/STM32F4xx_HAL_Driver/Src/stm32f4xx_hal_tim.c" -mcpu=cortex-m4 -std=gnu11 -g3 -DDEBUG -DUSE_HAL_DRIVER -DSTM32F407xx -c -I../Core/Inc -I"C:/Users/nisha/OneDrive/Desktop/stm32f407/freertos/led_blink/thirdparty/SEGGER/CONFIG" -I"C:/Users/nisha/OneDrive/Desktop/stm32f407/freertos/led_blink/thirdparty/SEGGER/SEGGER" -I"C:/Users/nisha/OneDrive/Desktop/stm32f407/freertos/led_blink/thirdparty/SEGGER/OS" -I"C:/Users/nisha/OneDrive/Desktop/stm32f407/freertos/led_blink/thirdparty/rtos/include" -I"C:/Users/nisha/OneDrive/Desktop/stm32f407/freertos/led_blink/thirdparty/rtos/portable/GCC/ARM_CM4F" -I../Drivers/STM32F4xx_HAL_Driver/Inc -I../Drivers/STM32F4xx_HAL_Driver/Inc/Legacy -I../Drivers/CMSIS/Device/ST/STM32F4xx/Include -I../Drivers/CMSIS/Include -O0 -ffunction-sections -fdata-sections -Wall -fstack-usage -fcyclomatic-complexity -MMD -MP -MF"Drivers/STM32F4xx_HAL_Driver/Src/stm32f4xx_hal_tim.d" -MT"Drivers/STM32F4xx_HAL_Driver/Src/stm32f4xx_hal_tim.o" --specs=nano.specs -mfpu=fpv4-sp-d16 -mfloat-abi=hard -mthumb -o "Drivers/STM32F4xx_HAL_Driver/Src/stm32f4xx_hal_tim.o"
arm-none-eabi-gcc "../Drivers/STM32F4xx_HAL_Driver/Src/stm32f4xx_hal_tim_ex.c" -mcpu=cortex-m4 -std=gnu11 -g3 -DDEBUG -DUSE_HAL_DRIVER -DSTM32F407xx -c -I../Core/Inc -I"C:/Users/nisha/OneDrive/Desktop/stm32f407/freertos/led_blink/thirdparty/SEGGER/CONFIG" -I"C:/Users/nisha/OneDrive/Desktop/stm32f407/freertos/led_blink/thirdparty/SEGGER/SEGGER" -I"C:/Users/nisha/OneDrive/Desktop/stm32f407/freertos/led_blink/thirdparty/SEGGER/OS" -I"C:/Users/nisha/OneDrive/Desktop/stm32f407/freertos/led_blink/thirdparty/rtos/include" -I"C:/Users/nisha/OneDrive/Desktop/stm32f407/freertos/led_blink/thirdparty/rtos/portable/GCC/ARM_CM4F" -I../Drivers/STM32F4xx_HAL_Driver/Inc -I../Drivers/STM32F4xx_HAL_Driver/Inc/Legacy -I../Drivers/CMSIS/Device/ST/STM32F4xx/Include -I../Drivers/CMSIS/Include -O0 -ffunction-sections -fdata-sections -Wall -fstack-usage -fcyclomatic-complexity -MMD -MP -MF"Drivers/STM32F4xx_HAL_Driver/Src/stm32f4xx_hal_tim_ex.d" -MT"Drivers/STM32F4xx_HAL_Driver/Src/stm32f4xx_hal_tim_ex.o" --specs=nano.specs -mfpu=fpv4-sp-d16 -mfloat-abi=hard -mthumb -o "Drivers/STM32F4xx_HAL_Driver/Src/stm32f4xx_hal_tim_ex.o"
arm-none-eabi-gcc -mcpu=cortex-m4 -g3 -DDEBUG -c -I"C:/Users/nisha/OneDrive/Desktop/stm32f407/freertos/led_blink/thirdparty/SEGGER/CONFIG" -x assembler-with-cpp -MMD -MP -MF"Core/Startup/startup_stm32f407vgtx.d" -MT"Core/Startup/startup_stm32f407vgtx.o" --specs=nano.specs -mfpu=fpv4-sp-d16 -mfloat-abi=hard -mthumb -o "Core/Startup/startup_stm32f407vgtx.o" "../Core/Startup/startup_stm32f407vgtx.s"
arm-none-eabi-gcc "../Core/Src/main.c" -mcpu=cortex-m4 -std=gnu11 -g3 -DDEBUG -DUSE_HAL_DRIVER -DSTM32F407xx -c -I../Core/Inc -I"C:/Users/nisha/OneDrive/Desktop/stm32f407/freertos/led_blink/thirdparty/SEGGER/CONFIG" -I"C:/Users/nisha/OneDrive/Desktop/stm32f407/freertos/led_blink/thirdparty/SEGGER/SEGGER" -I"C:/Users/nisha/OneDrive/Desktop/stm32f407/freertos/led_blink/thirdparty/SEGGER/OS" -I"C:/Users/nisha/OneDrive/Desktop/stm32f407/freertos/led_blink/thirdparty/rtos/include" -I"C:/Users/nisha/OneDrive/Desktop/stm32f407/freertos/led_blink/thirdparty/rtos/portable/GCC/ARM_CM4F" -I../Drivers/STM32F4xx_HAL_Driver/Inc -I../Drivers/STM32F4xx_HAL_Driver/Inc/Legacy -I../Drivers/CMSIS/Device/ST/STM32F4xx/Include -I../Drivers/CMSIS/Include -O0 -ffunction-sections -fdata-sections -Wall -fstack-usage -fcyclomatic-complexity -MMD -MP -MF"Core/Src/main.d" -MT"Core/Src/main.o" --specs=nano.specs -mfpu=fpv4-sp-d16 -mfloat-abi=hard -mthumb -o "Core/Src/main.o"
arm-none-eabi-gcc "../Core/Src/stm32f4xx_hal_msp.c" -mcpu=cortex-m4 -std=gnu11 -g3 -DDEBUG -DUSE_HAL_DRIVER -DSTM32F407xx -c -I../Core/Inc -I"C:/Users/nisha/OneDrive/Desktop/stm32f407/freertos/led_blink/thirdparty/SEGGER/CONFIG" -I"C:/Users/nisha/OneDrive/Desktop/stm32f407/freertos/led_blink/thirdparty/SEGGER/SEGGER" -I"C:/Users/nisha/OneDrive/Desktop/stm32f407/freertos/led_blink/thirdparty/SEGGER/OS" -I"C:/Users/nisha/OneDrive/Desktop/stm32f407/freertos/led_blink/thirdparty/rtos/include" -I"C:/Users/nisha/OneDrive/Desktop/stm32f407/freertos/led_blink/thirdparty/rtos/portable/GCC/ARM_CM4F" -I../Drivers/STM32F4xx_HAL_Driver/Inc -I../Drivers/STM32F4xx_HAL_Driver/Inc/Legacy -I../Drivers/CMSIS/Device/ST/STM32F4xx/Include -I../Drivers/CMSIS/Include -O0 -ffunction-sections -fdata-sections -Wall -fstack-usage -fcyclomatic-complexity -MMD -MP -MF"Core/Src/stm32f4xx_hal_msp.d" -MT"Core/Src/stm32f4xx_hal_msp.o" --specs=nano.specs -mfpu=fpv4-sp-d16 -mfloat-abi=hard -mthumb -o "Core/Src/stm32f4xx_hal_msp.o"
arm-none-eabi-gcc "../Core/Src/stm32f4xx_hal_timebase_tim.c" -mcpu=cortex-m4 -std=gnu11 -g3 -DDEBUG -DUSE_HAL_DRIVER -DSTM32F407xx -c -I../Core/Inc -I"C:/Users/nisha/OneDrive/Desktop/stm32f407/freertos/led_blink/thirdparty/SEGGER/CONFIG" -I"C:/Users/nisha/OneDrive/Desktop/stm32f407/freertos/led_blink/thirdparty/SEGGER/SEGGER" -I"C:/Users/nisha/OneDrive/Desktop/stm32f407/freertos/led_blink/thirdparty/SEGGER/OS" -I"C:/Users/nisha/OneDrive/Desktop/stm32f407/freertos/led_blink/thirdparty/rtos/include" -I"C:/Users/nisha/OneDrive/Desktop/stm32f407/freertos/led_blink/thirdparty/rtos/portable/GCC/ARM_CM4F" -I../Drivers/STM32F4xx_HAL_Driver/Inc -I../Drivers/STM32F4xx_HAL_Driver/Inc/Legacy -I../Drivers/CMSIS/Device/ST/STM32F4xx/Include -I../Drivers/CMSIS/Include -O0 -ffunction-sections -fdata-sections -Wall -fstack-usage -fcyclomatic-complexity -MMD -MP -MF"Core/Src/stm32f4xx_hal_timebase_tim.d" -MT"Core/Src/stm32f4xx_hal_timebase_tim.o" --specs=nano.specs -mfpu=fpv4-sp-d16 -mfloat-abi=hard -mthumb -o "Core/Src/stm32f4xx_hal_timebase_tim.o"
arm-none-eabi-gcc "../Core/Src/stm32f4xx_it.c" -mcpu=cortex-m4 -std=gnu11 -g3 -DDEBUG -DUSE_HAL_DRIVER -DSTM32F407xx -c -I../Core/Inc -I"C:/Users/nisha/OneDrive/Desktop/stm32f407/freertos/led_blink/thirdparty/SEGGER/CONFIG" -I"C:/Users/nisha/OneDrive/Desktop/stm32f407/freertos/led_blink/thirdparty/SEGGER/SEGGER" -I"C:/Users/nisha/OneDrive/Desktop/stm32f407/freertos/led_blink/thirdparty/SEGGER/OS" -I"C:/Users/nisha/OneDrive/Desktop/stm32f407/freertos/led_blink/thirdparty/rtos/include" -I"C:/Users/nisha/OneDrive/Desktop/stm32f407/freertos/led_blink/thirdparty/rtos/portable/GCC/ARM_CM4F" -I../Drivers/STM32F4xx_HAL_Driver/Inc -I../Drivers/STM32F4xx_HAL_Driver/Inc/Legacy -I../Drivers/CMSIS/Device/ST/STM32F4xx/Include -I../Drivers/CMSIS/Include -O0 -ffunction-sections -fdata-sections -Wall -fstack-usage -fcyclomatic-complexity -MMD -MP -MF"Core/Src/stm32f4xx_it.d" -MT"Core/Src/stm32f4xx_it.o" --specs=nano.specs -mfpu=fpv4-sp-d16 -mfloat-abi=hard -mthumb -o "Core/Src/stm32f4xx_it.o"
arm-none-eabi-gcc "../Core/Src/syscalls.c" -mcpu=cortex-m4 -std=gnu11 -g3 -DDEBUG -DUSE_HAL_DRIVER -DSTM32F407xx -c -I../Core/Inc -I"C:/Users/nisha/OneDrive/Desktop/stm32f407/freertos/led_blink/thirdparty/SEGGER/CONFIG" -I"C:/Users/nisha/OneDrive/Desktop/stm32f407/freertos/led_blink/thirdparty/SEGGER/SEGGER" -I"C:/Users/nisha/OneDrive/Desktop/stm32f407/freertos/led_blink/thirdparty/SEGGER/OS" -I"C:/Users/nisha/OneDrive/Desktop/stm32f407/freertos/led_blink/thirdparty/rtos/include" -I"C:/Users/nisha/OneDrive/Desktop/stm32f407/freertos/led_blink/thirdparty/rtos/portable/GCC/ARM_CM4F" -I../Drivers/STM32F4xx_HAL_Driver/Inc -I../Drivers/STM32F4xx_HAL_Driver/Inc/Legacy -I../Drivers/CMSIS/Device/ST/STM32F4xx/Include -I../Drivers/CMSIS/Include -O0 -ffunction-sections -fdata-sections -Wall -fstack-usage -fcyclomatic-complexity -MMD -MP -MF"Core/Src/syscalls.d" -MT"Core/Src/syscalls.o" --specs=nano.specs -mfpu=fpv4-sp-d16 -mfloat-abi=hard -mthumb -o "Core/Src/syscalls.o"
arm-none-eabi-gcc "../Core/Src/system_stm32f4xx.c" -mcpu=cortex-m4 -std=gnu11 -g3 -DDEBUG -DUSE_HAL_DRIVER -DSTM32F407xx -c -I../Core/Inc -I"C:/Users/nisha/OneDrive/Desktop/stm32f407/freertos/led_blink/thirdparty/SEGGER/CONFIG" -I"C:/Users/nisha/OneDrive/Desktop/stm32f407/freertos/led_blink/thirdparty/SEGGER/SEGGER" -I"C:/Users/nisha/OneDrive/Desktop/stm32f407/freertos/led_blink/thirdparty/SEGGER/OS" -I"C:/Users/nisha/OneDrive/Desktop/stm32f407/freertos/led_blink/thirdparty/rtos/include" -I"C:/Users/nisha/OneDrive/Desktop/stm32f407/freertos/led_blink/thirdparty/rtos/portable/GCC/ARM_CM4F" -I../Drivers/STM32F4xx_HAL_Driver/Inc -I../Drivers/STM32F4xx_HAL_Driver/Inc/Legacy -I../Drivers/CMSIS/Device/ST/STM32F4xx/Include -I../Drivers/CMSIS/Include -O0 -ffunction-sections -fdata-sections -Wall -fstack-usage -fcyclomatic-complexity -MMD -MP -MF"Core/Src/system_stm32f4xx.d" -MT"Core/Src/system_stm32f4xx.o" --specs=nano.specs -mfpu=fpv4-sp-d16 -mfloat-abi=hard -mthumb -o "Core/Src/system_stm32f4xx.o"
arm-none-eabi-gcc -o "led_blink.elf" @"objects.list"   -mcpu=cortex-m4 -T"C:\Users\nisha\OneDrive\Desktop\stm32f407\freertos\led_blink\STM32F407VGTX_FLASH.ld" --specs=nosys.specs -Wl,-Map="led_blink.map" -Wl,--gc-sections -static --specs=nano.specs -mfpu=fpv4-sp-d16 -mfloat-abi=hard -mthumb -Wl,--start-group -lc -lm -Wl,--end-group
Finished building target: led_blink.elf
 
arm-none-eabi-size  led_blink.elf 
arm-none-eabi-objdump -h -S led_blink.elf  > "led_blink.list"
   text	   data	    bss	    dec	    hex	filename
  24108	    112	  84824	 109044	  1a9f4	led_blink.elf
Finished building: default.size.stdout
 
Finished building: led_blink.list
 

23:57:14 Build Finished. 0 errors, 0 warnings. (took 11s.822ms)

