10:26:10 **** Incremental Build of configuration Debug for project Sp_To_Psp_Riv ****
make -j16 all 
arm-none-eabi-gcc "../Src/main.c" -mcpu=cortex-m4 -std=gnu11 -g3 -DDEBUG -DSTM32 -DSTM32F407G_DISC1 -DSTM32F4 -DSTM32F407VGTx -c -I../Inc -O0 -ffunction-sections -fdata-sections -Wall -fstack-usage -fcyclomatic-complexity -MMD -MP -MF"Src/main.d" -MT"Src/main.o" --specs=nano.specs -mfloat-abi=soft -mthumb -o "Src/main.o"
arm-none-eabi-gcc -o "Sp_To_Psp_Riv.elf" @"objects.list"   -mcpu=cortex-m4 -T"C:\Users\nisha\OneDrive\Desktop\stm32f407\freertos\Sp_To_Psp_Riv\STM32F407VGTX_FLASH.ld" --specs=nosys.specs -Wl,-Map="Sp_To_Psp_Riv.map" -Wl,--gc-sections -static --specs=nano.specs -mfloat-abi=soft -mthumb -Wl,--start-group -lc -lm -Wl,--end-group
Finished building target: Sp_To_Psp_Riv.elf
 
arm-none-eabi-size  Sp_To_Psp_Riv.elf 
arm-none-eabi-objdump -h -S Sp_To_Psp_Riv.elf  > "Sp_To_Psp_Riv.list"
   text	   data	    bss	    dec	    hex	filename
    680	      0	   1568	   2248	    8c8	Sp_To_Psp_Riv.elf
Finished building: default.size.stdout
 
Finished building: Sp_To_Psp_Riv.list
 

10:26:10 Build Finished. 0 errors, 0 warnings. (took 567ms)

