20:35:48 **** Incremental Build of configuration Debug for project sync_bw_tasks_ ****
make -j16 all 
arm-none-eabi-gcc "../Core/Src/main.c" -mcpu=cortex-m4 -std=gnu11 -g3 -DDEBUG -DUSE_HAL_DRIVER -DSTM32F407xx -c -I../Core/Inc -I../Drivers/STM32F4xx_HAL_Driver/Inc -I../Drivers/STM32F4xx_HAL_Driver/Inc/Legacy -I../Drivers/CMSIS/Device/ST/STM32F4xx/Include -I../Drivers/CMSIS/Include -I"C:/Users/nisha/OneDrive/Desktop/stm32f407/freertos/COMMON/thirdparty/rtos/include" -I"C:/Users/nisha/OneDrive/Desktop/stm32f407/freertos/COMMON/thirdparty/rtos/portable/GCC/ARM_CM4F" -I"C:/Users/nisha/OneDrive/Desktop/stm32f407/freertos/COMMON/thirdparty/SEGGER/CONFIG" -I"C:/Users/nisha/OneDrive/Desktop/stm32f407/freertos/COMMON/thirdparty/SEGGER/OS" -I"C:/Users/nisha/OneDrive/Desktop/stm32f407/freertos/COMMON/thirdparty/SEGGER/SEGGER" -O0 -ffunction-sections -fdata-sections -Wall -fstack-usage -fcyclomatic-complexity -MMD -MP -MF"Core/Src/main.d" -MT"Core/Src/main.o" --specs=nano.specs -mfpu=fpv4-sp-d16 -mfloat-abi=hard -mthumb -o "Core/Src/main.o"
arm-none-eabi-gcc -o "sync_bw_tasks_.elf" @"objects.list"   -mcpu=cortex-m4 -T"C:\Users\nisha\OneDrive\Desktop\stm32f407\freertos\sync_bw_tasks_\STM32F407VGTX_FLASH.ld" --specs=nosys.specs -Wl,-Map="sync_bw_tasks_.map" -Wl,--gc-sections -static --specs=nano.specs -mfpu=fpv4-sp-d16 -mfloat-abi=hard -mthumb -Wl,--start-group -lc -lm -Wl,--end-group
Finished building target: sync_bw_tasks_.elf
 
arm-none-eabi-size  sync_bw_tasks_.elf 
arm-none-eabi-objdump -h -S sync_bw_tasks_.elf  > "sync_bw_tasks_.list"
   text	   data	    bss	    dec	    hex	filename
  28848	     92	  80836	 109776	  1acd0	sync_bw_tasks_.elf
Finished building: default.size.stdout
 
Finished building: sync_bw_tasks_.list
 

20:35:49 Build Finished. 0 errors, 0 warnings. (took 1s.761ms)

