15:10:10 **** Incremental Build of configuration Debug for project Task_schedular ****
make -j16 all 
arm-none-eabi-gcc "../Src/main.c" -mcpu=cortex-m4 -std=gnu11 -g3 -DDEBUG -DSTM32 -DSTM32F407G_DISC1 -DSTM32F4 -DSTM32F407VGTx -c -I../Inc -O0 -ffunction-sections -fdata-sections -Wall -fstack-usage -fcyclomatic-complexity -MMD -MP -MF"Src/main.d" -MT"Src/main.o" --specs=nano.specs -mfloat-abi=soft -mthumb -o "Src/main.o"
arm-none-eabi-gcc -o "Task_schedular.elf" @"objects.list"   -mcpu=cortex-m4 -T"C:\Users\nisha\OneDrive\Desktop\stm32f407\freertos\Task_schedular\STM32F407VGTX_FLASH.ld" --specs=nosys.specs -Wl,-Map="Task_schedular.map" -Wl,--gc-sections -static --specs=nano.specs -mfloat-abi=soft -mthumb -Wl,--start-group -lc -lm -Wl,--end-group
Finished building target: Task_schedular.elf
 
arm-none-eabi-size  Task_schedular.elf 
arm-none-eabi-objdump -h -S Task_schedular.elf  > "Task_schedular.list"
   text	   data	    bss	    dec	    hex	filename
   5848	    140	   1908	   7896	   1ed8	Task_schedular.elf
Finished building: default.size.stdout
 
Finished building: Task_schedular.list
 

15:10:12 Build Finished. 0 errors, 0 warnings. (took 1s.969ms)

